2016-12-21 20:24:08 org.springframework.core.env.MutablePropertySources.addLast(MutablePropertySources.java:109)  Adding [systemProperties] PropertySource with lowest search precedence
2016-12-21 20:24:08 org.springframework.core.env.MutablePropertySources.addLast(MutablePropertySources.java:109)  Adding [systemEnvironment] PropertySource with lowest search precedence
2016-12-21 20:24:08 org.springframework.core.env.AbstractEnvironment.<init>(AbstractEnvironment.java:124)  Initialized StandardEnvironment with PropertySources [systemProperties,systemEnvironment]
2016-12-21 20:24:08 org.springframework.context.support.AbstractApplicationContext.prepareRefresh(AbstractApplicationContext.java:582)  Refreshing org.springframework.context.support.ClassPathXmlApplicationContext@7cf10a6f: startup date [Wed Dec 21 20:24:08 CST 2016]; root of context hierarchy
2016-12-21 20:24:08 org.springframework.core.env.MutablePropertySources.addLast(MutablePropertySources.java:109)  Adding [systemProperties] PropertySource with lowest search precedence
2016-12-21 20:24:08 org.springframework.core.env.MutablePropertySources.addLast(MutablePropertySources.java:109)  Adding [systemEnvironment] PropertySource with lowest search precedence
2016-12-21 20:24:08 org.springframework.core.env.AbstractEnvironment.<init>(AbstractEnvironment.java:124)  Initialized StandardEnvironment with PropertySources [systemProperties,systemEnvironment]
2016-12-21 20:24:08 org.springframework.beans.factory.xml.XmlBeanDefinitionReader.loadBeanDefinitions(XmlBeanDefinitionReader.java:317)  Loading XML bean definitions from class path resource [applicationContext.xml]
2016-12-21 20:24:09 org.springframework.beans.factory.xml.DefaultDocumentLoader.loadDocument(DefaultDocumentLoader.java:73)  Using JAXP provider [com.sun.org.apache.xerces.internal.jaxp.DocumentBuilderFactoryImpl]
2016-12-21 20:24:09 org.springframework.beans.factory.xml.PluggableSchemaResolver.getSchemaMappings(PluggableSchemaResolver.java:141)  Loading schema mappings from [META-INF/spring.schemas]
2016-12-21 20:24:09 org.springframework.beans.factory.xml.PluggableSchemaResolver.getSchemaMappings(PluggableSchemaResolver.java:147)  Loaded schema mappings: {http://www.springframework.org/schema/tx/spring-tx-4.3.xsd=org/springframework/transaction/config/spring-tx-4.3.xsd, http://www.springframework.org/schema/tx/spring-tx-2.5.xsd=org/springframework/transaction/config/spring-tx-2.5.xsd, http://www.springframework.org/schema/cache/spring-cache-4.2.xsd=org/springframework/cache/config/spring-cache-4.2.xsd, http://www.springframework.org/schema/aop/spring-aop-4.1.xsd=org/springframework/aop/config/spring-aop-4.1.xsd, http://www.springframework.org/schema/context/spring-context-3.1.xsd=org/springframework/context/config/spring-context-3.1.xsd, http://www.springframework.org/schema/jdbc/spring-jdbc-4.1.xsd=org/springframework/jdbc/config/spring-jdbc-4.1.xsd, http://www.springframework.org/schema/mvc/spring-mvc-4.1.xsd=org/springframework/web/servlet/config/spring-mvc-4.1.xsd, http://www.springframework.org/schema/util/spring-util-3.0.xsd=org/springframework/beans/factory/xml/spring-util-3.0.xsd, http://www.springframework.org/schema/tool/spring-tool.xsd=org/springframework/beans/factory/xml/spring-tool-4.3.xsd, http://www.springframework.org/schema/aop/spring-aop-3.2.xsd=org/springframework/aop/config/spring-aop-3.2.xsd, http://mybatis.org/schema/mybatis-spring-1.2.xsd=org/mybatis/spring/config/mybatis-spring-1.2.xsd, http://www.springframework.org/schema/lang/spring-lang-4.1.xsd=org/springframework/scripting/config/spring-lang-4.1.xsd, http://www.springframework.org/schema/context/spring-context-4.0.xsd=org/springframework/context/config/spring-context-4.0.xsd, http://www.springframework.org/schema/mvc/spring-mvc-3.2.xsd=org/springframework/web/servlet/config/spring-mvc-3.2.xsd, http://www.springframework.org/schema/beans/spring-beans-4.2.xsd=org/springframework/beans/factory/xml/spring-beans-4.2.xsd, http://www.springframework.org/schema/tool/spring-tool-4.1.xsd=org/springframework/beans/factory/xml/spring-tool-4.1.xsd, http://www.springframework.org/schema/lang/spring-lang-3.2.xsd=org/springframework/scripting/config/spring-lang-3.2.xsd, http://www.springframework.org/schema/cache/spring-cache-3.2.xsd=org/springframework/cache/config/spring-cache-3.2.xsd, http://www.springframework.org/schema/jee/spring-jee-4.1.xsd=org/springframework/ejb/config/spring-jee-4.1.xsd, http://www.springframework.org/schema/jdbc/spring-jdbc-3.1.xsd=org/springframework/jdbc/config/spring-jdbc-3.1.xsd, http://www.springframework.org/schema/task/spring-task-4.2.xsd=org/springframework/scheduling/config/spring-task-4.2.xsd, http://www.springframework.org/schema/util/spring-util-2.0.xsd=org/springframework/beans/factory/xml/spring-util-2.0.xsd, http://www.springframework.org/schema/tool/spring-tool-3.2.xsd=org/springframework/beans/factory/xml/spring-tool-3.2.xsd, http://www.springframework.org/schema/context/spring-context.xsd=org/springframework/context/config/spring-context-4.3.xsd, http://www.springframework.org/schema/tx/spring-tx-4.2.xsd=org/springframework/transaction/config/spring-tx-4.2.xsd, http://www.springframework.org/schema/cache/spring-cache-4.1.xsd=org/springframework/cache/config/spring-cache-4.1.xsd, http://www.springframework.org/schema/aop/spring-aop-4.0.xsd=org/springframework/aop/config/spring-aop-4.0.xsd, http://www.springframework.org/schema/jee/spring-jee-3.2.xsd=org/springframework/ejb/config/spring-jee-3.2.xsd, http://www.springframework.org/schema/context/spring-context-3.0.xsd=org/springframework/context/config/spring-context-3.0.xsd, http://www.springframework.org/schema/jdbc/spring-jdbc-4.0.xsd=org/springframework/jdbc/config/spring-jdbc-4.0.xsd, http://www.springframework.org/schema/mvc/spring-mvc-4.0.xsd=org/springframework/web/servlet/config/spring-mvc-4.0.xsd, http://www.springframework.org/schema/util/spring-util-2.5.xsd=org/springframework/beans/factory/xml/spring-util-2.5.xsd, http://www.springframework.org/schema/util/spring-util-4.3.xsd=org/springframework/beans/factory/xml/spring-util-4.3.xsd, http://www.springframework.org/schema/beans/spring-beans-3.2.xsd=org/springframework/beans/factory/xml/spring-beans-3.2.xsd, http://www.springframework.org/schema/aop/spring-aop-3.1.xsd=org/springframework/aop/config/spring-aop-3.1.xsd, http://www.springframework.org/schema/lang/spring-lang-4.0.xsd=org/springframework/scripting/config/spring-lang-4.0.xsd, http://www.springframework.org/schema/mvc/spring-mvc.xsd=org/springframework/web/servlet/config/spring-mvc-4.3.xsd, http://www.springframework.org/schema/mvc/spring-mvc-3.1.xsd=org/springframework/web/servlet/config/spring-mvc-3.1.xsd, http://www.springframework.org/schema/beans/spring-beans-4.1.xsd=org/springframework/beans/factory/xml/spring-beans-4.1.xsd, http://www.springframework.org/schema/tool/spring-tool-4.0.xsd=org/springframework/beans/factory/xml/spring-tool-4.0.xsd, http://www.springframework.org/schema/tx/spring-tx-3.2.xsd=org/springframework/transaction/config/spring-tx-3.2.xsd, http://www.springframework.org/schema/lang/spring-lang-3.1.xsd=org/springframework/scripting/config/spring-lang-3.1.xsd, http://www.springframework.org/schema/cache/spring-cache-3.1.xsd=org/springframework/cache/config/spring-cache-3.1.xsd, http://www.springframework.org/schema/jee/spring-jee-4.0.xsd=org/springframework/ejb/config/spring-jee-4.0.xsd, http://www.springframework.org/schema/jdbc/spring-jdbc-3.0.xsd=org/springframework/jdbc/config/spring-jdbc-3.0.xsd, http://www.springframework.org/schema/task/spring-task-4.1.xsd=org/springframework/scheduling/config/spring-task-4.1.xsd, http://www.springframework.org/schema/jdbc/spring-jdbc.xsd=org/springframework/jdbc/config/spring-jdbc-4.3.xsd, http://www.springframework.org/schema/tool/spring-tool-3.1.xsd=org/springframework/beans/factory/xml/spring-tool-3.1.xsd, http://www.springframework.org/schema/tx/spring-tx-4.1.xsd=org/springframework/transaction/config/spring-tx-4.1.xsd, http://www.springframework.org/schema/cache/spring-cache-4.0.xsd=org/springframework/cache/config/spring-cache-4.0.xsd, http://www.springframework.org/schema/jee/spring-jee-3.1.xsd=org/springframework/ejb/config/spring-jee-3.1.xsd, http://www.springframework.org/schema/task/spring-task-3.2.xsd=org/springframework/scheduling/config/spring-task-3.2.xsd, http://www.springframework.org/schema/util/spring-util-4.2.xsd=org/springframework/beans/factory/xml/spring-util-4.2.xsd, http://www.springframework.org/schema/beans/spring-beans-3.1.xsd=org/springframework/beans/factory/xml/spring-beans-3.1.xsd, http://www.springframework.org/schema/util/spring-util.xsd=org/springframework/beans/factory/xml/spring-util-4.3.xsd, http://www.springframework.org/schema/aop/spring-aop-3.0.xsd=org/springframework/aop/config/spring-aop-3.0.xsd, http://www.springframework.org/schema/mvc/spring-mvc-3.0.xsd=org/springframework/web/servlet/config/spring-mvc-3.0.xsd, http://www.springframework.org/schema/beans/spring-beans-4.0.xsd=org/springframework/beans/factory/xml/spring-beans-4.0.xsd, http://www.springframework.org/schema/beans/spring-beans.xsd=org/springframework/beans/factory/xml/spring-beans-4.3.xsd, http://www.springframework.org/schema/tx/spring-tx-3.1.xsd=org/springframework/transaction/config/spring-tx-3.1.xsd, http://www.springframework.org/schema/lang/spring-lang-3.0.xsd=org/springframework/scripting/config/spring-lang-3.0.xsd, http://mybatis.org/schema/mybatis-spring.xsd=org/mybatis/spring/config/mybatis-spring-1.2.xsd, http://www.springframework.org/schema/context/spring-context-2.5.xsd=org/springframework/context/config/spring-context-2.5.xsd, http://www.springframework.org/schema/context/spring-context-4.3.xsd=org/springframework/context/config/spring-context-4.3.xsd, http://www.springframework.org/schema/task/spring-task-4.0.xsd=org/springframework/scheduling/config/spring-task-4.0.xsd, http://www.springframework.org/schema/tool/spring-tool-3.0.xsd=org/springframework/beans/factory/xml/spring-tool-3.0.xsd, http://www.springframework.org/schema/tx/spring-tx-4.0.xsd=org/springframework/transaction/config/spring-tx-4.0.xsd, http://www.springframework.org/schema/aop/spring-aop-2.0.xsd=org/springframework/aop/config/spring-aop-2.0.xsd, http://www.springframework.org/schema/jee/spring-jee-3.0.xsd=org/springframework/ejb/config/spring-jee-3.0.xsd, http://www.springframework.org/schema/task/spring-task-3.1.xsd=org/springframework/scheduling/config/spring-task-3.1.xsd, http://www.springframework.org/schema/util/spring-util-4.1.xsd=org/springframework/beans/factory/xml/spring-util-4.1.xsd, http://www.springframework.org/schema/beans/spring-beans-3.0.xsd=org/springframework/beans/factory/xml/spring-beans-3.0.xsd, http://www.springframework.org/schema/jee/spring-jee.xsd=org/springframework/ejb/config/spring-jee-4.3.xsd, http://www.springframework.org/schema/aop/spring-aop-2.5.xsd=org/springframework/aop/config/spring-aop-2.5.xsd, http://www.springframework.org/schema/aop/spring-aop-4.3.xsd=org/springframework/aop/config/spring-aop-4.3.xsd, http://www.springframework.org/schema/lang/spring-lang-2.0.xsd=org/springframework/scripting/config/spring-lang-2.0.xsd, http://www.springframework.org/schema/jdbc/spring-jdbc-4.3.xsd=org/springframework/jdbc/config/spring-jdbc-4.3.xsd, http://www.springframework.org/schema/mvc/spring-mvc-4.3.xsd=org/springframework/web/servlet/config/spring-mvc-4.3.xsd, http://www.springframework.org/schema/util/spring-util-3.2.xsd=org/springframework/beans/factory/xml/spring-util-3.2.xsd, http://www.springframework.org/schema/task/spring-task.xsd=org/springframework/scheduling/config/spring-task-4.3.xsd, http://www.springframework.org/schema/tool/spring-tool-2.0.xsd=org/springframework/beans/factory/xml/spring-tool-2.0.xsd, http://www.springframework.org/schema/tx/spring-tx-3.0.xsd=org/springframework/transaction/config/spring-tx-3.0.xsd, http://www.springframework.org/schema/lang/spring-lang-2.5.xsd=org/springframework/scripting/config/spring-lang-2.5.xsd, http://www.springframework.org/schema/lang/spring-lang-4.3.xsd=org/springframework/scripting/config/spring-lang-4.3.xsd, http://www.springframework.org/schema/context/spring-context-4.2.xsd=org/springframework/context/config/spring-context-4.2.xsd, http://www.springframework.org/schema/jee/spring-jee-2.0.xsd=org/springframework/ejb/config/spring-jee-2.0.xsd, http://www.springframework.org/schema/tool/spring-tool-4.3.xsd=org/springframework/beans/factory/xml/spring-tool-4.3.xsd, http://www.springframework.org/schema/tool/spring-tool-2.5.xsd=org/springframework/beans/factory/xml/spring-tool-2.5.xsd, http://www.springframework.org/schema/jee/spring-jee-4.3.xsd=org/springframework/ejb/config/spring-jee-4.3.xsd, http://www.springframework.org/schema/jee/spring-jee-2.5.xsd=org/springframework/ejb/config/spring-jee-2.5.xsd, http://www.springframework.org/schema/task/spring-task-3.0.xsd=org/springframework/scheduling/config/spring-task-3.0.xsd, http://www.springframework.org/schema/util/spring-util-4.0.xsd=org/springframework/beans/factory/xml/spring-util-4.0.xsd, http://www.springframework.org/schema/cache/spring-cache-4.3.xsd=org/springframework/cache/config/spring-cache-4.3.xsd, http://www.springframework.org/schema/aop/spring-aop-4.2.xsd=org/springframework/aop/config/spring-aop-4.2.xsd, http://www.springframework.org/schema/lang/spring-lang.xsd=org/springframework/scripting/config/spring-lang-4.3.xsd, http://www.springframework.org/schema/context/spring-context-3.2.xsd=org/springframework/context/config/spring-context-3.2.xsd, http://www.springframework.org/schema/jdbc/spring-jdbc-4.2.xsd=org/springframework/jdbc/config/spring-jdbc-4.2.xsd, http://www.springframework.org/schema/mvc/spring-mvc-4.2.xsd=org/springframework/web/servlet/config/spring-mvc-4.2.xsd, http://www.springframework.org/schema/util/spring-util-3.1.xsd=org/springframework/beans/factory/xml/spring-util-3.1.xsd, http://www.springframework.org/schema/beans/spring-beans-2.0.xsd=org/springframework/beans/factory/xml/spring-beans-2.0.xsd, http://www.springframework.org/schema/cache/spring-cache.xsd=org/springframework/cache/config/spring-cache-4.3.xsd, http://www.springframework.org/schema/tx/spring-tx.xsd=org/springframework/transaction/config/spring-tx-4.3.xsd, http://www.springframework.org/schema/lang/spring-lang-4.2.xsd=org/springframework/scripting/config/spring-lang-4.2.xsd, http://www.springframework.org/schema/context/spring-context-4.1.xsd=org/springframework/context/config/spring-context-4.1.xsd, http://www.springframework.org/schema/beans/spring-beans-2.5.xsd=org/springframework/beans/factory/xml/spring-beans-2.5.xsd, http://www.springframework.org/schema/beans/spring-beans-4.3.xsd=org/springframework/beans/factory/xml/spring-beans-4.3.xsd, http://www.springframework.org/schema/tool/spring-tool-4.2.xsd=org/springframework/beans/factory/xml/spring-tool-4.2.xsd, http://www.springframework.org/schema/tx/spring-tx-2.0.xsd=org/springframework/transaction/config/spring-tx-2.0.xsd, http://www.alibaba.com/schema/stat.xsd=META-INF/stat.xsd, http://www.springframework.org/schema/jee/spring-jee-4.2.xsd=org/springframework/ejb/config/spring-jee-4.2.xsd, http://www.springframework.org/schema/jdbc/spring-jdbc-3.2.xsd=org/springframework/jdbc/config/spring-jdbc-3.2.xsd, http://www.springframework.org/schema/task/spring-task-4.3.xsd=org/springframework/scheduling/config/spring-task-4.3.xsd, http://www.springframework.org/schema/aop/spring-aop.xsd=org/springframework/aop/config/spring-aop-4.3.xsd}
2016-12-21 20:24:09 org.springframework.beans.factory.xml.PluggableSchemaResolver.resolveEntity(PluggableSchemaResolver.java:119)  Found XML schema [http://www.springframework.org/schema/beans/spring-beans.xsd] in classpath: org/springframework/beans/factory/xml/spring-beans-4.3.xsd
2016-12-21 20:24:09 org.springframework.beans.factory.xml.PluggableSchemaResolver.resolveEntity(PluggableSchemaResolver.java:119)  Found XML schema [http://www.springframework.org/schema/context/spring-context.xsd] in classpath: org/springframework/context/config/spring-context-4.3.xsd
2016-12-21 20:24:09 org.springframework.beans.factory.xml.PluggableSchemaResolver.resolveEntity(PluggableSchemaResolver.java:119)  Found XML schema [http://www.springframework.org/schema/tool/spring-tool-4.3.xsd] in classpath: org/springframework/beans/factory/xml/spring-tool-4.3.xsd
2016-12-21 20:24:09 org.springframework.beans.factory.xml.PluggableSchemaResolver.resolveEntity(PluggableSchemaResolver.java:119)  Found XML schema [http://www.springframework.org/schema/tx/spring-tx.xsd] in classpath: org/springframework/transaction/config/spring-tx-4.3.xsd
2016-12-21 20:24:09 org.springframework.beans.factory.xml.DefaultBeanDefinitionDocumentReader.registerBeanDefinitions(DefaultBeanDefinitionDocumentReader.java:92)  Loading bean definitions
2016-12-21 20:24:09 org.springframework.beans.factory.xml.DefaultNamespaceHandlerResolver.getHandlerMappings(DefaultNamespaceHandlerResolver.java:157)  Loaded NamespaceHandler mappings: {http://www.springframework.org/schema/p=org.springframework.beans.factory.xml.SimplePropertyNamespaceHandler, http://www.springframework.org/schema/mvc=org.springframework.web.servlet.config.MvcNamespaceHandler, http://www.springframework.org/schema/util=org.springframework.beans.factory.xml.UtilNamespaceHandler, http://www.alibaba.com/schema/stat=com.alibaba.druid.support.spring.stat.config.DruidStatNamespaceHandler, http://www.springframework.org/schema/jee=org.springframework.ejb.config.JeeNamespaceHandler, http://www.springframework.org/schema/aop=org.springframework.aop.config.AopNamespaceHandler, http://www.springframework.org/schema/jdbc=org.springframework.jdbc.config.JdbcNamespaceHandler, http://www.springframework.org/schema/cache=org.springframework.cache.config.CacheNamespaceHandler, http://mybatis.org/schema/mybatis-spring=org.mybatis.spring.config.NamespaceHandler, http://www.springframework.org/schema/c=org.springframework.beans.factory.xml.SimpleConstructorNamespaceHandler, http://www.springframework.org/schema/tx=org.springframework.transaction.config.TxNamespaceHandler, http://www.springframework.org/schema/task=org.springframework.scheduling.config.TaskNamespaceHandler, http://www.springframework.org/schema/lang=org.springframework.scripting.config.LangNamespaceHandler, http://www.springframework.org/schema/context=org.springframework.context.config.ContextNamespaceHandler}
2016-12-21 20:24:09 org.springframework.core.env.MutablePropertySources.addLast(MutablePropertySources.java:109)  Adding [systemProperties] PropertySource with lowest search precedence
2016-12-21 20:24:09 org.springframework.core.env.MutablePropertySources.addLast(MutablePropertySources.java:109)  Adding [systemEnvironment] PropertySource with lowest search precedence
2016-12-21 20:24:09 org.springframework.core.env.AbstractEnvironment.<init>(AbstractEnvironment.java:124)  Initialized StandardEnvironment with PropertySources [systemProperties,systemEnvironment]
2016-12-21 20:24:09 org.springframework.core.io.support.PathMatchingResourcePatternResolver.findAllClassPathResources(PathMatchingResourcePatternResolver.java:317)  Resolved classpath location [com/ssm/] to resources [URL [file:/D:/Workspaces/SSMjspDemo/out/production/SSMjspDemo/com/ssm/]]
2016-12-21 20:24:09 org.springframework.core.io.support.PathMatchingResourcePatternResolver.doFindMatchingFileSystemResources(PathMatchingResourcePatternResolver.java:711)  Looking for matching resources in directory tree [D:\Workspaces\SSMjspDemo\out\production\SSMjspDemo\com\ssm]
2016-12-21 20:24:09 org.springframework.core.io.support.PathMatchingResourcePatternResolver.doRetrieveMatchingFiles(PathMatchingResourcePatternResolver.java:773)  Searching directory [D:\Workspaces\SSMjspDemo\out\production\SSMjspDemo\com\ssm] for files matching pattern [D:/Workspaces/SSMjspDemo/out/production/SSMjspDemo/com/ssm/**/*.class]
2016-12-21 20:24:09 org.springframework.core.io.support.PathMatchingResourcePatternResolver.doRetrieveMatchingFiles(PathMatchingResourcePatternResolver.java:773)  Searching directory [D:\Workspaces\SSMjspDemo\out\production\SSMjspDemo\com\ssm\action] for files matching pattern [D:/Workspaces/SSMjspDemo/out/production/SSMjspDemo/com/ssm/**/*.class]
2016-12-21 20:24:09 org.springframework.core.io.support.PathMatchingResourcePatternResolver.doRetrieveMatchingFiles(PathMatchingResourcePatternResolver.java:773)  Searching directory [D:\Workspaces\SSMjspDemo\out\production\SSMjspDemo\com\ssm\dao] for files matching pattern [D:/Workspaces/SSMjspDemo/out/production/SSMjspDemo/com/ssm/**/*.class]
2016-12-21 20:24:09 org.springframework.core.io.support.PathMatchingResourcePatternResolver.doRetrieveMatchingFiles(PathMatchingResourcePatternResolver.java:773)  Searching directory [D:\Workspaces\SSMjspDemo\out\production\SSMjspDemo\com\ssm\domain] for files matching pattern [D:/Workspaces/SSMjspDemo/out/production/SSMjspDemo/com/ssm/**/*.class]
2016-12-21 20:24:09 org.springframework.core.io.support.PathMatchingResourcePatternResolver.doRetrieveMatchingFiles(PathMatchingResourcePatternResolver.java:773)  Searching directory [D:\Workspaces\SSMjspDemo\out\production\SSMjspDemo\com\ssm\domain\json] for files matching pattern [D:/Workspaces/SSMjspDemo/out/production/SSMjspDemo/com/ssm/**/*.class]
2016-12-21 20:24:09 org.springframework.core.io.support.PathMatchingResourcePatternResolver.doRetrieveMatchingFiles(PathMatchingResourcePatternResolver.java:773)  Searching directory [D:\Workspaces\SSMjspDemo\out\production\SSMjspDemo\com\ssm\interceptor] for files matching pattern [D:/Workspaces/SSMjspDemo/out/production/SSMjspDemo/com/ssm/**/*.class]
2016-12-21 20:24:09 org.springframework.core.io.support.PathMatchingResourcePatternResolver.doRetrieveMatchingFiles(PathMatchingResourcePatternResolver.java:773)  Searching directory [D:\Workspaces\SSMjspDemo\out\production\SSMjspDemo\com\ssm\mapping] for files matching pattern [D:/Workspaces/SSMjspDemo/out/production/SSMjspDemo/com/ssm/**/*.class]
2016-12-21 20:24:09 org.springframework.core.io.support.PathMatchingResourcePatternResolver.doRetrieveMatchingFiles(PathMatchingResourcePatternResolver.java:773)  Searching directory [D:\Workspaces\SSMjspDemo\out\production\SSMjspDemo\com\ssm\service] for files matching pattern [D:/Workspaces/SSMjspDemo/out/production/SSMjspDemo/com/ssm/**/*.class]
2016-12-21 20:24:09 org.springframework.core.io.support.PathMatchingResourcePatternResolver.doRetrieveMatchingFiles(PathMatchingResourcePatternResolver.java:773)  Searching directory [D:\Workspaces\SSMjspDemo\out\production\SSMjspDemo\com\ssm\service\impl] for files matching pattern [D:/Workspaces/SSMjspDemo/out/production/SSMjspDemo/com/ssm/**/*.class]
2016-12-21 20:24:09 org.springframework.core.io.support.PathMatchingResourcePatternResolver.doRetrieveMatchingFiles(PathMatchingResourcePatternResolver.java:773)  Searching directory [D:\Workspaces\SSMjspDemo\out\production\SSMjspDemo\com\ssm\utils] for files matching pattern [D:/Workspaces/SSMjspDemo/out/production/SSMjspDemo/com/ssm/**/*.class]
2016-12-21 20:24:09 org.springframework.core.io.support.PathMatchingResourcePatternResolver.findPathMatchingResources(PathMatchingResourcePatternResolver.java:483)  Resolved location pattern [classpath*:com/ssm/**/*.class] to resources [file [D:\Workspaces\SSMjspDemo\out\production\SSMjspDemo\com\ssm\action\DeptController.class], file [D:\Workspaces\SSMjspDemo\out\production\SSMjspDemo\com\ssm\action\EmpController$1.class], file [D:\Workspaces\SSMjspDemo\out\production\SSMjspDemo\com\ssm\action\EmpController.class], file [D:\Workspaces\SSMjspDemo\out\production\SSMjspDemo\com\ssm\action\ManagerController.class], file [D:\Workspaces\SSMjspDemo\out\production\SSMjspDemo\com\ssm\action\NoInterceptor.class], file [D:\Workspaces\SSMjspDemo\out\production\SSMjspDemo\com\ssm\action\UserController.class], file [D:\Workspaces\SSMjspDemo\out\production\SSMjspDemo\com\ssm\dao\AuthDao.class], file [D:\Workspaces\SSMjspDemo\out\production\SSMjspDemo\com\ssm\dao\AuthgroupDao.class], file [D:\Workspaces\SSMjspDemo\out\production\SSMjspDemo\com\ssm\dao\DeptDao.class], file [D:\Workspaces\SSMjspDemo\out\production\SSMjspDemo\com\ssm\dao\EmpDao.class], file [D:\Workspaces\SSMjspDemo\out\production\SSMjspDemo\com\ssm\dao\RoleDao.class], file [D:\Workspaces\SSMjspDemo\out\production\SSMjspDemo\com\ssm\dao\UserDao.class], file [D:\Workspaces\SSMjspDemo\out\production\SSMjspDemo\com\ssm\domain\Auth.class], file [D:\Workspaces\SSMjspDemo\out\production\SSMjspDemo\com\ssm\domain\Authgroup.class], file [D:\Workspaces\SSMjspDemo\out\production\SSMjspDemo\com\ssm\domain\Dept.class], file [D:\Workspaces\SSMjspDemo\out\production\SSMjspDemo\com\ssm\domain\Emp.class], file [D:\Workspaces\SSMjspDemo\out\production\SSMjspDemo\com\ssm\domain\json\Attribute.class], file [D:\Workspaces\SSMjspDemo\out\production\SSMjspDemo\com\ssm\domain\json\ChildNode.class], file [D:\Workspaces\SSMjspDemo\out\production\SSMjspDemo\com\ssm\domain\json\TreeNode.class], file [D:\Workspaces\SSMjspDemo\out\production\SSMjspDemo\com\ssm\domain\Role.class], file [D:\Workspaces\SSMjspDemo\out\production\SSMjspDemo\com\ssm\domain\User.class], file [D:\Workspaces\SSMjspDemo\out\production\SSMjspDemo\com\ssm\interceptor\LoginInterceptor.class], file [D:\Workspaces\SSMjspDemo\out\production\SSMjspDemo\com\ssm\interceptor\LogInterceptor.class], file [D:\Workspaces\SSMjspDemo\out\production\SSMjspDemo\com\ssm\service\DeptService.class], file [D:\Workspaces\SSMjspDemo\out\production\SSMjspDemo\com\ssm\service\EmpService.class], file [D:\Workspaces\SSMjspDemo\out\production\SSMjspDemo\com\ssm\service\impl\DeptServiceImpl.class], file [D:\Workspaces\SSMjspDemo\out\production\SSMjspDemo\com\ssm\service\impl\EmpServiceImpl.class], file [D:\Workspaces\SSMjspDemo\out\production\SSMjspDemo\com\ssm\service\impl\UserServiceImpl.class], file [D:\Workspaces\SSMjspDemo\out\production\SSMjspDemo\com\ssm\service\UserService.class], file [D:\Workspaces\SSMjspDemo\out\production\SSMjspDemo\com\ssm\utils\CustomerDateCoverter.class], file [D:\Workspaces\SSMjspDemo\out\production\SSMjspDemo\com\ssm\utils\DBUtil.class], file [D:\Workspaces\SSMjspDemo\out\production\SSMjspDemo\com\ssm\utils\SQL.class]]
2016-12-21 20:24:09 org.springframework.context.annotation.ClassPathScanningCandidateComponentProvider.findCandidateComponents(ClassPathScanningCandidateComponentProvider.java:286)  Identified candidate component class: file [D:\Workspaces\SSMjspDemo\out\production\SSMjspDemo\com\ssm\action\DeptController.class]
2016-12-21 20:24:09 org.springframework.context.annotation.ClassPathScanningCandidateComponentProvider.findCandidateComponents(ClassPathScanningCandidateComponentProvider.java:286)  Identified candidate component class: file [D:\Workspaces\SSMjspDemo\out\production\SSMjspDemo\com\ssm\action\EmpController.class]
2016-12-21 20:24:09 org.springframework.context.annotation.ClassPathScanningCandidateComponentProvider.findCandidateComponents(ClassPathScanningCandidateComponentProvider.java:286)  Identified candidate component class: file [D:\Workspaces\SSMjspDemo\out\production\SSMjspDemo\com\ssm\action\ManagerController.class]
2016-12-21 20:24:09 org.springframework.context.annotation.ClassPathScanningCandidateComponentProvider.findCandidateComponents(ClassPathScanningCandidateComponentProvider.java:286)  Identified candidate component class: file [D:\Workspaces\SSMjspDemo\out\production\SSMjspDemo\com\ssm\action\NoInterceptor.class]
2016-12-21 20:24:09 org.springframework.context.annotation.ClassPathScanningCandidateComponentProvider.findCandidateComponents(ClassPathScanningCandidateComponentProvider.java:286)  Identified candidate component class: file [D:\Workspaces\SSMjspDemo\out\production\SSMjspDemo\com\ssm\action\UserController.class]
2016-12-21 20:24:09 org.springframework.context.annotation.ClassPathScanningCandidateComponentProvider.findCandidateComponents(ClassPathScanningCandidateComponentProvider.java:292)  Ignored because not a concrete top-level class: file [D:\Workspaces\SSMjspDemo\out\production\SSMjspDemo\com\ssm\dao\AuthDao.class]
2016-12-21 20:24:09 org.springframework.context.annotation.ClassPathScanningCandidateComponentProvider.findCandidateComponents(ClassPathScanningCandidateComponentProvider.java:292)  Ignored because not a concrete top-level class: file [D:\Workspaces\SSMjspDemo\out\production\SSMjspDemo\com\ssm\dao\UserDao.class]
2016-12-21 20:24:09 org.springframework.context.annotation.ClassPathScanningCandidateComponentProvider.findCandidateComponents(ClassPathScanningCandidateComponentProvider.java:286)  Identified candidate component class: file [D:\Workspaces\SSMjspDemo\out\production\SSMjspDemo\com\ssm\domain\Dept.class]
2016-12-21 20:24:09 org.springframework.context.annotation.ClassPathScanningCandidateComponentProvider.findCandidateComponents(ClassPathScanningCandidateComponentProvider.java:286)  Identified candidate component class: file [D:\Workspaces\SSMjspDemo\out\production\SSMjspDemo\com\ssm\domain\User.class]
2016-12-21 20:24:09 org.springframework.context.annotation.ClassPathScanningCandidateComponentProvider.findCandidateComponents(ClassPathScanningCandidateComponentProvider.java:286)  Identified candidate component class: file [D:\Workspaces\SSMjspDemo\out\production\SSMjspDemo\com\ssm\service\impl\DeptServiceImpl.class]
2016-12-21 20:24:09 org.springframework.context.annotation.ClassPathScanningCandidateComponentProvider.findCandidateComponents(ClassPathScanningCandidateComponentProvider.java:286)  Identified candidate component class: file [D:\Workspaces\SSMjspDemo\out\production\SSMjspDemo\com\ssm\service\impl\EmpServiceImpl.class]
2016-12-21 20:24:09 org.springframework.context.annotation.ClassPathScanningCandidateComponentProvider.findCandidateComponents(ClassPathScanningCandidateComponentProvider.java:286)  Identified candidate component class: file [D:\Workspaces\SSMjspDemo\out\production\SSMjspDemo\com\ssm\service\impl\UserServiceImpl.class]
2016-12-21 20:24:09 org.springframework.beans.factory.xml.BeanDefinitionParserDelegate.parseBeanDefinitionElement(BeanDefinitionParserDelegate.java:481)  Neither XML 'id' nor 'name' specified - using generated bean name [org.mybatis.spring.mapper.MapperScannerConfigurer#0]
2016-12-21 20:24:09 org.springframework.beans.factory.support.AbstractBeanDefinitionReader.loadBeanDefinitions(AbstractBeanDefinitionReader.java:224)  Loaded 25 bean definitions from location pattern [applicationContext.xml]
2016-12-21 20:24:09 org.springframework.context.support.AbstractApplicationContext.obtainFreshBeanFactory(AbstractApplicationContext.java:616)  Bean factory for org.springframework.context.support.ClassPathXmlApplicationContext@7cf10a6f: org.springframework.beans.factory.support.DefaultListableBeanFactory@80ec1f8: defining beans [deptController,empController,managerController,noInterceptor,userController,dept,user,deptServiceImpl,empServiceImpl,userServiceImpl,org.springframework.context.annotation.internalConfigurationAnnotationProcessor,org.springframework.context.annotation.internalAutowiredAnnotationProcessor,org.springframework.context.annotation.internalRequiredAnnotationProcessor,org.springframework.context.annotation.internalCommonAnnotationProcessor,org.springframework.context.event.internalEventListenerProcessor,org.springframework.context.event.internalEventListenerFactory,dataSource123,sqlSessionFactory,org.mybatis.spring.mapper.MapperScannerConfigurer#0,txManager,org.springframework.transaction.config.internalTransactionalEventListenerFactory,org.springframework.aop.config.internalAutoProxyCreator,org.springframework.transaction.annotation.AnnotationTransactionAttributeSource#0,org.springframework.transaction.interceptor.TransactionInterceptor#0,org.springframework.transaction.config.internalTransactionAdvisor]; root of factory hierarchy
2016-12-21 20:24:09 org.springframework.beans.factory.support.DefaultSingletonBeanRegistry.getSingleton(DefaultSingletonBeanRegistry.java:221)  Creating shared instance of singleton bean 'org.springframework.context.annotation.internalConfigurationAnnotationProcessor'
2016-12-21 20:24:09 org.springframework.beans.factory.support.AbstractAutowireCapableBeanFactory.createBean(AbstractAutowireCapableBeanFactory.java:448)  Creating instance of bean 'org.springframework.context.annotation.internalConfigurationAnnotationProcessor'
2016-12-21 20:24:09 org.springframework.beans.factory.support.AbstractAutowireCapableBeanFactory.doCreateBean(AbstractAutowireCapableBeanFactory.java:537)  Eagerly caching bean 'org.springframework.context.annotation.internalConfigurationAnnotationProcessor' to allow for resolving potential circular references
2016-12-21 20:24:09 org.springframework.beans.factory.support.AbstractAutowireCapableBeanFactory.createBean(AbstractAutowireCapableBeanFactory.java:484)  Finished creating instance of bean 'org.springframework.context.annotation.internalConfigurationAnnotationProcessor'
2016-12-21 20:24:09 org.springframework.beans.factory.support.DefaultSingletonBeanRegistry.getSingleton(DefaultSingletonBeanRegistry.java:221)  Creating shared instance of singleton bean 'org.mybatis.spring.mapper.MapperScannerConfigurer#0'
2016-12-21 20:24:09 org.springframework.beans.factory.support.AbstractAutowireCapableBeanFactory.createBean(AbstractAutowireCapableBeanFactory.java:448)  Creating instance of bean 'org.mybatis.spring.mapper.MapperScannerConfigurer#0'
2016-12-21 20:24:09 org.springframework.beans.factory.support.AbstractAutowireCapableBeanFactory.doCreateBean(AbstractAutowireCapableBeanFactory.java:537)  Eagerly caching bean 'org.mybatis.spring.mapper.MapperScannerConfigurer#0' to allow for resolving potential circular references
2016-12-21 20:24:09 org.springframework.beans.factory.support.AbstractAutowireCapableBeanFactory.invokeInitMethods(AbstractAutowireCapableBeanFactory.java:1625)  Invoking afterPropertiesSet() on bean with name 'org.mybatis.spring.mapper.MapperScannerConfigurer#0'
2016-12-21 20:24:09 org.springframework.beans.factory.support.AbstractAutowireCapableBeanFactory.createBean(AbstractAutowireCapableBeanFactory.java:484)  Finished creating instance of bean 'org.mybatis.spring.mapper.MapperScannerConfigurer#0'
2016-12-21 20:24:09 org.springframework.core.env.MutablePropertySources.addLast(MutablePropertySources.java:109)  Adding [systemProperties] PropertySource with lowest search precedence
2016-12-21 20:24:09 org.springframework.core.env.MutablePropertySources.addLast(MutablePropertySources.java:109)  Adding [systemEnvironment] PropertySource with lowest search precedence
2016-12-21 20:24:09 org.springframework.core.env.AbstractEnvironment.<init>(AbstractEnvironment.java:124)  Initialized StandardEnvironment with PropertySources [systemProperties,systemEnvironment]
2016-12-21 20:24:09 org.springframework.core.io.support.PathMatchingResourcePatternResolver.findAllClassPathResources(PathMatchingResourcePatternResolver.java:317)  Resolved classpath location [com/ssm/dao/] to resources [URL [file:/D:/Workspaces/SSMjspDemo/out/production/SSMjspDemo/com/ssm/dao/]]
2016-12-21 20:24:09 org.springframework.core.io.support.PathMatchingResourcePatternResolver.doFindMatchingFileSystemResources(PathMatchingResourcePatternResolver.java:711)  Looking for matching resources in directory tree [D:\Workspaces\SSMjspDemo\out\production\SSMjspDemo\com\ssm\dao]
2016-12-21 20:24:09 org.springframework.core.io.support.PathMatchingResourcePatternResolver.doRetrieveMatchingFiles(PathMatchingResourcePatternResolver.java:773)  Searching directory [D:\Workspaces\SSMjspDemo\out\production\SSMjspDemo\com\ssm\dao] for files matching pattern [D:/Workspaces/SSMjspDemo/out/production/SSMjspDemo/com/ssm/dao/**/*.class]
2016-12-21 20:24:09 org.springframework.core.io.support.PathMatchingResourcePatternResolver.findPathMatchingResources(PathMatchingResourcePatternResolver.java:483)  Resolved location pattern [classpath*:com/ssm/dao/**/*.class] to resources [file [D:\Workspaces\SSMjspDemo\out\production\SSMjspDemo\com\ssm\dao\AuthDao.class], file [D:\Workspaces\SSMjspDemo\out\production\SSMjspDemo\com\ssm\dao\AuthgroupDao.class], file [D:\Workspaces\SSMjspDemo\out\production\SSMjspDemo\com\ssm\dao\DeptDao.class], file [D:\Workspaces\SSMjspDemo\out\production\SSMjspDemo\com\ssm\dao\EmpDao.class], file [D:\Workspaces\SSMjspDemo\out\production\SSMjspDemo\com\ssm\dao\RoleDao.class], file [D:\Workspaces\SSMjspDemo\out\production\SSMjspDemo\com\ssm\dao\UserDao.class]]
2016-12-21 20:24:09 org.springframework.context.annotation.ClassPathScanningCandidateComponentProvider.findCandidateComponents(ClassPathScanningCandidateComponentProvider.java:286)  Identified candidate component class: file [D:\Workspaces\SSMjspDemo\out\production\SSMjspDemo\com\ssm\dao\AuthDao.class]
2016-12-21 20:24:09 org.springframework.context.annotation.ClassPathScanningCandidateComponentProvider.findCandidateComponents(ClassPathScanningCandidateComponentProvider.java:286)  Identified candidate component class: file [D:\Workspaces\SSMjspDemo\out\production\SSMjspDemo\com\ssm\dao\AuthgroupDao.class]
2016-12-21 20:24:09 org.springframework.context.annotation.ClassPathScanningCandidateComponentProvider.findCandidateComponents(ClassPathScanningCandidateComponentProvider.java:286)  Identified candidate component class: file [D:\Workspaces\SSMjspDemo\out\production\SSMjspDemo\com\ssm\dao\DeptDao.class]
2016-12-21 20:24:09 org.springframework.context.annotation.ClassPathScanningCandidateComponentProvider.findCandidateComponents(ClassPathScanningCandidateComponentProvider.java:286)  Identified candidate component class: file [D:\Workspaces\SSMjspDemo\out\production\SSMjspDemo\com\ssm\dao\EmpDao.class]
2016-12-21 20:24:09 org.springframework.context.annotation.ClassPathScanningCandidateComponentProvider.findCandidateComponents(ClassPathScanningCandidateComponentProvider.java:286)  Identified candidate component class: file [D:\Workspaces\SSMjspDemo\out\production\SSMjspDemo\com\ssm\dao\RoleDao.class]
2016-12-21 20:24:09 org.springframework.context.annotation.ClassPathScanningCandidateComponentProvider.findCandidateComponents(ClassPathScanningCandidateComponentProvider.java:286)  Identified candidate component class: file [D:\Workspaces\SSMjspDemo\out\production\SSMjspDemo\com\ssm\dao\UserDao.class]
2016-12-21 20:24:09 org.mybatis.spring.mapper.ClassPathMapperScanner.processBeanDefinitions(ClassPathMapperScanner.java:181)  Creating MapperFactoryBean with name 'authDao' and 'com.ssm.dao.AuthDao' mapperInterface
2016-12-21 20:24:09 org.mybatis.spring.mapper.ClassPathMapperScanner.processBeanDefinitions(ClassPathMapperScanner.java:181)  Creating MapperFactoryBean with name 'authgroupDao' and 'com.ssm.dao.AuthgroupDao' mapperInterface
2016-12-21 20:24:09 org.mybatis.spring.mapper.ClassPathMapperScanner.processBeanDefinitions(ClassPathMapperScanner.java:181)  Creating MapperFactoryBean with name 'deptDao' and 'com.ssm.dao.DeptDao' mapperInterface
2016-12-21 20:24:09 org.mybatis.spring.mapper.ClassPathMapperScanner.processBeanDefinitions(ClassPathMapperScanner.java:181)  Creating MapperFactoryBean with name 'empDao' and 'com.ssm.dao.EmpDao' mapperInterface
2016-12-21 20:24:09 org.mybatis.spring.mapper.ClassPathMapperScanner.processBeanDefinitions(ClassPathMapperScanner.java:181)  Creating MapperFactoryBean with name 'roleDao' and 'com.ssm.dao.RoleDao' mapperInterface
2016-12-21 20:24:09 org.mybatis.spring.mapper.ClassPathMapperScanner.processBeanDefinitions(ClassPathMapperScanner.java:181)  Creating MapperFactoryBean with name 'userDao' and 'com.ssm.dao.UserDao' mapperInterface
2016-12-21 20:24:09 org.springframework.beans.factory.support.DefaultSingletonBeanRegistry.getSingleton(DefaultSingletonBeanRegistry.java:221)  Creating shared instance of singleton bean 'org.springframework.context.annotation.internalAutowiredAnnotationProcessor'
2016-12-21 20:24:09 org.springframework.beans.factory.support.AbstractAutowireCapableBeanFactory.createBean(AbstractAutowireCapableBeanFactory.java:448)  Creating instance of bean 'org.springframework.context.annotation.internalAutowiredAnnotationProcessor'
2016-12-21 20:24:09 org.springframework.beans.factory.support.AbstractAutowireCapableBeanFactory.doCreateBean(AbstractAutowireCapableBeanFactory.java:537)  Eagerly caching bean 'org.springframework.context.annotation.internalAutowiredAnnotationProcessor' to allow for resolving potential circular references
2016-12-21 20:24:09 org.springframework.beans.factory.support.AbstractAutowireCapableBeanFactory.createBean(AbstractAutowireCapableBeanFactory.java:484)  Finished creating instance of bean 'org.springframework.context.annotation.internalAutowiredAnnotationProcessor'
2016-12-21 20:24:09 org.springframework.beans.factory.support.DefaultSingletonBeanRegistry.getSingleton(DefaultSingletonBeanRegistry.java:221)  Creating shared instance of singleton bean 'org.springframework.context.annotation.internalRequiredAnnotationProcessor'
2016-12-21 20:24:09 org.springframework.beans.factory.support.AbstractAutowireCapableBeanFactory.createBean(AbstractAutowireCapableBeanFactory.java:448)  Creating instance of bean 'org.springframework.context.annotation.internalRequiredAnnotationProcessor'
2016-12-21 20:24:09 org.springframework.beans.factory.support.AbstractAutowireCapableBeanFactory.doCreateBean(AbstractAutowireCapableBeanFactory.java:537)  Eagerly caching bean 'org.springframework.context.annotation.internalRequiredAnnotationProcessor' to allow for resolving potential circular references
2016-12-21 20:24:09 org.springframework.beans.factory.support.AbstractAutowireCapableBeanFactory.createBean(AbstractAutowireCapableBeanFactory.java:484)  Finished creating instance of bean 'org.springframework.context.annotation.internalRequiredAnnotationProcessor'
2016-12-21 20:24:09 org.springframework.beans.factory.support.DefaultSingletonBeanRegistry.getSingleton(DefaultSingletonBeanRegistry.java:221)  Creating shared instance of singleton bean 'org.springframework.context.annotation.internalCommonAnnotationProcessor'
2016-12-21 20:24:09 org.springframework.beans.factory.support.AbstractAutowireCapableBeanFactory.createBean(AbstractAutowireCapableBeanFactory.java:448)  Creating instance of bean 'org.springframework.context.annotation.internalCommonAnnotationProcessor'
2016-12-21 20:24:09 org.springframework.beans.factory.support.AbstractAutowireCapableBeanFactory.doCreateBean(AbstractAutowireCapableBeanFactory.java:537)  Eagerly caching bean 'org.springframework.context.annotation.internalCommonAnnotationProcessor' to allow for resolving potential circular references
2016-12-21 20:24:09 org.springframework.beans.factory.support.AbstractAutowireCapableBeanFactory.createBean(AbstractAutowireCapableBeanFactory.java:484)  Finished creating instance of bean 'org.springframework.context.annotation.internalCommonAnnotationProcessor'
2016-12-21 20:24:09 org.springframework.beans.factory.support.DefaultSingletonBeanRegistry.getSingleton(DefaultSingletonBeanRegistry.java:221)  Creating shared instance of singleton bean 'org.springframework.context.annotation.ConfigurationClassPostProcessor.importAwareProcessor'
2016-12-21 20:24:09 org.springframework.beans.factory.support.AbstractAutowireCapableBeanFactory.createBean(AbstractAutowireCapableBeanFactory.java:448)  Creating instance of bean 'org.springframework.context.annotation.ConfigurationClassPostProcessor.importAwareProcessor'
2016-12-21 20:24:09 org.springframework.beans.factory.support.AbstractAutowireCapableBeanFactory.doCreateBean(AbstractAutowireCapableBeanFactory.java:537)  Eagerly caching bean 'org.springframework.context.annotation.ConfigurationClassPostProcessor.importAwareProcessor' to allow for resolving potential circular references
2016-12-21 20:24:09 org.springframework.beans.factory.support.AbstractAutowireCapableBeanFactory.createBean(AbstractAutowireCapableBeanFactory.java:484)  Finished creating instance of bean 'org.springframework.context.annotation.ConfigurationClassPostProcessor.importAwareProcessor'
2016-12-21 20:24:09 org.springframework.beans.factory.support.DefaultSingletonBeanRegistry.getSingleton(DefaultSingletonBeanRegistry.java:221)  Creating shared instance of singleton bean 'org.springframework.context.annotation.ConfigurationClassPostProcessor.enhancedConfigurationProcessor'
2016-12-21 20:24:09 org.springframework.beans.factory.support.AbstractAutowireCapableBeanFactory.createBean(AbstractAutowireCapableBeanFactory.java:448)  Creating instance of bean 'org.springframework.context.annotation.ConfigurationClassPostProcessor.enhancedConfigurationProcessor'
2016-12-21 20:24:09 org.springframework.beans.factory.support.AbstractAutowireCapableBeanFactory.doCreateBean(AbstractAutowireCapableBeanFactory.java:537)  Eagerly caching bean 'org.springframework.context.annotation.ConfigurationClassPostProcessor.enhancedConfigurationProcessor' to allow for resolving potential circular references
2016-12-21 20:24:09 org.springframework.beans.factory.support.AbstractAutowireCapableBeanFactory.createBean(AbstractAutowireCapableBeanFactory.java:484)  Finished creating instance of bean 'org.springframework.context.annotation.ConfigurationClassPostProcessor.enhancedConfigurationProcessor'
2016-12-21 20:24:09 org.springframework.beans.factory.support.DefaultSingletonBeanRegistry.getSingleton(DefaultSingletonBeanRegistry.java:221)  Creating shared instance of singleton bean 'org.springframework.aop.config.internalAutoProxyCreator'
2016-12-21 20:24:09 org.springframework.beans.factory.support.AbstractAutowireCapableBeanFactory.createBean(AbstractAutowireCapableBeanFactory.java:448)  Creating instance of bean 'org.springframework.aop.config.internalAutoProxyCreator'
2016-12-21 20:24:09 org.springframework.beans.factory.support.AbstractAutowireCapableBeanFactory.doCreateBean(AbstractAutowireCapableBeanFactory.java:537)  Eagerly caching bean 'org.springframework.aop.config.internalAutoProxyCreator' to allow for resolving potential circular references
2016-12-21 20:24:09 org.springframework.beans.factory.support.AbstractAutowireCapableBeanFactory.createBean(AbstractAutowireCapableBeanFactory.java:484)  Finished creating instance of bean 'org.springframework.aop.config.internalAutoProxyCreator'
2016-12-21 20:24:09 org.springframework.context.support.AbstractApplicationContext.initMessageSource(AbstractApplicationContext.java:733)  Unable to locate MessageSource with name 'messageSource': using default [org.springframework.context.support.DelegatingMessageSource@7334aada]
2016-12-21 20:24:09 org.springframework.context.support.AbstractApplicationContext.initApplicationEventMulticaster(AbstractApplicationContext.java:757)  Unable to locate ApplicationEventMulticaster with name 'applicationEventMulticaster': using default [org.springframework.context.event.SimpleApplicationEventMulticaster@7fa98a66]
2016-12-21 20:24:09 org.springframework.beans.factory.support.DefaultListableBeanFactory.preInstantiateSingletons(DefaultListableBeanFactory.java:723)  Pre-instantiating singletons in org.springframework.beans.factory.support.DefaultListableBeanFactory@80ec1f8: defining beans [deptController,empController,managerController,noInterceptor,userController,dept,user,deptServiceImpl,empServiceImpl,userServiceImpl,org.springframework.context.annotation.internalConfigurationAnnotationProcessor,org.springframework.context.annotation.internalAutowiredAnnotationProcessor,org.springframework.context.annotation.internalRequiredAnnotationProcessor,org.springframework.context.annotation.internalCommonAnnotationProcessor,org.springframework.context.event.internalEventListenerProcessor,org.springframework.context.event.internalEventListenerFactory,dataSource123,sqlSessionFactory,org.mybatis.spring.mapper.MapperScannerConfigurer#0,txManager,org.springframework.transaction.config.internalTransactionalEventListenerFactory,org.springframework.aop.config.internalAutoProxyCreator,org.springframework.transaction.annotation.AnnotationTransactionAttributeSource#0,org.springframework.transaction.interceptor.TransactionInterceptor#0,org.springframework.transaction.config.internalTransactionAdvisor,org.springframework.context.annotation.ConfigurationClassPostProcessor.importAwareProcessor,org.springframework.context.annotation.ConfigurationClassPostProcessor.enhancedConfigurationProcessor,authDao,authgroupDao,deptDao,empDao,roleDao,userDao]; root of factory hierarchy
2016-12-21 20:24:09 org.springframework.beans.factory.support.DefaultSingletonBeanRegistry.getSingleton(DefaultSingletonBeanRegistry.java:221)  Creating shared instance of singleton bean 'deptController'
2016-12-21 20:24:09 org.springframework.beans.factory.support.AbstractAutowireCapableBeanFactory.createBean(AbstractAutowireCapableBeanFactory.java:448)  Creating instance of bean 'deptController'
2016-12-21 20:24:09 org.springframework.beans.factory.annotation.InjectionMetadata.checkConfigMembers(InjectionMetadata.java:72)  Registered injected element on class [com.ssm.action.DeptController]: AutowiredFieldElement for private com.ssm.service.DeptService com.ssm.action.DeptController.deptService
2016-12-21 20:24:09 org.springframework.beans.factory.support.AbstractAutowireCapableBeanFactory.doCreateBean(AbstractAutowireCapableBeanFactory.java:537)  Eagerly caching bean 'deptController' to allow for resolving potential circular references
2016-12-21 20:24:09 org.springframework.beans.factory.annotation.InjectionMetadata.inject(InjectionMetadata.java:86)  Processing injected element of bean 'deptController': AutowiredFieldElement for private com.ssm.service.DeptService com.ssm.action.DeptController.deptService
2016-12-21 20:24:09 org.springframework.beans.factory.support.DefaultSingletonBeanRegistry.getSingleton(DefaultSingletonBeanRegistry.java:221)  Creating shared instance of singleton bean 'deptServiceImpl'
2016-12-21 20:24:09 org.springframework.beans.factory.support.AbstractAutowireCapableBeanFactory.createBean(AbstractAutowireCapableBeanFactory.java:448)  Creating instance of bean 'deptServiceImpl'
2016-12-21 20:24:09 org.springframework.beans.factory.annotation.InjectionMetadata.checkConfigMembers(InjectionMetadata.java:72)  Registered injected element on class [com.ssm.service.impl.DeptServiceImpl]: AutowiredFieldElement for private com.ssm.dao.DeptDao com.ssm.service.impl.DeptServiceImpl.deptDao
2016-12-21 20:24:09 org.springframework.beans.factory.support.AbstractAutowireCapableBeanFactory.doCreateBean(AbstractAutowireCapableBeanFactory.java:537)  Eagerly caching bean 'deptServiceImpl' to allow for resolving potential circular references
2016-12-21 20:24:09 org.springframework.beans.factory.annotation.InjectionMetadata.inject(InjectionMetadata.java:86)  Processing injected element of bean 'deptServiceImpl': AutowiredFieldElement for private com.ssm.dao.DeptDao com.ssm.service.impl.DeptServiceImpl.deptDao
2016-12-21 20:24:09 org.springframework.beans.factory.support.DefaultSingletonBeanRegistry.getSingleton(DefaultSingletonBeanRegistry.java:221)  Creating shared instance of singleton bean 'deptDao'
2016-12-21 20:24:09 org.springframework.beans.factory.support.AbstractAutowireCapableBeanFactory.createBean(AbstractAutowireCapableBeanFactory.java:448)  Creating instance of bean 'deptDao'
2016-12-21 20:24:09 org.springframework.beans.factory.support.AbstractAutowireCapableBeanFactory.doCreateBean(AbstractAutowireCapableBeanFactory.java:537)  Eagerly caching bean 'deptDao' to allow for resolving potential circular references
2016-12-21 20:24:09 org.springframework.beans.factory.support.DefaultSingletonBeanRegistry.getSingleton(DefaultSingletonBeanRegistry.java:221)  Creating shared instance of singleton bean 'sqlSessionFactory'
2016-12-21 20:24:09 org.springframework.beans.factory.support.AbstractAutowireCapableBeanFactory.createBean(AbstractAutowireCapableBeanFactory.java:448)  Creating instance of bean 'sqlSessionFactory'
2016-12-21 20:24:09 org.springframework.beans.factory.support.AbstractAutowireCapableBeanFactory.doCreateBean(AbstractAutowireCapableBeanFactory.java:537)  Eagerly caching bean 'sqlSessionFactory' to allow for resolving potential circular references
2016-12-21 20:24:09 org.springframework.beans.factory.support.DefaultSingletonBeanRegistry.getSingleton(DefaultSingletonBeanRegistry.java:221)  Creating shared instance of singleton bean 'dataSource123'
2016-12-21 20:24:09 org.springframework.beans.factory.support.AbstractAutowireCapableBeanFactory.createBean(AbstractAutowireCapableBeanFactory.java:448)  Creating instance of bean 'dataSource123'
2016-12-21 20:24:09 org.springframework.beans.factory.support.AbstractAutowireCapableBeanFactory.doCreateBean(AbstractAutowireCapableBeanFactory.java:537)  Eagerly caching bean 'dataSource123' to allow for resolving potential circular references
2016-12-21 20:24:09 org.springframework.beans.factory.support.DefaultSingletonBeanRegistry.getSingleton(DefaultSingletonBeanRegistry.java:221)  Creating shared instance of singleton bean 'org.springframework.transaction.config.internalTransactionAdvisor'
2016-12-21 20:24:09 org.springframework.beans.factory.support.AbstractAutowireCapableBeanFactory.createBean(AbstractAutowireCapableBeanFactory.java:448)  Creating instance of bean 'org.springframework.transaction.config.internalTransactionAdvisor'
2016-12-21 20:24:09 org.springframework.beans.factory.support.AbstractAutowireCapableBeanFactory.doCreateBean(AbstractAutowireCapableBeanFactory.java:537)  Eagerly caching bean 'org.springframework.transaction.config.internalTransactionAdvisor' to allow for resolving potential circular references
2016-12-21 20:24:09 org.springframework.beans.factory.support.DefaultSingletonBeanRegistry.getSingleton(DefaultSingletonBeanRegistry.java:221)  Creating shared instance of singleton bean 'org.springframework.transaction.annotation.AnnotationTransactionAttributeSource#0'
2016-12-21 20:24:09 org.springframework.beans.factory.support.AbstractAutowireCapableBeanFactory.createBean(AbstractAutowireCapableBeanFactory.java:448)  Creating instance of bean 'org.springframework.transaction.annotation.AnnotationTransactionAttributeSource#0'
2016-12-21 20:24:09 org.springframework.beans.factory.support.AbstractAutowireCapableBeanFactory.doCreateBean(AbstractAutowireCapableBeanFactory.java:537)  Eagerly caching bean 'org.springframework.transaction.annotation.AnnotationTransactionAttributeSource#0' to allow for resolving potential circular references
2016-12-21 20:24:09 org.springframework.aop.framework.autoproxy.BeanFactoryAdvisorRetrievalHelper.findAdvisorBeans(BeanFactoryAdvisorRetrievalHelper.java:87)  Skipping currently created advisor 'org.springframework.transaction.config.internalTransactionAdvisor'
2016-12-21 20:24:09 org.springframework.beans.factory.support.AbstractAutowireCapableBeanFactory.createBean(AbstractAutowireCapableBeanFactory.java:484)  Finished creating instance of bean 'org.springframework.transaction.annotation.AnnotationTransactionAttributeSource#0'
2016-12-21 20:24:09 org.springframework.beans.factory.support.AbstractAutowireCapableBeanFactory.createBean(AbstractAutowireCapableBeanFactory.java:484)  Finished creating instance of bean 'org.springframework.transaction.config.internalTransactionAdvisor'
2016-12-21 20:24:09 org.springframework.beans.factory.support.AbstractAutowireCapableBeanFactory.createBean(AbstractAutowireCapableBeanFactory.java:484)  Finished creating instance of bean 'dataSource123'
2016-12-21 20:24:09 org.springframework.beans.factory.support.AbstractAutowireCapableBeanFactory.invokeInitMethods(AbstractAutowireCapableBeanFactory.java:1625)  Invoking afterPropertiesSet() on bean with name 'sqlSessionFactory'
2016-12-21 20:24:09 org.apache.ibatis.logging.commons.JakartaCommonsLoggingImpl.debug(JakartaCommonsLoggingImpl.java:54)  Parsed configuration file: 'class path resource [mybatisMapper.xml]'
2016-12-21 20:24:09 org.apache.ibatis.logging.commons.JakartaCommonsLoggingImpl.debug(JakartaCommonsLoggingImpl.java:54)  Property 'mapperLocations' was not specified or no matching resources found
2016-12-21 20:24:09 org.springframework.beans.factory.support.AbstractBeanFactory.doGetBean(AbstractBeanFactory.java:251)  Returning cached instance of singleton bean 'org.springframework.transaction.config.internalTransactionAdvisor'
2016-12-21 20:24:09 org.springframework.beans.factory.support.AbstractAutowireCapableBeanFactory.createBean(AbstractAutowireCapableBeanFactory.java:484)  Finished creating instance of bean 'sqlSessionFactory'
2016-12-21 20:24:09 org.springframework.beans.factory.support.AbstractBeanFactory.doGetBean(AbstractBeanFactory.java:251)  Returning cached instance of singleton bean 'org.springframework.transaction.config.internalTransactionAdvisor'
2016-12-21 20:24:09 org.springframework.beans.factory.support.AbstractAutowireCapableBeanFactory.invokeInitMethods(AbstractAutowireCapableBeanFactory.java:1625)  Invoking afterPropertiesSet() on bean with name 'deptDao'
2016-12-21 20:24:09 org.springframework.beans.factory.support.AbstractBeanFactory.doGetBean(AbstractBeanFactory.java:251)  Returning cached instance of singleton bean 'org.springframework.transaction.config.internalTransactionAdvisor'
2016-12-21 20:24:09 org.springframework.beans.factory.support.AbstractAutowireCapableBeanFactory.createBean(AbstractAutowireCapableBeanFactory.java:484)  Finished creating instance of bean 'deptDao'
2016-12-21 20:24:09 org.springframework.beans.factory.support.AbstractBeanFactory.doGetBean(AbstractBeanFactory.java:251)  Returning cached instance of singleton bean 'org.springframework.transaction.config.internalTransactionAdvisor'
2016-12-21 20:24:09 org.springframework.beans.factory.annotation.AutowiredAnnotationBeanPostProcessor.registerDependentBeans(AutowiredAnnotationBeanPostProcessor.java:539)  Autowiring by type from bean name 'deptServiceImpl' to bean named 'deptDao'
2016-12-21 20:24:09 org.springframework.beans.factory.support.AbstractBeanFactory.doGetBean(AbstractBeanFactory.java:251)  Returning cached instance of singleton bean 'org.springframework.transaction.config.internalTransactionAdvisor'
2016-12-21 20:24:09 org.springframework.beans.factory.support.AbstractAutowireCapableBeanFactory.createBean(AbstractAutowireCapableBeanFactory.java:484)  Finished creating instance of bean 'deptServiceImpl'
2016-12-21 20:24:09 org.springframework.beans.factory.annotation.AutowiredAnnotationBeanPostProcessor.registerDependentBeans(AutowiredAnnotationBeanPostProcessor.java:539)  Autowiring by type from bean name 'deptController' to bean named 'deptServiceImpl'
2016-12-21 20:24:09 org.springframework.beans.factory.support.AbstractBeanFactory.doGetBean(AbstractBeanFactory.java:251)  Returning cached instance of singleton bean 'org.springframework.transaction.config.internalTransactionAdvisor'
2016-12-21 20:24:09 org.springframework.beans.factory.support.AbstractAutowireCapableBeanFactory.createBean(AbstractAutowireCapableBeanFactory.java:484)  Finished creating instance of bean 'deptController'
2016-12-21 20:24:09 org.springframework.beans.factory.support.DefaultSingletonBeanRegistry.getSingleton(DefaultSingletonBeanRegistry.java:221)  Creating shared instance of singleton bean 'empController'
2016-12-21 20:24:09 org.springframework.beans.factory.support.AbstractAutowireCapableBeanFactory.createBean(AbstractAutowireCapableBeanFactory.java:448)  Creating instance of bean 'empController'
2016-12-21 20:24:09 org.springframework.beans.factory.annotation.InjectionMetadata.checkConfigMembers(InjectionMetadata.java:72)  Registered injected element on class [com.ssm.action.EmpController]: AutowiredFieldElement for private com.ssm.service.EmpService com.ssm.action.EmpController.empService
2016-12-21 20:24:09 org.springframework.beans.factory.support.AbstractAutowireCapableBeanFactory.doCreateBean(AbstractAutowireCapableBeanFactory.java:537)  Eagerly caching bean 'empController' to allow for resolving potential circular references
2016-12-21 20:24:09 org.springframework.beans.factory.annotation.InjectionMetadata.inject(InjectionMetadata.java:86)  Processing injected element of bean 'empController': AutowiredFieldElement for private com.ssm.service.EmpService com.ssm.action.EmpController.empService
2016-12-21 20:24:09 org.springframework.beans.factory.support.DefaultSingletonBeanRegistry.getSingleton(DefaultSingletonBeanRegistry.java:221)  Creating shared instance of singleton bean 'empServiceImpl'
2016-12-21 20:24:09 org.springframework.beans.factory.support.AbstractAutowireCapableBeanFactory.createBean(AbstractAutowireCapableBeanFactory.java:448)  Creating instance of bean 'empServiceImpl'
2016-12-21 20:24:09 org.springframework.beans.factory.annotation.InjectionMetadata.checkConfigMembers(InjectionMetadata.java:72)  Registered injected element on class [com.ssm.service.impl.EmpServiceImpl]: AutowiredFieldElement for private com.ssm.dao.EmpDao com.ssm.service.impl.EmpServiceImpl.empDao
2016-12-21 20:24:09 org.springframework.beans.factory.support.AbstractAutowireCapableBeanFactory.doCreateBean(AbstractAutowireCapableBeanFactory.java:537)  Eagerly caching bean 'empServiceImpl' to allow for resolving potential circular references
2016-12-21 20:24:09 org.springframework.beans.factory.annotation.InjectionMetadata.inject(InjectionMetadata.java:86)  Processing injected element of bean 'empServiceImpl': AutowiredFieldElement for private com.ssm.dao.EmpDao com.ssm.service.impl.EmpServiceImpl.empDao
2016-12-21 20:24:09 org.springframework.beans.factory.support.DefaultSingletonBeanRegistry.getSingleton(DefaultSingletonBeanRegistry.java:221)  Creating shared instance of singleton bean 'empDao'
2016-12-21 20:24:09 org.springframework.beans.factory.support.AbstractAutowireCapableBeanFactory.createBean(AbstractAutowireCapableBeanFactory.java:448)  Creating instance of bean 'empDao'
2016-12-21 20:24:09 org.springframework.beans.factory.support.AbstractAutowireCapableBeanFactory.doCreateBean(AbstractAutowireCapableBeanFactory.java:537)  Eagerly caching bean 'empDao' to allow for resolving potential circular references
2016-12-21 20:24:09 org.springframework.beans.factory.support.AbstractBeanFactory.doGetBean(AbstractBeanFactory.java:251)  Returning cached instance of singleton bean 'sqlSessionFactory'
2016-12-21 20:24:09 org.springframework.beans.factory.support.AbstractAutowireCapableBeanFactory.invokeInitMethods(AbstractAutowireCapableBeanFactory.java:1625)  Invoking afterPropertiesSet() on bean with name 'empDao'
2016-12-21 20:24:09 org.springframework.beans.factory.support.AbstractBeanFactory.doGetBean(AbstractBeanFactory.java:251)  Returning cached instance of singleton bean 'org.springframework.transaction.config.internalTransactionAdvisor'
2016-12-21 20:24:09 org.springframework.beans.factory.support.AbstractAutowireCapableBeanFactory.createBean(AbstractAutowireCapableBeanFactory.java:484)  Finished creating instance of bean 'empDao'
2016-12-21 20:24:09 org.springframework.beans.factory.support.AbstractBeanFactory.doGetBean(AbstractBeanFactory.java:251)  Returning cached instance of singleton bean 'org.springframework.transaction.config.internalTransactionAdvisor'
2016-12-21 20:24:09 org.springframework.beans.factory.annotation.AutowiredAnnotationBeanPostProcessor.registerDependentBeans(AutowiredAnnotationBeanPostProcessor.java:539)  Autowiring by type from bean name 'empServiceImpl' to bean named 'empDao'
2016-12-21 20:24:09 org.springframework.beans.factory.support.AbstractBeanFactory.doGetBean(AbstractBeanFactory.java:251)  Returning cached instance of singleton bean 'org.springframework.transaction.config.internalTransactionAdvisor'
2016-12-21 20:24:09 org.springframework.beans.factory.support.AbstractAutowireCapableBeanFactory.createBean(AbstractAutowireCapableBeanFactory.java:484)  Finished creating instance of bean 'empServiceImpl'
2016-12-21 20:24:09 org.springframework.beans.factory.annotation.AutowiredAnnotationBeanPostProcessor.registerDependentBeans(AutowiredAnnotationBeanPostProcessor.java:539)  Autowiring by type from bean name 'empController' to bean named 'empServiceImpl'
2016-12-21 20:24:09 org.springframework.beans.factory.support.AbstractBeanFactory.doGetBean(AbstractBeanFactory.java:251)  Returning cached instance of singleton bean 'org.springframework.transaction.config.internalTransactionAdvisor'
2016-12-21 20:24:09 org.springframework.beans.factory.support.AbstractAutowireCapableBeanFactory.createBean(AbstractAutowireCapableBeanFactory.java:484)  Finished creating instance of bean 'empController'
2016-12-21 20:24:09 org.springframework.beans.factory.support.DefaultSingletonBeanRegistry.getSingleton(DefaultSingletonBeanRegistry.java:221)  Creating shared instance of singleton bean 'managerController'
2016-12-21 20:24:09 org.springframework.beans.factory.support.AbstractAutowireCapableBeanFactory.createBean(AbstractAutowireCapableBeanFactory.java:448)  Creating instance of bean 'managerController'
2016-12-21 20:24:09 org.springframework.beans.factory.support.AbstractAutowireCapableBeanFactory.doCreateBean(AbstractAutowireCapableBeanFactory.java:537)  Eagerly caching bean 'managerController' to allow for resolving potential circular references
2016-12-21 20:24:09 org.springframework.beans.factory.support.AbstractBeanFactory.doGetBean(AbstractBeanFactory.java:251)  Returning cached instance of singleton bean 'org.springframework.transaction.config.internalTransactionAdvisor'
2016-12-21 20:24:09 org.springframework.beans.factory.support.AbstractAutowireCapableBeanFactory.createBean(AbstractAutowireCapableBeanFactory.java:484)  Finished creating instance of bean 'managerController'
2016-12-21 20:24:09 org.springframework.beans.factory.support.DefaultSingletonBeanRegistry.getSingleton(DefaultSingletonBeanRegistry.java:221)  Creating shared instance of singleton bean 'noInterceptor'
2016-12-21 20:24:09 org.springframework.beans.factory.support.AbstractAutowireCapableBeanFactory.createBean(AbstractAutowireCapableBeanFactory.java:448)  Creating instance of bean 'noInterceptor'
2016-12-21 20:24:09 org.springframework.beans.factory.annotation.InjectionMetadata.checkConfigMembers(InjectionMetadata.java:72)  Registered injected element on class [com.ssm.action.NoInterceptor]: AutowiredFieldElement for private com.ssm.service.UserService com.ssm.action.NoInterceptor.userService
2016-12-21 20:24:09 org.springframework.beans.factory.support.AbstractAutowireCapableBeanFactory.doCreateBean(AbstractAutowireCapableBeanFactory.java:537)  Eagerly caching bean 'noInterceptor' to allow for resolving potential circular references
2016-12-21 20:24:09 org.springframework.beans.factory.annotation.InjectionMetadata.inject(InjectionMetadata.java:86)  Processing injected element of bean 'noInterceptor': AutowiredFieldElement for private com.ssm.service.UserService com.ssm.action.NoInterceptor.userService
2016-12-21 20:24:09 org.springframework.beans.factory.support.DefaultSingletonBeanRegistry.getSingleton(DefaultSingletonBeanRegistry.java:221)  Creating shared instance of singleton bean 'userServiceImpl'
2016-12-21 20:24:09 org.springframework.beans.factory.support.AbstractAutowireCapableBeanFactory.createBean(AbstractAutowireCapableBeanFactory.java:448)  Creating instance of bean 'userServiceImpl'
2016-12-21 20:24:09 org.springframework.beans.factory.annotation.InjectionMetadata.checkConfigMembers(InjectionMetadata.java:72)  Registered injected element on class [com.ssm.service.impl.UserServiceImpl]: AutowiredFieldElement for private com.ssm.dao.UserDao com.ssm.service.impl.UserServiceImpl.userDao
2016-12-21 20:24:09 org.springframework.beans.factory.support.AbstractAutowireCapableBeanFactory.doCreateBean(AbstractAutowireCapableBeanFactory.java:537)  Eagerly caching bean 'userServiceImpl' to allow for resolving potential circular references
2016-12-21 20:24:09 org.springframework.beans.factory.annotation.InjectionMetadata.inject(InjectionMetadata.java:86)  Processing injected element of bean 'userServiceImpl': AutowiredFieldElement for private com.ssm.dao.UserDao com.ssm.service.impl.UserServiceImpl.userDao
2016-12-21 20:24:09 org.springframework.beans.factory.support.DefaultSingletonBeanRegistry.getSingleton(DefaultSingletonBeanRegistry.java:221)  Creating shared instance of singleton bean 'userDao'
2016-12-21 20:24:09 org.springframework.beans.factory.support.AbstractAutowireCapableBeanFactory.createBean(AbstractAutowireCapableBeanFactory.java:448)  Creating instance of bean 'userDao'
2016-12-21 20:24:09 org.springframework.beans.factory.support.AbstractAutowireCapableBeanFactory.doCreateBean(AbstractAutowireCapableBeanFactory.java:537)  Eagerly caching bean 'userDao' to allow for resolving potential circular references
2016-12-21 20:24:09 org.springframework.beans.factory.support.AbstractBeanFactory.doGetBean(AbstractBeanFactory.java:251)  Returning cached instance of singleton bean 'sqlSessionFactory'
2016-12-21 20:24:09 org.springframework.beans.factory.support.AbstractAutowireCapableBeanFactory.invokeInitMethods(AbstractAutowireCapableBeanFactory.java:1625)  Invoking afterPropertiesSet() on bean with name 'userDao'
2016-12-21 20:24:09 org.springframework.beans.factory.support.AbstractBeanFactory.doGetBean(AbstractBeanFactory.java:251)  Returning cached instance of singleton bean 'org.springframework.transaction.config.internalTransactionAdvisor'
2016-12-21 20:24:09 org.springframework.beans.factory.support.AbstractAutowireCapableBeanFactory.createBean(AbstractAutowireCapableBeanFactory.java:484)  Finished creating instance of bean 'userDao'
2016-12-21 20:24:09 org.springframework.beans.factory.support.AbstractBeanFactory.doGetBean(AbstractBeanFactory.java:251)  Returning cached instance of singleton bean 'org.springframework.transaction.config.internalTransactionAdvisor'
2016-12-21 20:24:09 org.springframework.beans.factory.annotation.AutowiredAnnotationBeanPostProcessor.registerDependentBeans(AutowiredAnnotationBeanPostProcessor.java:539)  Autowiring by type from bean name 'userServiceImpl' to bean named 'userDao'
2016-12-21 20:24:09 org.springframework.beans.factory.support.AbstractBeanFactory.doGetBean(AbstractBeanFactory.java:251)  Returning cached instance of singleton bean 'org.springframework.transaction.config.internalTransactionAdvisor'
2016-12-21 20:24:09 org.springframework.beans.factory.support.AbstractAutowireCapableBeanFactory.createBean(AbstractAutowireCapableBeanFactory.java:484)  Finished creating instance of bean 'userServiceImpl'
2016-12-21 20:24:09 org.springframework.beans.factory.annotation.AutowiredAnnotationBeanPostProcessor.registerDependentBeans(AutowiredAnnotationBeanPostProcessor.java:539)  Autowiring by type from bean name 'noInterceptor' to bean named 'userServiceImpl'
2016-12-21 20:24:09 org.springframework.beans.factory.support.AbstractBeanFactory.doGetBean(AbstractBeanFactory.java:251)  Returning cached instance of singleton bean 'org.springframework.transaction.config.internalTransactionAdvisor'
2016-12-21 20:24:09 org.springframework.beans.factory.support.AbstractAutowireCapableBeanFactory.createBean(AbstractAutowireCapableBeanFactory.java:484)  Finished creating instance of bean 'noInterceptor'
2016-12-21 20:24:09 org.springframework.beans.factory.support.DefaultSingletonBeanRegistry.getSingleton(DefaultSingletonBeanRegistry.java:221)  Creating shared instance of singleton bean 'userController'
2016-12-21 20:24:09 org.springframework.beans.factory.support.AbstractAutowireCapableBeanFactory.createBean(AbstractAutowireCapableBeanFactory.java:448)  Creating instance of bean 'userController'
2016-12-21 20:24:09 org.springframework.beans.factory.support.AbstractAutowireCapableBeanFactory.doCreateBean(AbstractAutowireCapableBeanFactory.java:537)  Eagerly caching bean 'userController' to allow for resolving potential circular references
2016-12-21 20:24:09 org.springframework.beans.factory.support.AbstractBeanFactory.doGetBean(AbstractBeanFactory.java:251)  Returning cached instance of singleton bean 'org.springframework.transaction.config.internalTransactionAdvisor'
2016-12-21 20:24:09 org.springframework.beans.factory.support.AbstractAutowireCapableBeanFactory.createBean(AbstractAutowireCapableBeanFactory.java:484)  Finished creating instance of bean 'userController'
2016-12-21 20:24:09 org.springframework.beans.factory.support.DefaultSingletonBeanRegistry.getSingleton(DefaultSingletonBeanRegistry.java:221)  Creating shared instance of singleton bean 'dept'
2016-12-21 20:24:09 org.springframework.beans.factory.support.AbstractAutowireCapableBeanFactory.createBean(AbstractAutowireCapableBeanFactory.java:448)  Creating instance of bean 'dept'
2016-12-21 20:24:09 org.springframework.beans.factory.support.AbstractAutowireCapableBeanFactory.doCreateBean(AbstractAutowireCapableBeanFactory.java:537)  Eagerly caching bean 'dept' to allow for resolving potential circular references
2016-12-21 20:24:09 org.springframework.beans.factory.support.AbstractBeanFactory.doGetBean(AbstractBeanFactory.java:251)  Returning cached instance of singleton bean 'org.springframework.transaction.config.internalTransactionAdvisor'
2016-12-21 20:24:09 org.springframework.beans.factory.support.AbstractAutowireCapableBeanFactory.createBean(AbstractAutowireCapableBeanFactory.java:484)  Finished creating instance of bean 'dept'
2016-12-21 20:24:09 org.springframework.beans.factory.support.DefaultSingletonBeanRegistry.getSingleton(DefaultSingletonBeanRegistry.java:221)  Creating shared instance of singleton bean 'user'
2016-12-21 20:24:09 org.springframework.beans.factory.support.AbstractAutowireCapableBeanFactory.createBean(AbstractAutowireCapableBeanFactory.java:448)  Creating instance of bean 'user'
2016-12-21 20:24:09 org.springframework.beans.factory.support.AbstractAutowireCapableBeanFactory.doCreateBean(AbstractAutowireCapableBeanFactory.java:537)  Eagerly caching bean 'user' to allow for resolving potential circular references
2016-12-21 20:24:09 org.springframework.beans.factory.support.AbstractBeanFactory.doGetBean(AbstractBeanFactory.java:251)  Returning cached instance of singleton bean 'org.springframework.transaction.config.internalTransactionAdvisor'
2016-12-21 20:24:09 org.springframework.beans.factory.support.AbstractAutowireCapableBeanFactory.createBean(AbstractAutowireCapableBeanFactory.java:484)  Finished creating instance of bean 'user'
2016-12-21 20:24:09 org.springframework.beans.factory.support.AbstractBeanFactory.doGetBean(AbstractBeanFactory.java:251)  Returning cached instance of singleton bean 'deptServiceImpl'
2016-12-21 20:24:09 org.springframework.beans.factory.support.AbstractBeanFactory.doGetBean(AbstractBeanFactory.java:251)  Returning cached instance of singleton bean 'empServiceImpl'
2016-12-21 20:24:09 org.springframework.beans.factory.support.AbstractBeanFactory.doGetBean(AbstractBeanFactory.java:251)  Returning cached instance of singleton bean 'userServiceImpl'
2016-12-21 20:24:09 org.springframework.beans.factory.support.AbstractBeanFactory.doGetBean(AbstractBeanFactory.java:251)  Returning cached instance of singleton bean 'org.springframework.context.annotation.internalConfigurationAnnotationProcessor'
2016-12-21 20:24:09 org.springframework.beans.factory.support.AbstractBeanFactory.doGetBean(AbstractBeanFactory.java:251)  Returning cached instance of singleton bean 'org.springframework.context.annotation.internalAutowiredAnnotationProcessor'
2016-12-21 20:24:09 org.springframework.beans.factory.support.AbstractBeanFactory.doGetBean(AbstractBeanFactory.java:251)  Returning cached instance of singleton bean 'org.springframework.context.annotation.internalRequiredAnnotationProcessor'
2016-12-21 20:24:09 org.springframework.beans.factory.support.AbstractBeanFactory.doGetBean(AbstractBeanFactory.java:251)  Returning cached instance of singleton bean 'org.springframework.context.annotation.internalCommonAnnotationProcessor'
2016-12-21 20:24:09 org.springframework.beans.factory.support.DefaultSingletonBeanRegistry.getSingleton(DefaultSingletonBeanRegistry.java:221)  Creating shared instance of singleton bean 'org.springframework.context.event.internalEventListenerProcessor'
2016-12-21 20:24:09 org.springframework.beans.factory.support.AbstractAutowireCapableBeanFactory.createBean(AbstractAutowireCapableBeanFactory.java:448)  Creating instance of bean 'org.springframework.context.event.internalEventListenerProcessor'
2016-12-21 20:24:09 org.springframework.beans.factory.support.AbstractAutowireCapableBeanFactory.doCreateBean(AbstractAutowireCapableBeanFactory.java:537)  Eagerly caching bean 'org.springframework.context.event.internalEventListenerProcessor' to allow for resolving potential circular references
2016-12-21 20:24:09 org.springframework.beans.factory.support.AbstractBeanFactory.doGetBean(AbstractBeanFactory.java:251)  Returning cached instance of singleton bean 'org.springframework.transaction.config.internalTransactionAdvisor'
2016-12-21 20:24:09 org.springframework.beans.factory.support.AbstractAutowireCapableBeanFactory.createBean(AbstractAutowireCapableBeanFactory.java:484)  Finished creating instance of bean 'org.springframework.context.event.internalEventListenerProcessor'
2016-12-21 20:24:09 org.springframework.beans.factory.support.DefaultSingletonBeanRegistry.getSingleton(DefaultSingletonBeanRegistry.java:221)  Creating shared instance of singleton bean 'org.springframework.context.event.internalEventListenerFactory'
2016-12-21 20:24:09 org.springframework.beans.factory.support.AbstractAutowireCapableBeanFactory.createBean(AbstractAutowireCapableBeanFactory.java:448)  Creating instance of bean 'org.springframework.context.event.internalEventListenerFactory'
2016-12-21 20:24:09 org.springframework.beans.factory.support.AbstractAutowireCapableBeanFactory.doCreateBean(AbstractAutowireCapableBeanFactory.java:537)  Eagerly caching bean 'org.springframework.context.event.internalEventListenerFactory' to allow for resolving potential circular references
2016-12-21 20:24:09 org.springframework.beans.factory.support.AbstractBeanFactory.doGetBean(AbstractBeanFactory.java:251)  Returning cached instance of singleton bean 'org.springframework.transaction.config.internalTransactionAdvisor'
2016-12-21 20:24:09 org.springframework.beans.factory.support.AbstractAutowireCapableBeanFactory.createBean(AbstractAutowireCapableBeanFactory.java:484)  Finished creating instance of bean 'org.springframework.context.event.internalEventListenerFactory'
2016-12-21 20:24:09 org.springframework.beans.factory.support.AbstractBeanFactory.doGetBean(AbstractBeanFactory.java:251)  Returning cached instance of singleton bean 'dataSource123'
2016-12-21 20:24:09 org.springframework.beans.factory.support.AbstractBeanFactory.doGetBean(AbstractBeanFactory.java:251)  Returning cached instance of singleton bean 'sqlSessionFactory'
2016-12-21 20:24:09 org.springframework.beans.factory.support.AbstractBeanFactory.doGetBean(AbstractBeanFactory.java:251)  Returning cached instance of singleton bean 'org.mybatis.spring.mapper.MapperScannerConfigurer#0'
2016-12-21 20:24:09 org.springframework.beans.factory.support.DefaultSingletonBeanRegistry.getSingleton(DefaultSingletonBeanRegistry.java:221)  Creating shared instance of singleton bean 'txManager'
2016-12-21 20:24:09 org.springframework.beans.factory.support.AbstractAutowireCapableBeanFactory.createBean(AbstractAutowireCapableBeanFactory.java:448)  Creating instance of bean 'txManager'
2016-12-21 20:24:09 org.springframework.beans.factory.support.AbstractAutowireCapableBeanFactory.doCreateBean(AbstractAutowireCapableBeanFactory.java:537)  Eagerly caching bean 'txManager' to allow for resolving potential circular references
2016-12-21 20:24:09 org.springframework.beans.factory.support.AbstractBeanFactory.doGetBean(AbstractBeanFactory.java:251)  Returning cached instance of singleton bean 'dataSource123'
2016-12-21 20:24:09 org.springframework.beans.factory.support.AbstractAutowireCapableBeanFactory.invokeInitMethods(AbstractAutowireCapableBeanFactory.java:1625)  Invoking afterPropertiesSet() on bean with name 'txManager'
2016-12-21 20:24:09 org.springframework.beans.factory.support.AbstractBeanFactory.doGetBean(AbstractBeanFactory.java:251)  Returning cached instance of singleton bean 'org.springframework.transaction.config.internalTransactionAdvisor'
2016-12-21 20:24:09 org.springframework.beans.factory.support.AbstractAutowireCapableBeanFactory.createBean(AbstractAutowireCapableBeanFactory.java:484)  Finished creating instance of bean 'txManager'
2016-12-21 20:24:09 org.springframework.beans.factory.support.DefaultSingletonBeanRegistry.getSingleton(DefaultSingletonBeanRegistry.java:221)  Creating shared instance of singleton bean 'org.springframework.transaction.config.internalTransactionalEventListenerFactory'
2016-12-21 20:24:09 org.springframework.beans.factory.support.AbstractAutowireCapableBeanFactory.createBean(AbstractAutowireCapableBeanFactory.java:448)  Creating instance of bean 'org.springframework.transaction.config.internalTransactionalEventListenerFactory'
2016-12-21 20:24:09 org.springframework.beans.factory.support.AbstractAutowireCapableBeanFactory.doCreateBean(AbstractAutowireCapableBeanFactory.java:537)  Eagerly caching bean 'org.springframework.transaction.config.internalTransactionalEventListenerFactory' to allow for resolving potential circular references
2016-12-21 20:24:09 org.springframework.beans.factory.support.AbstractBeanFactory.doGetBean(AbstractBeanFactory.java:251)  Returning cached instance of singleton bean 'org.springframework.transaction.config.internalTransactionAdvisor'
2016-12-21 20:24:09 org.springframework.beans.factory.support.AbstractAutowireCapableBeanFactory.createBean(AbstractAutowireCapableBeanFactory.java:484)  Finished creating instance of bean 'org.springframework.transaction.config.internalTransactionalEventListenerFactory'
2016-12-21 20:24:09 org.springframework.beans.factory.support.AbstractBeanFactory.doGetBean(AbstractBeanFactory.java:251)  Returning cached instance of singleton bean 'org.springframework.aop.config.internalAutoProxyCreator'
2016-12-21 20:24:09 org.springframework.beans.factory.support.AbstractBeanFactory.doGetBean(AbstractBeanFactory.java:251)  Returning cached instance of singleton bean 'org.springframework.transaction.annotation.AnnotationTransactionAttributeSource#0'
2016-12-21 20:24:09 org.springframework.beans.factory.support.DefaultSingletonBeanRegistry.getSingleton(DefaultSingletonBeanRegistry.java:221)  Creating shared instance of singleton bean 'org.springframework.transaction.interceptor.TransactionInterceptor#0'
2016-12-21 20:24:09 org.springframework.beans.factory.support.AbstractAutowireCapableBeanFactory.createBean(AbstractAutowireCapableBeanFactory.java:448)  Creating instance of bean 'org.springframework.transaction.interceptor.TransactionInterceptor#0'
2016-12-21 20:24:09 org.springframework.beans.factory.support.AbstractAutowireCapableBeanFactory.doCreateBean(AbstractAutowireCapableBeanFactory.java:537)  Eagerly caching bean 'org.springframework.transaction.interceptor.TransactionInterceptor#0' to allow for resolving potential circular references
2016-12-21 20:24:09 org.springframework.beans.factory.support.AbstractBeanFactory.doGetBean(AbstractBeanFactory.java:251)  Returning cached instance of singleton bean 'org.springframework.transaction.annotation.AnnotationTransactionAttributeSource#0'
2016-12-21 20:24:09 org.springframework.beans.factory.support.AbstractAutowireCapableBeanFactory.invokeInitMethods(AbstractAutowireCapableBeanFactory.java:1625)  Invoking afterPropertiesSet() on bean with name 'org.springframework.transaction.interceptor.TransactionInterceptor#0'
2016-12-21 20:24:09 org.springframework.beans.factory.support.AbstractAutowireCapableBeanFactory.createBean(AbstractAutowireCapableBeanFactory.java:484)  Finished creating instance of bean 'org.springframework.transaction.interceptor.TransactionInterceptor#0'
2016-12-21 20:24:09 org.springframework.beans.factory.support.AbstractBeanFactory.doGetBean(AbstractBeanFactory.java:251)  Returning cached instance of singleton bean 'org.springframework.transaction.config.internalTransactionAdvisor'
2016-12-21 20:24:09 org.springframework.beans.factory.support.AbstractBeanFactory.doGetBean(AbstractBeanFactory.java:251)  Returning cached instance of singleton bean 'org.springframework.context.annotation.ConfigurationClassPostProcessor.importAwareProcessor'
2016-12-21 20:24:09 org.springframework.beans.factory.support.AbstractBeanFactory.doGetBean(AbstractBeanFactory.java:251)  Returning cached instance of singleton bean 'org.springframework.context.annotation.ConfigurationClassPostProcessor.enhancedConfigurationProcessor'
2016-12-21 20:24:09 org.springframework.beans.factory.support.DefaultSingletonBeanRegistry.getSingleton(DefaultSingletonBeanRegistry.java:221)  Creating shared instance of singleton bean 'authDao'
2016-12-21 20:24:09 org.springframework.beans.factory.support.AbstractAutowireCapableBeanFactory.createBean(AbstractAutowireCapableBeanFactory.java:448)  Creating instance of bean 'authDao'
2016-12-21 20:24:09 org.springframework.beans.factory.support.AbstractAutowireCapableBeanFactory.doCreateBean(AbstractAutowireCapableBeanFactory.java:537)  Eagerly caching bean 'authDao' to allow for resolving potential circular references
2016-12-21 20:24:09 org.springframework.beans.factory.support.AbstractBeanFactory.doGetBean(AbstractBeanFactory.java:251)  Returning cached instance of singleton bean 'sqlSessionFactory'
2016-12-21 20:24:09 org.springframework.beans.factory.support.AbstractAutowireCapableBeanFactory.invokeInitMethods(AbstractAutowireCapableBeanFactory.java:1625)  Invoking afterPropertiesSet() on bean with name 'authDao'
2016-12-21 20:24:09 org.springframework.beans.factory.support.AbstractBeanFactory.doGetBean(AbstractBeanFactory.java:251)  Returning cached instance of singleton bean 'org.springframework.transaction.config.internalTransactionAdvisor'
2016-12-21 20:24:09 org.springframework.beans.factory.support.AbstractAutowireCapableBeanFactory.createBean(AbstractAutowireCapableBeanFactory.java:484)  Finished creating instance of bean 'authDao'
2016-12-21 20:24:09 org.springframework.beans.factory.support.DefaultSingletonBeanRegistry.getSingleton(DefaultSingletonBeanRegistry.java:221)  Creating shared instance of singleton bean 'authgroupDao'
2016-12-21 20:24:09 org.springframework.beans.factory.support.AbstractAutowireCapableBeanFactory.createBean(AbstractAutowireCapableBeanFactory.java:448)  Creating instance of bean 'authgroupDao'
2016-12-21 20:24:09 org.springframework.beans.factory.support.AbstractAutowireCapableBeanFactory.doCreateBean(AbstractAutowireCapableBeanFactory.java:537)  Eagerly caching bean 'authgroupDao' to allow for resolving potential circular references
2016-12-21 20:24:09 org.springframework.beans.factory.support.AbstractBeanFactory.doGetBean(AbstractBeanFactory.java:251)  Returning cached instance of singleton bean 'sqlSessionFactory'
2016-12-21 20:24:09 org.springframework.beans.factory.support.AbstractAutowireCapableBeanFactory.invokeInitMethods(AbstractAutowireCapableBeanFactory.java:1625)  Invoking afterPropertiesSet() on bean with name 'authgroupDao'
2016-12-21 20:24:09 org.springframework.beans.factory.support.AbstractBeanFactory.doGetBean(AbstractBeanFactory.java:251)  Returning cached instance of singleton bean 'org.springframework.transaction.config.internalTransactionAdvisor'
2016-12-21 20:24:09 org.springframework.beans.factory.support.AbstractAutowireCapableBeanFactory.createBean(AbstractAutowireCapableBeanFactory.java:484)  Finished creating instance of bean 'authgroupDao'
2016-12-21 20:24:09 org.springframework.beans.factory.support.AbstractBeanFactory.doGetBean(AbstractBeanFactory.java:251)  Returning cached instance of singleton bean 'deptDao'
2016-12-21 20:24:09 org.springframework.beans.factory.support.AbstractBeanFactory.doGetBean(AbstractBeanFactory.java:251)  Returning cached instance of singleton bean 'empDao'
2016-12-21 20:24:09 org.springframework.beans.factory.support.DefaultSingletonBeanRegistry.getSingleton(DefaultSingletonBeanRegistry.java:221)  Creating shared instance of singleton bean 'roleDao'
2016-12-21 20:24:09 org.springframework.beans.factory.support.AbstractAutowireCapableBeanFactory.createBean(AbstractAutowireCapableBeanFactory.java:448)  Creating instance of bean 'roleDao'
2016-12-21 20:24:09 org.springframework.beans.factory.support.AbstractAutowireCapableBeanFactory.doCreateBean(AbstractAutowireCapableBeanFactory.java:537)  Eagerly caching bean 'roleDao' to allow for resolving potential circular references
2016-12-21 20:24:09 org.springframework.beans.factory.support.AbstractBeanFactory.doGetBean(AbstractBeanFactory.java:251)  Returning cached instance of singleton bean 'sqlSessionFactory'
2016-12-21 20:24:09 org.springframework.beans.factory.support.AbstractAutowireCapableBeanFactory.invokeInitMethods(AbstractAutowireCapableBeanFactory.java:1625)  Invoking afterPropertiesSet() on bean with name 'roleDao'
2016-12-21 20:24:09 org.springframework.beans.factory.support.AbstractBeanFactory.doGetBean(AbstractBeanFactory.java:251)  Returning cached instance of singleton bean 'org.springframework.transaction.config.internalTransactionAdvisor'
2016-12-21 20:24:09 org.springframework.beans.factory.support.AbstractAutowireCapableBeanFactory.createBean(AbstractAutowireCapableBeanFactory.java:484)  Finished creating instance of bean 'roleDao'
2016-12-21 20:24:09 org.springframework.beans.factory.support.AbstractBeanFactory.doGetBean(AbstractBeanFactory.java:251)  Returning cached instance of singleton bean 'userDao'
2016-12-21 20:24:09 org.springframework.beans.factory.support.AbstractBeanFactory.doGetBean(AbstractBeanFactory.java:251)  Returning cached instance of singleton bean 'org.springframework.context.event.internalEventListenerFactory'
2016-12-21 20:24:09 org.springframework.beans.factory.support.AbstractBeanFactory.doGetBean(AbstractBeanFactory.java:251)  Returning cached instance of singleton bean 'org.springframework.transaction.config.internalTransactionalEventListenerFactory'
2016-12-21 20:24:10 org.springframework.context.support.AbstractApplicationContext.initLifecycleProcessor(AbstractApplicationContext.java:784)  Unable to locate LifecycleProcessor with name 'lifecycleProcessor': using default [org.springframework.context.support.DefaultLifecycleProcessor@173ed316]
2016-12-21 20:24:10 org.springframework.beans.factory.support.AbstractBeanFactory.doGetBean(AbstractBeanFactory.java:251)  Returning cached instance of singleton bean 'lifecycleProcessor'
2016-12-21 20:24:10 org.springframework.beans.factory.support.AbstractBeanFactory.doGetBean(AbstractBeanFactory.java:251)  Returning cached instance of singleton bean 'sqlSessionFactory'
2016-12-21 20:24:10 org.springframework.core.env.PropertySourcesPropertyResolver.getProperty(PropertySourcesPropertyResolver.java:91)  Could not find key 'spring.liveBeansView.mbeanDomain' in any property source
2016-12-21 20:24:10 org.springframework.beans.factory.support.AbstractBeanFactory.doGetBean(AbstractBeanFactory.java:251)  Returning cached instance of singleton bean 'userServiceImpl'
2016-12-21 20:24:10 org.apache.ibatis.logging.commons.JakartaCommonsLoggingImpl.debug(JakartaCommonsLoggingImpl.java:54)  Creating a new SqlSession
2016-12-21 20:24:10 org.apache.ibatis.logging.commons.JakartaCommonsLoggingImpl.debug(JakartaCommonsLoggingImpl.java:54)  SqlSession [org.apache.ibatis.session.defaults.DefaultSqlSession@72035809] was not registered for synchronization because synchronization is not active
2016-12-21 20:24:10 org.springframework.jdbc.datasource.DataSourceUtils.doGetConnection(DataSourceUtils.java:110)  Fetching JDBC Connection from DataSource
2016-12-21 20:24:10 com.alibaba.druid.pool.DruidDataSource.init(DruidDataSource.java:715)  {dataSource-1} inited
2016-12-21 20:24:10 org.apache.ibatis.logging.commons.JakartaCommonsLoggingImpl.debug(JakartaCommonsLoggingImpl.java:54)  JDBC Connection [com.mysql.jdbc.JDBC4Connection@7d3e8655] will not be managed by Spring
2016-12-21 20:24:10 org.apache.ibatis.logging.commons.JakartaCommonsLoggingImpl.debug(JakartaCommonsLoggingImpl.java:54)  ==>  Preparing: select id, name, password from tb_user WHERE name=? and password=? 
2016-12-21 20:24:10 org.apache.ibatis.logging.commons.JakartaCommonsLoggingImpl.debug(JakartaCommonsLoggingImpl.java:54)  ==> Parameters: aa(String), aa(String)
2016-12-21 20:24:10 org.apache.ibatis.logging.commons.JakartaCommonsLoggingImpl.debug(JakartaCommonsLoggingImpl.java:54)  <==      Total: 1
2016-12-21 20:24:10 org.apache.ibatis.logging.commons.JakartaCommonsLoggingImpl.debug(JakartaCommonsLoggingImpl.java:54)  Closing non transactional SqlSession [org.apache.ibatis.session.defaults.DefaultSqlSession@72035809]
2016-12-21 20:24:10 org.springframework.jdbc.datasource.DataSourceUtils.doReleaseConnection(DataSourceUtils.java:327)  Returning JDBC Connection to DataSource
2016-12-24 15:03:52 org.springframework.core.env.MutablePropertySources.addLast(MutablePropertySources.java:109)  Adding [systemProperties] PropertySource with lowest search precedence
2016-12-24 15:03:52 org.springframework.core.env.MutablePropertySources.addLast(MutablePropertySources.java:109)  Adding [systemEnvironment] PropertySource with lowest search precedence
2016-12-24 15:03:52 org.springframework.core.env.AbstractEnvironment.<init>(AbstractEnvironment.java:124)  Initialized StandardEnvironment with PropertySources [systemProperties,systemEnvironment]
2016-12-24 15:03:52 org.springframework.context.support.AbstractApplicationContext.prepareRefresh(AbstractApplicationContext.java:582)  Refreshing org.springframework.context.support.ClassPathXmlApplicationContext@7cf10a6f: startup date [Sat Dec 24 15:03:52 CST 2016]; root of context hierarchy
2016-12-24 15:03:52 org.springframework.core.env.MutablePropertySources.addLast(MutablePropertySources.java:109)  Adding [systemProperties] PropertySource with lowest search precedence
2016-12-24 15:03:52 org.springframework.core.env.MutablePropertySources.addLast(MutablePropertySources.java:109)  Adding [systemEnvironment] PropertySource with lowest search precedence
2016-12-24 15:03:52 org.springframework.core.env.AbstractEnvironment.<init>(AbstractEnvironment.java:124)  Initialized StandardEnvironment with PropertySources [systemProperties,systemEnvironment]
2016-12-24 15:03:52 org.springframework.beans.factory.xml.XmlBeanDefinitionReader.loadBeanDefinitions(XmlBeanDefinitionReader.java:317)  Loading XML bean definitions from class path resource [applicationContext.xml]
2016-12-24 15:03:52 org.springframework.beans.factory.xml.DefaultDocumentLoader.loadDocument(DefaultDocumentLoader.java:73)  Using JAXP provider [com.sun.org.apache.xerces.internal.jaxp.DocumentBuilderFactoryImpl]
2016-12-24 15:03:52 org.springframework.beans.factory.xml.PluggableSchemaResolver.getSchemaMappings(PluggableSchemaResolver.java:141)  Loading schema mappings from [META-INF/spring.schemas]
2016-12-24 15:03:52 org.springframework.beans.factory.xml.PluggableSchemaResolver.getSchemaMappings(PluggableSchemaResolver.java:147)  Loaded schema mappings: {http://www.springframework.org/schema/tx/spring-tx-4.3.xsd=org/springframework/transaction/config/spring-tx-4.3.xsd, http://www.springframework.org/schema/tx/spring-tx-2.5.xsd=org/springframework/transaction/config/spring-tx-2.5.xsd, http://www.springframework.org/schema/cache/spring-cache-4.2.xsd=org/springframework/cache/config/spring-cache-4.2.xsd, http://www.springframework.org/schema/aop/spring-aop-4.1.xsd=org/springframework/aop/config/spring-aop-4.1.xsd, http://www.springframework.org/schema/context/spring-context-3.1.xsd=org/springframework/context/config/spring-context-3.1.xsd, http://www.springframework.org/schema/jdbc/spring-jdbc-4.1.xsd=org/springframework/jdbc/config/spring-jdbc-4.1.xsd, http://www.springframework.org/schema/mvc/spring-mvc-4.1.xsd=org/springframework/web/servlet/config/spring-mvc-4.1.xsd, http://www.springframework.org/schema/util/spring-util-3.0.xsd=org/springframework/beans/factory/xml/spring-util-3.0.xsd, http://www.springframework.org/schema/tool/spring-tool.xsd=org/springframework/beans/factory/xml/spring-tool-4.3.xsd, http://www.springframework.org/schema/aop/spring-aop-3.2.xsd=org/springframework/aop/config/spring-aop-3.2.xsd, http://mybatis.org/schema/mybatis-spring-1.2.xsd=org/mybatis/spring/config/mybatis-spring-1.2.xsd, http://www.springframework.org/schema/lang/spring-lang-4.1.xsd=org/springframework/scripting/config/spring-lang-4.1.xsd, http://www.springframework.org/schema/context/spring-context-4.0.xsd=org/springframework/context/config/spring-context-4.0.xsd, http://www.springframework.org/schema/mvc/spring-mvc-3.2.xsd=org/springframework/web/servlet/config/spring-mvc-3.2.xsd, http://www.springframework.org/schema/beans/spring-beans-4.2.xsd=org/springframework/beans/factory/xml/spring-beans-4.2.xsd, http://www.springframework.org/schema/tool/spring-tool-4.1.xsd=org/springframework/beans/factory/xml/spring-tool-4.1.xsd, http://www.springframework.org/schema/lang/spring-lang-3.2.xsd=org/springframework/scripting/config/spring-lang-3.2.xsd, http://www.springframework.org/schema/cache/spring-cache-3.2.xsd=org/springframework/cache/config/spring-cache-3.2.xsd, http://www.springframework.org/schema/jee/spring-jee-4.1.xsd=org/springframework/ejb/config/spring-jee-4.1.xsd, http://www.springframework.org/schema/jdbc/spring-jdbc-3.1.xsd=org/springframework/jdbc/config/spring-jdbc-3.1.xsd, http://www.springframework.org/schema/task/spring-task-4.2.xsd=org/springframework/scheduling/config/spring-task-4.2.xsd, http://www.springframework.org/schema/util/spring-util-2.0.xsd=org/springframework/beans/factory/xml/spring-util-2.0.xsd, http://www.springframework.org/schema/tool/spring-tool-3.2.xsd=org/springframework/beans/factory/xml/spring-tool-3.2.xsd, http://www.springframework.org/schema/context/spring-context.xsd=org/springframework/context/config/spring-context-4.3.xsd, http://www.springframework.org/schema/tx/spring-tx-4.2.xsd=org/springframework/transaction/config/spring-tx-4.2.xsd, http://www.springframework.org/schema/cache/spring-cache-4.1.xsd=org/springframework/cache/config/spring-cache-4.1.xsd, http://www.springframework.org/schema/aop/spring-aop-4.0.xsd=org/springframework/aop/config/spring-aop-4.0.xsd, http://www.springframework.org/schema/jee/spring-jee-3.2.xsd=org/springframework/ejb/config/spring-jee-3.2.xsd, http://www.springframework.org/schema/context/spring-context-3.0.xsd=org/springframework/context/config/spring-context-3.0.xsd, http://www.springframework.org/schema/jdbc/spring-jdbc-4.0.xsd=org/springframework/jdbc/config/spring-jdbc-4.0.xsd, http://www.springframework.org/schema/mvc/spring-mvc-4.0.xsd=org/springframework/web/servlet/config/spring-mvc-4.0.xsd, http://www.springframework.org/schema/util/spring-util-2.5.xsd=org/springframework/beans/factory/xml/spring-util-2.5.xsd, http://www.springframework.org/schema/util/spring-util-4.3.xsd=org/springframework/beans/factory/xml/spring-util-4.3.xsd, http://www.springframework.org/schema/beans/spring-beans-3.2.xsd=org/springframework/beans/factory/xml/spring-beans-3.2.xsd, http://www.springframework.org/schema/aop/spring-aop-3.1.xsd=org/springframework/aop/config/spring-aop-3.1.xsd, http://www.springframework.org/schema/lang/spring-lang-4.0.xsd=org/springframework/scripting/config/spring-lang-4.0.xsd, http://www.springframework.org/schema/mvc/spring-mvc.xsd=org/springframework/web/servlet/config/spring-mvc-4.3.xsd, http://www.springframework.org/schema/mvc/spring-mvc-3.1.xsd=org/springframework/web/servlet/config/spring-mvc-3.1.xsd, http://www.springframework.org/schema/beans/spring-beans-4.1.xsd=org/springframework/beans/factory/xml/spring-beans-4.1.xsd, http://www.springframework.org/schema/tool/spring-tool-4.0.xsd=org/springframework/beans/factory/xml/spring-tool-4.0.xsd, http://www.springframework.org/schema/tx/spring-tx-3.2.xsd=org/springframework/transaction/config/spring-tx-3.2.xsd, http://www.springframework.org/schema/lang/spring-lang-3.1.xsd=org/springframework/scripting/config/spring-lang-3.1.xsd, http://www.springframework.org/schema/cache/spring-cache-3.1.xsd=org/springframework/cache/config/spring-cache-3.1.xsd, http://www.springframework.org/schema/jee/spring-jee-4.0.xsd=org/springframework/ejb/config/spring-jee-4.0.xsd, http://www.springframework.org/schema/jdbc/spring-jdbc-3.0.xsd=org/springframework/jdbc/config/spring-jdbc-3.0.xsd, http://www.springframework.org/schema/task/spring-task-4.1.xsd=org/springframework/scheduling/config/spring-task-4.1.xsd, http://www.springframework.org/schema/jdbc/spring-jdbc.xsd=org/springframework/jdbc/config/spring-jdbc-4.3.xsd, http://www.springframework.org/schema/tool/spring-tool-3.1.xsd=org/springframework/beans/factory/xml/spring-tool-3.1.xsd, http://www.springframework.org/schema/tx/spring-tx-4.1.xsd=org/springframework/transaction/config/spring-tx-4.1.xsd, http://www.springframework.org/schema/cache/spring-cache-4.0.xsd=org/springframework/cache/config/spring-cache-4.0.xsd, http://www.springframework.org/schema/jee/spring-jee-3.1.xsd=org/springframework/ejb/config/spring-jee-3.1.xsd, http://www.springframework.org/schema/task/spring-task-3.2.xsd=org/springframework/scheduling/config/spring-task-3.2.xsd, http://www.springframework.org/schema/util/spring-util-4.2.xsd=org/springframework/beans/factory/xml/spring-util-4.2.xsd, http://www.springframework.org/schema/beans/spring-beans-3.1.xsd=org/springframework/beans/factory/xml/spring-beans-3.1.xsd, http://www.springframework.org/schema/util/spring-util.xsd=org/springframework/beans/factory/xml/spring-util-4.3.xsd, http://www.springframework.org/schema/aop/spring-aop-3.0.xsd=org/springframework/aop/config/spring-aop-3.0.xsd, http://www.springframework.org/schema/mvc/spring-mvc-3.0.xsd=org/springframework/web/servlet/config/spring-mvc-3.0.xsd, http://www.springframework.org/schema/beans/spring-beans-4.0.xsd=org/springframework/beans/factory/xml/spring-beans-4.0.xsd, http://www.springframework.org/schema/beans/spring-beans.xsd=org/springframework/beans/factory/xml/spring-beans-4.3.xsd, http://www.springframework.org/schema/tx/spring-tx-3.1.xsd=org/springframework/transaction/config/spring-tx-3.1.xsd, http://www.springframework.org/schema/lang/spring-lang-3.0.xsd=org/springframework/scripting/config/spring-lang-3.0.xsd, http://mybatis.org/schema/mybatis-spring.xsd=org/mybatis/spring/config/mybatis-spring-1.2.xsd, http://www.springframework.org/schema/context/spring-context-2.5.xsd=org/springframework/context/config/spring-context-2.5.xsd, http://www.springframework.org/schema/context/spring-context-4.3.xsd=org/springframework/context/config/spring-context-4.3.xsd, http://www.springframework.org/schema/task/spring-task-4.0.xsd=org/springframework/scheduling/config/spring-task-4.0.xsd, http://www.springframework.org/schema/tool/spring-tool-3.0.xsd=org/springframework/beans/factory/xml/spring-tool-3.0.xsd, http://www.springframework.org/schema/tx/spring-tx-4.0.xsd=org/springframework/transaction/config/spring-tx-4.0.xsd, http://www.springframework.org/schema/aop/spring-aop-2.0.xsd=org/springframework/aop/config/spring-aop-2.0.xsd, http://www.springframework.org/schema/jee/spring-jee-3.0.xsd=org/springframework/ejb/config/spring-jee-3.0.xsd, http://www.springframework.org/schema/task/spring-task-3.1.xsd=org/springframework/scheduling/config/spring-task-3.1.xsd, http://www.springframework.org/schema/util/spring-util-4.1.xsd=org/springframework/beans/factory/xml/spring-util-4.1.xsd, http://www.springframework.org/schema/beans/spring-beans-3.0.xsd=org/springframework/beans/factory/xml/spring-beans-3.0.xsd, http://www.springframework.org/schema/jee/spring-jee.xsd=org/springframework/ejb/config/spring-jee-4.3.xsd, http://www.springframework.org/schema/aop/spring-aop-2.5.xsd=org/springframework/aop/config/spring-aop-2.5.xsd, http://www.springframework.org/schema/aop/spring-aop-4.3.xsd=org/springframework/aop/config/spring-aop-4.3.xsd, http://www.springframework.org/schema/lang/spring-lang-2.0.xsd=org/springframework/scripting/config/spring-lang-2.0.xsd, http://www.springframework.org/schema/jdbc/spring-jdbc-4.3.xsd=org/springframework/jdbc/config/spring-jdbc-4.3.xsd, http://www.springframework.org/schema/mvc/spring-mvc-4.3.xsd=org/springframework/web/servlet/config/spring-mvc-4.3.xsd, http://www.springframework.org/schema/util/spring-util-3.2.xsd=org/springframework/beans/factory/xml/spring-util-3.2.xsd, http://www.springframework.org/schema/task/spring-task.xsd=org/springframework/scheduling/config/spring-task-4.3.xsd, http://www.springframework.org/schema/tool/spring-tool-2.0.xsd=org/springframework/beans/factory/xml/spring-tool-2.0.xsd, http://www.springframework.org/schema/tx/spring-tx-3.0.xsd=org/springframework/transaction/config/spring-tx-3.0.xsd, http://www.springframework.org/schema/lang/spring-lang-2.5.xsd=org/springframework/scripting/config/spring-lang-2.5.xsd, http://www.springframework.org/schema/lang/spring-lang-4.3.xsd=org/springframework/scripting/config/spring-lang-4.3.xsd, http://www.springframework.org/schema/context/spring-context-4.2.xsd=org/springframework/context/config/spring-context-4.2.xsd, http://www.springframework.org/schema/jee/spring-jee-2.0.xsd=org/springframework/ejb/config/spring-jee-2.0.xsd, http://www.springframework.org/schema/tool/spring-tool-4.3.xsd=org/springframework/beans/factory/xml/spring-tool-4.3.xsd, http://www.springframework.org/schema/tool/spring-tool-2.5.xsd=org/springframework/beans/factory/xml/spring-tool-2.5.xsd, http://www.springframework.org/schema/jee/spring-jee-4.3.xsd=org/springframework/ejb/config/spring-jee-4.3.xsd, http://www.springframework.org/schema/jee/spring-jee-2.5.xsd=org/springframework/ejb/config/spring-jee-2.5.xsd, http://www.springframework.org/schema/task/spring-task-3.0.xsd=org/springframework/scheduling/config/spring-task-3.0.xsd, http://www.springframework.org/schema/util/spring-util-4.0.xsd=org/springframework/beans/factory/xml/spring-util-4.0.xsd, http://www.springframework.org/schema/cache/spring-cache-4.3.xsd=org/springframework/cache/config/spring-cache-4.3.xsd, http://www.springframework.org/schema/aop/spring-aop-4.2.xsd=org/springframework/aop/config/spring-aop-4.2.xsd, http://www.springframework.org/schema/lang/spring-lang.xsd=org/springframework/scripting/config/spring-lang-4.3.xsd, http://www.springframework.org/schema/context/spring-context-3.2.xsd=org/springframework/context/config/spring-context-3.2.xsd, http://www.springframework.org/schema/jdbc/spring-jdbc-4.2.xsd=org/springframework/jdbc/config/spring-jdbc-4.2.xsd, http://www.springframework.org/schema/mvc/spring-mvc-4.2.xsd=org/springframework/web/servlet/config/spring-mvc-4.2.xsd, http://www.springframework.org/schema/util/spring-util-3.1.xsd=org/springframework/beans/factory/xml/spring-util-3.1.xsd, http://www.springframework.org/schema/beans/spring-beans-2.0.xsd=org/springframework/beans/factory/xml/spring-beans-2.0.xsd, http://www.springframework.org/schema/cache/spring-cache.xsd=org/springframework/cache/config/spring-cache-4.3.xsd, http://www.springframework.org/schema/tx/spring-tx.xsd=org/springframework/transaction/config/spring-tx-4.3.xsd, http://www.springframework.org/schema/lang/spring-lang-4.2.xsd=org/springframework/scripting/config/spring-lang-4.2.xsd, http://www.springframework.org/schema/context/spring-context-4.1.xsd=org/springframework/context/config/spring-context-4.1.xsd, http://www.springframework.org/schema/beans/spring-beans-2.5.xsd=org/springframework/beans/factory/xml/spring-beans-2.5.xsd, http://www.springframework.org/schema/beans/spring-beans-4.3.xsd=org/springframework/beans/factory/xml/spring-beans-4.3.xsd, http://www.springframework.org/schema/tool/spring-tool-4.2.xsd=org/springframework/beans/factory/xml/spring-tool-4.2.xsd, http://www.springframework.org/schema/tx/spring-tx-2.0.xsd=org/springframework/transaction/config/spring-tx-2.0.xsd, http://www.alibaba.com/schema/stat.xsd=META-INF/stat.xsd, http://www.springframework.org/schema/jee/spring-jee-4.2.xsd=org/springframework/ejb/config/spring-jee-4.2.xsd, http://www.springframework.org/schema/jdbc/spring-jdbc-3.2.xsd=org/springframework/jdbc/config/spring-jdbc-3.2.xsd, http://www.springframework.org/schema/task/spring-task-4.3.xsd=org/springframework/scheduling/config/spring-task-4.3.xsd, http://www.springframework.org/schema/aop/spring-aop.xsd=org/springframework/aop/config/spring-aop-4.3.xsd}
2016-12-24 15:03:52 org.springframework.beans.factory.xml.PluggableSchemaResolver.resolveEntity(PluggableSchemaResolver.java:119)  Found XML schema [http://www.springframework.org/schema/beans/spring-beans.xsd] in classpath: org/springframework/beans/factory/xml/spring-beans-4.3.xsd
2016-12-24 15:03:52 org.springframework.beans.factory.xml.PluggableSchemaResolver.resolveEntity(PluggableSchemaResolver.java:119)  Found XML schema [http://www.springframework.org/schema/context/spring-context.xsd] in classpath: org/springframework/context/config/spring-context-4.3.xsd
2016-12-24 15:03:52 org.springframework.beans.factory.xml.PluggableSchemaResolver.resolveEntity(PluggableSchemaResolver.java:119)  Found XML schema [http://www.springframework.org/schema/tool/spring-tool-4.3.xsd] in classpath: org/springframework/beans/factory/xml/spring-tool-4.3.xsd
2016-12-24 15:03:52 org.springframework.beans.factory.xml.PluggableSchemaResolver.resolveEntity(PluggableSchemaResolver.java:119)  Found XML schema [http://www.springframework.org/schema/tx/spring-tx.xsd] in classpath: org/springframework/transaction/config/spring-tx-4.3.xsd
2016-12-24 15:03:52 org.springframework.beans.factory.xml.DefaultBeanDefinitionDocumentReader.registerBeanDefinitions(DefaultBeanDefinitionDocumentReader.java:92)  Loading bean definitions
2016-12-24 15:03:52 org.springframework.beans.factory.xml.DefaultNamespaceHandlerResolver.getHandlerMappings(DefaultNamespaceHandlerResolver.java:157)  Loaded NamespaceHandler mappings: {http://www.springframework.org/schema/p=org.springframework.beans.factory.xml.SimplePropertyNamespaceHandler, http://www.springframework.org/schema/mvc=org.springframework.web.servlet.config.MvcNamespaceHandler, http://www.springframework.org/schema/util=org.springframework.beans.factory.xml.UtilNamespaceHandler, http://www.alibaba.com/schema/stat=com.alibaba.druid.support.spring.stat.config.DruidStatNamespaceHandler, http://www.springframework.org/schema/jee=org.springframework.ejb.config.JeeNamespaceHandler, http://www.springframework.org/schema/aop=org.springframework.aop.config.AopNamespaceHandler, http://www.springframework.org/schema/jdbc=org.springframework.jdbc.config.JdbcNamespaceHandler, http://www.springframework.org/schema/cache=org.springframework.cache.config.CacheNamespaceHandler, http://mybatis.org/schema/mybatis-spring=org.mybatis.spring.config.NamespaceHandler, http://www.springframework.org/schema/c=org.springframework.beans.factory.xml.SimpleConstructorNamespaceHandler, http://www.springframework.org/schema/tx=org.springframework.transaction.config.TxNamespaceHandler, http://www.springframework.org/schema/task=org.springframework.scheduling.config.TaskNamespaceHandler, http://www.springframework.org/schema/lang=org.springframework.scripting.config.LangNamespaceHandler, http://www.springframework.org/schema/context=org.springframework.context.config.ContextNamespaceHandler}
2016-12-24 15:03:52 org.springframework.core.env.MutablePropertySources.addLast(MutablePropertySources.java:109)  Adding [systemProperties] PropertySource with lowest search precedence
2016-12-24 15:03:52 org.springframework.core.env.MutablePropertySources.addLast(MutablePropertySources.java:109)  Adding [systemEnvironment] PropertySource with lowest search precedence
2016-12-24 15:03:52 org.springframework.core.env.AbstractEnvironment.<init>(AbstractEnvironment.java:124)  Initialized StandardEnvironment with PropertySources [systemProperties,systemEnvironment]
2016-12-24 15:03:52 org.springframework.core.io.support.PathMatchingResourcePatternResolver.findAllClassPathResources(PathMatchingResourcePatternResolver.java:317)  Resolved classpath location [com/ssm/] to resources [URL [file:/D:/Workspaces/SSMjspDemo/out/production/SSMjspDemo/com/ssm/]]
2016-12-24 15:03:52 org.springframework.core.io.support.PathMatchingResourcePatternResolver.doFindMatchingFileSystemResources(PathMatchingResourcePatternResolver.java:711)  Looking for matching resources in directory tree [D:\Workspaces\SSMjspDemo\out\production\SSMjspDemo\com\ssm]
2016-12-24 15:03:52 org.springframework.core.io.support.PathMatchingResourcePatternResolver.doRetrieveMatchingFiles(PathMatchingResourcePatternResolver.java:773)  Searching directory [D:\Workspaces\SSMjspDemo\out\production\SSMjspDemo\com\ssm] for files matching pattern [D:/Workspaces/SSMjspDemo/out/production/SSMjspDemo/com/ssm/**/*.class]
2016-12-24 15:03:52 org.springframework.core.io.support.PathMatchingResourcePatternResolver.doRetrieveMatchingFiles(PathMatchingResourcePatternResolver.java:773)  Searching directory [D:\Workspaces\SSMjspDemo\out\production\SSMjspDemo\com\ssm\action] for files matching pattern [D:/Workspaces/SSMjspDemo/out/production/SSMjspDemo/com/ssm/**/*.class]
2016-12-24 15:03:52 org.springframework.core.io.support.PathMatchingResourcePatternResolver.doRetrieveMatchingFiles(PathMatchingResourcePatternResolver.java:773)  Searching directory [D:\Workspaces\SSMjspDemo\out\production\SSMjspDemo\com\ssm\dao] for files matching pattern [D:/Workspaces/SSMjspDemo/out/production/SSMjspDemo/com/ssm/**/*.class]
2016-12-24 15:03:52 org.springframework.core.io.support.PathMatchingResourcePatternResolver.doRetrieveMatchingFiles(PathMatchingResourcePatternResolver.java:773)  Searching directory [D:\Workspaces\SSMjspDemo\out\production\SSMjspDemo\com\ssm\domain] for files matching pattern [D:/Workspaces/SSMjspDemo/out/production/SSMjspDemo/com/ssm/**/*.class]
2016-12-24 15:03:52 org.springframework.core.io.support.PathMatchingResourcePatternResolver.doRetrieveMatchingFiles(PathMatchingResourcePatternResolver.java:773)  Searching directory [D:\Workspaces\SSMjspDemo\out\production\SSMjspDemo\com\ssm\domain\json] for files matching pattern [D:/Workspaces/SSMjspDemo/out/production/SSMjspDemo/com/ssm/**/*.class]
2016-12-24 15:03:52 org.springframework.core.io.support.PathMatchingResourcePatternResolver.doRetrieveMatchingFiles(PathMatchingResourcePatternResolver.java:773)  Searching directory [D:\Workspaces\SSMjspDemo\out\production\SSMjspDemo\com\ssm\interceptor] for files matching pattern [D:/Workspaces/SSMjspDemo/out/production/SSMjspDemo/com/ssm/**/*.class]
2016-12-24 15:03:52 org.springframework.core.io.support.PathMatchingResourcePatternResolver.doRetrieveMatchingFiles(PathMatchingResourcePatternResolver.java:773)  Searching directory [D:\Workspaces\SSMjspDemo\out\production\SSMjspDemo\com\ssm\mapping] for files matching pattern [D:/Workspaces/SSMjspDemo/out/production/SSMjspDemo/com/ssm/**/*.class]
2016-12-24 15:03:52 org.springframework.core.io.support.PathMatchingResourcePatternResolver.doRetrieveMatchingFiles(PathMatchingResourcePatternResolver.java:773)  Searching directory [D:\Workspaces\SSMjspDemo\out\production\SSMjspDemo\com\ssm\service] for files matching pattern [D:/Workspaces/SSMjspDemo/out/production/SSMjspDemo/com/ssm/**/*.class]
2016-12-24 15:03:52 org.springframework.core.io.support.PathMatchingResourcePatternResolver.doRetrieveMatchingFiles(PathMatchingResourcePatternResolver.java:773)  Searching directory [D:\Workspaces\SSMjspDemo\out\production\SSMjspDemo\com\ssm\service\impl] for files matching pattern [D:/Workspaces/SSMjspDemo/out/production/SSMjspDemo/com/ssm/**/*.class]
2016-12-24 15:03:52 org.springframework.core.io.support.PathMatchingResourcePatternResolver.doRetrieveMatchingFiles(PathMatchingResourcePatternResolver.java:773)  Searching directory [D:\Workspaces\SSMjspDemo\out\production\SSMjspDemo\com\ssm\utils] for files matching pattern [D:/Workspaces/SSMjspDemo/out/production/SSMjspDemo/com/ssm/**/*.class]
2016-12-24 15:03:52 org.springframework.core.io.support.PathMatchingResourcePatternResolver.findPathMatchingResources(PathMatchingResourcePatternResolver.java:483)  Resolved location pattern [classpath*:com/ssm/**/*.class] to resources [file [D:\Workspaces\SSMjspDemo\out\production\SSMjspDemo\com\ssm\action\DeptController.class], file [D:\Workspaces\SSMjspDemo\out\production\SSMjspDemo\com\ssm\action\EmpController$1.class], file [D:\Workspaces\SSMjspDemo\out\production\SSMjspDemo\com\ssm\action\EmpController.class], file [D:\Workspaces\SSMjspDemo\out\production\SSMjspDemo\com\ssm\action\GoodsController.class], file [D:\Workspaces\SSMjspDemo\out\production\SSMjspDemo\com\ssm\action\ManagerController.class], file [D:\Workspaces\SSMjspDemo\out\production\SSMjspDemo\com\ssm\action\NoInterceptor.class], file [D:\Workspaces\SSMjspDemo\out\production\SSMjspDemo\com\ssm\action\urlTrans.class], file [D:\Workspaces\SSMjspDemo\out\production\SSMjspDemo\com\ssm\action\UserController.class], file [D:\Workspaces\SSMjspDemo\out\production\SSMjspDemo\com\ssm\action\UserGnController.class], file [D:\Workspaces\SSMjspDemo\out\production\SSMjspDemo\com\ssm\dao\AuthDao.class], file [D:\Workspaces\SSMjspDemo\out\production\SSMjspDemo\com\ssm\dao\AuthgroupDao.class], file [D:\Workspaces\SSMjspDemo\out\production\SSMjspDemo\com\ssm\dao\DeptDao.class], file [D:\Workspaces\SSMjspDemo\out\production\SSMjspDemo\com\ssm\dao\EmpDao.class], file [D:\Workspaces\SSMjspDemo\out\production\SSMjspDemo\com\ssm\dao\RoleDao.class], file [D:\Workspaces\SSMjspDemo\out\production\SSMjspDemo\com\ssm\dao\UserDao.class], file [D:\Workspaces\SSMjspDemo\out\production\SSMjspDemo\com\ssm\domain\Auth.class], file [D:\Workspaces\SSMjspDemo\out\production\SSMjspDemo\com\ssm\domain\Authgroup.class], file [D:\Workspaces\SSMjspDemo\out\production\SSMjspDemo\com\ssm\domain\Dept.class], file [D:\Workspaces\SSMjspDemo\out\production\SSMjspDemo\com\ssm\domain\Emp.class], file [D:\Workspaces\SSMjspDemo\out\production\SSMjspDemo\com\ssm\domain\json\Attribute.class], file [D:\Workspaces\SSMjspDemo\out\production\SSMjspDemo\com\ssm\domain\json\ChildNode.class], file [D:\Workspaces\SSMjspDemo\out\production\SSMjspDemo\com\ssm\domain\json\TreeNode.class], file [D:\Workspaces\SSMjspDemo\out\production\SSMjspDemo\com\ssm\domain\Role.class], file [D:\Workspaces\SSMjspDemo\out\production\SSMjspDemo\com\ssm\domain\User.class], file [D:\Workspaces\SSMjspDemo\out\production\SSMjspDemo\com\ssm\interceptor\LoginInterceptor.class], file [D:\Workspaces\SSMjspDemo\out\production\SSMjspDemo\com\ssm\interceptor\LogInterceptor.class], file [D:\Workspaces\SSMjspDemo\out\production\SSMjspDemo\com\ssm\service\DeptService.class], file [D:\Workspaces\SSMjspDemo\out\production\SSMjspDemo\com\ssm\service\EmpService.class], file [D:\Workspaces\SSMjspDemo\out\production\SSMjspDemo\com\ssm\service\impl\DeptServiceImpl.class], file [D:\Workspaces\SSMjspDemo\out\production\SSMjspDemo\com\ssm\service\impl\EmpServiceImpl.class], file [D:\Workspaces\SSMjspDemo\out\production\SSMjspDemo\com\ssm\service\impl\UserServiceImpl.class], file [D:\Workspaces\SSMjspDemo\out\production\SSMjspDemo\com\ssm\service\UserService.class], file [D:\Workspaces\SSMjspDemo\out\production\SSMjspDemo\com\ssm\utils\CustomerDateCoverter.class], file [D:\Workspaces\SSMjspDemo\out\production\SSMjspDemo\com\ssm\utils\DBUtil.class], file [D:\Workspaces\SSMjspDemo\out\production\SSMjspDemo\com\ssm\utils\SQL.class]]
2016-12-24 15:03:52 org.springframework.context.annotation.ClassPathScanningCandidateComponentProvider.findCandidateComponents(ClassPathScanningCandidateComponentProvider.java:286)  Identified candidate component class: file [D:\Workspaces\SSMjspDemo\out\production\SSMjspDemo\com\ssm\action\DeptController.class]
2016-12-24 15:03:52 org.springframework.context.annotation.ClassPathScanningCandidateComponentProvider.findCandidateComponents(ClassPathScanningCandidateComponentProvider.java:286)  Identified candidate component class: file [D:\Workspaces\SSMjspDemo\out\production\SSMjspDemo\com\ssm\action\EmpController.class]
2016-12-24 15:03:52 org.springframework.context.annotation.ClassPathScanningCandidateComponentProvider.findCandidateComponents(ClassPathScanningCandidateComponentProvider.java:286)  Identified candidate component class: file [D:\Workspaces\SSMjspDemo\out\production\SSMjspDemo\com\ssm\action\GoodsController.class]
2016-12-24 15:03:52 org.springframework.context.annotation.ClassPathScanningCandidateComponentProvider.findCandidateComponents(ClassPathScanningCandidateComponentProvider.java:286)  Identified candidate component class: file [D:\Workspaces\SSMjspDemo\out\production\SSMjspDemo\com\ssm\action\ManagerController.class]
2016-12-24 15:03:52 org.springframework.context.annotation.ClassPathScanningCandidateComponentProvider.findCandidateComponents(ClassPathScanningCandidateComponentProvider.java:286)  Identified candidate component class: file [D:\Workspaces\SSMjspDemo\out\production\SSMjspDemo\com\ssm\action\NoInterceptor.class]
2016-12-24 15:03:52 org.springframework.context.annotation.ClassPathScanningCandidateComponentProvider.findCandidateComponents(ClassPathScanningCandidateComponentProvider.java:286)  Identified candidate component class: file [D:\Workspaces\SSMjspDemo\out\production\SSMjspDemo\com\ssm\action\urlTrans.class]
2016-12-24 15:03:52 org.springframework.context.annotation.ClassPathScanningCandidateComponentProvider.findCandidateComponents(ClassPathScanningCandidateComponentProvider.java:286)  Identified candidate component class: file [D:\Workspaces\SSMjspDemo\out\production\SSMjspDemo\com\ssm\action\UserController.class]
2016-12-24 15:03:52 org.springframework.context.annotation.ClassPathScanningCandidateComponentProvider.findCandidateComponents(ClassPathScanningCandidateComponentProvider.java:286)  Identified candidate component class: file [D:\Workspaces\SSMjspDemo\out\production\SSMjspDemo\com\ssm\action\UserGnController.class]
2016-12-24 15:03:52 org.springframework.context.annotation.ClassPathScanningCandidateComponentProvider.findCandidateComponents(ClassPathScanningCandidateComponentProvider.java:292)  Ignored because not a concrete top-level class: file [D:\Workspaces\SSMjspDemo\out\production\SSMjspDemo\com\ssm\dao\AuthDao.class]
2016-12-24 15:03:52 org.springframework.context.annotation.ClassPathScanningCandidateComponentProvider.findCandidateComponents(ClassPathScanningCandidateComponentProvider.java:292)  Ignored because not a concrete top-level class: file [D:\Workspaces\SSMjspDemo\out\production\SSMjspDemo\com\ssm\dao\UserDao.class]
2016-12-24 15:03:52 org.springframework.context.annotation.ClassPathScanningCandidateComponentProvider.findCandidateComponents(ClassPathScanningCandidateComponentProvider.java:286)  Identified candidate component class: file [D:\Workspaces\SSMjspDemo\out\production\SSMjspDemo\com\ssm\domain\Dept.class]
2016-12-24 15:03:52 org.springframework.context.annotation.ClassPathScanningCandidateComponentProvider.findCandidateComponents(ClassPathScanningCandidateComponentProvider.java:286)  Identified candidate component class: file [D:\Workspaces\SSMjspDemo\out\production\SSMjspDemo\com\ssm\domain\User.class]
2016-12-24 15:03:52 org.springframework.context.annotation.ClassPathScanningCandidateComponentProvider.findCandidateComponents(ClassPathScanningCandidateComponentProvider.java:286)  Identified candidate component class: file [D:\Workspaces\SSMjspDemo\out\production\SSMjspDemo\com\ssm\service\impl\DeptServiceImpl.class]
2016-12-24 15:03:52 org.springframework.context.annotation.ClassPathScanningCandidateComponentProvider.findCandidateComponents(ClassPathScanningCandidateComponentProvider.java:286)  Identified candidate component class: file [D:\Workspaces\SSMjspDemo\out\production\SSMjspDemo\com\ssm\service\impl\EmpServiceImpl.class]
2016-12-24 15:03:52 org.springframework.context.annotation.ClassPathScanningCandidateComponentProvider.findCandidateComponents(ClassPathScanningCandidateComponentProvider.java:286)  Identified candidate component class: file [D:\Workspaces\SSMjspDemo\out\production\SSMjspDemo\com\ssm\service\impl\UserServiceImpl.class]
2016-12-24 15:03:52 org.springframework.beans.factory.xml.BeanDefinitionParserDelegate.parseBeanDefinitionElement(BeanDefinitionParserDelegate.java:481)  Neither XML 'id' nor 'name' specified - using generated bean name [org.mybatis.spring.mapper.MapperScannerConfigurer#0]
2016-12-24 15:03:52 org.springframework.beans.factory.support.AbstractBeanDefinitionReader.loadBeanDefinitions(AbstractBeanDefinitionReader.java:224)  Loaded 28 bean definitions from location pattern [applicationContext.xml]
2016-12-24 15:03:52 org.springframework.context.support.AbstractApplicationContext.obtainFreshBeanFactory(AbstractApplicationContext.java:616)  Bean factory for org.springframework.context.support.ClassPathXmlApplicationContext@7cf10a6f: org.springframework.beans.factory.support.DefaultListableBeanFactory@12405818: defining beans [deptController,empController,goodsController,managerController,noInterceptor,urlTrans,userController,userGnController,dept,user,deptServiceImpl,empServiceImpl,userServiceImpl,org.springframework.context.annotation.internalConfigurationAnnotationProcessor,org.springframework.context.annotation.internalAutowiredAnnotationProcessor,org.springframework.context.annotation.internalRequiredAnnotationProcessor,org.springframework.context.annotation.internalCommonAnnotationProcessor,org.springframework.context.event.internalEventListenerProcessor,org.springframework.context.event.internalEventListenerFactory,dataSource123,sqlSessionFactory,org.mybatis.spring.mapper.MapperScannerConfigurer#0,txManager,org.springframework.transaction.config.internalTransactionalEventListenerFactory,org.springframework.aop.config.internalAutoProxyCreator,org.springframework.transaction.annotation.AnnotationTransactionAttributeSource#0,org.springframework.transaction.interceptor.TransactionInterceptor#0,org.springframework.transaction.config.internalTransactionAdvisor]; root of factory hierarchy
2016-12-24 15:03:52 org.springframework.beans.factory.support.DefaultSingletonBeanRegistry.getSingleton(DefaultSingletonBeanRegistry.java:221)  Creating shared instance of singleton bean 'org.springframework.context.annotation.internalConfigurationAnnotationProcessor'
2016-12-24 15:03:52 org.springframework.beans.factory.support.AbstractAutowireCapableBeanFactory.createBean(AbstractAutowireCapableBeanFactory.java:448)  Creating instance of bean 'org.springframework.context.annotation.internalConfigurationAnnotationProcessor'
2016-12-24 15:03:52 org.springframework.beans.factory.support.AbstractAutowireCapableBeanFactory.doCreateBean(AbstractAutowireCapableBeanFactory.java:537)  Eagerly caching bean 'org.springframework.context.annotation.internalConfigurationAnnotationProcessor' to allow for resolving potential circular references
2016-12-24 15:03:52 org.springframework.beans.factory.support.AbstractAutowireCapableBeanFactory.createBean(AbstractAutowireCapableBeanFactory.java:484)  Finished creating instance of bean 'org.springframework.context.annotation.internalConfigurationAnnotationProcessor'
2016-12-24 15:03:52 org.springframework.beans.factory.support.DefaultSingletonBeanRegistry.getSingleton(DefaultSingletonBeanRegistry.java:221)  Creating shared instance of singleton bean 'org.mybatis.spring.mapper.MapperScannerConfigurer#0'
2016-12-24 15:03:52 org.springframework.beans.factory.support.AbstractAutowireCapableBeanFactory.createBean(AbstractAutowireCapableBeanFactory.java:448)  Creating instance of bean 'org.mybatis.spring.mapper.MapperScannerConfigurer#0'
2016-12-24 15:03:52 org.springframework.beans.factory.support.AbstractAutowireCapableBeanFactory.doCreateBean(AbstractAutowireCapableBeanFactory.java:537)  Eagerly caching bean 'org.mybatis.spring.mapper.MapperScannerConfigurer#0' to allow for resolving potential circular references
2016-12-24 15:03:52 org.springframework.beans.factory.support.AbstractAutowireCapableBeanFactory.invokeInitMethods(AbstractAutowireCapableBeanFactory.java:1625)  Invoking afterPropertiesSet() on bean with name 'org.mybatis.spring.mapper.MapperScannerConfigurer#0'
2016-12-24 15:03:52 org.springframework.beans.factory.support.AbstractAutowireCapableBeanFactory.createBean(AbstractAutowireCapableBeanFactory.java:484)  Finished creating instance of bean 'org.mybatis.spring.mapper.MapperScannerConfigurer#0'
2016-12-24 15:03:52 org.springframework.core.env.MutablePropertySources.addLast(MutablePropertySources.java:109)  Adding [systemProperties] PropertySource with lowest search precedence
2016-12-24 15:03:52 org.springframework.core.env.MutablePropertySources.addLast(MutablePropertySources.java:109)  Adding [systemEnvironment] PropertySource with lowest search precedence
2016-12-24 15:03:52 org.springframework.core.env.AbstractEnvironment.<init>(AbstractEnvironment.java:124)  Initialized StandardEnvironment with PropertySources [systemProperties,systemEnvironment]
2016-12-24 15:03:52 org.springframework.core.io.support.PathMatchingResourcePatternResolver.findAllClassPathResources(PathMatchingResourcePatternResolver.java:317)  Resolved classpath location [com/ssm/dao/] to resources [URL [file:/D:/Workspaces/SSMjspDemo/out/production/SSMjspDemo/com/ssm/dao/]]
2016-12-24 15:03:52 org.springframework.core.io.support.PathMatchingResourcePatternResolver.doFindMatchingFileSystemResources(PathMatchingResourcePatternResolver.java:711)  Looking for matching resources in directory tree [D:\Workspaces\SSMjspDemo\out\production\SSMjspDemo\com\ssm\dao]
2016-12-24 15:03:52 org.springframework.core.io.support.PathMatchingResourcePatternResolver.doRetrieveMatchingFiles(PathMatchingResourcePatternResolver.java:773)  Searching directory [D:\Workspaces\SSMjspDemo\out\production\SSMjspDemo\com\ssm\dao] for files matching pattern [D:/Workspaces/SSMjspDemo/out/production/SSMjspDemo/com/ssm/dao/**/*.class]
2016-12-24 15:03:52 org.springframework.core.io.support.PathMatchingResourcePatternResolver.findPathMatchingResources(PathMatchingResourcePatternResolver.java:483)  Resolved location pattern [classpath*:com/ssm/dao/**/*.class] to resources [file [D:\Workspaces\SSMjspDemo\out\production\SSMjspDemo\com\ssm\dao\AuthDao.class], file [D:\Workspaces\SSMjspDemo\out\production\SSMjspDemo\com\ssm\dao\AuthgroupDao.class], file [D:\Workspaces\SSMjspDemo\out\production\SSMjspDemo\com\ssm\dao\DeptDao.class], file [D:\Workspaces\SSMjspDemo\out\production\SSMjspDemo\com\ssm\dao\EmpDao.class], file [D:\Workspaces\SSMjspDemo\out\production\SSMjspDemo\com\ssm\dao\RoleDao.class], file [D:\Workspaces\SSMjspDemo\out\production\SSMjspDemo\com\ssm\dao\UserDao.class]]
2016-12-24 15:03:52 org.springframework.context.annotation.ClassPathScanningCandidateComponentProvider.findCandidateComponents(ClassPathScanningCandidateComponentProvider.java:286)  Identified candidate component class: file [D:\Workspaces\SSMjspDemo\out\production\SSMjspDemo\com\ssm\dao\AuthDao.class]
2016-12-24 15:03:52 org.springframework.context.annotation.ClassPathScanningCandidateComponentProvider.findCandidateComponents(ClassPathScanningCandidateComponentProvider.java:286)  Identified candidate component class: file [D:\Workspaces\SSMjspDemo\out\production\SSMjspDemo\com\ssm\dao\AuthgroupDao.class]
2016-12-24 15:03:52 org.springframework.context.annotation.ClassPathScanningCandidateComponentProvider.findCandidateComponents(ClassPathScanningCandidateComponentProvider.java:286)  Identified candidate component class: file [D:\Workspaces\SSMjspDemo\out\production\SSMjspDemo\com\ssm\dao\DeptDao.class]
2016-12-24 15:03:52 org.springframework.context.annotation.ClassPathScanningCandidateComponentProvider.findCandidateComponents(ClassPathScanningCandidateComponentProvider.java:286)  Identified candidate component class: file [D:\Workspaces\SSMjspDemo\out\production\SSMjspDemo\com\ssm\dao\EmpDao.class]
2016-12-24 15:03:52 org.springframework.context.annotation.ClassPathScanningCandidateComponentProvider.findCandidateComponents(ClassPathScanningCandidateComponentProvider.java:286)  Identified candidate component class: file [D:\Workspaces\SSMjspDemo\out\production\SSMjspDemo\com\ssm\dao\RoleDao.class]
2016-12-24 15:03:52 org.springframework.context.annotation.ClassPathScanningCandidateComponentProvider.findCandidateComponents(ClassPathScanningCandidateComponentProvider.java:286)  Identified candidate component class: file [D:\Workspaces\SSMjspDemo\out\production\SSMjspDemo\com\ssm\dao\UserDao.class]
2016-12-24 15:03:52 org.mybatis.spring.mapper.ClassPathMapperScanner.processBeanDefinitions(ClassPathMapperScanner.java:181)  Creating MapperFactoryBean with name 'authDao' and 'com.ssm.dao.AuthDao' mapperInterface
2016-12-24 15:03:52 org.mybatis.spring.mapper.ClassPathMapperScanner.processBeanDefinitions(ClassPathMapperScanner.java:181)  Creating MapperFactoryBean with name 'authgroupDao' and 'com.ssm.dao.AuthgroupDao' mapperInterface
2016-12-24 15:03:52 org.mybatis.spring.mapper.ClassPathMapperScanner.processBeanDefinitions(ClassPathMapperScanner.java:181)  Creating MapperFactoryBean with name 'deptDao' and 'com.ssm.dao.DeptDao' mapperInterface
2016-12-24 15:03:52 org.mybatis.spring.mapper.ClassPathMapperScanner.processBeanDefinitions(ClassPathMapperScanner.java:181)  Creating MapperFactoryBean with name 'empDao' and 'com.ssm.dao.EmpDao' mapperInterface
2016-12-24 15:03:52 org.mybatis.spring.mapper.ClassPathMapperScanner.processBeanDefinitions(ClassPathMapperScanner.java:181)  Creating MapperFactoryBean with name 'roleDao' and 'com.ssm.dao.RoleDao' mapperInterface
2016-12-24 15:03:52 org.mybatis.spring.mapper.ClassPathMapperScanner.processBeanDefinitions(ClassPathMapperScanner.java:181)  Creating MapperFactoryBean with name 'userDao' and 'com.ssm.dao.UserDao' mapperInterface
2016-12-24 15:03:52 org.springframework.beans.factory.support.DefaultSingletonBeanRegistry.getSingleton(DefaultSingletonBeanRegistry.java:221)  Creating shared instance of singleton bean 'org.springframework.context.annotation.internalAutowiredAnnotationProcessor'
2016-12-24 15:03:52 org.springframework.beans.factory.support.AbstractAutowireCapableBeanFactory.createBean(AbstractAutowireCapableBeanFactory.java:448)  Creating instance of bean 'org.springframework.context.annotation.internalAutowiredAnnotationProcessor'
2016-12-24 15:03:52 org.springframework.beans.factory.support.AbstractAutowireCapableBeanFactory.doCreateBean(AbstractAutowireCapableBeanFactory.java:537)  Eagerly caching bean 'org.springframework.context.annotation.internalAutowiredAnnotationProcessor' to allow for resolving potential circular references
2016-12-24 15:03:52 org.springframework.beans.factory.support.AbstractAutowireCapableBeanFactory.createBean(AbstractAutowireCapableBeanFactory.java:484)  Finished creating instance of bean 'org.springframework.context.annotation.internalAutowiredAnnotationProcessor'
2016-12-24 15:03:52 org.springframework.beans.factory.support.DefaultSingletonBeanRegistry.getSingleton(DefaultSingletonBeanRegistry.java:221)  Creating shared instance of singleton bean 'org.springframework.context.annotation.internalRequiredAnnotationProcessor'
2016-12-24 15:03:52 org.springframework.beans.factory.support.AbstractAutowireCapableBeanFactory.createBean(AbstractAutowireCapableBeanFactory.java:448)  Creating instance of bean 'org.springframework.context.annotation.internalRequiredAnnotationProcessor'
2016-12-24 15:03:52 org.springframework.beans.factory.support.AbstractAutowireCapableBeanFactory.doCreateBean(AbstractAutowireCapableBeanFactory.java:537)  Eagerly caching bean 'org.springframework.context.annotation.internalRequiredAnnotationProcessor' to allow for resolving potential circular references
2016-12-24 15:03:52 org.springframework.beans.factory.support.AbstractAutowireCapableBeanFactory.createBean(AbstractAutowireCapableBeanFactory.java:484)  Finished creating instance of bean 'org.springframework.context.annotation.internalRequiredAnnotationProcessor'
2016-12-24 15:03:52 org.springframework.beans.factory.support.DefaultSingletonBeanRegistry.getSingleton(DefaultSingletonBeanRegistry.java:221)  Creating shared instance of singleton bean 'org.springframework.context.annotation.internalCommonAnnotationProcessor'
2016-12-24 15:03:52 org.springframework.beans.factory.support.AbstractAutowireCapableBeanFactory.createBean(AbstractAutowireCapableBeanFactory.java:448)  Creating instance of bean 'org.springframework.context.annotation.internalCommonAnnotationProcessor'
2016-12-24 15:03:52 org.springframework.beans.factory.support.AbstractAutowireCapableBeanFactory.doCreateBean(AbstractAutowireCapableBeanFactory.java:537)  Eagerly caching bean 'org.springframework.context.annotation.internalCommonAnnotationProcessor' to allow for resolving potential circular references
2016-12-24 15:03:52 org.springframework.beans.factory.support.AbstractAutowireCapableBeanFactory.createBean(AbstractAutowireCapableBeanFactory.java:484)  Finished creating instance of bean 'org.springframework.context.annotation.internalCommonAnnotationProcessor'
2016-12-24 15:03:52 org.springframework.beans.factory.support.DefaultSingletonBeanRegistry.getSingleton(DefaultSingletonBeanRegistry.java:221)  Creating shared instance of singleton bean 'org.springframework.context.annotation.ConfigurationClassPostProcessor.importAwareProcessor'
2016-12-24 15:03:52 org.springframework.beans.factory.support.AbstractAutowireCapableBeanFactory.createBean(AbstractAutowireCapableBeanFactory.java:448)  Creating instance of bean 'org.springframework.context.annotation.ConfigurationClassPostProcessor.importAwareProcessor'
2016-12-24 15:03:52 org.springframework.beans.factory.support.AbstractAutowireCapableBeanFactory.doCreateBean(AbstractAutowireCapableBeanFactory.java:537)  Eagerly caching bean 'org.springframework.context.annotation.ConfigurationClassPostProcessor.importAwareProcessor' to allow for resolving potential circular references
2016-12-24 15:03:52 org.springframework.beans.factory.support.AbstractAutowireCapableBeanFactory.createBean(AbstractAutowireCapableBeanFactory.java:484)  Finished creating instance of bean 'org.springframework.context.annotation.ConfigurationClassPostProcessor.importAwareProcessor'
2016-12-24 15:03:52 org.springframework.beans.factory.support.DefaultSingletonBeanRegistry.getSingleton(DefaultSingletonBeanRegistry.java:221)  Creating shared instance of singleton bean 'org.springframework.context.annotation.ConfigurationClassPostProcessor.enhancedConfigurationProcessor'
2016-12-24 15:03:52 org.springframework.beans.factory.support.AbstractAutowireCapableBeanFactory.createBean(AbstractAutowireCapableBeanFactory.java:448)  Creating instance of bean 'org.springframework.context.annotation.ConfigurationClassPostProcessor.enhancedConfigurationProcessor'
2016-12-24 15:03:52 org.springframework.beans.factory.support.AbstractAutowireCapableBeanFactory.doCreateBean(AbstractAutowireCapableBeanFactory.java:537)  Eagerly caching bean 'org.springframework.context.annotation.ConfigurationClassPostProcessor.enhancedConfigurationProcessor' to allow for resolving potential circular references
2016-12-24 15:03:52 org.springframework.beans.factory.support.AbstractAutowireCapableBeanFactory.createBean(AbstractAutowireCapableBeanFactory.java:484)  Finished creating instance of bean 'org.springframework.context.annotation.ConfigurationClassPostProcessor.enhancedConfigurationProcessor'
2016-12-24 15:03:52 org.springframework.beans.factory.support.DefaultSingletonBeanRegistry.getSingleton(DefaultSingletonBeanRegistry.java:221)  Creating shared instance of singleton bean 'org.springframework.aop.config.internalAutoProxyCreator'
2016-12-24 15:03:52 org.springframework.beans.factory.support.AbstractAutowireCapableBeanFactory.createBean(AbstractAutowireCapableBeanFactory.java:448)  Creating instance of bean 'org.springframework.aop.config.internalAutoProxyCreator'
2016-12-24 15:03:52 org.springframework.beans.factory.support.AbstractAutowireCapableBeanFactory.doCreateBean(AbstractAutowireCapableBeanFactory.java:537)  Eagerly caching bean 'org.springframework.aop.config.internalAutoProxyCreator' to allow for resolving potential circular references
2016-12-24 15:03:52 org.springframework.beans.factory.support.AbstractAutowireCapableBeanFactory.createBean(AbstractAutowireCapableBeanFactory.java:484)  Finished creating instance of bean 'org.springframework.aop.config.internalAutoProxyCreator'
2016-12-24 15:03:52 org.springframework.context.support.AbstractApplicationContext.initMessageSource(AbstractApplicationContext.java:733)  Unable to locate MessageSource with name 'messageSource': using default [org.springframework.context.support.DelegatingMessageSource@32eff876]
2016-12-24 15:03:52 org.springframework.context.support.AbstractApplicationContext.initApplicationEventMulticaster(AbstractApplicationContext.java:757)  Unable to locate ApplicationEventMulticaster with name 'applicationEventMulticaster': using default [org.springframework.context.event.SimpleApplicationEventMulticaster@7c729a55]
2016-12-24 15:03:52 org.springframework.beans.factory.support.DefaultListableBeanFactory.preInstantiateSingletons(DefaultListableBeanFactory.java:723)  Pre-instantiating singletons in org.springframework.beans.factory.support.DefaultListableBeanFactory@12405818: defining beans [deptController,empController,goodsController,managerController,noInterceptor,urlTrans,userController,userGnController,dept,user,deptServiceImpl,empServiceImpl,userServiceImpl,org.springframework.context.annotation.internalConfigurationAnnotationProcessor,org.springframework.context.annotation.internalAutowiredAnnotationProcessor,org.springframework.context.annotation.internalRequiredAnnotationProcessor,org.springframework.context.annotation.internalCommonAnnotationProcessor,org.springframework.context.event.internalEventListenerProcessor,org.springframework.context.event.internalEventListenerFactory,dataSource123,sqlSessionFactory,org.mybatis.spring.mapper.MapperScannerConfigurer#0,txManager,org.springframework.transaction.config.internalTransactionalEventListenerFactory,org.springframework.aop.config.internalAutoProxyCreator,org.springframework.transaction.annotation.AnnotationTransactionAttributeSource#0,org.springframework.transaction.interceptor.TransactionInterceptor#0,org.springframework.transaction.config.internalTransactionAdvisor,org.springframework.context.annotation.ConfigurationClassPostProcessor.importAwareProcessor,org.springframework.context.annotation.ConfigurationClassPostProcessor.enhancedConfigurationProcessor,authDao,authgroupDao,deptDao,empDao,roleDao,userDao]; root of factory hierarchy
2016-12-24 15:03:52 org.springframework.beans.factory.support.DefaultSingletonBeanRegistry.getSingleton(DefaultSingletonBeanRegistry.java:221)  Creating shared instance of singleton bean 'deptController'
2016-12-24 15:03:52 org.springframework.beans.factory.support.AbstractAutowireCapableBeanFactory.createBean(AbstractAutowireCapableBeanFactory.java:448)  Creating instance of bean 'deptController'
2016-12-24 15:03:52 org.springframework.beans.factory.annotation.InjectionMetadata.checkConfigMembers(InjectionMetadata.java:72)  Registered injected element on class [com.ssm.action.DeptController]: AutowiredFieldElement for private com.ssm.service.DeptService com.ssm.action.DeptController.deptService
2016-12-24 15:03:52 org.springframework.beans.factory.support.AbstractAutowireCapableBeanFactory.doCreateBean(AbstractAutowireCapableBeanFactory.java:537)  Eagerly caching bean 'deptController' to allow for resolving potential circular references
2016-12-24 15:03:52 org.springframework.beans.factory.annotation.InjectionMetadata.inject(InjectionMetadata.java:86)  Processing injected element of bean 'deptController': AutowiredFieldElement for private com.ssm.service.DeptService com.ssm.action.DeptController.deptService
2016-12-24 15:03:52 org.springframework.beans.factory.support.DefaultSingletonBeanRegistry.getSingleton(DefaultSingletonBeanRegistry.java:221)  Creating shared instance of singleton bean 'deptServiceImpl'
2016-12-24 15:03:52 org.springframework.beans.factory.support.AbstractAutowireCapableBeanFactory.createBean(AbstractAutowireCapableBeanFactory.java:448)  Creating instance of bean 'deptServiceImpl'
2016-12-24 15:03:53 org.springframework.beans.factory.annotation.InjectionMetadata.checkConfigMembers(InjectionMetadata.java:72)  Registered injected element on class [com.ssm.service.impl.DeptServiceImpl]: AutowiredFieldElement for private com.ssm.dao.DeptDao com.ssm.service.impl.DeptServiceImpl.deptDao
2016-12-24 15:03:53 org.springframework.beans.factory.support.AbstractAutowireCapableBeanFactory.doCreateBean(AbstractAutowireCapableBeanFactory.java:537)  Eagerly caching bean 'deptServiceImpl' to allow for resolving potential circular references
2016-12-24 15:03:53 org.springframework.beans.factory.annotation.InjectionMetadata.inject(InjectionMetadata.java:86)  Processing injected element of bean 'deptServiceImpl': AutowiredFieldElement for private com.ssm.dao.DeptDao com.ssm.service.impl.DeptServiceImpl.deptDao
2016-12-24 15:03:53 org.springframework.beans.factory.support.DefaultSingletonBeanRegistry.getSingleton(DefaultSingletonBeanRegistry.java:221)  Creating shared instance of singleton bean 'deptDao'
2016-12-24 15:03:53 org.springframework.beans.factory.support.AbstractAutowireCapableBeanFactory.createBean(AbstractAutowireCapableBeanFactory.java:448)  Creating instance of bean 'deptDao'
2016-12-24 15:03:53 org.springframework.beans.factory.support.AbstractAutowireCapableBeanFactory.doCreateBean(AbstractAutowireCapableBeanFactory.java:537)  Eagerly caching bean 'deptDao' to allow for resolving potential circular references
2016-12-24 15:03:53 org.springframework.beans.factory.support.DefaultSingletonBeanRegistry.getSingleton(DefaultSingletonBeanRegistry.java:221)  Creating shared instance of singleton bean 'sqlSessionFactory'
2016-12-24 15:03:53 org.springframework.beans.factory.support.AbstractAutowireCapableBeanFactory.createBean(AbstractAutowireCapableBeanFactory.java:448)  Creating instance of bean 'sqlSessionFactory'
2016-12-24 15:03:53 org.springframework.beans.factory.support.AbstractAutowireCapableBeanFactory.doCreateBean(AbstractAutowireCapableBeanFactory.java:537)  Eagerly caching bean 'sqlSessionFactory' to allow for resolving potential circular references
2016-12-24 15:03:53 org.springframework.beans.factory.support.DefaultSingletonBeanRegistry.getSingleton(DefaultSingletonBeanRegistry.java:221)  Creating shared instance of singleton bean 'dataSource123'
2016-12-24 15:03:53 org.springframework.beans.factory.support.AbstractAutowireCapableBeanFactory.createBean(AbstractAutowireCapableBeanFactory.java:448)  Creating instance of bean 'dataSource123'
2016-12-24 15:03:53 org.springframework.beans.factory.support.AbstractAutowireCapableBeanFactory.doCreateBean(AbstractAutowireCapableBeanFactory.java:537)  Eagerly caching bean 'dataSource123' to allow for resolving potential circular references
2016-12-24 15:03:53 org.springframework.beans.factory.support.DefaultSingletonBeanRegistry.getSingleton(DefaultSingletonBeanRegistry.java:221)  Creating shared instance of singleton bean 'org.springframework.transaction.config.internalTransactionAdvisor'
2016-12-24 15:03:53 org.springframework.beans.factory.support.AbstractAutowireCapableBeanFactory.createBean(AbstractAutowireCapableBeanFactory.java:448)  Creating instance of bean 'org.springframework.transaction.config.internalTransactionAdvisor'
2016-12-24 15:03:53 org.springframework.beans.factory.support.AbstractAutowireCapableBeanFactory.doCreateBean(AbstractAutowireCapableBeanFactory.java:537)  Eagerly caching bean 'org.springframework.transaction.config.internalTransactionAdvisor' to allow for resolving potential circular references
2016-12-24 15:03:53 org.springframework.beans.factory.support.DefaultSingletonBeanRegistry.getSingleton(DefaultSingletonBeanRegistry.java:221)  Creating shared instance of singleton bean 'org.springframework.transaction.annotation.AnnotationTransactionAttributeSource#0'
2016-12-24 15:03:53 org.springframework.beans.factory.support.AbstractAutowireCapableBeanFactory.createBean(AbstractAutowireCapableBeanFactory.java:448)  Creating instance of bean 'org.springframework.transaction.annotation.AnnotationTransactionAttributeSource#0'
2016-12-24 15:03:53 org.springframework.beans.factory.support.AbstractAutowireCapableBeanFactory.doCreateBean(AbstractAutowireCapableBeanFactory.java:537)  Eagerly caching bean 'org.springframework.transaction.annotation.AnnotationTransactionAttributeSource#0' to allow for resolving potential circular references
2016-12-24 15:03:53 org.springframework.aop.framework.autoproxy.BeanFactoryAdvisorRetrievalHelper.findAdvisorBeans(BeanFactoryAdvisorRetrievalHelper.java:87)  Skipping currently created advisor 'org.springframework.transaction.config.internalTransactionAdvisor'
2016-12-24 15:03:53 org.springframework.beans.factory.support.AbstractAutowireCapableBeanFactory.createBean(AbstractAutowireCapableBeanFactory.java:484)  Finished creating instance of bean 'org.springframework.transaction.annotation.AnnotationTransactionAttributeSource#0'
2016-12-24 15:03:53 org.springframework.beans.factory.support.AbstractAutowireCapableBeanFactory.createBean(AbstractAutowireCapableBeanFactory.java:484)  Finished creating instance of bean 'org.springframework.transaction.config.internalTransactionAdvisor'
2016-12-24 15:03:53 org.springframework.beans.factory.support.AbstractAutowireCapableBeanFactory.createBean(AbstractAutowireCapableBeanFactory.java:484)  Finished creating instance of bean 'dataSource123'
2016-12-24 15:03:53 org.springframework.beans.factory.support.AbstractAutowireCapableBeanFactory.invokeInitMethods(AbstractAutowireCapableBeanFactory.java:1625)  Invoking afterPropertiesSet() on bean with name 'sqlSessionFactory'
2016-12-24 15:03:53 org.apache.ibatis.logging.commons.JakartaCommonsLoggingImpl.debug(JakartaCommonsLoggingImpl.java:54)  Parsed configuration file: 'class path resource [mybatisMapper.xml]'
2016-12-24 15:03:53 org.apache.ibatis.logging.commons.JakartaCommonsLoggingImpl.debug(JakartaCommonsLoggingImpl.java:54)  Property 'mapperLocations' was not specified or no matching resources found
2016-12-24 15:03:53 org.springframework.beans.factory.support.AbstractBeanFactory.doGetBean(AbstractBeanFactory.java:251)  Returning cached instance of singleton bean 'org.springframework.transaction.config.internalTransactionAdvisor'
2016-12-24 15:03:53 org.springframework.beans.factory.support.AbstractAutowireCapableBeanFactory.createBean(AbstractAutowireCapableBeanFactory.java:484)  Finished creating instance of bean 'sqlSessionFactory'
2016-12-24 15:03:53 org.springframework.beans.factory.support.AbstractBeanFactory.doGetBean(AbstractBeanFactory.java:251)  Returning cached instance of singleton bean 'org.springframework.transaction.config.internalTransactionAdvisor'
2016-12-24 15:03:53 org.springframework.beans.factory.support.AbstractAutowireCapableBeanFactory.invokeInitMethods(AbstractAutowireCapableBeanFactory.java:1625)  Invoking afterPropertiesSet() on bean with name 'deptDao'
2016-12-24 15:03:53 org.springframework.beans.factory.support.AbstractBeanFactory.doGetBean(AbstractBeanFactory.java:251)  Returning cached instance of singleton bean 'org.springframework.transaction.config.internalTransactionAdvisor'
2016-12-24 15:03:53 org.springframework.beans.factory.support.AbstractAutowireCapableBeanFactory.createBean(AbstractAutowireCapableBeanFactory.java:484)  Finished creating instance of bean 'deptDao'
2016-12-24 15:03:53 org.springframework.beans.factory.support.AbstractBeanFactory.doGetBean(AbstractBeanFactory.java:251)  Returning cached instance of singleton bean 'org.springframework.transaction.config.internalTransactionAdvisor'
2016-12-24 15:03:53 org.springframework.beans.factory.annotation.AutowiredAnnotationBeanPostProcessor.registerDependentBeans(AutowiredAnnotationBeanPostProcessor.java:539)  Autowiring by type from bean name 'deptServiceImpl' to bean named 'deptDao'
2016-12-24 15:03:53 org.springframework.beans.factory.support.AbstractBeanFactory.doGetBean(AbstractBeanFactory.java:251)  Returning cached instance of singleton bean 'org.springframework.transaction.config.internalTransactionAdvisor'
2016-12-24 15:03:53 org.springframework.beans.factory.support.AbstractAutowireCapableBeanFactory.createBean(AbstractAutowireCapableBeanFactory.java:484)  Finished creating instance of bean 'deptServiceImpl'
2016-12-24 15:03:53 org.springframework.beans.factory.annotation.AutowiredAnnotationBeanPostProcessor.registerDependentBeans(AutowiredAnnotationBeanPostProcessor.java:539)  Autowiring by type from bean name 'deptController' to bean named 'deptServiceImpl'
2016-12-24 15:03:53 org.springframework.beans.factory.support.AbstractBeanFactory.doGetBean(AbstractBeanFactory.java:251)  Returning cached instance of singleton bean 'org.springframework.transaction.config.internalTransactionAdvisor'
2016-12-24 15:03:53 org.springframework.beans.factory.support.AbstractAutowireCapableBeanFactory.createBean(AbstractAutowireCapableBeanFactory.java:484)  Finished creating instance of bean 'deptController'
2016-12-24 15:03:53 org.springframework.beans.factory.support.DefaultSingletonBeanRegistry.getSingleton(DefaultSingletonBeanRegistry.java:221)  Creating shared instance of singleton bean 'empController'
2016-12-24 15:03:53 org.springframework.beans.factory.support.AbstractAutowireCapableBeanFactory.createBean(AbstractAutowireCapableBeanFactory.java:448)  Creating instance of bean 'empController'
2016-12-24 15:03:53 org.springframework.beans.factory.annotation.InjectionMetadata.checkConfigMembers(InjectionMetadata.java:72)  Registered injected element on class [com.ssm.action.EmpController]: AutowiredFieldElement for private com.ssm.service.EmpService com.ssm.action.EmpController.empService
2016-12-24 15:03:53 org.springframework.beans.factory.support.AbstractAutowireCapableBeanFactory.doCreateBean(AbstractAutowireCapableBeanFactory.java:537)  Eagerly caching bean 'empController' to allow for resolving potential circular references
2016-12-24 15:03:53 org.springframework.beans.factory.annotation.InjectionMetadata.inject(InjectionMetadata.java:86)  Processing injected element of bean 'empController': AutowiredFieldElement for private com.ssm.service.EmpService com.ssm.action.EmpController.empService
2016-12-24 15:03:53 org.springframework.beans.factory.support.DefaultSingletonBeanRegistry.getSingleton(DefaultSingletonBeanRegistry.java:221)  Creating shared instance of singleton bean 'empServiceImpl'
2016-12-24 15:03:53 org.springframework.beans.factory.support.AbstractAutowireCapableBeanFactory.createBean(AbstractAutowireCapableBeanFactory.java:448)  Creating instance of bean 'empServiceImpl'
2016-12-24 15:03:53 org.springframework.beans.factory.annotation.InjectionMetadata.checkConfigMembers(InjectionMetadata.java:72)  Registered injected element on class [com.ssm.service.impl.EmpServiceImpl]: AutowiredFieldElement for private com.ssm.dao.EmpDao com.ssm.service.impl.EmpServiceImpl.empDao
2016-12-24 15:03:53 org.springframework.beans.factory.support.AbstractAutowireCapableBeanFactory.doCreateBean(AbstractAutowireCapableBeanFactory.java:537)  Eagerly caching bean 'empServiceImpl' to allow for resolving potential circular references
2016-12-24 15:03:53 org.springframework.beans.factory.annotation.InjectionMetadata.inject(InjectionMetadata.java:86)  Processing injected element of bean 'empServiceImpl': AutowiredFieldElement for private com.ssm.dao.EmpDao com.ssm.service.impl.EmpServiceImpl.empDao
2016-12-24 15:03:53 org.springframework.beans.factory.support.DefaultSingletonBeanRegistry.getSingleton(DefaultSingletonBeanRegistry.java:221)  Creating shared instance of singleton bean 'empDao'
2016-12-24 15:03:53 org.springframework.beans.factory.support.AbstractAutowireCapableBeanFactory.createBean(AbstractAutowireCapableBeanFactory.java:448)  Creating instance of bean 'empDao'
2016-12-24 15:03:53 org.springframework.beans.factory.support.AbstractAutowireCapableBeanFactory.doCreateBean(AbstractAutowireCapableBeanFactory.java:537)  Eagerly caching bean 'empDao' to allow for resolving potential circular references
2016-12-24 15:03:53 org.springframework.beans.factory.support.AbstractBeanFactory.doGetBean(AbstractBeanFactory.java:251)  Returning cached instance of singleton bean 'sqlSessionFactory'
2016-12-24 15:03:53 org.springframework.beans.factory.support.AbstractAutowireCapableBeanFactory.invokeInitMethods(AbstractAutowireCapableBeanFactory.java:1625)  Invoking afterPropertiesSet() on bean with name 'empDao'
2016-12-24 15:03:53 org.springframework.beans.factory.support.AbstractBeanFactory.doGetBean(AbstractBeanFactory.java:251)  Returning cached instance of singleton bean 'org.springframework.transaction.config.internalTransactionAdvisor'
2016-12-24 15:03:53 org.springframework.beans.factory.support.AbstractAutowireCapableBeanFactory.createBean(AbstractAutowireCapableBeanFactory.java:484)  Finished creating instance of bean 'empDao'
2016-12-24 15:03:53 org.springframework.beans.factory.support.AbstractBeanFactory.doGetBean(AbstractBeanFactory.java:251)  Returning cached instance of singleton bean 'org.springframework.transaction.config.internalTransactionAdvisor'
2016-12-24 15:03:53 org.springframework.beans.factory.annotation.AutowiredAnnotationBeanPostProcessor.registerDependentBeans(AutowiredAnnotationBeanPostProcessor.java:539)  Autowiring by type from bean name 'empServiceImpl' to bean named 'empDao'
2016-12-24 15:03:53 org.springframework.beans.factory.support.AbstractBeanFactory.doGetBean(AbstractBeanFactory.java:251)  Returning cached instance of singleton bean 'org.springframework.transaction.config.internalTransactionAdvisor'
2016-12-24 15:03:53 org.springframework.beans.factory.support.AbstractAutowireCapableBeanFactory.createBean(AbstractAutowireCapableBeanFactory.java:484)  Finished creating instance of bean 'empServiceImpl'
2016-12-24 15:03:53 org.springframework.beans.factory.annotation.AutowiredAnnotationBeanPostProcessor.registerDependentBeans(AutowiredAnnotationBeanPostProcessor.java:539)  Autowiring by type from bean name 'empController' to bean named 'empServiceImpl'
2016-12-24 15:03:53 org.springframework.beans.factory.support.AbstractBeanFactory.doGetBean(AbstractBeanFactory.java:251)  Returning cached instance of singleton bean 'org.springframework.transaction.config.internalTransactionAdvisor'
2016-12-24 15:03:53 org.springframework.beans.factory.support.AbstractAutowireCapableBeanFactory.createBean(AbstractAutowireCapableBeanFactory.java:484)  Finished creating instance of bean 'empController'
2016-12-24 15:03:53 org.springframework.beans.factory.support.DefaultSingletonBeanRegistry.getSingleton(DefaultSingletonBeanRegistry.java:221)  Creating shared instance of singleton bean 'goodsController'
2016-12-24 15:03:53 org.springframework.beans.factory.support.AbstractAutowireCapableBeanFactory.createBean(AbstractAutowireCapableBeanFactory.java:448)  Creating instance of bean 'goodsController'
2016-12-24 15:03:53 org.springframework.beans.factory.support.AbstractAutowireCapableBeanFactory.doCreateBean(AbstractAutowireCapableBeanFactory.java:537)  Eagerly caching bean 'goodsController' to allow for resolving potential circular references
2016-12-24 15:03:53 org.springframework.beans.factory.support.AbstractBeanFactory.doGetBean(AbstractBeanFactory.java:251)  Returning cached instance of singleton bean 'org.springframework.transaction.config.internalTransactionAdvisor'
2016-12-24 15:03:53 org.springframework.beans.factory.support.AbstractAutowireCapableBeanFactory.createBean(AbstractAutowireCapableBeanFactory.java:484)  Finished creating instance of bean 'goodsController'
2016-12-24 15:03:53 org.springframework.beans.factory.support.DefaultSingletonBeanRegistry.getSingleton(DefaultSingletonBeanRegistry.java:221)  Creating shared instance of singleton bean 'managerController'
2016-12-24 15:03:53 org.springframework.beans.factory.support.AbstractAutowireCapableBeanFactory.createBean(AbstractAutowireCapableBeanFactory.java:448)  Creating instance of bean 'managerController'
2016-12-24 15:03:53 org.springframework.beans.factory.support.AbstractAutowireCapableBeanFactory.doCreateBean(AbstractAutowireCapableBeanFactory.java:537)  Eagerly caching bean 'managerController' to allow for resolving potential circular references
2016-12-24 15:03:53 org.springframework.beans.factory.support.AbstractBeanFactory.doGetBean(AbstractBeanFactory.java:251)  Returning cached instance of singleton bean 'org.springframework.transaction.config.internalTransactionAdvisor'
2016-12-24 15:03:53 org.springframework.beans.factory.support.AbstractAutowireCapableBeanFactory.createBean(AbstractAutowireCapableBeanFactory.java:484)  Finished creating instance of bean 'managerController'
2016-12-24 15:03:53 org.springframework.beans.factory.support.DefaultSingletonBeanRegistry.getSingleton(DefaultSingletonBeanRegistry.java:221)  Creating shared instance of singleton bean 'noInterceptor'
2016-12-24 15:03:53 org.springframework.beans.factory.support.AbstractAutowireCapableBeanFactory.createBean(AbstractAutowireCapableBeanFactory.java:448)  Creating instance of bean 'noInterceptor'
2016-12-24 15:03:53 org.springframework.beans.factory.annotation.InjectionMetadata.checkConfigMembers(InjectionMetadata.java:72)  Registered injected element on class [com.ssm.action.NoInterceptor]: AutowiredFieldElement for private com.ssm.service.UserService com.ssm.action.NoInterceptor.userService
2016-12-24 15:03:53 org.springframework.beans.factory.support.AbstractAutowireCapableBeanFactory.doCreateBean(AbstractAutowireCapableBeanFactory.java:537)  Eagerly caching bean 'noInterceptor' to allow for resolving potential circular references
2016-12-24 15:03:53 org.springframework.beans.factory.annotation.InjectionMetadata.inject(InjectionMetadata.java:86)  Processing injected element of bean 'noInterceptor': AutowiredFieldElement for private com.ssm.service.UserService com.ssm.action.NoInterceptor.userService
2016-12-24 15:03:53 org.springframework.beans.factory.support.DefaultSingletonBeanRegistry.getSingleton(DefaultSingletonBeanRegistry.java:221)  Creating shared instance of singleton bean 'userServiceImpl'
2016-12-24 15:03:53 org.springframework.beans.factory.support.AbstractAutowireCapableBeanFactory.createBean(AbstractAutowireCapableBeanFactory.java:448)  Creating instance of bean 'userServiceImpl'
2016-12-24 15:03:53 org.springframework.beans.factory.annotation.InjectionMetadata.checkConfigMembers(InjectionMetadata.java:72)  Registered injected element on class [com.ssm.service.impl.UserServiceImpl]: AutowiredFieldElement for private com.ssm.dao.UserDao com.ssm.service.impl.UserServiceImpl.userDao
2016-12-24 15:03:53 org.springframework.beans.factory.support.AbstractAutowireCapableBeanFactory.doCreateBean(AbstractAutowireCapableBeanFactory.java:537)  Eagerly caching bean 'userServiceImpl' to allow for resolving potential circular references
2016-12-24 15:03:53 org.springframework.beans.factory.annotation.InjectionMetadata.inject(InjectionMetadata.java:86)  Processing injected element of bean 'userServiceImpl': AutowiredFieldElement for private com.ssm.dao.UserDao com.ssm.service.impl.UserServiceImpl.userDao
2016-12-24 15:03:53 org.springframework.beans.factory.support.DefaultSingletonBeanRegistry.getSingleton(DefaultSingletonBeanRegistry.java:221)  Creating shared instance of singleton bean 'userDao'
2016-12-24 15:03:53 org.springframework.beans.factory.support.AbstractAutowireCapableBeanFactory.createBean(AbstractAutowireCapableBeanFactory.java:448)  Creating instance of bean 'userDao'
2016-12-24 15:03:53 org.springframework.beans.factory.support.AbstractAutowireCapableBeanFactory.doCreateBean(AbstractAutowireCapableBeanFactory.java:537)  Eagerly caching bean 'userDao' to allow for resolving potential circular references
2016-12-24 15:03:53 org.springframework.beans.factory.support.AbstractBeanFactory.doGetBean(AbstractBeanFactory.java:251)  Returning cached instance of singleton bean 'sqlSessionFactory'
2016-12-24 15:03:53 org.springframework.beans.factory.support.AbstractAutowireCapableBeanFactory.invokeInitMethods(AbstractAutowireCapableBeanFactory.java:1625)  Invoking afterPropertiesSet() on bean with name 'userDao'
2016-12-24 15:03:53 org.springframework.beans.factory.support.AbstractBeanFactory.doGetBean(AbstractBeanFactory.java:251)  Returning cached instance of singleton bean 'org.springframework.transaction.config.internalTransactionAdvisor'
2016-12-24 15:03:53 org.springframework.beans.factory.support.AbstractAutowireCapableBeanFactory.createBean(AbstractAutowireCapableBeanFactory.java:484)  Finished creating instance of bean 'userDao'
2016-12-24 15:03:53 org.springframework.beans.factory.support.AbstractBeanFactory.doGetBean(AbstractBeanFactory.java:251)  Returning cached instance of singleton bean 'org.springframework.transaction.config.internalTransactionAdvisor'
2016-12-24 15:03:53 org.springframework.beans.factory.annotation.AutowiredAnnotationBeanPostProcessor.registerDependentBeans(AutowiredAnnotationBeanPostProcessor.java:539)  Autowiring by type from bean name 'userServiceImpl' to bean named 'userDao'
2016-12-24 15:03:53 org.springframework.beans.factory.support.AbstractBeanFactory.doGetBean(AbstractBeanFactory.java:251)  Returning cached instance of singleton bean 'org.springframework.transaction.config.internalTransactionAdvisor'
2016-12-24 15:03:53 org.springframework.beans.factory.support.AbstractAutowireCapableBeanFactory.createBean(AbstractAutowireCapableBeanFactory.java:484)  Finished creating instance of bean 'userServiceImpl'
2016-12-24 15:03:53 org.springframework.beans.factory.annotation.AutowiredAnnotationBeanPostProcessor.registerDependentBeans(AutowiredAnnotationBeanPostProcessor.java:539)  Autowiring by type from bean name 'noInterceptor' to bean named 'userServiceImpl'
2016-12-24 15:03:53 org.springframework.beans.factory.support.AbstractBeanFactory.doGetBean(AbstractBeanFactory.java:251)  Returning cached instance of singleton bean 'org.springframework.transaction.config.internalTransactionAdvisor'
2016-12-24 15:03:53 org.springframework.beans.factory.support.AbstractAutowireCapableBeanFactory.createBean(AbstractAutowireCapableBeanFactory.java:484)  Finished creating instance of bean 'noInterceptor'
2016-12-24 15:03:53 org.springframework.beans.factory.support.DefaultSingletonBeanRegistry.getSingleton(DefaultSingletonBeanRegistry.java:221)  Creating shared instance of singleton bean 'urlTrans'
2016-12-24 15:03:53 org.springframework.beans.factory.support.AbstractAutowireCapableBeanFactory.createBean(AbstractAutowireCapableBeanFactory.java:448)  Creating instance of bean 'urlTrans'
2016-12-24 15:03:53 org.springframework.beans.factory.support.AbstractAutowireCapableBeanFactory.doCreateBean(AbstractAutowireCapableBeanFactory.java:537)  Eagerly caching bean 'urlTrans' to allow for resolving potential circular references
2016-12-24 15:03:53 org.springframework.beans.factory.support.AbstractBeanFactory.doGetBean(AbstractBeanFactory.java:251)  Returning cached instance of singleton bean 'org.springframework.transaction.config.internalTransactionAdvisor'
2016-12-24 15:03:53 org.springframework.beans.factory.support.AbstractAutowireCapableBeanFactory.createBean(AbstractAutowireCapableBeanFactory.java:484)  Finished creating instance of bean 'urlTrans'
2016-12-24 15:03:53 org.springframework.beans.factory.support.DefaultSingletonBeanRegistry.getSingleton(DefaultSingletonBeanRegistry.java:221)  Creating shared instance of singleton bean 'userController'
2016-12-24 15:03:53 org.springframework.beans.factory.support.AbstractAutowireCapableBeanFactory.createBean(AbstractAutowireCapableBeanFactory.java:448)  Creating instance of bean 'userController'
2016-12-24 15:03:53 org.springframework.beans.factory.annotation.InjectionMetadata.checkConfigMembers(InjectionMetadata.java:72)  Registered injected element on class [com.ssm.action.UserController]: AutowiredFieldElement for private com.ssm.service.EmpService com.ssm.action.UserController.empService
2016-12-24 15:03:53 org.springframework.beans.factory.support.AbstractAutowireCapableBeanFactory.doCreateBean(AbstractAutowireCapableBeanFactory.java:537)  Eagerly caching bean 'userController' to allow for resolving potential circular references
2016-12-24 15:03:53 org.springframework.beans.factory.annotation.InjectionMetadata.inject(InjectionMetadata.java:86)  Processing injected element of bean 'userController': AutowiredFieldElement for private com.ssm.service.EmpService com.ssm.action.UserController.empService
2016-12-24 15:03:53 org.springframework.beans.factory.support.AbstractBeanFactory.doGetBean(AbstractBeanFactory.java:251)  Returning cached instance of singleton bean 'empServiceImpl'
2016-12-24 15:03:53 org.springframework.beans.factory.annotation.AutowiredAnnotationBeanPostProcessor.registerDependentBeans(AutowiredAnnotationBeanPostProcessor.java:539)  Autowiring by type from bean name 'userController' to bean named 'empServiceImpl'
2016-12-24 15:03:53 org.springframework.beans.factory.support.AbstractBeanFactory.doGetBean(AbstractBeanFactory.java:251)  Returning cached instance of singleton bean 'org.springframework.transaction.config.internalTransactionAdvisor'
2016-12-24 15:03:53 org.springframework.beans.factory.support.AbstractAutowireCapableBeanFactory.createBean(AbstractAutowireCapableBeanFactory.java:484)  Finished creating instance of bean 'userController'
2016-12-24 15:03:53 org.springframework.beans.factory.support.DefaultSingletonBeanRegistry.getSingleton(DefaultSingletonBeanRegistry.java:221)  Creating shared instance of singleton bean 'userGnController'
2016-12-24 15:03:53 org.springframework.beans.factory.support.AbstractAutowireCapableBeanFactory.createBean(AbstractAutowireCapableBeanFactory.java:448)  Creating instance of bean 'userGnController'
2016-12-24 15:03:53 org.springframework.beans.factory.annotation.InjectionMetadata.checkConfigMembers(InjectionMetadata.java:72)  Registered injected element on class [com.ssm.action.UserGnController]: AutowiredFieldElement for private com.ssm.service.EmpService com.ssm.action.UserGnController.empService
2016-12-24 15:03:53 org.springframework.beans.factory.support.AbstractAutowireCapableBeanFactory.doCreateBean(AbstractAutowireCapableBeanFactory.java:537)  Eagerly caching bean 'userGnController' to allow for resolving potential circular references
2016-12-24 15:03:53 org.springframework.beans.factory.annotation.InjectionMetadata.inject(InjectionMetadata.java:86)  Processing injected element of bean 'userGnController': AutowiredFieldElement for private com.ssm.service.EmpService com.ssm.action.UserGnController.empService
2016-12-24 15:03:53 org.springframework.beans.factory.support.AbstractBeanFactory.doGetBean(AbstractBeanFactory.java:251)  Returning cached instance of singleton bean 'empServiceImpl'
2016-12-24 15:03:53 org.springframework.beans.factory.annotation.AutowiredAnnotationBeanPostProcessor.registerDependentBeans(AutowiredAnnotationBeanPostProcessor.java:539)  Autowiring by type from bean name 'userGnController' to bean named 'empServiceImpl'
2016-12-24 15:03:53 org.springframework.beans.factory.support.AbstractBeanFactory.doGetBean(AbstractBeanFactory.java:251)  Returning cached instance of singleton bean 'org.springframework.transaction.config.internalTransactionAdvisor'
2016-12-24 15:03:53 org.springframework.beans.factory.support.AbstractAutowireCapableBeanFactory.createBean(AbstractAutowireCapableBeanFactory.java:484)  Finished creating instance of bean 'userGnController'
2016-12-24 15:03:53 org.springframework.beans.factory.support.DefaultSingletonBeanRegistry.getSingleton(DefaultSingletonBeanRegistry.java:221)  Creating shared instance of singleton bean 'dept'
2016-12-24 15:03:53 org.springframework.beans.factory.support.AbstractAutowireCapableBeanFactory.createBean(AbstractAutowireCapableBeanFactory.java:448)  Creating instance of bean 'dept'
2016-12-24 15:03:53 org.springframework.beans.factory.support.AbstractAutowireCapableBeanFactory.doCreateBean(AbstractAutowireCapableBeanFactory.java:537)  Eagerly caching bean 'dept' to allow for resolving potential circular references
2016-12-24 15:03:53 org.springframework.beans.factory.support.AbstractBeanFactory.doGetBean(AbstractBeanFactory.java:251)  Returning cached instance of singleton bean 'org.springframework.transaction.config.internalTransactionAdvisor'
2016-12-24 15:03:53 org.springframework.beans.factory.support.AbstractAutowireCapableBeanFactory.createBean(AbstractAutowireCapableBeanFactory.java:484)  Finished creating instance of bean 'dept'
2016-12-24 15:03:53 org.springframework.beans.factory.support.DefaultSingletonBeanRegistry.getSingleton(DefaultSingletonBeanRegistry.java:221)  Creating shared instance of singleton bean 'user'
2016-12-24 15:03:53 org.springframework.beans.factory.support.AbstractAutowireCapableBeanFactory.createBean(AbstractAutowireCapableBeanFactory.java:448)  Creating instance of bean 'user'
2016-12-24 15:03:53 org.springframework.beans.factory.support.AbstractAutowireCapableBeanFactory.doCreateBean(AbstractAutowireCapableBeanFactory.java:537)  Eagerly caching bean 'user' to allow for resolving potential circular references
2016-12-24 15:03:53 org.springframework.beans.factory.support.AbstractBeanFactory.doGetBean(AbstractBeanFactory.java:251)  Returning cached instance of singleton bean 'org.springframework.transaction.config.internalTransactionAdvisor'
2016-12-24 15:03:53 org.springframework.beans.factory.support.AbstractAutowireCapableBeanFactory.createBean(AbstractAutowireCapableBeanFactory.java:484)  Finished creating instance of bean 'user'
2016-12-24 15:03:53 org.springframework.beans.factory.support.AbstractBeanFactory.doGetBean(AbstractBeanFactory.java:251)  Returning cached instance of singleton bean 'deptServiceImpl'
2016-12-24 15:03:53 org.springframework.beans.factory.support.AbstractBeanFactory.doGetBean(AbstractBeanFactory.java:251)  Returning cached instance of singleton bean 'empServiceImpl'
2016-12-24 15:03:53 org.springframework.beans.factory.support.AbstractBeanFactory.doGetBean(AbstractBeanFactory.java:251)  Returning cached instance of singleton bean 'userServiceImpl'
2016-12-24 15:03:53 org.springframework.beans.factory.support.AbstractBeanFactory.doGetBean(AbstractBeanFactory.java:251)  Returning cached instance of singleton bean 'org.springframework.context.annotation.internalConfigurationAnnotationProcessor'
2016-12-24 15:03:53 org.springframework.beans.factory.support.AbstractBeanFactory.doGetBean(AbstractBeanFactory.java:251)  Returning cached instance of singleton bean 'org.springframework.context.annotation.internalAutowiredAnnotationProcessor'
2016-12-24 15:03:53 org.springframework.beans.factory.support.AbstractBeanFactory.doGetBean(AbstractBeanFactory.java:251)  Returning cached instance of singleton bean 'org.springframework.context.annotation.internalRequiredAnnotationProcessor'
2016-12-24 15:03:53 org.springframework.beans.factory.support.AbstractBeanFactory.doGetBean(AbstractBeanFactory.java:251)  Returning cached instance of singleton bean 'org.springframework.context.annotation.internalCommonAnnotationProcessor'
2016-12-24 15:03:53 org.springframework.beans.factory.support.DefaultSingletonBeanRegistry.getSingleton(DefaultSingletonBeanRegistry.java:221)  Creating shared instance of singleton bean 'org.springframework.context.event.internalEventListenerProcessor'
2016-12-24 15:03:53 org.springframework.beans.factory.support.AbstractAutowireCapableBeanFactory.createBean(AbstractAutowireCapableBeanFactory.java:448)  Creating instance of bean 'org.springframework.context.event.internalEventListenerProcessor'
2016-12-24 15:03:53 org.springframework.beans.factory.support.AbstractAutowireCapableBeanFactory.doCreateBean(AbstractAutowireCapableBeanFactory.java:537)  Eagerly caching bean 'org.springframework.context.event.internalEventListenerProcessor' to allow for resolving potential circular references
2016-12-24 15:03:53 org.springframework.beans.factory.support.AbstractBeanFactory.doGetBean(AbstractBeanFactory.java:251)  Returning cached instance of singleton bean 'org.springframework.transaction.config.internalTransactionAdvisor'
2016-12-24 15:03:53 org.springframework.beans.factory.support.AbstractAutowireCapableBeanFactory.createBean(AbstractAutowireCapableBeanFactory.java:484)  Finished creating instance of bean 'org.springframework.context.event.internalEventListenerProcessor'
2016-12-24 15:03:53 org.springframework.beans.factory.support.DefaultSingletonBeanRegistry.getSingleton(DefaultSingletonBeanRegistry.java:221)  Creating shared instance of singleton bean 'org.springframework.context.event.internalEventListenerFactory'
2016-12-24 15:03:53 org.springframework.beans.factory.support.AbstractAutowireCapableBeanFactory.createBean(AbstractAutowireCapableBeanFactory.java:448)  Creating instance of bean 'org.springframework.context.event.internalEventListenerFactory'
2016-12-24 15:03:53 org.springframework.beans.factory.support.AbstractAutowireCapableBeanFactory.doCreateBean(AbstractAutowireCapableBeanFactory.java:537)  Eagerly caching bean 'org.springframework.context.event.internalEventListenerFactory' to allow for resolving potential circular references
2016-12-24 15:03:53 org.springframework.beans.factory.support.AbstractBeanFactory.doGetBean(AbstractBeanFactory.java:251)  Returning cached instance of singleton bean 'org.springframework.transaction.config.internalTransactionAdvisor'
2016-12-24 15:03:53 org.springframework.beans.factory.support.AbstractAutowireCapableBeanFactory.createBean(AbstractAutowireCapableBeanFactory.java:484)  Finished creating instance of bean 'org.springframework.context.event.internalEventListenerFactory'
2016-12-24 15:03:53 org.springframework.beans.factory.support.AbstractBeanFactory.doGetBean(AbstractBeanFactory.java:251)  Returning cached instance of singleton bean 'dataSource123'
2016-12-24 15:03:53 org.springframework.beans.factory.support.AbstractBeanFactory.doGetBean(AbstractBeanFactory.java:251)  Returning cached instance of singleton bean 'sqlSessionFactory'
2016-12-24 15:03:53 org.springframework.beans.factory.support.AbstractBeanFactory.doGetBean(AbstractBeanFactory.java:251)  Returning cached instance of singleton bean 'org.mybatis.spring.mapper.MapperScannerConfigurer#0'
2016-12-24 15:03:53 org.springframework.beans.factory.support.DefaultSingletonBeanRegistry.getSingleton(DefaultSingletonBeanRegistry.java:221)  Creating shared instance of singleton bean 'txManager'
2016-12-24 15:03:53 org.springframework.beans.factory.support.AbstractAutowireCapableBeanFactory.createBean(AbstractAutowireCapableBeanFactory.java:448)  Creating instance of bean 'txManager'
2016-12-24 15:03:53 org.springframework.beans.factory.support.AbstractAutowireCapableBeanFactory.doCreateBean(AbstractAutowireCapableBeanFactory.java:537)  Eagerly caching bean 'txManager' to allow for resolving potential circular references
2016-12-24 15:03:53 org.springframework.beans.factory.support.AbstractBeanFactory.doGetBean(AbstractBeanFactory.java:251)  Returning cached instance of singleton bean 'dataSource123'
2016-12-24 15:03:53 org.springframework.beans.factory.support.AbstractAutowireCapableBeanFactory.invokeInitMethods(AbstractAutowireCapableBeanFactory.java:1625)  Invoking afterPropertiesSet() on bean with name 'txManager'
2016-12-24 15:03:53 org.springframework.beans.factory.support.AbstractBeanFactory.doGetBean(AbstractBeanFactory.java:251)  Returning cached instance of singleton bean 'org.springframework.transaction.config.internalTransactionAdvisor'
2016-12-24 15:03:53 org.springframework.beans.factory.support.AbstractAutowireCapableBeanFactory.createBean(AbstractAutowireCapableBeanFactory.java:484)  Finished creating instance of bean 'txManager'
2016-12-24 15:03:53 org.springframework.beans.factory.support.DefaultSingletonBeanRegistry.getSingleton(DefaultSingletonBeanRegistry.java:221)  Creating shared instance of singleton bean 'org.springframework.transaction.config.internalTransactionalEventListenerFactory'
2016-12-24 15:03:53 org.springframework.beans.factory.support.AbstractAutowireCapableBeanFactory.createBean(AbstractAutowireCapableBeanFactory.java:448)  Creating instance of bean 'org.springframework.transaction.config.internalTransactionalEventListenerFactory'
2016-12-24 15:03:53 org.springframework.beans.factory.support.AbstractAutowireCapableBeanFactory.doCreateBean(AbstractAutowireCapableBeanFactory.java:537)  Eagerly caching bean 'org.springframework.transaction.config.internalTransactionalEventListenerFactory' to allow for resolving potential circular references
2016-12-24 15:03:53 org.springframework.beans.factory.support.AbstractBeanFactory.doGetBean(AbstractBeanFactory.java:251)  Returning cached instance of singleton bean 'org.springframework.transaction.config.internalTransactionAdvisor'
2016-12-24 15:03:53 org.springframework.beans.factory.support.AbstractAutowireCapableBeanFactory.createBean(AbstractAutowireCapableBeanFactory.java:484)  Finished creating instance of bean 'org.springframework.transaction.config.internalTransactionalEventListenerFactory'
2016-12-24 15:03:53 org.springframework.beans.factory.support.AbstractBeanFactory.doGetBean(AbstractBeanFactory.java:251)  Returning cached instance of singleton bean 'org.springframework.aop.config.internalAutoProxyCreator'
2016-12-24 15:03:53 org.springframework.beans.factory.support.AbstractBeanFactory.doGetBean(AbstractBeanFactory.java:251)  Returning cached instance of singleton bean 'org.springframework.transaction.annotation.AnnotationTransactionAttributeSource#0'
2016-12-24 15:03:53 org.springframework.beans.factory.support.DefaultSingletonBeanRegistry.getSingleton(DefaultSingletonBeanRegistry.java:221)  Creating shared instance of singleton bean 'org.springframework.transaction.interceptor.TransactionInterceptor#0'
2016-12-24 15:03:53 org.springframework.beans.factory.support.AbstractAutowireCapableBeanFactory.createBean(AbstractAutowireCapableBeanFactory.java:448)  Creating instance of bean 'org.springframework.transaction.interceptor.TransactionInterceptor#0'
2016-12-24 15:03:53 org.springframework.beans.factory.support.AbstractAutowireCapableBeanFactory.doCreateBean(AbstractAutowireCapableBeanFactory.java:537)  Eagerly caching bean 'org.springframework.transaction.interceptor.TransactionInterceptor#0' to allow for resolving potential circular references
2016-12-24 15:03:53 org.springframework.beans.factory.support.AbstractBeanFactory.doGetBean(AbstractBeanFactory.java:251)  Returning cached instance of singleton bean 'org.springframework.transaction.annotation.AnnotationTransactionAttributeSource#0'
2016-12-24 15:03:53 org.springframework.beans.factory.support.AbstractAutowireCapableBeanFactory.invokeInitMethods(AbstractAutowireCapableBeanFactory.java:1625)  Invoking afterPropertiesSet() on bean with name 'org.springframework.transaction.interceptor.TransactionInterceptor#0'
2016-12-24 15:03:53 org.springframework.beans.factory.support.AbstractAutowireCapableBeanFactory.createBean(AbstractAutowireCapableBeanFactory.java:484)  Finished creating instance of bean 'org.springframework.transaction.interceptor.TransactionInterceptor#0'
2016-12-24 15:03:53 org.springframework.beans.factory.support.AbstractBeanFactory.doGetBean(AbstractBeanFactory.java:251)  Returning cached instance of singleton bean 'org.springframework.transaction.config.internalTransactionAdvisor'
2016-12-24 15:03:53 org.springframework.beans.factory.support.AbstractBeanFactory.doGetBean(AbstractBeanFactory.java:251)  Returning cached instance of singleton bean 'org.springframework.context.annotation.ConfigurationClassPostProcessor.importAwareProcessor'
2016-12-24 15:03:53 org.springframework.beans.factory.support.AbstractBeanFactory.doGetBean(AbstractBeanFactory.java:251)  Returning cached instance of singleton bean 'org.springframework.context.annotation.ConfigurationClassPostProcessor.enhancedConfigurationProcessor'
2016-12-24 15:03:53 org.springframework.beans.factory.support.DefaultSingletonBeanRegistry.getSingleton(DefaultSingletonBeanRegistry.java:221)  Creating shared instance of singleton bean 'authDao'
2016-12-24 15:03:53 org.springframework.beans.factory.support.AbstractAutowireCapableBeanFactory.createBean(AbstractAutowireCapableBeanFactory.java:448)  Creating instance of bean 'authDao'
2016-12-24 15:03:53 org.springframework.beans.factory.support.AbstractAutowireCapableBeanFactory.doCreateBean(AbstractAutowireCapableBeanFactory.java:537)  Eagerly caching bean 'authDao' to allow for resolving potential circular references
2016-12-24 15:03:53 org.springframework.beans.factory.support.AbstractBeanFactory.doGetBean(AbstractBeanFactory.java:251)  Returning cached instance of singleton bean 'sqlSessionFactory'
2016-12-24 15:03:53 org.springframework.beans.factory.support.AbstractAutowireCapableBeanFactory.invokeInitMethods(AbstractAutowireCapableBeanFactory.java:1625)  Invoking afterPropertiesSet() on bean with name 'authDao'
2016-12-24 15:03:53 org.springframework.beans.factory.support.AbstractBeanFactory.doGetBean(AbstractBeanFactory.java:251)  Returning cached instance of singleton bean 'org.springframework.transaction.config.internalTransactionAdvisor'
2016-12-24 15:03:53 org.springframework.beans.factory.support.AbstractAutowireCapableBeanFactory.createBean(AbstractAutowireCapableBeanFactory.java:484)  Finished creating instance of bean 'authDao'
2016-12-24 15:03:53 org.springframework.beans.factory.support.DefaultSingletonBeanRegistry.getSingleton(DefaultSingletonBeanRegistry.java:221)  Creating shared instance of singleton bean 'authgroupDao'
2016-12-24 15:03:53 org.springframework.beans.factory.support.AbstractAutowireCapableBeanFactory.createBean(AbstractAutowireCapableBeanFactory.java:448)  Creating instance of bean 'authgroupDao'
2016-12-24 15:03:53 org.springframework.beans.factory.support.AbstractAutowireCapableBeanFactory.doCreateBean(AbstractAutowireCapableBeanFactory.java:537)  Eagerly caching bean 'authgroupDao' to allow for resolving potential circular references
2016-12-24 15:03:53 org.springframework.beans.factory.support.AbstractBeanFactory.doGetBean(AbstractBeanFactory.java:251)  Returning cached instance of singleton bean 'sqlSessionFactory'
2016-12-24 15:03:53 org.springframework.beans.factory.support.AbstractAutowireCapableBeanFactory.invokeInitMethods(AbstractAutowireCapableBeanFactory.java:1625)  Invoking afterPropertiesSet() on bean with name 'authgroupDao'
2016-12-24 15:03:53 org.springframework.beans.factory.support.AbstractBeanFactory.doGetBean(AbstractBeanFactory.java:251)  Returning cached instance of singleton bean 'org.springframework.transaction.config.internalTransactionAdvisor'
2016-12-24 15:03:53 org.springframework.beans.factory.support.AbstractAutowireCapableBeanFactory.createBean(AbstractAutowireCapableBeanFactory.java:484)  Finished creating instance of bean 'authgroupDao'
2016-12-24 15:03:53 org.springframework.beans.factory.support.AbstractBeanFactory.doGetBean(AbstractBeanFactory.java:251)  Returning cached instance of singleton bean 'deptDao'
2016-12-24 15:03:53 org.springframework.beans.factory.support.AbstractBeanFactory.doGetBean(AbstractBeanFactory.java:251)  Returning cached instance of singleton bean 'empDao'
2016-12-24 15:03:53 org.springframework.beans.factory.support.DefaultSingletonBeanRegistry.getSingleton(DefaultSingletonBeanRegistry.java:221)  Creating shared instance of singleton bean 'roleDao'
2016-12-24 15:03:53 org.springframework.beans.factory.support.AbstractAutowireCapableBeanFactory.createBean(AbstractAutowireCapableBeanFactory.java:448)  Creating instance of bean 'roleDao'
2016-12-24 15:03:53 org.springframework.beans.factory.support.AbstractAutowireCapableBeanFactory.doCreateBean(AbstractAutowireCapableBeanFactory.java:537)  Eagerly caching bean 'roleDao' to allow for resolving potential circular references
2016-12-24 15:03:53 org.springframework.beans.factory.support.AbstractBeanFactory.doGetBean(AbstractBeanFactory.java:251)  Returning cached instance of singleton bean 'sqlSessionFactory'
2016-12-24 15:03:53 org.springframework.beans.factory.support.AbstractAutowireCapableBeanFactory.invokeInitMethods(AbstractAutowireCapableBeanFactory.java:1625)  Invoking afterPropertiesSet() on bean with name 'roleDao'
2016-12-24 15:03:53 org.springframework.beans.factory.support.AbstractBeanFactory.doGetBean(AbstractBeanFactory.java:251)  Returning cached instance of singleton bean 'org.springframework.transaction.config.internalTransactionAdvisor'
2016-12-24 15:03:53 org.springframework.beans.factory.support.AbstractAutowireCapableBeanFactory.createBean(AbstractAutowireCapableBeanFactory.java:484)  Finished creating instance of bean 'roleDao'
2016-12-24 15:03:53 org.springframework.beans.factory.support.AbstractBeanFactory.doGetBean(AbstractBeanFactory.java:251)  Returning cached instance of singleton bean 'userDao'
2016-12-24 15:03:53 org.springframework.beans.factory.support.AbstractBeanFactory.doGetBean(AbstractBeanFactory.java:251)  Returning cached instance of singleton bean 'org.springframework.context.event.internalEventListenerFactory'
2016-12-24 15:03:53 org.springframework.beans.factory.support.AbstractBeanFactory.doGetBean(AbstractBeanFactory.java:251)  Returning cached instance of singleton bean 'org.springframework.transaction.config.internalTransactionalEventListenerFactory'
2016-12-24 15:03:53 org.springframework.context.support.AbstractApplicationContext.initLifecycleProcessor(AbstractApplicationContext.java:784)  Unable to locate LifecycleProcessor with name 'lifecycleProcessor': using default [org.springframework.context.support.DefaultLifecycleProcessor@58cbafc2]
2016-12-24 15:03:53 org.springframework.beans.factory.support.AbstractBeanFactory.doGetBean(AbstractBeanFactory.java:251)  Returning cached instance of singleton bean 'lifecycleProcessor'
2016-12-24 15:03:53 org.springframework.beans.factory.support.AbstractBeanFactory.doGetBean(AbstractBeanFactory.java:251)  Returning cached instance of singleton bean 'sqlSessionFactory'
2016-12-24 15:03:53 org.springframework.core.env.PropertySourcesPropertyResolver.getProperty(PropertySourcesPropertyResolver.java:91)  Could not find key 'spring.liveBeansView.mbeanDomain' in any property source
2016-12-24 15:03:53 org.springframework.beans.factory.support.AbstractBeanFactory.doGetBean(AbstractBeanFactory.java:251)  Returning cached instance of singleton bean 'empServiceImpl'
2016-12-24 15:03:53 org.apache.ibatis.logging.commons.JakartaCommonsLoggingImpl.debug(JakartaCommonsLoggingImpl.java:54)  Creating a new SqlSession
2016-12-24 15:03:53 org.apache.ibatis.logging.commons.JakartaCommonsLoggingImpl.debug(JakartaCommonsLoggingImpl.java:54)  SqlSession [org.apache.ibatis.session.defaults.DefaultSqlSession@4681c175] was not registered for synchronization because synchronization is not active
2016-12-24 15:03:53 org.springframework.jdbc.datasource.DataSourceUtils.doGetConnection(DataSourceUtils.java:110)  Fetching JDBC Connection from DataSource
2016-12-24 15:03:53 com.alibaba.druid.pool.DruidDataSource.init(DruidDataSource.java:715)  {dataSource-1} inited
2016-12-24 15:03:53 org.apache.ibatis.logging.commons.JakartaCommonsLoggingImpl.debug(JakartaCommonsLoggingImpl.java:54)  JDBC Connection [com.mysql.jdbc.JDBC4Connection@41330d4f] will not be managed by Spring
2016-12-24 15:03:54 org.apache.ibatis.logging.commons.JakartaCommonsLoggingImpl.debug(JakartaCommonsLoggingImpl.java:54)  ==>  Preparing: select id, name, pwd from tb_emp 
2016-12-24 15:03:54 org.apache.ibatis.logging.commons.JakartaCommonsLoggingImpl.debug(JakartaCommonsLoggingImpl.java:54)  ==> Parameters: 
2016-12-24 15:03:54 org.apache.ibatis.logging.commons.JakartaCommonsLoggingImpl.debug(JakartaCommonsLoggingImpl.java:54)  <==      Total: 7
2016-12-24 15:03:54 org.apache.ibatis.logging.commons.JakartaCommonsLoggingImpl.debug(JakartaCommonsLoggingImpl.java:54)  Closing non transactional SqlSession [org.apache.ibatis.session.defaults.DefaultSqlSession@4681c175]
2016-12-24 15:03:54 org.springframework.jdbc.datasource.DataSourceUtils.doReleaseConnection(DataSourceUtils.java:327)  Returning JDBC Connection to DataSource
2016-12-24 15:05:06 org.springframework.core.env.MutablePropertySources.addLast(MutablePropertySources.java:109)  Adding [systemProperties] PropertySource with lowest search precedence
2016-12-24 15:05:06 org.springframework.core.env.MutablePropertySources.addLast(MutablePropertySources.java:109)  Adding [systemEnvironment] PropertySource with lowest search precedence
2016-12-24 15:05:06 org.springframework.core.env.AbstractEnvironment.<init>(AbstractEnvironment.java:124)  Initialized StandardEnvironment with PropertySources [systemProperties,systemEnvironment]
2016-12-24 15:05:06 org.springframework.context.support.AbstractApplicationContext.prepareRefresh(AbstractApplicationContext.java:582)  Refreshing org.springframework.context.support.ClassPathXmlApplicationContext@7cf10a6f: startup date [Sat Dec 24 15:05:06 CST 2016]; root of context hierarchy
2016-12-24 15:05:06 org.springframework.core.env.MutablePropertySources.addLast(MutablePropertySources.java:109)  Adding [systemProperties] PropertySource with lowest search precedence
2016-12-24 15:05:06 org.springframework.core.env.MutablePropertySources.addLast(MutablePropertySources.java:109)  Adding [systemEnvironment] PropertySource with lowest search precedence
2016-12-24 15:05:06 org.springframework.core.env.AbstractEnvironment.<init>(AbstractEnvironment.java:124)  Initialized StandardEnvironment with PropertySources [systemProperties,systemEnvironment]
2016-12-24 15:05:06 org.springframework.beans.factory.xml.XmlBeanDefinitionReader.loadBeanDefinitions(XmlBeanDefinitionReader.java:317)  Loading XML bean definitions from class path resource [applicationContext.xml]
2016-12-24 15:05:06 org.springframework.beans.factory.xml.DefaultDocumentLoader.loadDocument(DefaultDocumentLoader.java:73)  Using JAXP provider [com.sun.org.apache.xerces.internal.jaxp.DocumentBuilderFactoryImpl]
2016-12-24 15:05:06 org.springframework.beans.factory.xml.PluggableSchemaResolver.getSchemaMappings(PluggableSchemaResolver.java:141)  Loading schema mappings from [META-INF/spring.schemas]
2016-12-24 15:05:06 org.springframework.beans.factory.xml.PluggableSchemaResolver.getSchemaMappings(PluggableSchemaResolver.java:147)  Loaded schema mappings: {http://www.springframework.org/schema/tx/spring-tx-4.3.xsd=org/springframework/transaction/config/spring-tx-4.3.xsd, http://www.springframework.org/schema/tx/spring-tx-2.5.xsd=org/springframework/transaction/config/spring-tx-2.5.xsd, http://www.springframework.org/schema/cache/spring-cache-4.2.xsd=org/springframework/cache/config/spring-cache-4.2.xsd, http://www.springframework.org/schema/aop/spring-aop-4.1.xsd=org/springframework/aop/config/spring-aop-4.1.xsd, http://www.springframework.org/schema/context/spring-context-3.1.xsd=org/springframework/context/config/spring-context-3.1.xsd, http://www.springframework.org/schema/jdbc/spring-jdbc-4.1.xsd=org/springframework/jdbc/config/spring-jdbc-4.1.xsd, http://www.springframework.org/schema/mvc/spring-mvc-4.1.xsd=org/springframework/web/servlet/config/spring-mvc-4.1.xsd, http://www.springframework.org/schema/util/spring-util-3.0.xsd=org/springframework/beans/factory/xml/spring-util-3.0.xsd, http://www.springframework.org/schema/tool/spring-tool.xsd=org/springframework/beans/factory/xml/spring-tool-4.3.xsd, http://www.springframework.org/schema/aop/spring-aop-3.2.xsd=org/springframework/aop/config/spring-aop-3.2.xsd, http://mybatis.org/schema/mybatis-spring-1.2.xsd=org/mybatis/spring/config/mybatis-spring-1.2.xsd, http://www.springframework.org/schema/lang/spring-lang-4.1.xsd=org/springframework/scripting/config/spring-lang-4.1.xsd, http://www.springframework.org/schema/context/spring-context-4.0.xsd=org/springframework/context/config/spring-context-4.0.xsd, http://www.springframework.org/schema/mvc/spring-mvc-3.2.xsd=org/springframework/web/servlet/config/spring-mvc-3.2.xsd, http://www.springframework.org/schema/beans/spring-beans-4.2.xsd=org/springframework/beans/factory/xml/spring-beans-4.2.xsd, http://www.springframework.org/schema/tool/spring-tool-4.1.xsd=org/springframework/beans/factory/xml/spring-tool-4.1.xsd, http://www.springframework.org/schema/lang/spring-lang-3.2.xsd=org/springframework/scripting/config/spring-lang-3.2.xsd, http://www.springframework.org/schema/cache/spring-cache-3.2.xsd=org/springframework/cache/config/spring-cache-3.2.xsd, http://www.springframework.org/schema/jee/spring-jee-4.1.xsd=org/springframework/ejb/config/spring-jee-4.1.xsd, http://www.springframework.org/schema/jdbc/spring-jdbc-3.1.xsd=org/springframework/jdbc/config/spring-jdbc-3.1.xsd, http://www.springframework.org/schema/task/spring-task-4.2.xsd=org/springframework/scheduling/config/spring-task-4.2.xsd, http://www.springframework.org/schema/util/spring-util-2.0.xsd=org/springframework/beans/factory/xml/spring-util-2.0.xsd, http://www.springframework.org/schema/tool/spring-tool-3.2.xsd=org/springframework/beans/factory/xml/spring-tool-3.2.xsd, http://www.springframework.org/schema/context/spring-context.xsd=org/springframework/context/config/spring-context-4.3.xsd, http://www.springframework.org/schema/tx/spring-tx-4.2.xsd=org/springframework/transaction/config/spring-tx-4.2.xsd, http://www.springframework.org/schema/cache/spring-cache-4.1.xsd=org/springframework/cache/config/spring-cache-4.1.xsd, http://www.springframework.org/schema/aop/spring-aop-4.0.xsd=org/springframework/aop/config/spring-aop-4.0.xsd, http://www.springframework.org/schema/jee/spring-jee-3.2.xsd=org/springframework/ejb/config/spring-jee-3.2.xsd, http://www.springframework.org/schema/context/spring-context-3.0.xsd=org/springframework/context/config/spring-context-3.0.xsd, http://www.springframework.org/schema/jdbc/spring-jdbc-4.0.xsd=org/springframework/jdbc/config/spring-jdbc-4.0.xsd, http://www.springframework.org/schema/mvc/spring-mvc-4.0.xsd=org/springframework/web/servlet/config/spring-mvc-4.0.xsd, http://www.springframework.org/schema/util/spring-util-2.5.xsd=org/springframework/beans/factory/xml/spring-util-2.5.xsd, http://www.springframework.org/schema/util/spring-util-4.3.xsd=org/springframework/beans/factory/xml/spring-util-4.3.xsd, http://www.springframework.org/schema/beans/spring-beans-3.2.xsd=org/springframework/beans/factory/xml/spring-beans-3.2.xsd, http://www.springframework.org/schema/aop/spring-aop-3.1.xsd=org/springframework/aop/config/spring-aop-3.1.xsd, http://www.springframework.org/schema/lang/spring-lang-4.0.xsd=org/springframework/scripting/config/spring-lang-4.0.xsd, http://www.springframework.org/schema/mvc/spring-mvc.xsd=org/springframework/web/servlet/config/spring-mvc-4.3.xsd, http://www.springframework.org/schema/mvc/spring-mvc-3.1.xsd=org/springframework/web/servlet/config/spring-mvc-3.1.xsd, http://www.springframework.org/schema/beans/spring-beans-4.1.xsd=org/springframework/beans/factory/xml/spring-beans-4.1.xsd, http://www.springframework.org/schema/tool/spring-tool-4.0.xsd=org/springframework/beans/factory/xml/spring-tool-4.0.xsd, http://www.springframework.org/schema/tx/spring-tx-3.2.xsd=org/springframework/transaction/config/spring-tx-3.2.xsd, http://www.springframework.org/schema/lang/spring-lang-3.1.xsd=org/springframework/scripting/config/spring-lang-3.1.xsd, http://www.springframework.org/schema/cache/spring-cache-3.1.xsd=org/springframework/cache/config/spring-cache-3.1.xsd, http://www.springframework.org/schema/jee/spring-jee-4.0.xsd=org/springframework/ejb/config/spring-jee-4.0.xsd, http://www.springframework.org/schema/jdbc/spring-jdbc-3.0.xsd=org/springframework/jdbc/config/spring-jdbc-3.0.xsd, http://www.springframework.org/schema/task/spring-task-4.1.xsd=org/springframework/scheduling/config/spring-task-4.1.xsd, http://www.springframework.org/schema/jdbc/spring-jdbc.xsd=org/springframework/jdbc/config/spring-jdbc-4.3.xsd, http://www.springframework.org/schema/tool/spring-tool-3.1.xsd=org/springframework/beans/factory/xml/spring-tool-3.1.xsd, http://www.springframework.org/schema/tx/spring-tx-4.1.xsd=org/springframework/transaction/config/spring-tx-4.1.xsd, http://www.springframework.org/schema/cache/spring-cache-4.0.xsd=org/springframework/cache/config/spring-cache-4.0.xsd, http://www.springframework.org/schema/jee/spring-jee-3.1.xsd=org/springframework/ejb/config/spring-jee-3.1.xsd, http://www.springframework.org/schema/task/spring-task-3.2.xsd=org/springframework/scheduling/config/spring-task-3.2.xsd, http://www.springframework.org/schema/util/spring-util-4.2.xsd=org/springframework/beans/factory/xml/spring-util-4.2.xsd, http://www.springframework.org/schema/beans/spring-beans-3.1.xsd=org/springframework/beans/factory/xml/spring-beans-3.1.xsd, http://www.springframework.org/schema/util/spring-util.xsd=org/springframework/beans/factory/xml/spring-util-4.3.xsd, http://www.springframework.org/schema/aop/spring-aop-3.0.xsd=org/springframework/aop/config/spring-aop-3.0.xsd, http://www.springframework.org/schema/mvc/spring-mvc-3.0.xsd=org/springframework/web/servlet/config/spring-mvc-3.0.xsd, http://www.springframework.org/schema/beans/spring-beans-4.0.xsd=org/springframework/beans/factory/xml/spring-beans-4.0.xsd, http://www.springframework.org/schema/beans/spring-beans.xsd=org/springframework/beans/factory/xml/spring-beans-4.3.xsd, http://www.springframework.org/schema/tx/spring-tx-3.1.xsd=org/springframework/transaction/config/spring-tx-3.1.xsd, http://www.springframework.org/schema/lang/spring-lang-3.0.xsd=org/springframework/scripting/config/spring-lang-3.0.xsd, http://mybatis.org/schema/mybatis-spring.xsd=org/mybatis/spring/config/mybatis-spring-1.2.xsd, http://www.springframework.org/schema/context/spring-context-2.5.xsd=org/springframework/context/config/spring-context-2.5.xsd, http://www.springframework.org/schema/context/spring-context-4.3.xsd=org/springframework/context/config/spring-context-4.3.xsd, http://www.springframework.org/schema/task/spring-task-4.0.xsd=org/springframework/scheduling/config/spring-task-4.0.xsd, http://www.springframework.org/schema/tool/spring-tool-3.0.xsd=org/springframework/beans/factory/xml/spring-tool-3.0.xsd, http://www.springframework.org/schema/tx/spring-tx-4.0.xsd=org/springframework/transaction/config/spring-tx-4.0.xsd, http://www.springframework.org/schema/aop/spring-aop-2.0.xsd=org/springframework/aop/config/spring-aop-2.0.xsd, http://www.springframework.org/schema/jee/spring-jee-3.0.xsd=org/springframework/ejb/config/spring-jee-3.0.xsd, http://www.springframework.org/schema/task/spring-task-3.1.xsd=org/springframework/scheduling/config/spring-task-3.1.xsd, http://www.springframework.org/schema/util/spring-util-4.1.xsd=org/springframework/beans/factory/xml/spring-util-4.1.xsd, http://www.springframework.org/schema/beans/spring-beans-3.0.xsd=org/springframework/beans/factory/xml/spring-beans-3.0.xsd, http://www.springframework.org/schema/jee/spring-jee.xsd=org/springframework/ejb/config/spring-jee-4.3.xsd, http://www.springframework.org/schema/aop/spring-aop-2.5.xsd=org/springframework/aop/config/spring-aop-2.5.xsd, http://www.springframework.org/schema/aop/spring-aop-4.3.xsd=org/springframework/aop/config/spring-aop-4.3.xsd, http://www.springframework.org/schema/lang/spring-lang-2.0.xsd=org/springframework/scripting/config/spring-lang-2.0.xsd, http://www.springframework.org/schema/jdbc/spring-jdbc-4.3.xsd=org/springframework/jdbc/config/spring-jdbc-4.3.xsd, http://www.springframework.org/schema/mvc/spring-mvc-4.3.xsd=org/springframework/web/servlet/config/spring-mvc-4.3.xsd, http://www.springframework.org/schema/util/spring-util-3.2.xsd=org/springframework/beans/factory/xml/spring-util-3.2.xsd, http://www.springframework.org/schema/task/spring-task.xsd=org/springframework/scheduling/config/spring-task-4.3.xsd, http://www.springframework.org/schema/tool/spring-tool-2.0.xsd=org/springframework/beans/factory/xml/spring-tool-2.0.xsd, http://www.springframework.org/schema/tx/spring-tx-3.0.xsd=org/springframework/transaction/config/spring-tx-3.0.xsd, http://www.springframework.org/schema/lang/spring-lang-2.5.xsd=org/springframework/scripting/config/spring-lang-2.5.xsd, http://www.springframework.org/schema/lang/spring-lang-4.3.xsd=org/springframework/scripting/config/spring-lang-4.3.xsd, http://www.springframework.org/schema/context/spring-context-4.2.xsd=org/springframework/context/config/spring-context-4.2.xsd, http://www.springframework.org/schema/jee/spring-jee-2.0.xsd=org/springframework/ejb/config/spring-jee-2.0.xsd, http://www.springframework.org/schema/tool/spring-tool-4.3.xsd=org/springframework/beans/factory/xml/spring-tool-4.3.xsd, http://www.springframework.org/schema/tool/spring-tool-2.5.xsd=org/springframework/beans/factory/xml/spring-tool-2.5.xsd, http://www.springframework.org/schema/jee/spring-jee-4.3.xsd=org/springframework/ejb/config/spring-jee-4.3.xsd, http://www.springframework.org/schema/jee/spring-jee-2.5.xsd=org/springframework/ejb/config/spring-jee-2.5.xsd, http://www.springframework.org/schema/task/spring-task-3.0.xsd=org/springframework/scheduling/config/spring-task-3.0.xsd, http://www.springframework.org/schema/util/spring-util-4.0.xsd=org/springframework/beans/factory/xml/spring-util-4.0.xsd, http://www.springframework.org/schema/cache/spring-cache-4.3.xsd=org/springframework/cache/config/spring-cache-4.3.xsd, http://www.springframework.org/schema/aop/spring-aop-4.2.xsd=org/springframework/aop/config/spring-aop-4.2.xsd, http://www.springframework.org/schema/lang/spring-lang.xsd=org/springframework/scripting/config/spring-lang-4.3.xsd, http://www.springframework.org/schema/context/spring-context-3.2.xsd=org/springframework/context/config/spring-context-3.2.xsd, http://www.springframework.org/schema/jdbc/spring-jdbc-4.2.xsd=org/springframework/jdbc/config/spring-jdbc-4.2.xsd, http://www.springframework.org/schema/mvc/spring-mvc-4.2.xsd=org/springframework/web/servlet/config/spring-mvc-4.2.xsd, http://www.springframework.org/schema/util/spring-util-3.1.xsd=org/springframework/beans/factory/xml/spring-util-3.1.xsd, http://www.springframework.org/schema/beans/spring-beans-2.0.xsd=org/springframework/beans/factory/xml/spring-beans-2.0.xsd, http://www.springframework.org/schema/cache/spring-cache.xsd=org/springframework/cache/config/spring-cache-4.3.xsd, http://www.springframework.org/schema/tx/spring-tx.xsd=org/springframework/transaction/config/spring-tx-4.3.xsd, http://www.springframework.org/schema/lang/spring-lang-4.2.xsd=org/springframework/scripting/config/spring-lang-4.2.xsd, http://www.springframework.org/schema/context/spring-context-4.1.xsd=org/springframework/context/config/spring-context-4.1.xsd, http://www.springframework.org/schema/beans/spring-beans-2.5.xsd=org/springframework/beans/factory/xml/spring-beans-2.5.xsd, http://www.springframework.org/schema/beans/spring-beans-4.3.xsd=org/springframework/beans/factory/xml/spring-beans-4.3.xsd, http://www.springframework.org/schema/tool/spring-tool-4.2.xsd=org/springframework/beans/factory/xml/spring-tool-4.2.xsd, http://www.springframework.org/schema/tx/spring-tx-2.0.xsd=org/springframework/transaction/config/spring-tx-2.0.xsd, http://www.alibaba.com/schema/stat.xsd=META-INF/stat.xsd, http://www.springframework.org/schema/jee/spring-jee-4.2.xsd=org/springframework/ejb/config/spring-jee-4.2.xsd, http://www.springframework.org/schema/jdbc/spring-jdbc-3.2.xsd=org/springframework/jdbc/config/spring-jdbc-3.2.xsd, http://www.springframework.org/schema/task/spring-task-4.3.xsd=org/springframework/scheduling/config/spring-task-4.3.xsd, http://www.springframework.org/schema/aop/spring-aop.xsd=org/springframework/aop/config/spring-aop-4.3.xsd}
2016-12-24 15:05:06 org.springframework.beans.factory.xml.PluggableSchemaResolver.resolveEntity(PluggableSchemaResolver.java:119)  Found XML schema [http://www.springframework.org/schema/beans/spring-beans.xsd] in classpath: org/springframework/beans/factory/xml/spring-beans-4.3.xsd
2016-12-24 15:05:06 org.springframework.beans.factory.xml.PluggableSchemaResolver.resolveEntity(PluggableSchemaResolver.java:119)  Found XML schema [http://www.springframework.org/schema/context/spring-context.xsd] in classpath: org/springframework/context/config/spring-context-4.3.xsd
2016-12-24 15:05:06 org.springframework.beans.factory.xml.PluggableSchemaResolver.resolveEntity(PluggableSchemaResolver.java:119)  Found XML schema [http://www.springframework.org/schema/tool/spring-tool-4.3.xsd] in classpath: org/springframework/beans/factory/xml/spring-tool-4.3.xsd
2016-12-24 15:05:06 org.springframework.beans.factory.xml.PluggableSchemaResolver.resolveEntity(PluggableSchemaResolver.java:119)  Found XML schema [http://www.springframework.org/schema/tx/spring-tx.xsd] in classpath: org/springframework/transaction/config/spring-tx-4.3.xsd
2016-12-24 15:05:06 org.springframework.beans.factory.xml.DefaultBeanDefinitionDocumentReader.registerBeanDefinitions(DefaultBeanDefinitionDocumentReader.java:92)  Loading bean definitions
2016-12-24 15:05:06 org.springframework.beans.factory.xml.DefaultNamespaceHandlerResolver.getHandlerMappings(DefaultNamespaceHandlerResolver.java:157)  Loaded NamespaceHandler mappings: {http://www.springframework.org/schema/p=org.springframework.beans.factory.xml.SimplePropertyNamespaceHandler, http://www.springframework.org/schema/mvc=org.springframework.web.servlet.config.MvcNamespaceHandler, http://www.springframework.org/schema/util=org.springframework.beans.factory.xml.UtilNamespaceHandler, http://www.alibaba.com/schema/stat=com.alibaba.druid.support.spring.stat.config.DruidStatNamespaceHandler, http://www.springframework.org/schema/jee=org.springframework.ejb.config.JeeNamespaceHandler, http://www.springframework.org/schema/aop=org.springframework.aop.config.AopNamespaceHandler, http://www.springframework.org/schema/jdbc=org.springframework.jdbc.config.JdbcNamespaceHandler, http://www.springframework.org/schema/cache=org.springframework.cache.config.CacheNamespaceHandler, http://mybatis.org/schema/mybatis-spring=org.mybatis.spring.config.NamespaceHandler, http://www.springframework.org/schema/c=org.springframework.beans.factory.xml.SimpleConstructorNamespaceHandler, http://www.springframework.org/schema/tx=org.springframework.transaction.config.TxNamespaceHandler, http://www.springframework.org/schema/task=org.springframework.scheduling.config.TaskNamespaceHandler, http://www.springframework.org/schema/lang=org.springframework.scripting.config.LangNamespaceHandler, http://www.springframework.org/schema/context=org.springframework.context.config.ContextNamespaceHandler}
2016-12-24 15:05:06 org.springframework.core.env.MutablePropertySources.addLast(MutablePropertySources.java:109)  Adding [systemProperties] PropertySource with lowest search precedence
2016-12-24 15:05:06 org.springframework.core.env.MutablePropertySources.addLast(MutablePropertySources.java:109)  Adding [systemEnvironment] PropertySource with lowest search precedence
2016-12-24 15:05:06 org.springframework.core.env.AbstractEnvironment.<init>(AbstractEnvironment.java:124)  Initialized StandardEnvironment with PropertySources [systemProperties,systemEnvironment]
2016-12-24 15:05:06 org.springframework.core.io.support.PathMatchingResourcePatternResolver.findAllClassPathResources(PathMatchingResourcePatternResolver.java:317)  Resolved classpath location [com/ssm/] to resources [URL [file:/D:/Workspaces/SSMjspDemo/out/production/SSMjspDemo/com/ssm/]]
2016-12-24 15:05:06 org.springframework.core.io.support.PathMatchingResourcePatternResolver.doFindMatchingFileSystemResources(PathMatchingResourcePatternResolver.java:711)  Looking for matching resources in directory tree [D:\Workspaces\SSMjspDemo\out\production\SSMjspDemo\com\ssm]
2016-12-24 15:05:06 org.springframework.core.io.support.PathMatchingResourcePatternResolver.doRetrieveMatchingFiles(PathMatchingResourcePatternResolver.java:773)  Searching directory [D:\Workspaces\SSMjspDemo\out\production\SSMjspDemo\com\ssm] for files matching pattern [D:/Workspaces/SSMjspDemo/out/production/SSMjspDemo/com/ssm/**/*.class]
2016-12-24 15:05:06 org.springframework.core.io.support.PathMatchingResourcePatternResolver.doRetrieveMatchingFiles(PathMatchingResourcePatternResolver.java:773)  Searching directory [D:\Workspaces\SSMjspDemo\out\production\SSMjspDemo\com\ssm\action] for files matching pattern [D:/Workspaces/SSMjspDemo/out/production/SSMjspDemo/com/ssm/**/*.class]
2016-12-24 15:05:06 org.springframework.core.io.support.PathMatchingResourcePatternResolver.doRetrieveMatchingFiles(PathMatchingResourcePatternResolver.java:773)  Searching directory [D:\Workspaces\SSMjspDemo\out\production\SSMjspDemo\com\ssm\dao] for files matching pattern [D:/Workspaces/SSMjspDemo/out/production/SSMjspDemo/com/ssm/**/*.class]
2016-12-24 15:05:06 org.springframework.core.io.support.PathMatchingResourcePatternResolver.doRetrieveMatchingFiles(PathMatchingResourcePatternResolver.java:773)  Searching directory [D:\Workspaces\SSMjspDemo\out\production\SSMjspDemo\com\ssm\domain] for files matching pattern [D:/Workspaces/SSMjspDemo/out/production/SSMjspDemo/com/ssm/**/*.class]
2016-12-24 15:05:06 org.springframework.core.io.support.PathMatchingResourcePatternResolver.doRetrieveMatchingFiles(PathMatchingResourcePatternResolver.java:773)  Searching directory [D:\Workspaces\SSMjspDemo\out\production\SSMjspDemo\com\ssm\domain\json] for files matching pattern [D:/Workspaces/SSMjspDemo/out/production/SSMjspDemo/com/ssm/**/*.class]
2016-12-24 15:05:06 org.springframework.core.io.support.PathMatchingResourcePatternResolver.doRetrieveMatchingFiles(PathMatchingResourcePatternResolver.java:773)  Searching directory [D:\Workspaces\SSMjspDemo\out\production\SSMjspDemo\com\ssm\interceptor] for files matching pattern [D:/Workspaces/SSMjspDemo/out/production/SSMjspDemo/com/ssm/**/*.class]
2016-12-24 15:05:06 org.springframework.core.io.support.PathMatchingResourcePatternResolver.doRetrieveMatchingFiles(PathMatchingResourcePatternResolver.java:773)  Searching directory [D:\Workspaces\SSMjspDemo\out\production\SSMjspDemo\com\ssm\mapping] for files matching pattern [D:/Workspaces/SSMjspDemo/out/production/SSMjspDemo/com/ssm/**/*.class]
2016-12-24 15:05:06 org.springframework.core.io.support.PathMatchingResourcePatternResolver.doRetrieveMatchingFiles(PathMatchingResourcePatternResolver.java:773)  Searching directory [D:\Workspaces\SSMjspDemo\out\production\SSMjspDemo\com\ssm\service] for files matching pattern [D:/Workspaces/SSMjspDemo/out/production/SSMjspDemo/com/ssm/**/*.class]
2016-12-24 15:05:06 org.springframework.core.io.support.PathMatchingResourcePatternResolver.doRetrieveMatchingFiles(PathMatchingResourcePatternResolver.java:773)  Searching directory [D:\Workspaces\SSMjspDemo\out\production\SSMjspDemo\com\ssm\service\impl] for files matching pattern [D:/Workspaces/SSMjspDemo/out/production/SSMjspDemo/com/ssm/**/*.class]
2016-12-24 15:05:06 org.springframework.core.io.support.PathMatchingResourcePatternResolver.doRetrieveMatchingFiles(PathMatchingResourcePatternResolver.java:773)  Searching directory [D:\Workspaces\SSMjspDemo\out\production\SSMjspDemo\com\ssm\utils] for files matching pattern [D:/Workspaces/SSMjspDemo/out/production/SSMjspDemo/com/ssm/**/*.class]
2016-12-24 15:05:06 org.springframework.core.io.support.PathMatchingResourcePatternResolver.findPathMatchingResources(PathMatchingResourcePatternResolver.java:483)  Resolved location pattern [classpath*:com/ssm/**/*.class] to resources [file [D:\Workspaces\SSMjspDemo\out\production\SSMjspDemo\com\ssm\action\DeptController.class], file [D:\Workspaces\SSMjspDemo\out\production\SSMjspDemo\com\ssm\action\EmpController$1.class], file [D:\Workspaces\SSMjspDemo\out\production\SSMjspDemo\com\ssm\action\EmpController.class], file [D:\Workspaces\SSMjspDemo\out\production\SSMjspDemo\com\ssm\action\GoodsController.class], file [D:\Workspaces\SSMjspDemo\out\production\SSMjspDemo\com\ssm\action\ManagerController.class], file [D:\Workspaces\SSMjspDemo\out\production\SSMjspDemo\com\ssm\action\NoInterceptor.class], file [D:\Workspaces\SSMjspDemo\out\production\SSMjspDemo\com\ssm\action\urlTrans.class], file [D:\Workspaces\SSMjspDemo\out\production\SSMjspDemo\com\ssm\action\UserController.class], file [D:\Workspaces\SSMjspDemo\out\production\SSMjspDemo\com\ssm\action\UserGnController.class], file [D:\Workspaces\SSMjspDemo\out\production\SSMjspDemo\com\ssm\dao\AuthDao.class], file [D:\Workspaces\SSMjspDemo\out\production\SSMjspDemo\com\ssm\dao\AuthgroupDao.class], file [D:\Workspaces\SSMjspDemo\out\production\SSMjspDemo\com\ssm\dao\DeptDao.class], file [D:\Workspaces\SSMjspDemo\out\production\SSMjspDemo\com\ssm\dao\EmpDao.class], file [D:\Workspaces\SSMjspDemo\out\production\SSMjspDemo\com\ssm\dao\RoleDao.class], file [D:\Workspaces\SSMjspDemo\out\production\SSMjspDemo\com\ssm\dao\UserDao.class], file [D:\Workspaces\SSMjspDemo\out\production\SSMjspDemo\com\ssm\domain\Auth.class], file [D:\Workspaces\SSMjspDemo\out\production\SSMjspDemo\com\ssm\domain\Authgroup.class], file [D:\Workspaces\SSMjspDemo\out\production\SSMjspDemo\com\ssm\domain\Dept.class], file [D:\Workspaces\SSMjspDemo\out\production\SSMjspDemo\com\ssm\domain\Emp.class], file [D:\Workspaces\SSMjspDemo\out\production\SSMjspDemo\com\ssm\domain\json\Attribute.class], file [D:\Workspaces\SSMjspDemo\out\production\SSMjspDemo\com\ssm\domain\json\ChildNode.class], file [D:\Workspaces\SSMjspDemo\out\production\SSMjspDemo\com\ssm\domain\json\TreeNode.class], file [D:\Workspaces\SSMjspDemo\out\production\SSMjspDemo\com\ssm\domain\Role.class], file [D:\Workspaces\SSMjspDemo\out\production\SSMjspDemo\com\ssm\domain\User.class], file [D:\Workspaces\SSMjspDemo\out\production\SSMjspDemo\com\ssm\interceptor\LoginInterceptor.class], file [D:\Workspaces\SSMjspDemo\out\production\SSMjspDemo\com\ssm\interceptor\LogInterceptor.class], file [D:\Workspaces\SSMjspDemo\out\production\SSMjspDemo\com\ssm\service\DeptService.class], file [D:\Workspaces\SSMjspDemo\out\production\SSMjspDemo\com\ssm\service\EmpService.class], file [D:\Workspaces\SSMjspDemo\out\production\SSMjspDemo\com\ssm\service\impl\DeptServiceImpl.class], file [D:\Workspaces\SSMjspDemo\out\production\SSMjspDemo\com\ssm\service\impl\EmpServiceImpl.class], file [D:\Workspaces\SSMjspDemo\out\production\SSMjspDemo\com\ssm\service\impl\UserServiceImpl.class], file [D:\Workspaces\SSMjspDemo\out\production\SSMjspDemo\com\ssm\service\UserService.class], file [D:\Workspaces\SSMjspDemo\out\production\SSMjspDemo\com\ssm\utils\CustomerDateCoverter.class], file [D:\Workspaces\SSMjspDemo\out\production\SSMjspDemo\com\ssm\utils\DBUtil.class], file [D:\Workspaces\SSMjspDemo\out\production\SSMjspDemo\com\ssm\utils\SQL.class]]
2016-12-24 15:05:06 org.springframework.context.annotation.ClassPathScanningCandidateComponentProvider.findCandidateComponents(ClassPathScanningCandidateComponentProvider.java:286)  Identified candidate component class: file [D:\Workspaces\SSMjspDemo\out\production\SSMjspDemo\com\ssm\action\DeptController.class]
2016-12-24 15:05:06 org.springframework.context.annotation.ClassPathScanningCandidateComponentProvider.findCandidateComponents(ClassPathScanningCandidateComponentProvider.java:286)  Identified candidate component class: file [D:\Workspaces\SSMjspDemo\out\production\SSMjspDemo\com\ssm\action\EmpController.class]
2016-12-24 15:05:06 org.springframework.context.annotation.ClassPathScanningCandidateComponentProvider.findCandidateComponents(ClassPathScanningCandidateComponentProvider.java:286)  Identified candidate component class: file [D:\Workspaces\SSMjspDemo\out\production\SSMjspDemo\com\ssm\action\GoodsController.class]
2016-12-24 15:05:06 org.springframework.context.annotation.ClassPathScanningCandidateComponentProvider.findCandidateComponents(ClassPathScanningCandidateComponentProvider.java:286)  Identified candidate component class: file [D:\Workspaces\SSMjspDemo\out\production\SSMjspDemo\com\ssm\action\ManagerController.class]
2016-12-24 15:05:06 org.springframework.context.annotation.ClassPathScanningCandidateComponentProvider.findCandidateComponents(ClassPathScanningCandidateComponentProvider.java:286)  Identified candidate component class: file [D:\Workspaces\SSMjspDemo\out\production\SSMjspDemo\com\ssm\action\NoInterceptor.class]
2016-12-24 15:05:06 org.springframework.context.annotation.ClassPathScanningCandidateComponentProvider.findCandidateComponents(ClassPathScanningCandidateComponentProvider.java:286)  Identified candidate component class: file [D:\Workspaces\SSMjspDemo\out\production\SSMjspDemo\com\ssm\action\urlTrans.class]
2016-12-24 15:05:06 org.springframework.context.annotation.ClassPathScanningCandidateComponentProvider.findCandidateComponents(ClassPathScanningCandidateComponentProvider.java:286)  Identified candidate component class: file [D:\Workspaces\SSMjspDemo\out\production\SSMjspDemo\com\ssm\action\UserController.class]
2016-12-24 15:05:06 org.springframework.context.annotation.ClassPathScanningCandidateComponentProvider.findCandidateComponents(ClassPathScanningCandidateComponentProvider.java:286)  Identified candidate component class: file [D:\Workspaces\SSMjspDemo\out\production\SSMjspDemo\com\ssm\action\UserGnController.class]
2016-12-24 15:05:06 org.springframework.context.annotation.ClassPathScanningCandidateComponentProvider.findCandidateComponents(ClassPathScanningCandidateComponentProvider.java:292)  Ignored because not a concrete top-level class: file [D:\Workspaces\SSMjspDemo\out\production\SSMjspDemo\com\ssm\dao\AuthDao.class]
2016-12-24 15:05:06 org.springframework.context.annotation.ClassPathScanningCandidateComponentProvider.findCandidateComponents(ClassPathScanningCandidateComponentProvider.java:292)  Ignored because not a concrete top-level class: file [D:\Workspaces\SSMjspDemo\out\production\SSMjspDemo\com\ssm\dao\UserDao.class]
2016-12-24 15:05:06 org.springframework.context.annotation.ClassPathScanningCandidateComponentProvider.findCandidateComponents(ClassPathScanningCandidateComponentProvider.java:286)  Identified candidate component class: file [D:\Workspaces\SSMjspDemo\out\production\SSMjspDemo\com\ssm\domain\Dept.class]
2016-12-24 15:05:06 org.springframework.context.annotation.ClassPathScanningCandidateComponentProvider.findCandidateComponents(ClassPathScanningCandidateComponentProvider.java:286)  Identified candidate component class: file [D:\Workspaces\SSMjspDemo\out\production\SSMjspDemo\com\ssm\domain\User.class]
2016-12-24 15:05:06 org.springframework.context.annotation.ClassPathScanningCandidateComponentProvider.findCandidateComponents(ClassPathScanningCandidateComponentProvider.java:286)  Identified candidate component class: file [D:\Workspaces\SSMjspDemo\out\production\SSMjspDemo\com\ssm\service\impl\DeptServiceImpl.class]
2016-12-24 15:05:06 org.springframework.context.annotation.ClassPathScanningCandidateComponentProvider.findCandidateComponents(ClassPathScanningCandidateComponentProvider.java:286)  Identified candidate component class: file [D:\Workspaces\SSMjspDemo\out\production\SSMjspDemo\com\ssm\service\impl\EmpServiceImpl.class]
2016-12-24 15:05:06 org.springframework.context.annotation.ClassPathScanningCandidateComponentProvider.findCandidateComponents(ClassPathScanningCandidateComponentProvider.java:286)  Identified candidate component class: file [D:\Workspaces\SSMjspDemo\out\production\SSMjspDemo\com\ssm\service\impl\UserServiceImpl.class]
2016-12-24 15:05:06 org.springframework.beans.factory.xml.BeanDefinitionParserDelegate.parseBeanDefinitionElement(BeanDefinitionParserDelegate.java:481)  Neither XML 'id' nor 'name' specified - using generated bean name [org.mybatis.spring.mapper.MapperScannerConfigurer#0]
2016-12-24 15:05:06 org.springframework.beans.factory.support.AbstractBeanDefinitionReader.loadBeanDefinitions(AbstractBeanDefinitionReader.java:224)  Loaded 28 bean definitions from location pattern [applicationContext.xml]
2016-12-24 15:05:06 org.springframework.context.support.AbstractApplicationContext.obtainFreshBeanFactory(AbstractApplicationContext.java:616)  Bean factory for org.springframework.context.support.ClassPathXmlApplicationContext@7cf10a6f: org.springframework.beans.factory.support.DefaultListableBeanFactory@12405818: defining beans [deptController,empController,goodsController,managerController,noInterceptor,urlTrans,userController,userGnController,dept,user,deptServiceImpl,empServiceImpl,userServiceImpl,org.springframework.context.annotation.internalConfigurationAnnotationProcessor,org.springframework.context.annotation.internalAutowiredAnnotationProcessor,org.springframework.context.annotation.internalRequiredAnnotationProcessor,org.springframework.context.annotation.internalCommonAnnotationProcessor,org.springframework.context.event.internalEventListenerProcessor,org.springframework.context.event.internalEventListenerFactory,dataSource123,sqlSessionFactory,org.mybatis.spring.mapper.MapperScannerConfigurer#0,txManager,org.springframework.transaction.config.internalTransactionalEventListenerFactory,org.springframework.aop.config.internalAutoProxyCreator,org.springframework.transaction.annotation.AnnotationTransactionAttributeSource#0,org.springframework.transaction.interceptor.TransactionInterceptor#0,org.springframework.transaction.config.internalTransactionAdvisor]; root of factory hierarchy
2016-12-24 15:05:06 org.springframework.beans.factory.support.DefaultSingletonBeanRegistry.getSingleton(DefaultSingletonBeanRegistry.java:221)  Creating shared instance of singleton bean 'org.springframework.context.annotation.internalConfigurationAnnotationProcessor'
2016-12-24 15:05:06 org.springframework.beans.factory.support.AbstractAutowireCapableBeanFactory.createBean(AbstractAutowireCapableBeanFactory.java:448)  Creating instance of bean 'org.springframework.context.annotation.internalConfigurationAnnotationProcessor'
2016-12-24 15:05:06 org.springframework.beans.factory.support.AbstractAutowireCapableBeanFactory.doCreateBean(AbstractAutowireCapableBeanFactory.java:537)  Eagerly caching bean 'org.springframework.context.annotation.internalConfigurationAnnotationProcessor' to allow for resolving potential circular references
2016-12-24 15:05:06 org.springframework.beans.factory.support.AbstractAutowireCapableBeanFactory.createBean(AbstractAutowireCapableBeanFactory.java:484)  Finished creating instance of bean 'org.springframework.context.annotation.internalConfigurationAnnotationProcessor'
2016-12-24 15:05:07 org.springframework.beans.factory.support.DefaultSingletonBeanRegistry.getSingleton(DefaultSingletonBeanRegistry.java:221)  Creating shared instance of singleton bean 'org.mybatis.spring.mapper.MapperScannerConfigurer#0'
2016-12-24 15:05:07 org.springframework.beans.factory.support.AbstractAutowireCapableBeanFactory.createBean(AbstractAutowireCapableBeanFactory.java:448)  Creating instance of bean 'org.mybatis.spring.mapper.MapperScannerConfigurer#0'
2016-12-24 15:05:07 org.springframework.beans.factory.support.AbstractAutowireCapableBeanFactory.doCreateBean(AbstractAutowireCapableBeanFactory.java:537)  Eagerly caching bean 'org.mybatis.spring.mapper.MapperScannerConfigurer#0' to allow for resolving potential circular references
2016-12-24 15:05:07 org.springframework.beans.factory.support.AbstractAutowireCapableBeanFactory.invokeInitMethods(AbstractAutowireCapableBeanFactory.java:1625)  Invoking afterPropertiesSet() on bean with name 'org.mybatis.spring.mapper.MapperScannerConfigurer#0'
2016-12-24 15:05:07 org.springframework.beans.factory.support.AbstractAutowireCapableBeanFactory.createBean(AbstractAutowireCapableBeanFactory.java:484)  Finished creating instance of bean 'org.mybatis.spring.mapper.MapperScannerConfigurer#0'
2016-12-24 15:05:07 org.springframework.core.env.MutablePropertySources.addLast(MutablePropertySources.java:109)  Adding [systemProperties] PropertySource with lowest search precedence
2016-12-24 15:05:07 org.springframework.core.env.MutablePropertySources.addLast(MutablePropertySources.java:109)  Adding [systemEnvironment] PropertySource with lowest search precedence
2016-12-24 15:05:07 org.springframework.core.env.AbstractEnvironment.<init>(AbstractEnvironment.java:124)  Initialized StandardEnvironment with PropertySources [systemProperties,systemEnvironment]
2016-12-24 15:05:07 org.springframework.core.io.support.PathMatchingResourcePatternResolver.findAllClassPathResources(PathMatchingResourcePatternResolver.java:317)  Resolved classpath location [com/ssm/dao/] to resources [URL [file:/D:/Workspaces/SSMjspDemo/out/production/SSMjspDemo/com/ssm/dao/]]
2016-12-24 15:05:07 org.springframework.core.io.support.PathMatchingResourcePatternResolver.doFindMatchingFileSystemResources(PathMatchingResourcePatternResolver.java:711)  Looking for matching resources in directory tree [D:\Workspaces\SSMjspDemo\out\production\SSMjspDemo\com\ssm\dao]
2016-12-24 15:05:07 org.springframework.core.io.support.PathMatchingResourcePatternResolver.doRetrieveMatchingFiles(PathMatchingResourcePatternResolver.java:773)  Searching directory [D:\Workspaces\SSMjspDemo\out\production\SSMjspDemo\com\ssm\dao] for files matching pattern [D:/Workspaces/SSMjspDemo/out/production/SSMjspDemo/com/ssm/dao/**/*.class]
2016-12-24 15:05:07 org.springframework.core.io.support.PathMatchingResourcePatternResolver.findPathMatchingResources(PathMatchingResourcePatternResolver.java:483)  Resolved location pattern [classpath*:com/ssm/dao/**/*.class] to resources [file [D:\Workspaces\SSMjspDemo\out\production\SSMjspDemo\com\ssm\dao\AuthDao.class], file [D:\Workspaces\SSMjspDemo\out\production\SSMjspDemo\com\ssm\dao\AuthgroupDao.class], file [D:\Workspaces\SSMjspDemo\out\production\SSMjspDemo\com\ssm\dao\DeptDao.class], file [D:\Workspaces\SSMjspDemo\out\production\SSMjspDemo\com\ssm\dao\EmpDao.class], file [D:\Workspaces\SSMjspDemo\out\production\SSMjspDemo\com\ssm\dao\RoleDao.class], file [D:\Workspaces\SSMjspDemo\out\production\SSMjspDemo\com\ssm\dao\UserDao.class]]
2016-12-24 15:05:07 org.springframework.context.annotation.ClassPathScanningCandidateComponentProvider.findCandidateComponents(ClassPathScanningCandidateComponentProvider.java:286)  Identified candidate component class: file [D:\Workspaces\SSMjspDemo\out\production\SSMjspDemo\com\ssm\dao\AuthDao.class]
2016-12-24 15:05:07 org.springframework.context.annotation.ClassPathScanningCandidateComponentProvider.findCandidateComponents(ClassPathScanningCandidateComponentProvider.java:286)  Identified candidate component class: file [D:\Workspaces\SSMjspDemo\out\production\SSMjspDemo\com\ssm\dao\AuthgroupDao.class]
2016-12-24 15:05:07 org.springframework.context.annotation.ClassPathScanningCandidateComponentProvider.findCandidateComponents(ClassPathScanningCandidateComponentProvider.java:286)  Identified candidate component class: file [D:\Workspaces\SSMjspDemo\out\production\SSMjspDemo\com\ssm\dao\DeptDao.class]
2016-12-24 15:05:07 org.springframework.context.annotation.ClassPathScanningCandidateComponentProvider.findCandidateComponents(ClassPathScanningCandidateComponentProvider.java:286)  Identified candidate component class: file [D:\Workspaces\SSMjspDemo\out\production\SSMjspDemo\com\ssm\dao\EmpDao.class]
2016-12-24 15:05:07 org.springframework.context.annotation.ClassPathScanningCandidateComponentProvider.findCandidateComponents(ClassPathScanningCandidateComponentProvider.java:286)  Identified candidate component class: file [D:\Workspaces\SSMjspDemo\out\production\SSMjspDemo\com\ssm\dao\RoleDao.class]
2016-12-24 15:05:07 org.springframework.context.annotation.ClassPathScanningCandidateComponentProvider.findCandidateComponents(ClassPathScanningCandidateComponentProvider.java:286)  Identified candidate component class: file [D:\Workspaces\SSMjspDemo\out\production\SSMjspDemo\com\ssm\dao\UserDao.class]
2016-12-24 15:05:07 org.mybatis.spring.mapper.ClassPathMapperScanner.processBeanDefinitions(ClassPathMapperScanner.java:181)  Creating MapperFactoryBean with name 'authDao' and 'com.ssm.dao.AuthDao' mapperInterface
2016-12-24 15:05:07 org.mybatis.spring.mapper.ClassPathMapperScanner.processBeanDefinitions(ClassPathMapperScanner.java:181)  Creating MapperFactoryBean with name 'authgroupDao' and 'com.ssm.dao.AuthgroupDao' mapperInterface
2016-12-24 15:05:07 org.mybatis.spring.mapper.ClassPathMapperScanner.processBeanDefinitions(ClassPathMapperScanner.java:181)  Creating MapperFactoryBean with name 'deptDao' and 'com.ssm.dao.DeptDao' mapperInterface
2016-12-24 15:05:07 org.mybatis.spring.mapper.ClassPathMapperScanner.processBeanDefinitions(ClassPathMapperScanner.java:181)  Creating MapperFactoryBean with name 'empDao' and 'com.ssm.dao.EmpDao' mapperInterface
2016-12-24 15:05:07 org.mybatis.spring.mapper.ClassPathMapperScanner.processBeanDefinitions(ClassPathMapperScanner.java:181)  Creating MapperFactoryBean with name 'roleDao' and 'com.ssm.dao.RoleDao' mapperInterface
2016-12-24 15:05:07 org.mybatis.spring.mapper.ClassPathMapperScanner.processBeanDefinitions(ClassPathMapperScanner.java:181)  Creating MapperFactoryBean with name 'userDao' and 'com.ssm.dao.UserDao' mapperInterface
2016-12-24 15:05:07 org.springframework.beans.factory.support.DefaultSingletonBeanRegistry.getSingleton(DefaultSingletonBeanRegistry.java:221)  Creating shared instance of singleton bean 'org.springframework.context.annotation.internalAutowiredAnnotationProcessor'
2016-12-24 15:05:07 org.springframework.beans.factory.support.AbstractAutowireCapableBeanFactory.createBean(AbstractAutowireCapableBeanFactory.java:448)  Creating instance of bean 'org.springframework.context.annotation.internalAutowiredAnnotationProcessor'
2016-12-24 15:05:07 org.springframework.beans.factory.support.AbstractAutowireCapableBeanFactory.doCreateBean(AbstractAutowireCapableBeanFactory.java:537)  Eagerly caching bean 'org.springframework.context.annotation.internalAutowiredAnnotationProcessor' to allow for resolving potential circular references
2016-12-24 15:05:07 org.springframework.beans.factory.support.AbstractAutowireCapableBeanFactory.createBean(AbstractAutowireCapableBeanFactory.java:484)  Finished creating instance of bean 'org.springframework.context.annotation.internalAutowiredAnnotationProcessor'
2016-12-24 15:05:07 org.springframework.beans.factory.support.DefaultSingletonBeanRegistry.getSingleton(DefaultSingletonBeanRegistry.java:221)  Creating shared instance of singleton bean 'org.springframework.context.annotation.internalRequiredAnnotationProcessor'
2016-12-24 15:05:07 org.springframework.beans.factory.support.AbstractAutowireCapableBeanFactory.createBean(AbstractAutowireCapableBeanFactory.java:448)  Creating instance of bean 'org.springframework.context.annotation.internalRequiredAnnotationProcessor'
2016-12-24 15:05:07 org.springframework.beans.factory.support.AbstractAutowireCapableBeanFactory.doCreateBean(AbstractAutowireCapableBeanFactory.java:537)  Eagerly caching bean 'org.springframework.context.annotation.internalRequiredAnnotationProcessor' to allow for resolving potential circular references
2016-12-24 15:05:07 org.springframework.beans.factory.support.AbstractAutowireCapableBeanFactory.createBean(AbstractAutowireCapableBeanFactory.java:484)  Finished creating instance of bean 'org.springframework.context.annotation.internalRequiredAnnotationProcessor'
2016-12-24 15:05:07 org.springframework.beans.factory.support.DefaultSingletonBeanRegistry.getSingleton(DefaultSingletonBeanRegistry.java:221)  Creating shared instance of singleton bean 'org.springframework.context.annotation.internalCommonAnnotationProcessor'
2016-12-24 15:05:07 org.springframework.beans.factory.support.AbstractAutowireCapableBeanFactory.createBean(AbstractAutowireCapableBeanFactory.java:448)  Creating instance of bean 'org.springframework.context.annotation.internalCommonAnnotationProcessor'
2016-12-24 15:05:07 org.springframework.beans.factory.support.AbstractAutowireCapableBeanFactory.doCreateBean(AbstractAutowireCapableBeanFactory.java:537)  Eagerly caching bean 'org.springframework.context.annotation.internalCommonAnnotationProcessor' to allow for resolving potential circular references
2016-12-24 15:05:07 org.springframework.beans.factory.support.AbstractAutowireCapableBeanFactory.createBean(AbstractAutowireCapableBeanFactory.java:484)  Finished creating instance of bean 'org.springframework.context.annotation.internalCommonAnnotationProcessor'
2016-12-24 15:05:07 org.springframework.beans.factory.support.DefaultSingletonBeanRegistry.getSingleton(DefaultSingletonBeanRegistry.java:221)  Creating shared instance of singleton bean 'org.springframework.context.annotation.ConfigurationClassPostProcessor.importAwareProcessor'
2016-12-24 15:05:07 org.springframework.beans.factory.support.AbstractAutowireCapableBeanFactory.createBean(AbstractAutowireCapableBeanFactory.java:448)  Creating instance of bean 'org.springframework.context.annotation.ConfigurationClassPostProcessor.importAwareProcessor'
2016-12-24 15:05:07 org.springframework.beans.factory.support.AbstractAutowireCapableBeanFactory.doCreateBean(AbstractAutowireCapableBeanFactory.java:537)  Eagerly caching bean 'org.springframework.context.annotation.ConfigurationClassPostProcessor.importAwareProcessor' to allow for resolving potential circular references
2016-12-24 15:05:07 org.springframework.beans.factory.support.AbstractAutowireCapableBeanFactory.createBean(AbstractAutowireCapableBeanFactory.java:484)  Finished creating instance of bean 'org.springframework.context.annotation.ConfigurationClassPostProcessor.importAwareProcessor'
2016-12-24 15:05:07 org.springframework.beans.factory.support.DefaultSingletonBeanRegistry.getSingleton(DefaultSingletonBeanRegistry.java:221)  Creating shared instance of singleton bean 'org.springframework.context.annotation.ConfigurationClassPostProcessor.enhancedConfigurationProcessor'
2016-12-24 15:05:07 org.springframework.beans.factory.support.AbstractAutowireCapableBeanFactory.createBean(AbstractAutowireCapableBeanFactory.java:448)  Creating instance of bean 'org.springframework.context.annotation.ConfigurationClassPostProcessor.enhancedConfigurationProcessor'
2016-12-24 15:05:07 org.springframework.beans.factory.support.AbstractAutowireCapableBeanFactory.doCreateBean(AbstractAutowireCapableBeanFactory.java:537)  Eagerly caching bean 'org.springframework.context.annotation.ConfigurationClassPostProcessor.enhancedConfigurationProcessor' to allow for resolving potential circular references
2016-12-24 15:05:07 org.springframework.beans.factory.support.AbstractAutowireCapableBeanFactory.createBean(AbstractAutowireCapableBeanFactory.java:484)  Finished creating instance of bean 'org.springframework.context.annotation.ConfigurationClassPostProcessor.enhancedConfigurationProcessor'
2016-12-24 15:05:07 org.springframework.beans.factory.support.DefaultSingletonBeanRegistry.getSingleton(DefaultSingletonBeanRegistry.java:221)  Creating shared instance of singleton bean 'org.springframework.aop.config.internalAutoProxyCreator'
2016-12-24 15:05:07 org.springframework.beans.factory.support.AbstractAutowireCapableBeanFactory.createBean(AbstractAutowireCapableBeanFactory.java:448)  Creating instance of bean 'org.springframework.aop.config.internalAutoProxyCreator'
2016-12-24 15:05:07 org.springframework.beans.factory.support.AbstractAutowireCapableBeanFactory.doCreateBean(AbstractAutowireCapableBeanFactory.java:537)  Eagerly caching bean 'org.springframework.aop.config.internalAutoProxyCreator' to allow for resolving potential circular references
2016-12-24 15:05:07 org.springframework.beans.factory.support.AbstractAutowireCapableBeanFactory.createBean(AbstractAutowireCapableBeanFactory.java:484)  Finished creating instance of bean 'org.springframework.aop.config.internalAutoProxyCreator'
2016-12-24 15:05:07 org.springframework.context.support.AbstractApplicationContext.initMessageSource(AbstractApplicationContext.java:733)  Unable to locate MessageSource with name 'messageSource': using default [org.springframework.context.support.DelegatingMessageSource@32eff876]
2016-12-24 15:05:07 org.springframework.context.support.AbstractApplicationContext.initApplicationEventMulticaster(AbstractApplicationContext.java:757)  Unable to locate ApplicationEventMulticaster with name 'applicationEventMulticaster': using default [org.springframework.context.event.SimpleApplicationEventMulticaster@7c729a55]
2016-12-24 15:05:07 org.springframework.beans.factory.support.DefaultListableBeanFactory.preInstantiateSingletons(DefaultListableBeanFactory.java:723)  Pre-instantiating singletons in org.springframework.beans.factory.support.DefaultListableBeanFactory@12405818: defining beans [deptController,empController,goodsController,managerController,noInterceptor,urlTrans,userController,userGnController,dept,user,deptServiceImpl,empServiceImpl,userServiceImpl,org.springframework.context.annotation.internalConfigurationAnnotationProcessor,org.springframework.context.annotation.internalAutowiredAnnotationProcessor,org.springframework.context.annotation.internalRequiredAnnotationProcessor,org.springframework.context.annotation.internalCommonAnnotationProcessor,org.springframework.context.event.internalEventListenerProcessor,org.springframework.context.event.internalEventListenerFactory,dataSource123,sqlSessionFactory,org.mybatis.spring.mapper.MapperScannerConfigurer#0,txManager,org.springframework.transaction.config.internalTransactionalEventListenerFactory,org.springframework.aop.config.internalAutoProxyCreator,org.springframework.transaction.annotation.AnnotationTransactionAttributeSource#0,org.springframework.transaction.interceptor.TransactionInterceptor#0,org.springframework.transaction.config.internalTransactionAdvisor,org.springframework.context.annotation.ConfigurationClassPostProcessor.importAwareProcessor,org.springframework.context.annotation.ConfigurationClassPostProcessor.enhancedConfigurationProcessor,authDao,authgroupDao,deptDao,empDao,roleDao,userDao]; root of factory hierarchy
2016-12-24 15:05:07 org.springframework.beans.factory.support.DefaultSingletonBeanRegistry.getSingleton(DefaultSingletonBeanRegistry.java:221)  Creating shared instance of singleton bean 'deptController'
2016-12-24 15:05:07 org.springframework.beans.factory.support.AbstractAutowireCapableBeanFactory.createBean(AbstractAutowireCapableBeanFactory.java:448)  Creating instance of bean 'deptController'
2016-12-24 15:05:07 org.springframework.beans.factory.annotation.InjectionMetadata.checkConfigMembers(InjectionMetadata.java:72)  Registered injected element on class [com.ssm.action.DeptController]: AutowiredFieldElement for private com.ssm.service.DeptService com.ssm.action.DeptController.deptService
2016-12-24 15:05:07 org.springframework.beans.factory.support.AbstractAutowireCapableBeanFactory.doCreateBean(AbstractAutowireCapableBeanFactory.java:537)  Eagerly caching bean 'deptController' to allow for resolving potential circular references
2016-12-24 15:05:07 org.springframework.beans.factory.annotation.InjectionMetadata.inject(InjectionMetadata.java:86)  Processing injected element of bean 'deptController': AutowiredFieldElement for private com.ssm.service.DeptService com.ssm.action.DeptController.deptService
2016-12-24 15:05:07 org.springframework.beans.factory.support.DefaultSingletonBeanRegistry.getSingleton(DefaultSingletonBeanRegistry.java:221)  Creating shared instance of singleton bean 'deptServiceImpl'
2016-12-24 15:05:07 org.springframework.beans.factory.support.AbstractAutowireCapableBeanFactory.createBean(AbstractAutowireCapableBeanFactory.java:448)  Creating instance of bean 'deptServiceImpl'
2016-12-24 15:05:07 org.springframework.beans.factory.annotation.InjectionMetadata.checkConfigMembers(InjectionMetadata.java:72)  Registered injected element on class [com.ssm.service.impl.DeptServiceImpl]: AutowiredFieldElement for private com.ssm.dao.DeptDao com.ssm.service.impl.DeptServiceImpl.deptDao
2016-12-24 15:05:07 org.springframework.beans.factory.support.AbstractAutowireCapableBeanFactory.doCreateBean(AbstractAutowireCapableBeanFactory.java:537)  Eagerly caching bean 'deptServiceImpl' to allow for resolving potential circular references
2016-12-24 15:05:07 org.springframework.beans.factory.annotation.InjectionMetadata.inject(InjectionMetadata.java:86)  Processing injected element of bean 'deptServiceImpl': AutowiredFieldElement for private com.ssm.dao.DeptDao com.ssm.service.impl.DeptServiceImpl.deptDao
2016-12-24 15:05:07 org.springframework.beans.factory.support.DefaultSingletonBeanRegistry.getSingleton(DefaultSingletonBeanRegistry.java:221)  Creating shared instance of singleton bean 'deptDao'
2016-12-24 15:05:07 org.springframework.beans.factory.support.AbstractAutowireCapableBeanFactory.createBean(AbstractAutowireCapableBeanFactory.java:448)  Creating instance of bean 'deptDao'
2016-12-24 15:05:07 org.springframework.beans.factory.support.AbstractAutowireCapableBeanFactory.doCreateBean(AbstractAutowireCapableBeanFactory.java:537)  Eagerly caching bean 'deptDao' to allow for resolving potential circular references
2016-12-24 15:05:07 org.springframework.beans.factory.support.DefaultSingletonBeanRegistry.getSingleton(DefaultSingletonBeanRegistry.java:221)  Creating shared instance of singleton bean 'sqlSessionFactory'
2016-12-24 15:05:07 org.springframework.beans.factory.support.AbstractAutowireCapableBeanFactory.createBean(AbstractAutowireCapableBeanFactory.java:448)  Creating instance of bean 'sqlSessionFactory'
2016-12-24 15:05:07 org.springframework.beans.factory.support.AbstractAutowireCapableBeanFactory.doCreateBean(AbstractAutowireCapableBeanFactory.java:537)  Eagerly caching bean 'sqlSessionFactory' to allow for resolving potential circular references
2016-12-24 15:05:07 org.springframework.beans.factory.support.DefaultSingletonBeanRegistry.getSingleton(DefaultSingletonBeanRegistry.java:221)  Creating shared instance of singleton bean 'dataSource123'
2016-12-24 15:05:07 org.springframework.beans.factory.support.AbstractAutowireCapableBeanFactory.createBean(AbstractAutowireCapableBeanFactory.java:448)  Creating instance of bean 'dataSource123'
2016-12-24 15:05:07 org.springframework.beans.factory.support.AbstractAutowireCapableBeanFactory.doCreateBean(AbstractAutowireCapableBeanFactory.java:537)  Eagerly caching bean 'dataSource123' to allow for resolving potential circular references
2016-12-24 15:05:07 org.springframework.beans.factory.support.DefaultSingletonBeanRegistry.getSingleton(DefaultSingletonBeanRegistry.java:221)  Creating shared instance of singleton bean 'org.springframework.transaction.config.internalTransactionAdvisor'
2016-12-24 15:05:07 org.springframework.beans.factory.support.AbstractAutowireCapableBeanFactory.createBean(AbstractAutowireCapableBeanFactory.java:448)  Creating instance of bean 'org.springframework.transaction.config.internalTransactionAdvisor'
2016-12-24 15:05:07 org.springframework.beans.factory.support.AbstractAutowireCapableBeanFactory.doCreateBean(AbstractAutowireCapableBeanFactory.java:537)  Eagerly caching bean 'org.springframework.transaction.config.internalTransactionAdvisor' to allow for resolving potential circular references
2016-12-24 15:05:07 org.springframework.beans.factory.support.DefaultSingletonBeanRegistry.getSingleton(DefaultSingletonBeanRegistry.java:221)  Creating shared instance of singleton bean 'org.springframework.transaction.annotation.AnnotationTransactionAttributeSource#0'
2016-12-24 15:05:07 org.springframework.beans.factory.support.AbstractAutowireCapableBeanFactory.createBean(AbstractAutowireCapableBeanFactory.java:448)  Creating instance of bean 'org.springframework.transaction.annotation.AnnotationTransactionAttributeSource#0'
2016-12-24 15:05:07 org.springframework.beans.factory.support.AbstractAutowireCapableBeanFactory.doCreateBean(AbstractAutowireCapableBeanFactory.java:537)  Eagerly caching bean 'org.springframework.transaction.annotation.AnnotationTransactionAttributeSource#0' to allow for resolving potential circular references
2016-12-24 15:05:07 org.springframework.aop.framework.autoproxy.BeanFactoryAdvisorRetrievalHelper.findAdvisorBeans(BeanFactoryAdvisorRetrievalHelper.java:87)  Skipping currently created advisor 'org.springframework.transaction.config.internalTransactionAdvisor'
2016-12-24 15:05:07 org.springframework.beans.factory.support.AbstractAutowireCapableBeanFactory.createBean(AbstractAutowireCapableBeanFactory.java:484)  Finished creating instance of bean 'org.springframework.transaction.annotation.AnnotationTransactionAttributeSource#0'
2016-12-24 15:05:07 org.springframework.beans.factory.support.AbstractAutowireCapableBeanFactory.createBean(AbstractAutowireCapableBeanFactory.java:484)  Finished creating instance of bean 'org.springframework.transaction.config.internalTransactionAdvisor'
2016-12-24 15:05:07 org.springframework.beans.factory.support.AbstractAutowireCapableBeanFactory.createBean(AbstractAutowireCapableBeanFactory.java:484)  Finished creating instance of bean 'dataSource123'
2016-12-24 15:05:07 org.springframework.beans.factory.support.AbstractAutowireCapableBeanFactory.invokeInitMethods(AbstractAutowireCapableBeanFactory.java:1625)  Invoking afterPropertiesSet() on bean with name 'sqlSessionFactory'
2016-12-24 15:05:07 org.apache.ibatis.logging.commons.JakartaCommonsLoggingImpl.debug(JakartaCommonsLoggingImpl.java:54)  Parsed configuration file: 'class path resource [mybatisMapper.xml]'
2016-12-24 15:05:07 org.apache.ibatis.logging.commons.JakartaCommonsLoggingImpl.debug(JakartaCommonsLoggingImpl.java:54)  Property 'mapperLocations' was not specified or no matching resources found
2016-12-24 15:05:07 org.springframework.beans.factory.support.AbstractBeanFactory.doGetBean(AbstractBeanFactory.java:251)  Returning cached instance of singleton bean 'org.springframework.transaction.config.internalTransactionAdvisor'
2016-12-24 15:05:07 org.springframework.beans.factory.support.AbstractAutowireCapableBeanFactory.createBean(AbstractAutowireCapableBeanFactory.java:484)  Finished creating instance of bean 'sqlSessionFactory'
2016-12-24 15:05:07 org.springframework.beans.factory.support.AbstractBeanFactory.doGetBean(AbstractBeanFactory.java:251)  Returning cached instance of singleton bean 'org.springframework.transaction.config.internalTransactionAdvisor'
2016-12-24 15:05:07 org.springframework.beans.factory.support.AbstractAutowireCapableBeanFactory.invokeInitMethods(AbstractAutowireCapableBeanFactory.java:1625)  Invoking afterPropertiesSet() on bean with name 'deptDao'
2016-12-24 15:05:07 org.springframework.beans.factory.support.AbstractBeanFactory.doGetBean(AbstractBeanFactory.java:251)  Returning cached instance of singleton bean 'org.springframework.transaction.config.internalTransactionAdvisor'
2016-12-24 15:05:07 org.springframework.beans.factory.support.AbstractAutowireCapableBeanFactory.createBean(AbstractAutowireCapableBeanFactory.java:484)  Finished creating instance of bean 'deptDao'
2016-12-24 15:05:07 org.springframework.beans.factory.support.AbstractBeanFactory.doGetBean(AbstractBeanFactory.java:251)  Returning cached instance of singleton bean 'org.springframework.transaction.config.internalTransactionAdvisor'
2016-12-24 15:05:07 org.springframework.beans.factory.annotation.AutowiredAnnotationBeanPostProcessor.registerDependentBeans(AutowiredAnnotationBeanPostProcessor.java:539)  Autowiring by type from bean name 'deptServiceImpl' to bean named 'deptDao'
2016-12-24 15:05:07 org.springframework.beans.factory.support.AbstractBeanFactory.doGetBean(AbstractBeanFactory.java:251)  Returning cached instance of singleton bean 'org.springframework.transaction.config.internalTransactionAdvisor'
2016-12-24 15:05:07 org.springframework.beans.factory.support.AbstractAutowireCapableBeanFactory.createBean(AbstractAutowireCapableBeanFactory.java:484)  Finished creating instance of bean 'deptServiceImpl'
2016-12-24 15:05:07 org.springframework.beans.factory.annotation.AutowiredAnnotationBeanPostProcessor.registerDependentBeans(AutowiredAnnotationBeanPostProcessor.java:539)  Autowiring by type from bean name 'deptController' to bean named 'deptServiceImpl'
2016-12-24 15:05:07 org.springframework.beans.factory.support.AbstractBeanFactory.doGetBean(AbstractBeanFactory.java:251)  Returning cached instance of singleton bean 'org.springframework.transaction.config.internalTransactionAdvisor'
2016-12-24 15:05:07 org.springframework.beans.factory.support.AbstractAutowireCapableBeanFactory.createBean(AbstractAutowireCapableBeanFactory.java:484)  Finished creating instance of bean 'deptController'
2016-12-24 15:05:07 org.springframework.beans.factory.support.DefaultSingletonBeanRegistry.getSingleton(DefaultSingletonBeanRegistry.java:221)  Creating shared instance of singleton bean 'empController'
2016-12-24 15:05:07 org.springframework.beans.factory.support.AbstractAutowireCapableBeanFactory.createBean(AbstractAutowireCapableBeanFactory.java:448)  Creating instance of bean 'empController'
2016-12-24 15:05:07 org.springframework.beans.factory.annotation.InjectionMetadata.checkConfigMembers(InjectionMetadata.java:72)  Registered injected element on class [com.ssm.action.EmpController]: AutowiredFieldElement for private com.ssm.service.EmpService com.ssm.action.EmpController.empService
2016-12-24 15:05:07 org.springframework.beans.factory.support.AbstractAutowireCapableBeanFactory.doCreateBean(AbstractAutowireCapableBeanFactory.java:537)  Eagerly caching bean 'empController' to allow for resolving potential circular references
2016-12-24 15:05:07 org.springframework.beans.factory.annotation.InjectionMetadata.inject(InjectionMetadata.java:86)  Processing injected element of bean 'empController': AutowiredFieldElement for private com.ssm.service.EmpService com.ssm.action.EmpController.empService
2016-12-24 15:05:07 org.springframework.beans.factory.support.DefaultSingletonBeanRegistry.getSingleton(DefaultSingletonBeanRegistry.java:221)  Creating shared instance of singleton bean 'empServiceImpl'
2016-12-24 15:05:07 org.springframework.beans.factory.support.AbstractAutowireCapableBeanFactory.createBean(AbstractAutowireCapableBeanFactory.java:448)  Creating instance of bean 'empServiceImpl'
2016-12-24 15:05:07 org.springframework.beans.factory.annotation.InjectionMetadata.checkConfigMembers(InjectionMetadata.java:72)  Registered injected element on class [com.ssm.service.impl.EmpServiceImpl]: AutowiredFieldElement for private com.ssm.dao.EmpDao com.ssm.service.impl.EmpServiceImpl.empDao
2016-12-24 15:05:07 org.springframework.beans.factory.support.AbstractAutowireCapableBeanFactory.doCreateBean(AbstractAutowireCapableBeanFactory.java:537)  Eagerly caching bean 'empServiceImpl' to allow for resolving potential circular references
2016-12-24 15:05:07 org.springframework.beans.factory.annotation.InjectionMetadata.inject(InjectionMetadata.java:86)  Processing injected element of bean 'empServiceImpl': AutowiredFieldElement for private com.ssm.dao.EmpDao com.ssm.service.impl.EmpServiceImpl.empDao
2016-12-24 15:05:07 org.springframework.beans.factory.support.DefaultSingletonBeanRegistry.getSingleton(DefaultSingletonBeanRegistry.java:221)  Creating shared instance of singleton bean 'empDao'
2016-12-24 15:05:07 org.springframework.beans.factory.support.AbstractAutowireCapableBeanFactory.createBean(AbstractAutowireCapableBeanFactory.java:448)  Creating instance of bean 'empDao'
2016-12-24 15:05:07 org.springframework.beans.factory.support.AbstractAutowireCapableBeanFactory.doCreateBean(AbstractAutowireCapableBeanFactory.java:537)  Eagerly caching bean 'empDao' to allow for resolving potential circular references
2016-12-24 15:05:07 org.springframework.beans.factory.support.AbstractBeanFactory.doGetBean(AbstractBeanFactory.java:251)  Returning cached instance of singleton bean 'sqlSessionFactory'
2016-12-24 15:05:07 org.springframework.beans.factory.support.AbstractAutowireCapableBeanFactory.invokeInitMethods(AbstractAutowireCapableBeanFactory.java:1625)  Invoking afterPropertiesSet() on bean with name 'empDao'
2016-12-24 15:05:07 org.springframework.beans.factory.support.AbstractBeanFactory.doGetBean(AbstractBeanFactory.java:251)  Returning cached instance of singleton bean 'org.springframework.transaction.config.internalTransactionAdvisor'
2016-12-24 15:05:07 org.springframework.beans.factory.support.AbstractAutowireCapableBeanFactory.createBean(AbstractAutowireCapableBeanFactory.java:484)  Finished creating instance of bean 'empDao'
2016-12-24 15:05:07 org.springframework.beans.factory.support.AbstractBeanFactory.doGetBean(AbstractBeanFactory.java:251)  Returning cached instance of singleton bean 'org.springframework.transaction.config.internalTransactionAdvisor'
2016-12-24 15:05:07 org.springframework.beans.factory.annotation.AutowiredAnnotationBeanPostProcessor.registerDependentBeans(AutowiredAnnotationBeanPostProcessor.java:539)  Autowiring by type from bean name 'empServiceImpl' to bean named 'empDao'
2016-12-24 15:05:07 org.springframework.beans.factory.support.AbstractBeanFactory.doGetBean(AbstractBeanFactory.java:251)  Returning cached instance of singleton bean 'org.springframework.transaction.config.internalTransactionAdvisor'
2016-12-24 15:05:07 org.springframework.beans.factory.support.AbstractAutowireCapableBeanFactory.createBean(AbstractAutowireCapableBeanFactory.java:484)  Finished creating instance of bean 'empServiceImpl'
2016-12-24 15:05:07 org.springframework.beans.factory.annotation.AutowiredAnnotationBeanPostProcessor.registerDependentBeans(AutowiredAnnotationBeanPostProcessor.java:539)  Autowiring by type from bean name 'empController' to bean named 'empServiceImpl'
2016-12-24 15:05:07 org.springframework.beans.factory.support.AbstractBeanFactory.doGetBean(AbstractBeanFactory.java:251)  Returning cached instance of singleton bean 'org.springframework.transaction.config.internalTransactionAdvisor'
2016-12-24 15:05:07 org.springframework.beans.factory.support.AbstractAutowireCapableBeanFactory.createBean(AbstractAutowireCapableBeanFactory.java:484)  Finished creating instance of bean 'empController'
2016-12-24 15:05:07 org.springframework.beans.factory.support.DefaultSingletonBeanRegistry.getSingleton(DefaultSingletonBeanRegistry.java:221)  Creating shared instance of singleton bean 'goodsController'
2016-12-24 15:05:07 org.springframework.beans.factory.support.AbstractAutowireCapableBeanFactory.createBean(AbstractAutowireCapableBeanFactory.java:448)  Creating instance of bean 'goodsController'
2016-12-24 15:05:07 org.springframework.beans.factory.support.AbstractAutowireCapableBeanFactory.doCreateBean(AbstractAutowireCapableBeanFactory.java:537)  Eagerly caching bean 'goodsController' to allow for resolving potential circular references
2016-12-24 15:05:07 org.springframework.beans.factory.support.AbstractBeanFactory.doGetBean(AbstractBeanFactory.java:251)  Returning cached instance of singleton bean 'org.springframework.transaction.config.internalTransactionAdvisor'
2016-12-24 15:05:07 org.springframework.beans.factory.support.AbstractAutowireCapableBeanFactory.createBean(AbstractAutowireCapableBeanFactory.java:484)  Finished creating instance of bean 'goodsController'
2016-12-24 15:05:07 org.springframework.beans.factory.support.DefaultSingletonBeanRegistry.getSingleton(DefaultSingletonBeanRegistry.java:221)  Creating shared instance of singleton bean 'managerController'
2016-12-24 15:05:07 org.springframework.beans.factory.support.AbstractAutowireCapableBeanFactory.createBean(AbstractAutowireCapableBeanFactory.java:448)  Creating instance of bean 'managerController'
2016-12-24 15:05:07 org.springframework.beans.factory.support.AbstractAutowireCapableBeanFactory.doCreateBean(AbstractAutowireCapableBeanFactory.java:537)  Eagerly caching bean 'managerController' to allow for resolving potential circular references
2016-12-24 15:05:07 org.springframework.beans.factory.support.AbstractBeanFactory.doGetBean(AbstractBeanFactory.java:251)  Returning cached instance of singleton bean 'org.springframework.transaction.config.internalTransactionAdvisor'
2016-12-24 15:05:07 org.springframework.beans.factory.support.AbstractAutowireCapableBeanFactory.createBean(AbstractAutowireCapableBeanFactory.java:484)  Finished creating instance of bean 'managerController'
2016-12-24 15:05:07 org.springframework.beans.factory.support.DefaultSingletonBeanRegistry.getSingleton(DefaultSingletonBeanRegistry.java:221)  Creating shared instance of singleton bean 'noInterceptor'
2016-12-24 15:05:07 org.springframework.beans.factory.support.AbstractAutowireCapableBeanFactory.createBean(AbstractAutowireCapableBeanFactory.java:448)  Creating instance of bean 'noInterceptor'
2016-12-24 15:05:07 org.springframework.beans.factory.annotation.InjectionMetadata.checkConfigMembers(InjectionMetadata.java:72)  Registered injected element on class [com.ssm.action.NoInterceptor]: AutowiredFieldElement for private com.ssm.service.UserService com.ssm.action.NoInterceptor.userService
2016-12-24 15:05:07 org.springframework.beans.factory.support.AbstractAutowireCapableBeanFactory.doCreateBean(AbstractAutowireCapableBeanFactory.java:537)  Eagerly caching bean 'noInterceptor' to allow for resolving potential circular references
2016-12-24 15:05:07 org.springframework.beans.factory.annotation.InjectionMetadata.inject(InjectionMetadata.java:86)  Processing injected element of bean 'noInterceptor': AutowiredFieldElement for private com.ssm.service.UserService com.ssm.action.NoInterceptor.userService
2016-12-24 15:05:07 org.springframework.beans.factory.support.DefaultSingletonBeanRegistry.getSingleton(DefaultSingletonBeanRegistry.java:221)  Creating shared instance of singleton bean 'userServiceImpl'
2016-12-24 15:05:07 org.springframework.beans.factory.support.AbstractAutowireCapableBeanFactory.createBean(AbstractAutowireCapableBeanFactory.java:448)  Creating instance of bean 'userServiceImpl'
2016-12-24 15:05:07 org.springframework.beans.factory.annotation.InjectionMetadata.checkConfigMembers(InjectionMetadata.java:72)  Registered injected element on class [com.ssm.service.impl.UserServiceImpl]: AutowiredFieldElement for private com.ssm.dao.UserDao com.ssm.service.impl.UserServiceImpl.userDao
2016-12-24 15:05:07 org.springframework.beans.factory.support.AbstractAutowireCapableBeanFactory.doCreateBean(AbstractAutowireCapableBeanFactory.java:537)  Eagerly caching bean 'userServiceImpl' to allow for resolving potential circular references
2016-12-24 15:05:07 org.springframework.beans.factory.annotation.InjectionMetadata.inject(InjectionMetadata.java:86)  Processing injected element of bean 'userServiceImpl': AutowiredFieldElement for private com.ssm.dao.UserDao com.ssm.service.impl.UserServiceImpl.userDao
2016-12-24 15:05:07 org.springframework.beans.factory.support.DefaultSingletonBeanRegistry.getSingleton(DefaultSingletonBeanRegistry.java:221)  Creating shared instance of singleton bean 'userDao'
2016-12-24 15:05:07 org.springframework.beans.factory.support.AbstractAutowireCapableBeanFactory.createBean(AbstractAutowireCapableBeanFactory.java:448)  Creating instance of bean 'userDao'
2016-12-24 15:05:07 org.springframework.beans.factory.support.AbstractAutowireCapableBeanFactory.doCreateBean(AbstractAutowireCapableBeanFactory.java:537)  Eagerly caching bean 'userDao' to allow for resolving potential circular references
2016-12-24 15:05:07 org.springframework.beans.factory.support.AbstractBeanFactory.doGetBean(AbstractBeanFactory.java:251)  Returning cached instance of singleton bean 'sqlSessionFactory'
2016-12-24 15:05:07 org.springframework.beans.factory.support.AbstractAutowireCapableBeanFactory.invokeInitMethods(AbstractAutowireCapableBeanFactory.java:1625)  Invoking afterPropertiesSet() on bean with name 'userDao'
2016-12-24 15:05:07 org.springframework.beans.factory.support.AbstractBeanFactory.doGetBean(AbstractBeanFactory.java:251)  Returning cached instance of singleton bean 'org.springframework.transaction.config.internalTransactionAdvisor'
2016-12-24 15:05:07 org.springframework.beans.factory.support.AbstractAutowireCapableBeanFactory.createBean(AbstractAutowireCapableBeanFactory.java:484)  Finished creating instance of bean 'userDao'
2016-12-24 15:05:07 org.springframework.beans.factory.support.AbstractBeanFactory.doGetBean(AbstractBeanFactory.java:251)  Returning cached instance of singleton bean 'org.springframework.transaction.config.internalTransactionAdvisor'
2016-12-24 15:05:07 org.springframework.beans.factory.annotation.AutowiredAnnotationBeanPostProcessor.registerDependentBeans(AutowiredAnnotationBeanPostProcessor.java:539)  Autowiring by type from bean name 'userServiceImpl' to bean named 'userDao'
2016-12-24 15:05:07 org.springframework.beans.factory.support.AbstractBeanFactory.doGetBean(AbstractBeanFactory.java:251)  Returning cached instance of singleton bean 'org.springframework.transaction.config.internalTransactionAdvisor'
2016-12-24 15:05:07 org.springframework.beans.factory.support.AbstractAutowireCapableBeanFactory.createBean(AbstractAutowireCapableBeanFactory.java:484)  Finished creating instance of bean 'userServiceImpl'
2016-12-24 15:05:07 org.springframework.beans.factory.annotation.AutowiredAnnotationBeanPostProcessor.registerDependentBeans(AutowiredAnnotationBeanPostProcessor.java:539)  Autowiring by type from bean name 'noInterceptor' to bean named 'userServiceImpl'
2016-12-24 15:05:07 org.springframework.beans.factory.support.AbstractBeanFactory.doGetBean(AbstractBeanFactory.java:251)  Returning cached instance of singleton bean 'org.springframework.transaction.config.internalTransactionAdvisor'
2016-12-24 15:05:07 org.springframework.beans.factory.support.AbstractAutowireCapableBeanFactory.createBean(AbstractAutowireCapableBeanFactory.java:484)  Finished creating instance of bean 'noInterceptor'
2016-12-24 15:05:07 org.springframework.beans.factory.support.DefaultSingletonBeanRegistry.getSingleton(DefaultSingletonBeanRegistry.java:221)  Creating shared instance of singleton bean 'urlTrans'
2016-12-24 15:05:07 org.springframework.beans.factory.support.AbstractAutowireCapableBeanFactory.createBean(AbstractAutowireCapableBeanFactory.java:448)  Creating instance of bean 'urlTrans'
2016-12-24 15:05:07 org.springframework.beans.factory.support.AbstractAutowireCapableBeanFactory.doCreateBean(AbstractAutowireCapableBeanFactory.java:537)  Eagerly caching bean 'urlTrans' to allow for resolving potential circular references
2016-12-24 15:05:07 org.springframework.beans.factory.support.AbstractBeanFactory.doGetBean(AbstractBeanFactory.java:251)  Returning cached instance of singleton bean 'org.springframework.transaction.config.internalTransactionAdvisor'
2016-12-24 15:05:07 org.springframework.beans.factory.support.AbstractAutowireCapableBeanFactory.createBean(AbstractAutowireCapableBeanFactory.java:484)  Finished creating instance of bean 'urlTrans'
2016-12-24 15:05:07 org.springframework.beans.factory.support.DefaultSingletonBeanRegistry.getSingleton(DefaultSingletonBeanRegistry.java:221)  Creating shared instance of singleton bean 'userController'
2016-12-24 15:05:07 org.springframework.beans.factory.support.AbstractAutowireCapableBeanFactory.createBean(AbstractAutowireCapableBeanFactory.java:448)  Creating instance of bean 'userController'
2016-12-24 15:05:07 org.springframework.beans.factory.annotation.InjectionMetadata.checkConfigMembers(InjectionMetadata.java:72)  Registered injected element on class [com.ssm.action.UserController]: AutowiredFieldElement for private com.ssm.service.EmpService com.ssm.action.UserController.empService
2016-12-24 15:05:07 org.springframework.beans.factory.support.AbstractAutowireCapableBeanFactory.doCreateBean(AbstractAutowireCapableBeanFactory.java:537)  Eagerly caching bean 'userController' to allow for resolving potential circular references
2016-12-24 15:05:07 org.springframework.beans.factory.annotation.InjectionMetadata.inject(InjectionMetadata.java:86)  Processing injected element of bean 'userController': AutowiredFieldElement for private com.ssm.service.EmpService com.ssm.action.UserController.empService
2016-12-24 15:05:07 org.springframework.beans.factory.support.AbstractBeanFactory.doGetBean(AbstractBeanFactory.java:251)  Returning cached instance of singleton bean 'empServiceImpl'
2016-12-24 15:05:07 org.springframework.beans.factory.annotation.AutowiredAnnotationBeanPostProcessor.registerDependentBeans(AutowiredAnnotationBeanPostProcessor.java:539)  Autowiring by type from bean name 'userController' to bean named 'empServiceImpl'
2016-12-24 15:05:07 org.springframework.beans.factory.support.AbstractBeanFactory.doGetBean(AbstractBeanFactory.java:251)  Returning cached instance of singleton bean 'org.springframework.transaction.config.internalTransactionAdvisor'
2016-12-24 15:05:07 org.springframework.beans.factory.support.AbstractAutowireCapableBeanFactory.createBean(AbstractAutowireCapableBeanFactory.java:484)  Finished creating instance of bean 'userController'
2016-12-24 15:05:07 org.springframework.beans.factory.support.DefaultSingletonBeanRegistry.getSingleton(DefaultSingletonBeanRegistry.java:221)  Creating shared instance of singleton bean 'userGnController'
2016-12-24 15:05:07 org.springframework.beans.factory.support.AbstractAutowireCapableBeanFactory.createBean(AbstractAutowireCapableBeanFactory.java:448)  Creating instance of bean 'userGnController'
2016-12-24 15:05:07 org.springframework.beans.factory.annotation.InjectionMetadata.checkConfigMembers(InjectionMetadata.java:72)  Registered injected element on class [com.ssm.action.UserGnController]: AutowiredFieldElement for private com.ssm.service.EmpService com.ssm.action.UserGnController.empService
2016-12-24 15:05:07 org.springframework.beans.factory.support.AbstractAutowireCapableBeanFactory.doCreateBean(AbstractAutowireCapableBeanFactory.java:537)  Eagerly caching bean 'userGnController' to allow for resolving potential circular references
2016-12-24 15:05:07 org.springframework.beans.factory.annotation.InjectionMetadata.inject(InjectionMetadata.java:86)  Processing injected element of bean 'userGnController': AutowiredFieldElement for private com.ssm.service.EmpService com.ssm.action.UserGnController.empService
2016-12-24 15:05:07 org.springframework.beans.factory.support.AbstractBeanFactory.doGetBean(AbstractBeanFactory.java:251)  Returning cached instance of singleton bean 'empServiceImpl'
2016-12-24 15:05:07 org.springframework.beans.factory.annotation.AutowiredAnnotationBeanPostProcessor.registerDependentBeans(AutowiredAnnotationBeanPostProcessor.java:539)  Autowiring by type from bean name 'userGnController' to bean named 'empServiceImpl'
2016-12-24 15:05:07 org.springframework.beans.factory.support.AbstractBeanFactory.doGetBean(AbstractBeanFactory.java:251)  Returning cached instance of singleton bean 'org.springframework.transaction.config.internalTransactionAdvisor'
2016-12-24 15:05:07 org.springframework.beans.factory.support.AbstractAutowireCapableBeanFactory.createBean(AbstractAutowireCapableBeanFactory.java:484)  Finished creating instance of bean 'userGnController'
2016-12-24 15:05:07 org.springframework.beans.factory.support.DefaultSingletonBeanRegistry.getSingleton(DefaultSingletonBeanRegistry.java:221)  Creating shared instance of singleton bean 'dept'
2016-12-24 15:05:07 org.springframework.beans.factory.support.AbstractAutowireCapableBeanFactory.createBean(AbstractAutowireCapableBeanFactory.java:448)  Creating instance of bean 'dept'
2016-12-24 15:05:07 org.springframework.beans.factory.support.AbstractAutowireCapableBeanFactory.doCreateBean(AbstractAutowireCapableBeanFactory.java:537)  Eagerly caching bean 'dept' to allow for resolving potential circular references
2016-12-24 15:05:07 org.springframework.beans.factory.support.AbstractBeanFactory.doGetBean(AbstractBeanFactory.java:251)  Returning cached instance of singleton bean 'org.springframework.transaction.config.internalTransactionAdvisor'
2016-12-24 15:05:07 org.springframework.beans.factory.support.AbstractAutowireCapableBeanFactory.createBean(AbstractAutowireCapableBeanFactory.java:484)  Finished creating instance of bean 'dept'
2016-12-24 15:05:07 org.springframework.beans.factory.support.DefaultSingletonBeanRegistry.getSingleton(DefaultSingletonBeanRegistry.java:221)  Creating shared instance of singleton bean 'user'
2016-12-24 15:05:07 org.springframework.beans.factory.support.AbstractAutowireCapableBeanFactory.createBean(AbstractAutowireCapableBeanFactory.java:448)  Creating instance of bean 'user'
2016-12-24 15:05:07 org.springframework.beans.factory.support.AbstractAutowireCapableBeanFactory.doCreateBean(AbstractAutowireCapableBeanFactory.java:537)  Eagerly caching bean 'user' to allow for resolving potential circular references
2016-12-24 15:05:07 org.springframework.beans.factory.support.AbstractBeanFactory.doGetBean(AbstractBeanFactory.java:251)  Returning cached instance of singleton bean 'org.springframework.transaction.config.internalTransactionAdvisor'
2016-12-24 15:05:07 org.springframework.beans.factory.support.AbstractAutowireCapableBeanFactory.createBean(AbstractAutowireCapableBeanFactory.java:484)  Finished creating instance of bean 'user'
2016-12-24 15:05:07 org.springframework.beans.factory.support.AbstractBeanFactory.doGetBean(AbstractBeanFactory.java:251)  Returning cached instance of singleton bean 'deptServiceImpl'
2016-12-24 15:05:07 org.springframework.beans.factory.support.AbstractBeanFactory.doGetBean(AbstractBeanFactory.java:251)  Returning cached instance of singleton bean 'empServiceImpl'
2016-12-24 15:05:07 org.springframework.beans.factory.support.AbstractBeanFactory.doGetBean(AbstractBeanFactory.java:251)  Returning cached instance of singleton bean 'userServiceImpl'
2016-12-24 15:05:07 org.springframework.beans.factory.support.AbstractBeanFactory.doGetBean(AbstractBeanFactory.java:251)  Returning cached instance of singleton bean 'org.springframework.context.annotation.internalConfigurationAnnotationProcessor'
2016-12-24 15:05:07 org.springframework.beans.factory.support.AbstractBeanFactory.doGetBean(AbstractBeanFactory.java:251)  Returning cached instance of singleton bean 'org.springframework.context.annotation.internalAutowiredAnnotationProcessor'
2016-12-24 15:05:07 org.springframework.beans.factory.support.AbstractBeanFactory.doGetBean(AbstractBeanFactory.java:251)  Returning cached instance of singleton bean 'org.springframework.context.annotation.internalRequiredAnnotationProcessor'
2016-12-24 15:05:07 org.springframework.beans.factory.support.AbstractBeanFactory.doGetBean(AbstractBeanFactory.java:251)  Returning cached instance of singleton bean 'org.springframework.context.annotation.internalCommonAnnotationProcessor'
2016-12-24 15:05:07 org.springframework.beans.factory.support.DefaultSingletonBeanRegistry.getSingleton(DefaultSingletonBeanRegistry.java:221)  Creating shared instance of singleton bean 'org.springframework.context.event.internalEventListenerProcessor'
2016-12-24 15:05:07 org.springframework.beans.factory.support.AbstractAutowireCapableBeanFactory.createBean(AbstractAutowireCapableBeanFactory.java:448)  Creating instance of bean 'org.springframework.context.event.internalEventListenerProcessor'
2016-12-24 15:05:07 org.springframework.beans.factory.support.AbstractAutowireCapableBeanFactory.doCreateBean(AbstractAutowireCapableBeanFactory.java:537)  Eagerly caching bean 'org.springframework.context.event.internalEventListenerProcessor' to allow for resolving potential circular references
2016-12-24 15:05:07 org.springframework.beans.factory.support.AbstractBeanFactory.doGetBean(AbstractBeanFactory.java:251)  Returning cached instance of singleton bean 'org.springframework.transaction.config.internalTransactionAdvisor'
2016-12-24 15:05:07 org.springframework.beans.factory.support.AbstractAutowireCapableBeanFactory.createBean(AbstractAutowireCapableBeanFactory.java:484)  Finished creating instance of bean 'org.springframework.context.event.internalEventListenerProcessor'
2016-12-24 15:05:07 org.springframework.beans.factory.support.DefaultSingletonBeanRegistry.getSingleton(DefaultSingletonBeanRegistry.java:221)  Creating shared instance of singleton bean 'org.springframework.context.event.internalEventListenerFactory'
2016-12-24 15:05:07 org.springframework.beans.factory.support.AbstractAutowireCapableBeanFactory.createBean(AbstractAutowireCapableBeanFactory.java:448)  Creating instance of bean 'org.springframework.context.event.internalEventListenerFactory'
2016-12-24 15:05:07 org.springframework.beans.factory.support.AbstractAutowireCapableBeanFactory.doCreateBean(AbstractAutowireCapableBeanFactory.java:537)  Eagerly caching bean 'org.springframework.context.event.internalEventListenerFactory' to allow for resolving potential circular references
2016-12-24 15:05:07 org.springframework.beans.factory.support.AbstractBeanFactory.doGetBean(AbstractBeanFactory.java:251)  Returning cached instance of singleton bean 'org.springframework.transaction.config.internalTransactionAdvisor'
2016-12-24 15:05:07 org.springframework.beans.factory.support.AbstractAutowireCapableBeanFactory.createBean(AbstractAutowireCapableBeanFactory.java:484)  Finished creating instance of bean 'org.springframework.context.event.internalEventListenerFactory'
2016-12-24 15:05:07 org.springframework.beans.factory.support.AbstractBeanFactory.doGetBean(AbstractBeanFactory.java:251)  Returning cached instance of singleton bean 'dataSource123'
2016-12-24 15:05:07 org.springframework.beans.factory.support.AbstractBeanFactory.doGetBean(AbstractBeanFactory.java:251)  Returning cached instance of singleton bean 'sqlSessionFactory'
2016-12-24 15:05:07 org.springframework.beans.factory.support.AbstractBeanFactory.doGetBean(AbstractBeanFactory.java:251)  Returning cached instance of singleton bean 'org.mybatis.spring.mapper.MapperScannerConfigurer#0'
2016-12-24 15:05:07 org.springframework.beans.factory.support.DefaultSingletonBeanRegistry.getSingleton(DefaultSingletonBeanRegistry.java:221)  Creating shared instance of singleton bean 'txManager'
2016-12-24 15:05:07 org.springframework.beans.factory.support.AbstractAutowireCapableBeanFactory.createBean(AbstractAutowireCapableBeanFactory.java:448)  Creating instance of bean 'txManager'
2016-12-24 15:05:07 org.springframework.beans.factory.support.AbstractAutowireCapableBeanFactory.doCreateBean(AbstractAutowireCapableBeanFactory.java:537)  Eagerly caching bean 'txManager' to allow for resolving potential circular references
2016-12-24 15:05:07 org.springframework.beans.factory.support.AbstractBeanFactory.doGetBean(AbstractBeanFactory.java:251)  Returning cached instance of singleton bean 'dataSource123'
2016-12-24 15:05:07 org.springframework.beans.factory.support.AbstractAutowireCapableBeanFactory.invokeInitMethods(AbstractAutowireCapableBeanFactory.java:1625)  Invoking afterPropertiesSet() on bean with name 'txManager'
2016-12-24 15:05:07 org.springframework.beans.factory.support.AbstractBeanFactory.doGetBean(AbstractBeanFactory.java:251)  Returning cached instance of singleton bean 'org.springframework.transaction.config.internalTransactionAdvisor'
2016-12-24 15:05:07 org.springframework.beans.factory.support.AbstractAutowireCapableBeanFactory.createBean(AbstractAutowireCapableBeanFactory.java:484)  Finished creating instance of bean 'txManager'
2016-12-24 15:05:07 org.springframework.beans.factory.support.DefaultSingletonBeanRegistry.getSingleton(DefaultSingletonBeanRegistry.java:221)  Creating shared instance of singleton bean 'org.springframework.transaction.config.internalTransactionalEventListenerFactory'
2016-12-24 15:05:07 org.springframework.beans.factory.support.AbstractAutowireCapableBeanFactory.createBean(AbstractAutowireCapableBeanFactory.java:448)  Creating instance of bean 'org.springframework.transaction.config.internalTransactionalEventListenerFactory'
2016-12-24 15:05:07 org.springframework.beans.factory.support.AbstractAutowireCapableBeanFactory.doCreateBean(AbstractAutowireCapableBeanFactory.java:537)  Eagerly caching bean 'org.springframework.transaction.config.internalTransactionalEventListenerFactory' to allow for resolving potential circular references
2016-12-24 15:05:07 org.springframework.beans.factory.support.AbstractBeanFactory.doGetBean(AbstractBeanFactory.java:251)  Returning cached instance of singleton bean 'org.springframework.transaction.config.internalTransactionAdvisor'
2016-12-24 15:05:07 org.springframework.beans.factory.support.AbstractAutowireCapableBeanFactory.createBean(AbstractAutowireCapableBeanFactory.java:484)  Finished creating instance of bean 'org.springframework.transaction.config.internalTransactionalEventListenerFactory'
2016-12-24 15:05:07 org.springframework.beans.factory.support.AbstractBeanFactory.doGetBean(AbstractBeanFactory.java:251)  Returning cached instance of singleton bean 'org.springframework.aop.config.internalAutoProxyCreator'
2016-12-24 15:05:07 org.springframework.beans.factory.support.AbstractBeanFactory.doGetBean(AbstractBeanFactory.java:251)  Returning cached instance of singleton bean 'org.springframework.transaction.annotation.AnnotationTransactionAttributeSource#0'
2016-12-24 15:05:07 org.springframework.beans.factory.support.DefaultSingletonBeanRegistry.getSingleton(DefaultSingletonBeanRegistry.java:221)  Creating shared instance of singleton bean 'org.springframework.transaction.interceptor.TransactionInterceptor#0'
2016-12-24 15:05:07 org.springframework.beans.factory.support.AbstractAutowireCapableBeanFactory.createBean(AbstractAutowireCapableBeanFactory.java:448)  Creating instance of bean 'org.springframework.transaction.interceptor.TransactionInterceptor#0'
2016-12-24 15:05:07 org.springframework.beans.factory.support.AbstractAutowireCapableBeanFactory.doCreateBean(AbstractAutowireCapableBeanFactory.java:537)  Eagerly caching bean 'org.springframework.transaction.interceptor.TransactionInterceptor#0' to allow for resolving potential circular references
2016-12-24 15:05:07 org.springframework.beans.factory.support.AbstractBeanFactory.doGetBean(AbstractBeanFactory.java:251)  Returning cached instance of singleton bean 'org.springframework.transaction.annotation.AnnotationTransactionAttributeSource#0'
2016-12-24 15:05:07 org.springframework.beans.factory.support.AbstractAutowireCapableBeanFactory.invokeInitMethods(AbstractAutowireCapableBeanFactory.java:1625)  Invoking afterPropertiesSet() on bean with name 'org.springframework.transaction.interceptor.TransactionInterceptor#0'
2016-12-24 15:05:07 org.springframework.beans.factory.support.AbstractAutowireCapableBeanFactory.createBean(AbstractAutowireCapableBeanFactory.java:484)  Finished creating instance of bean 'org.springframework.transaction.interceptor.TransactionInterceptor#0'
2016-12-24 15:05:07 org.springframework.beans.factory.support.AbstractBeanFactory.doGetBean(AbstractBeanFactory.java:251)  Returning cached instance of singleton bean 'org.springframework.transaction.config.internalTransactionAdvisor'
2016-12-24 15:05:07 org.springframework.beans.factory.support.AbstractBeanFactory.doGetBean(AbstractBeanFactory.java:251)  Returning cached instance of singleton bean 'org.springframework.context.annotation.ConfigurationClassPostProcessor.importAwareProcessor'
2016-12-24 15:05:07 org.springframework.beans.factory.support.AbstractBeanFactory.doGetBean(AbstractBeanFactory.java:251)  Returning cached instance of singleton bean 'org.springframework.context.annotation.ConfigurationClassPostProcessor.enhancedConfigurationProcessor'
2016-12-24 15:05:07 org.springframework.beans.factory.support.DefaultSingletonBeanRegistry.getSingleton(DefaultSingletonBeanRegistry.java:221)  Creating shared instance of singleton bean 'authDao'
2016-12-24 15:05:07 org.springframework.beans.factory.support.AbstractAutowireCapableBeanFactory.createBean(AbstractAutowireCapableBeanFactory.java:448)  Creating instance of bean 'authDao'
2016-12-24 15:05:07 org.springframework.beans.factory.support.AbstractAutowireCapableBeanFactory.doCreateBean(AbstractAutowireCapableBeanFactory.java:537)  Eagerly caching bean 'authDao' to allow for resolving potential circular references
2016-12-24 15:05:07 org.springframework.beans.factory.support.AbstractBeanFactory.doGetBean(AbstractBeanFactory.java:251)  Returning cached instance of singleton bean 'sqlSessionFactory'
2016-12-24 15:05:07 org.springframework.beans.factory.support.AbstractAutowireCapableBeanFactory.invokeInitMethods(AbstractAutowireCapableBeanFactory.java:1625)  Invoking afterPropertiesSet() on bean with name 'authDao'
2016-12-24 15:05:07 org.springframework.beans.factory.support.AbstractBeanFactory.doGetBean(AbstractBeanFactory.java:251)  Returning cached instance of singleton bean 'org.springframework.transaction.config.internalTransactionAdvisor'
2016-12-24 15:05:07 org.springframework.beans.factory.support.AbstractAutowireCapableBeanFactory.createBean(AbstractAutowireCapableBeanFactory.java:484)  Finished creating instance of bean 'authDao'
2016-12-24 15:05:07 org.springframework.beans.factory.support.DefaultSingletonBeanRegistry.getSingleton(DefaultSingletonBeanRegistry.java:221)  Creating shared instance of singleton bean 'authgroupDao'
2016-12-24 15:05:07 org.springframework.beans.factory.support.AbstractAutowireCapableBeanFactory.createBean(AbstractAutowireCapableBeanFactory.java:448)  Creating instance of bean 'authgroupDao'
2016-12-24 15:05:07 org.springframework.beans.factory.support.AbstractAutowireCapableBeanFactory.doCreateBean(AbstractAutowireCapableBeanFactory.java:537)  Eagerly caching bean 'authgroupDao' to allow for resolving potential circular references
2016-12-24 15:05:07 org.springframework.beans.factory.support.AbstractBeanFactory.doGetBean(AbstractBeanFactory.java:251)  Returning cached instance of singleton bean 'sqlSessionFactory'
2016-12-24 15:05:07 org.springframework.beans.factory.support.AbstractAutowireCapableBeanFactory.invokeInitMethods(AbstractAutowireCapableBeanFactory.java:1625)  Invoking afterPropertiesSet() on bean with name 'authgroupDao'
2016-12-24 15:05:07 org.springframework.beans.factory.support.AbstractBeanFactory.doGetBean(AbstractBeanFactory.java:251)  Returning cached instance of singleton bean 'org.springframework.transaction.config.internalTransactionAdvisor'
2016-12-24 15:05:07 org.springframework.beans.factory.support.AbstractAutowireCapableBeanFactory.createBean(AbstractAutowireCapableBeanFactory.java:484)  Finished creating instance of bean 'authgroupDao'
2016-12-24 15:05:07 org.springframework.beans.factory.support.AbstractBeanFactory.doGetBean(AbstractBeanFactory.java:251)  Returning cached instance of singleton bean 'deptDao'
2016-12-24 15:05:07 org.springframework.beans.factory.support.AbstractBeanFactory.doGetBean(AbstractBeanFactory.java:251)  Returning cached instance of singleton bean 'empDao'
2016-12-24 15:05:07 org.springframework.beans.factory.support.DefaultSingletonBeanRegistry.getSingleton(DefaultSingletonBeanRegistry.java:221)  Creating shared instance of singleton bean 'roleDao'
2016-12-24 15:05:07 org.springframework.beans.factory.support.AbstractAutowireCapableBeanFactory.createBean(AbstractAutowireCapableBeanFactory.java:448)  Creating instance of bean 'roleDao'
2016-12-24 15:05:07 org.springframework.beans.factory.support.AbstractAutowireCapableBeanFactory.doCreateBean(AbstractAutowireCapableBeanFactory.java:537)  Eagerly caching bean 'roleDao' to allow for resolving potential circular references
2016-12-24 15:05:07 org.springframework.beans.factory.support.AbstractBeanFactory.doGetBean(AbstractBeanFactory.java:251)  Returning cached instance of singleton bean 'sqlSessionFactory'
2016-12-24 15:05:07 org.springframework.beans.factory.support.AbstractAutowireCapableBeanFactory.invokeInitMethods(AbstractAutowireCapableBeanFactory.java:1625)  Invoking afterPropertiesSet() on bean with name 'roleDao'
2016-12-24 15:05:07 org.springframework.beans.factory.support.AbstractBeanFactory.doGetBean(AbstractBeanFactory.java:251)  Returning cached instance of singleton bean 'org.springframework.transaction.config.internalTransactionAdvisor'
2016-12-24 15:05:07 org.springframework.beans.factory.support.AbstractAutowireCapableBeanFactory.createBean(AbstractAutowireCapableBeanFactory.java:484)  Finished creating instance of bean 'roleDao'
2016-12-24 15:05:07 org.springframework.beans.factory.support.AbstractBeanFactory.doGetBean(AbstractBeanFactory.java:251)  Returning cached instance of singleton bean 'userDao'
2016-12-24 15:05:07 org.springframework.beans.factory.support.AbstractBeanFactory.doGetBean(AbstractBeanFactory.java:251)  Returning cached instance of singleton bean 'org.springframework.context.event.internalEventListenerFactory'
2016-12-24 15:05:07 org.springframework.beans.factory.support.AbstractBeanFactory.doGetBean(AbstractBeanFactory.java:251)  Returning cached instance of singleton bean 'org.springframework.transaction.config.internalTransactionalEventListenerFactory'
2016-12-24 15:05:07 org.springframework.context.support.AbstractApplicationContext.initLifecycleProcessor(AbstractApplicationContext.java:784)  Unable to locate LifecycleProcessor with name 'lifecycleProcessor': using default [org.springframework.context.support.DefaultLifecycleProcessor@58cbafc2]
2016-12-24 15:05:07 org.springframework.beans.factory.support.AbstractBeanFactory.doGetBean(AbstractBeanFactory.java:251)  Returning cached instance of singleton bean 'lifecycleProcessor'
2016-12-24 15:05:07 org.springframework.beans.factory.support.AbstractBeanFactory.doGetBean(AbstractBeanFactory.java:251)  Returning cached instance of singleton bean 'sqlSessionFactory'
2016-12-24 15:05:07 org.springframework.core.env.PropertySourcesPropertyResolver.getProperty(PropertySourcesPropertyResolver.java:91)  Could not find key 'spring.liveBeansView.mbeanDomain' in any property source
2016-12-24 15:05:07 org.springframework.beans.factory.support.AbstractBeanFactory.doGetBean(AbstractBeanFactory.java:251)  Returning cached instance of singleton bean 'empServiceImpl'
2016-12-24 15:05:07 org.apache.ibatis.logging.commons.JakartaCommonsLoggingImpl.debug(JakartaCommonsLoggingImpl.java:54)  Creating a new SqlSession
2016-12-24 15:05:07 org.apache.ibatis.logging.commons.JakartaCommonsLoggingImpl.debug(JakartaCommonsLoggingImpl.java:54)  SqlSession [org.apache.ibatis.session.defaults.DefaultSqlSession@4681c175] was not registered for synchronization because synchronization is not active
2016-12-24 15:05:07 org.springframework.jdbc.datasource.DataSourceUtils.doGetConnection(DataSourceUtils.java:110)  Fetching JDBC Connection from DataSource
2016-12-24 15:05:07 com.alibaba.druid.pool.DruidDataSource.init(DruidDataSource.java:715)  {dataSource-1} inited
2016-12-24 15:05:07 org.apache.ibatis.logging.commons.JakartaCommonsLoggingImpl.debug(JakartaCommonsLoggingImpl.java:54)  JDBC Connection [com.mysql.jdbc.JDBC4Connection@41330d4f] will not be managed by Spring
2016-12-24 15:05:07 org.apache.ibatis.logging.commons.JakartaCommonsLoggingImpl.debug(JakartaCommonsLoggingImpl.java:54)  ==>  Preparing: select id, name, pwd from tb_emp 
2016-12-24 15:05:07 org.apache.ibatis.logging.commons.JakartaCommonsLoggingImpl.debug(JakartaCommonsLoggingImpl.java:54)  ==> Parameters: 
2016-12-24 15:05:08 org.apache.ibatis.logging.commons.JakartaCommonsLoggingImpl.debug(JakartaCommonsLoggingImpl.java:54)  <==      Total: 7
2016-12-24 15:05:08 org.apache.ibatis.logging.commons.JakartaCommonsLoggingImpl.debug(JakartaCommonsLoggingImpl.java:54)  Closing non transactional SqlSession [org.apache.ibatis.session.defaults.DefaultSqlSession@4681c175]
2016-12-24 15:05:08 org.springframework.jdbc.datasource.DataSourceUtils.doReleaseConnection(DataSourceUtils.java:327)  Returning JDBC Connection to DataSource
2016-12-25 14:00:35 org.springframework.core.env.MutablePropertySources.addLast(MutablePropertySources.java:109)  Adding [systemProperties] PropertySource with lowest search precedence
2016-12-25 14:00:35 org.springframework.core.env.MutablePropertySources.addLast(MutablePropertySources.java:109)  Adding [systemEnvironment] PropertySource with lowest search precedence
2016-12-25 14:00:35 org.springframework.core.env.AbstractEnvironment.<init>(AbstractEnvironment.java:124)  Initialized StandardEnvironment with PropertySources [systemProperties,systemEnvironment]
2016-12-25 14:00:35 org.springframework.context.support.AbstractApplicationContext.prepareRefresh(AbstractApplicationContext.java:582)  Refreshing org.springframework.context.support.ClassPathXmlApplicationContext@7cf10a6f: startup date [Sun Dec 25 14:00:35 CST 2016]; root of context hierarchy
2016-12-25 14:00:35 org.springframework.core.env.MutablePropertySources.addLast(MutablePropertySources.java:109)  Adding [systemProperties] PropertySource with lowest search precedence
2016-12-25 14:00:35 org.springframework.core.env.MutablePropertySources.addLast(MutablePropertySources.java:109)  Adding [systemEnvironment] PropertySource with lowest search precedence
2016-12-25 14:00:35 org.springframework.core.env.AbstractEnvironment.<init>(AbstractEnvironment.java:124)  Initialized StandardEnvironment with PropertySources [systemProperties,systemEnvironment]
2016-12-25 14:00:35 org.springframework.beans.factory.xml.XmlBeanDefinitionReader.loadBeanDefinitions(XmlBeanDefinitionReader.java:317)  Loading XML bean definitions from class path resource [applicationContext.xml]
2016-12-25 14:00:35 org.springframework.beans.factory.xml.DefaultDocumentLoader.loadDocument(DefaultDocumentLoader.java:73)  Using JAXP provider [com.sun.org.apache.xerces.internal.jaxp.DocumentBuilderFactoryImpl]
2016-12-25 14:00:35 org.springframework.beans.factory.xml.PluggableSchemaResolver.getSchemaMappings(PluggableSchemaResolver.java:141)  Loading schema mappings from [META-INF/spring.schemas]
2016-12-25 14:00:35 org.springframework.beans.factory.xml.PluggableSchemaResolver.getSchemaMappings(PluggableSchemaResolver.java:147)  Loaded schema mappings: {http://www.springframework.org/schema/tx/spring-tx-4.3.xsd=org/springframework/transaction/config/spring-tx-4.3.xsd, http://www.springframework.org/schema/tx/spring-tx-2.5.xsd=org/springframework/transaction/config/spring-tx-2.5.xsd, http://www.springframework.org/schema/cache/spring-cache-4.2.xsd=org/springframework/cache/config/spring-cache-4.2.xsd, http://www.springframework.org/schema/aop/spring-aop-4.1.xsd=org/springframework/aop/config/spring-aop-4.1.xsd, http://www.springframework.org/schema/context/spring-context-3.1.xsd=org/springframework/context/config/spring-context-3.1.xsd, http://www.springframework.org/schema/jdbc/spring-jdbc-4.1.xsd=org/springframework/jdbc/config/spring-jdbc-4.1.xsd, http://www.springframework.org/schema/mvc/spring-mvc-4.1.xsd=org/springframework/web/servlet/config/spring-mvc-4.1.xsd, http://www.springframework.org/schema/util/spring-util-3.0.xsd=org/springframework/beans/factory/xml/spring-util-3.0.xsd, http://www.springframework.org/schema/tool/spring-tool.xsd=org/springframework/beans/factory/xml/spring-tool-4.3.xsd, http://www.springframework.org/schema/aop/spring-aop-3.2.xsd=org/springframework/aop/config/spring-aop-3.2.xsd, http://mybatis.org/schema/mybatis-spring-1.2.xsd=org/mybatis/spring/config/mybatis-spring-1.2.xsd, http://www.springframework.org/schema/lang/spring-lang-4.1.xsd=org/springframework/scripting/config/spring-lang-4.1.xsd, http://www.springframework.org/schema/context/spring-context-4.0.xsd=org/springframework/context/config/spring-context-4.0.xsd, http://www.springframework.org/schema/mvc/spring-mvc-3.2.xsd=org/springframework/web/servlet/config/spring-mvc-3.2.xsd, http://www.springframework.org/schema/beans/spring-beans-4.2.xsd=org/springframework/beans/factory/xml/spring-beans-4.2.xsd, http://www.springframework.org/schema/tool/spring-tool-4.1.xsd=org/springframework/beans/factory/xml/spring-tool-4.1.xsd, http://www.springframework.org/schema/lang/spring-lang-3.2.xsd=org/springframework/scripting/config/spring-lang-3.2.xsd, http://www.springframework.org/schema/cache/spring-cache-3.2.xsd=org/springframework/cache/config/spring-cache-3.2.xsd, http://www.springframework.org/schema/jee/spring-jee-4.1.xsd=org/springframework/ejb/config/spring-jee-4.1.xsd, http://www.springframework.org/schema/jdbc/spring-jdbc-3.1.xsd=org/springframework/jdbc/config/spring-jdbc-3.1.xsd, http://www.springframework.org/schema/task/spring-task-4.2.xsd=org/springframework/scheduling/config/spring-task-4.2.xsd, http://www.springframework.org/schema/util/spring-util-2.0.xsd=org/springframework/beans/factory/xml/spring-util-2.0.xsd, http://www.springframework.org/schema/tool/spring-tool-3.2.xsd=org/springframework/beans/factory/xml/spring-tool-3.2.xsd, http://www.springframework.org/schema/context/spring-context.xsd=org/springframework/context/config/spring-context-4.3.xsd, http://www.springframework.org/schema/tx/spring-tx-4.2.xsd=org/springframework/transaction/config/spring-tx-4.2.xsd, http://www.springframework.org/schema/cache/spring-cache-4.1.xsd=org/springframework/cache/config/spring-cache-4.1.xsd, http://www.springframework.org/schema/aop/spring-aop-4.0.xsd=org/springframework/aop/config/spring-aop-4.0.xsd, http://www.springframework.org/schema/jee/spring-jee-3.2.xsd=org/springframework/ejb/config/spring-jee-3.2.xsd, http://www.springframework.org/schema/context/spring-context-3.0.xsd=org/springframework/context/config/spring-context-3.0.xsd, http://www.springframework.org/schema/jdbc/spring-jdbc-4.0.xsd=org/springframework/jdbc/config/spring-jdbc-4.0.xsd, http://www.springframework.org/schema/mvc/spring-mvc-4.0.xsd=org/springframework/web/servlet/config/spring-mvc-4.0.xsd, http://www.springframework.org/schema/util/spring-util-2.5.xsd=org/springframework/beans/factory/xml/spring-util-2.5.xsd, http://www.springframework.org/schema/util/spring-util-4.3.xsd=org/springframework/beans/factory/xml/spring-util-4.3.xsd, http://www.springframework.org/schema/beans/spring-beans-3.2.xsd=org/springframework/beans/factory/xml/spring-beans-3.2.xsd, http://www.springframework.org/schema/aop/spring-aop-3.1.xsd=org/springframework/aop/config/spring-aop-3.1.xsd, http://www.springframework.org/schema/lang/spring-lang-4.0.xsd=org/springframework/scripting/config/spring-lang-4.0.xsd, http://www.springframework.org/schema/mvc/spring-mvc.xsd=org/springframework/web/servlet/config/spring-mvc-4.3.xsd, http://www.springframework.org/schema/mvc/spring-mvc-3.1.xsd=org/springframework/web/servlet/config/spring-mvc-3.1.xsd, http://www.springframework.org/schema/beans/spring-beans-4.1.xsd=org/springframework/beans/factory/xml/spring-beans-4.1.xsd, http://www.springframework.org/schema/tool/spring-tool-4.0.xsd=org/springframework/beans/factory/xml/spring-tool-4.0.xsd, http://www.springframework.org/schema/tx/spring-tx-3.2.xsd=org/springframework/transaction/config/spring-tx-3.2.xsd, http://www.springframework.org/schema/lang/spring-lang-3.1.xsd=org/springframework/scripting/config/spring-lang-3.1.xsd, http://www.springframework.org/schema/cache/spring-cache-3.1.xsd=org/springframework/cache/config/spring-cache-3.1.xsd, http://www.springframework.org/schema/jee/spring-jee-4.0.xsd=org/springframework/ejb/config/spring-jee-4.0.xsd, http://www.springframework.org/schema/jdbc/spring-jdbc-3.0.xsd=org/springframework/jdbc/config/spring-jdbc-3.0.xsd, http://www.springframework.org/schema/task/spring-task-4.1.xsd=org/springframework/scheduling/config/spring-task-4.1.xsd, http://www.springframework.org/schema/jdbc/spring-jdbc.xsd=org/springframework/jdbc/config/spring-jdbc-4.3.xsd, http://www.springframework.org/schema/tool/spring-tool-3.1.xsd=org/springframework/beans/factory/xml/spring-tool-3.1.xsd, http://www.springframework.org/schema/tx/spring-tx-4.1.xsd=org/springframework/transaction/config/spring-tx-4.1.xsd, http://www.springframework.org/schema/cache/spring-cache-4.0.xsd=org/springframework/cache/config/spring-cache-4.0.xsd, http://www.springframework.org/schema/jee/spring-jee-3.1.xsd=org/springframework/ejb/config/spring-jee-3.1.xsd, http://www.springframework.org/schema/task/spring-task-3.2.xsd=org/springframework/scheduling/config/spring-task-3.2.xsd, http://www.springframework.org/schema/util/spring-util-4.2.xsd=org/springframework/beans/factory/xml/spring-util-4.2.xsd, http://www.springframework.org/schema/beans/spring-beans-3.1.xsd=org/springframework/beans/factory/xml/spring-beans-3.1.xsd, http://www.springframework.org/schema/util/spring-util.xsd=org/springframework/beans/factory/xml/spring-util-4.3.xsd, http://www.springframework.org/schema/aop/spring-aop-3.0.xsd=org/springframework/aop/config/spring-aop-3.0.xsd, http://www.springframework.org/schema/mvc/spring-mvc-3.0.xsd=org/springframework/web/servlet/config/spring-mvc-3.0.xsd, http://www.springframework.org/schema/beans/spring-beans-4.0.xsd=org/springframework/beans/factory/xml/spring-beans-4.0.xsd, http://www.springframework.org/schema/beans/spring-beans.xsd=org/springframework/beans/factory/xml/spring-beans-4.3.xsd, http://www.springframework.org/schema/tx/spring-tx-3.1.xsd=org/springframework/transaction/config/spring-tx-3.1.xsd, http://www.springframework.org/schema/lang/spring-lang-3.0.xsd=org/springframework/scripting/config/spring-lang-3.0.xsd, http://mybatis.org/schema/mybatis-spring.xsd=org/mybatis/spring/config/mybatis-spring-1.2.xsd, http://www.springframework.org/schema/context/spring-context-2.5.xsd=org/springframework/context/config/spring-context-2.5.xsd, http://www.springframework.org/schema/context/spring-context-4.3.xsd=org/springframework/context/config/spring-context-4.3.xsd, http://www.springframework.org/schema/task/spring-task-4.0.xsd=org/springframework/scheduling/config/spring-task-4.0.xsd, http://www.springframework.org/schema/tool/spring-tool-3.0.xsd=org/springframework/beans/factory/xml/spring-tool-3.0.xsd, http://www.springframework.org/schema/tx/spring-tx-4.0.xsd=org/springframework/transaction/config/spring-tx-4.0.xsd, http://www.springframework.org/schema/aop/spring-aop-2.0.xsd=org/springframework/aop/config/spring-aop-2.0.xsd, http://www.springframework.org/schema/jee/spring-jee-3.0.xsd=org/springframework/ejb/config/spring-jee-3.0.xsd, http://www.springframework.org/schema/task/spring-task-3.1.xsd=org/springframework/scheduling/config/spring-task-3.1.xsd, http://www.springframework.org/schema/util/spring-util-4.1.xsd=org/springframework/beans/factory/xml/spring-util-4.1.xsd, http://www.springframework.org/schema/beans/spring-beans-3.0.xsd=org/springframework/beans/factory/xml/spring-beans-3.0.xsd, http://www.springframework.org/schema/jee/spring-jee.xsd=org/springframework/ejb/config/spring-jee-4.3.xsd, http://www.springframework.org/schema/aop/spring-aop-2.5.xsd=org/springframework/aop/config/spring-aop-2.5.xsd, http://www.springframework.org/schema/aop/spring-aop-4.3.xsd=org/springframework/aop/config/spring-aop-4.3.xsd, http://www.springframework.org/schema/lang/spring-lang-2.0.xsd=org/springframework/scripting/config/spring-lang-2.0.xsd, http://www.springframework.org/schema/jdbc/spring-jdbc-4.3.xsd=org/springframework/jdbc/config/spring-jdbc-4.3.xsd, http://www.springframework.org/schema/mvc/spring-mvc-4.3.xsd=org/springframework/web/servlet/config/spring-mvc-4.3.xsd, http://www.springframework.org/schema/util/spring-util-3.2.xsd=org/springframework/beans/factory/xml/spring-util-3.2.xsd, http://www.springframework.org/schema/task/spring-task.xsd=org/springframework/scheduling/config/spring-task-4.3.xsd, http://www.springframework.org/schema/tool/spring-tool-2.0.xsd=org/springframework/beans/factory/xml/spring-tool-2.0.xsd, http://www.springframework.org/schema/tx/spring-tx-3.0.xsd=org/springframework/transaction/config/spring-tx-3.0.xsd, http://www.springframework.org/schema/lang/spring-lang-2.5.xsd=org/springframework/scripting/config/spring-lang-2.5.xsd, http://www.springframework.org/schema/lang/spring-lang-4.3.xsd=org/springframework/scripting/config/spring-lang-4.3.xsd, http://www.springframework.org/schema/context/spring-context-4.2.xsd=org/springframework/context/config/spring-context-4.2.xsd, http://www.springframework.org/schema/jee/spring-jee-2.0.xsd=org/springframework/ejb/config/spring-jee-2.0.xsd, http://www.springframework.org/schema/tool/spring-tool-4.3.xsd=org/springframework/beans/factory/xml/spring-tool-4.3.xsd, http://www.springframework.org/schema/tool/spring-tool-2.5.xsd=org/springframework/beans/factory/xml/spring-tool-2.5.xsd, http://www.springframework.org/schema/jee/spring-jee-4.3.xsd=org/springframework/ejb/config/spring-jee-4.3.xsd, http://www.springframework.org/schema/jee/spring-jee-2.5.xsd=org/springframework/ejb/config/spring-jee-2.5.xsd, http://www.springframework.org/schema/task/spring-task-3.0.xsd=org/springframework/scheduling/config/spring-task-3.0.xsd, http://www.springframework.org/schema/util/spring-util-4.0.xsd=org/springframework/beans/factory/xml/spring-util-4.0.xsd, http://www.springframework.org/schema/cache/spring-cache-4.3.xsd=org/springframework/cache/config/spring-cache-4.3.xsd, http://www.springframework.org/schema/aop/spring-aop-4.2.xsd=org/springframework/aop/config/spring-aop-4.2.xsd, http://www.springframework.org/schema/lang/spring-lang.xsd=org/springframework/scripting/config/spring-lang-4.3.xsd, http://www.springframework.org/schema/context/spring-context-3.2.xsd=org/springframework/context/config/spring-context-3.2.xsd, http://www.springframework.org/schema/jdbc/spring-jdbc-4.2.xsd=org/springframework/jdbc/config/spring-jdbc-4.2.xsd, http://www.springframework.org/schema/mvc/spring-mvc-4.2.xsd=org/springframework/web/servlet/config/spring-mvc-4.2.xsd, http://www.springframework.org/schema/util/spring-util-3.1.xsd=org/springframework/beans/factory/xml/spring-util-3.1.xsd, http://www.springframework.org/schema/beans/spring-beans-2.0.xsd=org/springframework/beans/factory/xml/spring-beans-2.0.xsd, http://www.springframework.org/schema/cache/spring-cache.xsd=org/springframework/cache/config/spring-cache-4.3.xsd, http://www.springframework.org/schema/tx/spring-tx.xsd=org/springframework/transaction/config/spring-tx-4.3.xsd, http://www.springframework.org/schema/lang/spring-lang-4.2.xsd=org/springframework/scripting/config/spring-lang-4.2.xsd, http://www.springframework.org/schema/context/spring-context-4.1.xsd=org/springframework/context/config/spring-context-4.1.xsd, http://www.springframework.org/schema/beans/spring-beans-2.5.xsd=org/springframework/beans/factory/xml/spring-beans-2.5.xsd, http://www.springframework.org/schema/beans/spring-beans-4.3.xsd=org/springframework/beans/factory/xml/spring-beans-4.3.xsd, http://www.springframework.org/schema/tool/spring-tool-4.2.xsd=org/springframework/beans/factory/xml/spring-tool-4.2.xsd, http://www.springframework.org/schema/tx/spring-tx-2.0.xsd=org/springframework/transaction/config/spring-tx-2.0.xsd, http://www.alibaba.com/schema/stat.xsd=META-INF/stat.xsd, http://www.springframework.org/schema/jee/spring-jee-4.2.xsd=org/springframework/ejb/config/spring-jee-4.2.xsd, http://www.springframework.org/schema/jdbc/spring-jdbc-3.2.xsd=org/springframework/jdbc/config/spring-jdbc-3.2.xsd, http://www.springframework.org/schema/task/spring-task-4.3.xsd=org/springframework/scheduling/config/spring-task-4.3.xsd, http://www.springframework.org/schema/aop/spring-aop.xsd=org/springframework/aop/config/spring-aop-4.3.xsd}
2016-12-25 14:00:35 org.springframework.beans.factory.xml.PluggableSchemaResolver.resolveEntity(PluggableSchemaResolver.java:119)  Found XML schema [http://www.springframework.org/schema/beans/spring-beans.xsd] in classpath: org/springframework/beans/factory/xml/spring-beans-4.3.xsd
2016-12-25 14:00:35 org.springframework.beans.factory.xml.PluggableSchemaResolver.resolveEntity(PluggableSchemaResolver.java:119)  Found XML schema [http://www.springframework.org/schema/context/spring-context.xsd] in classpath: org/springframework/context/config/spring-context-4.3.xsd
2016-12-25 14:00:35 org.springframework.beans.factory.xml.PluggableSchemaResolver.resolveEntity(PluggableSchemaResolver.java:119)  Found XML schema [http://www.springframework.org/schema/tool/spring-tool-4.3.xsd] in classpath: org/springframework/beans/factory/xml/spring-tool-4.3.xsd
2016-12-25 14:00:35 org.springframework.beans.factory.xml.PluggableSchemaResolver.resolveEntity(PluggableSchemaResolver.java:119)  Found XML schema [http://www.springframework.org/schema/tx/spring-tx.xsd] in classpath: org/springframework/transaction/config/spring-tx-4.3.xsd
2016-12-25 14:00:35 org.springframework.beans.factory.xml.DefaultBeanDefinitionDocumentReader.registerBeanDefinitions(DefaultBeanDefinitionDocumentReader.java:92)  Loading bean definitions
2016-12-25 14:00:35 org.springframework.beans.factory.xml.DefaultNamespaceHandlerResolver.getHandlerMappings(DefaultNamespaceHandlerResolver.java:157)  Loaded NamespaceHandler mappings: {http://www.springframework.org/schema/p=org.springframework.beans.factory.xml.SimplePropertyNamespaceHandler, http://www.springframework.org/schema/mvc=org.springframework.web.servlet.config.MvcNamespaceHandler, http://www.springframework.org/schema/util=org.springframework.beans.factory.xml.UtilNamespaceHandler, http://www.alibaba.com/schema/stat=com.alibaba.druid.support.spring.stat.config.DruidStatNamespaceHandler, http://www.springframework.org/schema/jee=org.springframework.ejb.config.JeeNamespaceHandler, http://www.springframework.org/schema/aop=org.springframework.aop.config.AopNamespaceHandler, http://www.springframework.org/schema/jdbc=org.springframework.jdbc.config.JdbcNamespaceHandler, http://www.springframework.org/schema/cache=org.springframework.cache.config.CacheNamespaceHandler, http://mybatis.org/schema/mybatis-spring=org.mybatis.spring.config.NamespaceHandler, http://www.springframework.org/schema/c=org.springframework.beans.factory.xml.SimpleConstructorNamespaceHandler, http://www.springframework.org/schema/tx=org.springframework.transaction.config.TxNamespaceHandler, http://www.springframework.org/schema/task=org.springframework.scheduling.config.TaskNamespaceHandler, http://www.springframework.org/schema/lang=org.springframework.scripting.config.LangNamespaceHandler, http://www.springframework.org/schema/context=org.springframework.context.config.ContextNamespaceHandler}
2016-12-25 14:00:36 org.springframework.core.env.MutablePropertySources.addLast(MutablePropertySources.java:109)  Adding [systemProperties] PropertySource with lowest search precedence
2016-12-25 14:00:36 org.springframework.core.env.MutablePropertySources.addLast(MutablePropertySources.java:109)  Adding [systemEnvironment] PropertySource with lowest search precedence
2016-12-25 14:00:36 org.springframework.core.env.AbstractEnvironment.<init>(AbstractEnvironment.java:124)  Initialized StandardEnvironment with PropertySources [systemProperties,systemEnvironment]
2016-12-25 14:00:36 org.springframework.core.io.support.PathMatchingResourcePatternResolver.findAllClassPathResources(PathMatchingResourcePatternResolver.java:317)  Resolved classpath location [com/ssm/] to resources [URL [file:/D:/Workspaces/SSMjspDemo/out/production/SSMjspDemo/com/ssm/]]
2016-12-25 14:00:36 org.springframework.core.io.support.PathMatchingResourcePatternResolver.doFindMatchingFileSystemResources(PathMatchingResourcePatternResolver.java:711)  Looking for matching resources in directory tree [D:\Workspaces\SSMjspDemo\out\production\SSMjspDemo\com\ssm]
2016-12-25 14:00:36 org.springframework.core.io.support.PathMatchingResourcePatternResolver.doRetrieveMatchingFiles(PathMatchingResourcePatternResolver.java:773)  Searching directory [D:\Workspaces\SSMjspDemo\out\production\SSMjspDemo\com\ssm] for files matching pattern [D:/Workspaces/SSMjspDemo/out/production/SSMjspDemo/com/ssm/**/*.class]
2016-12-25 14:00:36 org.springframework.core.io.support.PathMatchingResourcePatternResolver.doRetrieveMatchingFiles(PathMatchingResourcePatternResolver.java:773)  Searching directory [D:\Workspaces\SSMjspDemo\out\production\SSMjspDemo\com\ssm\action] for files matching pattern [D:/Workspaces/SSMjspDemo/out/production/SSMjspDemo/com/ssm/**/*.class]
2016-12-25 14:00:36 org.springframework.core.io.support.PathMatchingResourcePatternResolver.doRetrieveMatchingFiles(PathMatchingResourcePatternResolver.java:773)  Searching directory [D:\Workspaces\SSMjspDemo\out\production\SSMjspDemo\com\ssm\dao] for files matching pattern [D:/Workspaces/SSMjspDemo/out/production/SSMjspDemo/com/ssm/**/*.class]
2016-12-25 14:00:36 org.springframework.core.io.support.PathMatchingResourcePatternResolver.doRetrieveMatchingFiles(PathMatchingResourcePatternResolver.java:773)  Searching directory [D:\Workspaces\SSMjspDemo\out\production\SSMjspDemo\com\ssm\domain] for files matching pattern [D:/Workspaces/SSMjspDemo/out/production/SSMjspDemo/com/ssm/**/*.class]
2016-12-25 14:00:36 org.springframework.core.io.support.PathMatchingResourcePatternResolver.doRetrieveMatchingFiles(PathMatchingResourcePatternResolver.java:773)  Searching directory [D:\Workspaces\SSMjspDemo\out\production\SSMjspDemo\com\ssm\domain\json] for files matching pattern [D:/Workspaces/SSMjspDemo/out/production/SSMjspDemo/com/ssm/**/*.class]
2016-12-25 14:00:36 org.springframework.core.io.support.PathMatchingResourcePatternResolver.doRetrieveMatchingFiles(PathMatchingResourcePatternResolver.java:773)  Searching directory [D:\Workspaces\SSMjspDemo\out\production\SSMjspDemo\com\ssm\interceptor] for files matching pattern [D:/Workspaces/SSMjspDemo/out/production/SSMjspDemo/com/ssm/**/*.class]
2016-12-25 14:00:36 org.springframework.core.io.support.PathMatchingResourcePatternResolver.doRetrieveMatchingFiles(PathMatchingResourcePatternResolver.java:773)  Searching directory [D:\Workspaces\SSMjspDemo\out\production\SSMjspDemo\com\ssm\mapping] for files matching pattern [D:/Workspaces/SSMjspDemo/out/production/SSMjspDemo/com/ssm/**/*.class]
2016-12-25 14:00:36 org.springframework.core.io.support.PathMatchingResourcePatternResolver.doRetrieveMatchingFiles(PathMatchingResourcePatternResolver.java:773)  Searching directory [D:\Workspaces\SSMjspDemo\out\production\SSMjspDemo\com\ssm\service] for files matching pattern [D:/Workspaces/SSMjspDemo/out/production/SSMjspDemo/com/ssm/**/*.class]
2016-12-25 14:00:36 org.springframework.core.io.support.PathMatchingResourcePatternResolver.doRetrieveMatchingFiles(PathMatchingResourcePatternResolver.java:773)  Searching directory [D:\Workspaces\SSMjspDemo\out\production\SSMjspDemo\com\ssm\service\impl] for files matching pattern [D:/Workspaces/SSMjspDemo/out/production/SSMjspDemo/com/ssm/**/*.class]
2016-12-25 14:00:36 org.springframework.core.io.support.PathMatchingResourcePatternResolver.doRetrieveMatchingFiles(PathMatchingResourcePatternResolver.java:773)  Searching directory [D:\Workspaces\SSMjspDemo\out\production\SSMjspDemo\com\ssm\utils] for files matching pattern [D:/Workspaces/SSMjspDemo/out/production/SSMjspDemo/com/ssm/**/*.class]
2016-12-25 14:00:36 org.springframework.core.io.support.PathMatchingResourcePatternResolver.findPathMatchingResources(PathMatchingResourcePatternResolver.java:483)  Resolved location pattern [classpath*:com/ssm/**/*.class] to resources [file [D:\Workspaces\SSMjspDemo\out\production\SSMjspDemo\com\ssm\action\DeptController.class], file [D:\Workspaces\SSMjspDemo\out\production\SSMjspDemo\com\ssm\action\EmpController$1.class], file [D:\Workspaces\SSMjspDemo\out\production\SSMjspDemo\com\ssm\action\EmpController.class], file [D:\Workspaces\SSMjspDemo\out\production\SSMjspDemo\com\ssm\action\GoodsController.class], file [D:\Workspaces\SSMjspDemo\out\production\SSMjspDemo\com\ssm\action\ManagerController.class], file [D:\Workspaces\SSMjspDemo\out\production\SSMjspDemo\com\ssm\action\NoInterceptor.class], file [D:\Workspaces\SSMjspDemo\out\production\SSMjspDemo\com\ssm\action\RoleController.class], file [D:\Workspaces\SSMjspDemo\out\production\SSMjspDemo\com\ssm\action\urlTrans.class], file [D:\Workspaces\SSMjspDemo\out\production\SSMjspDemo\com\ssm\action\UserController.class], file [D:\Workspaces\SSMjspDemo\out\production\SSMjspDemo\com\ssm\action\UserGnController.class], file [D:\Workspaces\SSMjspDemo\out\production\SSMjspDemo\com\ssm\dao\AuthDao.class], file [D:\Workspaces\SSMjspDemo\out\production\SSMjspDemo\com\ssm\dao\AuthgroupDao.class], file [D:\Workspaces\SSMjspDemo\out\production\SSMjspDemo\com\ssm\dao\DeptDao.class], file [D:\Workspaces\SSMjspDemo\out\production\SSMjspDemo\com\ssm\dao\EmpDao.class], file [D:\Workspaces\SSMjspDemo\out\production\SSMjspDemo\com\ssm\dao\RoleDao.class], file [D:\Workspaces\SSMjspDemo\out\production\SSMjspDemo\com\ssm\dao\UserDao.class], file [D:\Workspaces\SSMjspDemo\out\production\SSMjspDemo\com\ssm\domain\Auth.class], file [D:\Workspaces\SSMjspDemo\out\production\SSMjspDemo\com\ssm\domain\Authgroup.class], file [D:\Workspaces\SSMjspDemo\out\production\SSMjspDemo\com\ssm\domain\Dept.class], file [D:\Workspaces\SSMjspDemo\out\production\SSMjspDemo\com\ssm\domain\Emp.class], file [D:\Workspaces\SSMjspDemo\out\production\SSMjspDemo\com\ssm\domain\json\Attribute.class], file [D:\Workspaces\SSMjspDemo\out\production\SSMjspDemo\com\ssm\domain\json\ChildNode.class], file [D:\Workspaces\SSMjspDemo\out\production\SSMjspDemo\com\ssm\domain\json\TreeNode.class], file [D:\Workspaces\SSMjspDemo\out\production\SSMjspDemo\com\ssm\domain\Role.class], file [D:\Workspaces\SSMjspDemo\out\production\SSMjspDemo\com\ssm\domain\User.class], file [D:\Workspaces\SSMjspDemo\out\production\SSMjspDemo\com\ssm\interceptor\LoginInterceptor.class], file [D:\Workspaces\SSMjspDemo\out\production\SSMjspDemo\com\ssm\interceptor\LogInterceptor.class], file [D:\Workspaces\SSMjspDemo\out\production\SSMjspDemo\com\ssm\service\DeptService.class], file [D:\Workspaces\SSMjspDemo\out\production\SSMjspDemo\com\ssm\service\EmpService.class], file [D:\Workspaces\SSMjspDemo\out\production\SSMjspDemo\com\ssm\service\impl\DeptServiceImpl.class], file [D:\Workspaces\SSMjspDemo\out\production\SSMjspDemo\com\ssm\service\impl\EmpServiceImpl.class], file [D:\Workspaces\SSMjspDemo\out\production\SSMjspDemo\com\ssm\service\impl\RoleServiceImpl.class], file [D:\Workspaces\SSMjspDemo\out\production\SSMjspDemo\com\ssm\service\impl\UserServiceImpl.class], file [D:\Workspaces\SSMjspDemo\out\production\SSMjspDemo\com\ssm\service\RoleService.class], file [D:\Workspaces\SSMjspDemo\out\production\SSMjspDemo\com\ssm\service\UserService.class], file [D:\Workspaces\SSMjspDemo\out\production\SSMjspDemo\com\ssm\utils\CustomerDateCoverter.class], file [D:\Workspaces\SSMjspDemo\out\production\SSMjspDemo\com\ssm\utils\DBUtil.class], file [D:\Workspaces\SSMjspDemo\out\production\SSMjspDemo\com\ssm\utils\ResponseUtil.class], file [D:\Workspaces\SSMjspDemo\out\production\SSMjspDemo\com\ssm\utils\SQL.class]]
2016-12-25 14:00:36 org.springframework.context.annotation.ClassPathScanningCandidateComponentProvider.findCandidateComponents(ClassPathScanningCandidateComponentProvider.java:286)  Identified candidate component class: file [D:\Workspaces\SSMjspDemo\out\production\SSMjspDemo\com\ssm\action\DeptController.class]
2016-12-25 14:00:36 org.springframework.context.annotation.ClassPathScanningCandidateComponentProvider.findCandidateComponents(ClassPathScanningCandidateComponentProvider.java:286)  Identified candidate component class: file [D:\Workspaces\SSMjspDemo\out\production\SSMjspDemo\com\ssm\action\EmpController.class]
2016-12-25 14:00:36 org.springframework.context.annotation.ClassPathScanningCandidateComponentProvider.findCandidateComponents(ClassPathScanningCandidateComponentProvider.java:286)  Identified candidate component class: file [D:\Workspaces\SSMjspDemo\out\production\SSMjspDemo\com\ssm\action\GoodsController.class]
2016-12-25 14:00:36 org.springframework.context.annotation.ClassPathScanningCandidateComponentProvider.findCandidateComponents(ClassPathScanningCandidateComponentProvider.java:286)  Identified candidate component class: file [D:\Workspaces\SSMjspDemo\out\production\SSMjspDemo\com\ssm\action\ManagerController.class]
2016-12-25 14:00:36 org.springframework.context.annotation.ClassPathScanningCandidateComponentProvider.findCandidateComponents(ClassPathScanningCandidateComponentProvider.java:286)  Identified candidate component class: file [D:\Workspaces\SSMjspDemo\out\production\SSMjspDemo\com\ssm\action\NoInterceptor.class]
2016-12-25 14:00:36 org.springframework.context.annotation.ClassPathScanningCandidateComponentProvider.findCandidateComponents(ClassPathScanningCandidateComponentProvider.java:286)  Identified candidate component class: file [D:\Workspaces\SSMjspDemo\out\production\SSMjspDemo\com\ssm\action\RoleController.class]
2016-12-25 14:00:36 org.springframework.context.annotation.ClassPathScanningCandidateComponentProvider.findCandidateComponents(ClassPathScanningCandidateComponentProvider.java:286)  Identified candidate component class: file [D:\Workspaces\SSMjspDemo\out\production\SSMjspDemo\com\ssm\action\urlTrans.class]
2016-12-25 14:00:36 org.springframework.context.annotation.ClassPathScanningCandidateComponentProvider.findCandidateComponents(ClassPathScanningCandidateComponentProvider.java:286)  Identified candidate component class: file [D:\Workspaces\SSMjspDemo\out\production\SSMjspDemo\com\ssm\action\UserController.class]
2016-12-25 14:00:36 org.springframework.context.annotation.ClassPathScanningCandidateComponentProvider.findCandidateComponents(ClassPathScanningCandidateComponentProvider.java:286)  Identified candidate component class: file [D:\Workspaces\SSMjspDemo\out\production\SSMjspDemo\com\ssm\action\UserGnController.class]
2016-12-25 14:00:36 org.springframework.context.annotation.ClassPathScanningCandidateComponentProvider.findCandidateComponents(ClassPathScanningCandidateComponentProvider.java:292)  Ignored because not a concrete top-level class: file [D:\Workspaces\SSMjspDemo\out\production\SSMjspDemo\com\ssm\dao\AuthDao.class]
2016-12-25 14:00:36 org.springframework.context.annotation.ClassPathScanningCandidateComponentProvider.findCandidateComponents(ClassPathScanningCandidateComponentProvider.java:292)  Ignored because not a concrete top-level class: file [D:\Workspaces\SSMjspDemo\out\production\SSMjspDemo\com\ssm\dao\UserDao.class]
2016-12-25 14:00:36 org.springframework.context.annotation.ClassPathScanningCandidateComponentProvider.findCandidateComponents(ClassPathScanningCandidateComponentProvider.java:286)  Identified candidate component class: file [D:\Workspaces\SSMjspDemo\out\production\SSMjspDemo\com\ssm\domain\Dept.class]
2016-12-25 14:00:36 org.springframework.context.annotation.ClassPathScanningCandidateComponentProvider.findCandidateComponents(ClassPathScanningCandidateComponentProvider.java:286)  Identified candidate component class: file [D:\Workspaces\SSMjspDemo\out\production\SSMjspDemo\com\ssm\domain\User.class]
2016-12-25 14:00:36 org.springframework.context.annotation.ClassPathScanningCandidateComponentProvider.findCandidateComponents(ClassPathScanningCandidateComponentProvider.java:286)  Identified candidate component class: file [D:\Workspaces\SSMjspDemo\out\production\SSMjspDemo\com\ssm\service\impl\DeptServiceImpl.class]
2016-12-25 14:00:36 org.springframework.context.annotation.ClassPathScanningCandidateComponentProvider.findCandidateComponents(ClassPathScanningCandidateComponentProvider.java:286)  Identified candidate component class: file [D:\Workspaces\SSMjspDemo\out\production\SSMjspDemo\com\ssm\service\impl\EmpServiceImpl.class]
2016-12-25 14:00:36 org.springframework.context.annotation.ClassPathScanningCandidateComponentProvider.findCandidateComponents(ClassPathScanningCandidateComponentProvider.java:286)  Identified candidate component class: file [D:\Workspaces\SSMjspDemo\out\production\SSMjspDemo\com\ssm\service\impl\RoleServiceImpl.class]
2016-12-25 14:00:36 org.springframework.context.annotation.ClassPathScanningCandidateComponentProvider.findCandidateComponents(ClassPathScanningCandidateComponentProvider.java:286)  Identified candidate component class: file [D:\Workspaces\SSMjspDemo\out\production\SSMjspDemo\com\ssm\service\impl\UserServiceImpl.class]
2016-12-25 14:00:36 org.springframework.beans.factory.xml.BeanDefinitionParserDelegate.parseBeanDefinitionElement(BeanDefinitionParserDelegate.java:481)  Neither XML 'id' nor 'name' specified - using generated bean name [org.mybatis.spring.mapper.MapperScannerConfigurer#0]
2016-12-25 14:00:36 org.springframework.beans.factory.support.AbstractBeanDefinitionReader.loadBeanDefinitions(AbstractBeanDefinitionReader.java:224)  Loaded 30 bean definitions from location pattern [applicationContext.xml]
2016-12-25 14:00:36 org.springframework.context.support.AbstractApplicationContext.obtainFreshBeanFactory(AbstractApplicationContext.java:616)  Bean factory for org.springframework.context.support.ClassPathXmlApplicationContext@7cf10a6f: org.springframework.beans.factory.support.DefaultListableBeanFactory@10b48321: defining beans [deptController,empController,goodsController,managerController,noInterceptor,roleController,urlTrans,userController,userGnController,dept,user,deptServiceImpl,empServiceImpl,roleServiceImpl,userServiceImpl,org.springframework.context.annotation.internalConfigurationAnnotationProcessor,org.springframework.context.annotation.internalAutowiredAnnotationProcessor,org.springframework.context.annotation.internalRequiredAnnotationProcessor,org.springframework.context.annotation.internalCommonAnnotationProcessor,org.springframework.context.event.internalEventListenerProcessor,org.springframework.context.event.internalEventListenerFactory,dataSource123,sqlSessionFactory,org.mybatis.spring.mapper.MapperScannerConfigurer#0,txManager,org.springframework.transaction.config.internalTransactionalEventListenerFactory,org.springframework.aop.config.internalAutoProxyCreator,org.springframework.transaction.annotation.AnnotationTransactionAttributeSource#0,org.springframework.transaction.interceptor.TransactionInterceptor#0,org.springframework.transaction.config.internalTransactionAdvisor]; root of factory hierarchy
2016-12-25 14:00:36 org.springframework.beans.factory.support.DefaultSingletonBeanRegistry.getSingleton(DefaultSingletonBeanRegistry.java:221)  Creating shared instance of singleton bean 'org.springframework.context.annotation.internalConfigurationAnnotationProcessor'
2016-12-25 14:00:36 org.springframework.beans.factory.support.AbstractAutowireCapableBeanFactory.createBean(AbstractAutowireCapableBeanFactory.java:448)  Creating instance of bean 'org.springframework.context.annotation.internalConfigurationAnnotationProcessor'
2016-12-25 14:00:36 org.springframework.beans.factory.support.AbstractAutowireCapableBeanFactory.doCreateBean(AbstractAutowireCapableBeanFactory.java:537)  Eagerly caching bean 'org.springframework.context.annotation.internalConfigurationAnnotationProcessor' to allow for resolving potential circular references
2016-12-25 14:00:36 org.springframework.beans.factory.support.AbstractAutowireCapableBeanFactory.createBean(AbstractAutowireCapableBeanFactory.java:484)  Finished creating instance of bean 'org.springframework.context.annotation.internalConfigurationAnnotationProcessor'
2016-12-25 14:00:36 org.springframework.beans.factory.support.DefaultSingletonBeanRegistry.getSingleton(DefaultSingletonBeanRegistry.java:221)  Creating shared instance of singleton bean 'org.mybatis.spring.mapper.MapperScannerConfigurer#0'
2016-12-25 14:00:36 org.springframework.beans.factory.support.AbstractAutowireCapableBeanFactory.createBean(AbstractAutowireCapableBeanFactory.java:448)  Creating instance of bean 'org.mybatis.spring.mapper.MapperScannerConfigurer#0'
2016-12-25 14:00:36 org.springframework.beans.factory.support.AbstractAutowireCapableBeanFactory.doCreateBean(AbstractAutowireCapableBeanFactory.java:537)  Eagerly caching bean 'org.mybatis.spring.mapper.MapperScannerConfigurer#0' to allow for resolving potential circular references
2016-12-25 14:00:36 org.springframework.beans.factory.support.AbstractAutowireCapableBeanFactory.invokeInitMethods(AbstractAutowireCapableBeanFactory.java:1625)  Invoking afterPropertiesSet() on bean with name 'org.mybatis.spring.mapper.MapperScannerConfigurer#0'
2016-12-25 14:00:36 org.springframework.beans.factory.support.AbstractAutowireCapableBeanFactory.createBean(AbstractAutowireCapableBeanFactory.java:484)  Finished creating instance of bean 'org.mybatis.spring.mapper.MapperScannerConfigurer#0'
2016-12-25 14:00:36 org.springframework.core.env.MutablePropertySources.addLast(MutablePropertySources.java:109)  Adding [systemProperties] PropertySource with lowest search precedence
2016-12-25 14:00:36 org.springframework.core.env.MutablePropertySources.addLast(MutablePropertySources.java:109)  Adding [systemEnvironment] PropertySource with lowest search precedence
2016-12-25 14:00:36 org.springframework.core.env.AbstractEnvironment.<init>(AbstractEnvironment.java:124)  Initialized StandardEnvironment with PropertySources [systemProperties,systemEnvironment]
2016-12-25 14:00:36 org.springframework.core.io.support.PathMatchingResourcePatternResolver.findAllClassPathResources(PathMatchingResourcePatternResolver.java:317)  Resolved classpath location [com/ssm/dao/] to resources [URL [file:/D:/Workspaces/SSMjspDemo/out/production/SSMjspDemo/com/ssm/dao/]]
2016-12-25 14:00:36 org.springframework.core.io.support.PathMatchingResourcePatternResolver.doFindMatchingFileSystemResources(PathMatchingResourcePatternResolver.java:711)  Looking for matching resources in directory tree [D:\Workspaces\SSMjspDemo\out\production\SSMjspDemo\com\ssm\dao]
2016-12-25 14:00:36 org.springframework.core.io.support.PathMatchingResourcePatternResolver.doRetrieveMatchingFiles(PathMatchingResourcePatternResolver.java:773)  Searching directory [D:\Workspaces\SSMjspDemo\out\production\SSMjspDemo\com\ssm\dao] for files matching pattern [D:/Workspaces/SSMjspDemo/out/production/SSMjspDemo/com/ssm/dao/**/*.class]
2016-12-25 14:00:36 org.springframework.core.io.support.PathMatchingResourcePatternResolver.findPathMatchingResources(PathMatchingResourcePatternResolver.java:483)  Resolved location pattern [classpath*:com/ssm/dao/**/*.class] to resources [file [D:\Workspaces\SSMjspDemo\out\production\SSMjspDemo\com\ssm\dao\AuthDao.class], file [D:\Workspaces\SSMjspDemo\out\production\SSMjspDemo\com\ssm\dao\AuthgroupDao.class], file [D:\Workspaces\SSMjspDemo\out\production\SSMjspDemo\com\ssm\dao\DeptDao.class], file [D:\Workspaces\SSMjspDemo\out\production\SSMjspDemo\com\ssm\dao\EmpDao.class], file [D:\Workspaces\SSMjspDemo\out\production\SSMjspDemo\com\ssm\dao\RoleDao.class], file [D:\Workspaces\SSMjspDemo\out\production\SSMjspDemo\com\ssm\dao\UserDao.class]]
2016-12-25 14:00:36 org.springframework.context.annotation.ClassPathScanningCandidateComponentProvider.findCandidateComponents(ClassPathScanningCandidateComponentProvider.java:286)  Identified candidate component class: file [D:\Workspaces\SSMjspDemo\out\production\SSMjspDemo\com\ssm\dao\AuthDao.class]
2016-12-25 14:00:36 org.springframework.context.annotation.ClassPathScanningCandidateComponentProvider.findCandidateComponents(ClassPathScanningCandidateComponentProvider.java:286)  Identified candidate component class: file [D:\Workspaces\SSMjspDemo\out\production\SSMjspDemo\com\ssm\dao\AuthgroupDao.class]
2016-12-25 14:00:36 org.springframework.context.annotation.ClassPathScanningCandidateComponentProvider.findCandidateComponents(ClassPathScanningCandidateComponentProvider.java:286)  Identified candidate component class: file [D:\Workspaces\SSMjspDemo\out\production\SSMjspDemo\com\ssm\dao\DeptDao.class]
2016-12-25 14:00:36 org.springframework.context.annotation.ClassPathScanningCandidateComponentProvider.findCandidateComponents(ClassPathScanningCandidateComponentProvider.java:286)  Identified candidate component class: file [D:\Workspaces\SSMjspDemo\out\production\SSMjspDemo\com\ssm\dao\EmpDao.class]
2016-12-25 14:00:36 org.springframework.context.annotation.ClassPathScanningCandidateComponentProvider.findCandidateComponents(ClassPathScanningCandidateComponentProvider.java:286)  Identified candidate component class: file [D:\Workspaces\SSMjspDemo\out\production\SSMjspDemo\com\ssm\dao\RoleDao.class]
2016-12-25 14:00:36 org.springframework.context.annotation.ClassPathScanningCandidateComponentProvider.findCandidateComponents(ClassPathScanningCandidateComponentProvider.java:286)  Identified candidate component class: file [D:\Workspaces\SSMjspDemo\out\production\SSMjspDemo\com\ssm\dao\UserDao.class]
2016-12-25 14:00:36 org.mybatis.spring.mapper.ClassPathMapperScanner.processBeanDefinitions(ClassPathMapperScanner.java:181)  Creating MapperFactoryBean with name 'authDao' and 'com.ssm.dao.AuthDao' mapperInterface
2016-12-25 14:00:36 org.mybatis.spring.mapper.ClassPathMapperScanner.processBeanDefinitions(ClassPathMapperScanner.java:181)  Creating MapperFactoryBean with name 'authgroupDao' and 'com.ssm.dao.AuthgroupDao' mapperInterface
2016-12-25 14:00:36 org.mybatis.spring.mapper.ClassPathMapperScanner.processBeanDefinitions(ClassPathMapperScanner.java:181)  Creating MapperFactoryBean with name 'deptDao' and 'com.ssm.dao.DeptDao' mapperInterface
2016-12-25 14:00:36 org.mybatis.spring.mapper.ClassPathMapperScanner.processBeanDefinitions(ClassPathMapperScanner.java:181)  Creating MapperFactoryBean with name 'empDao' and 'com.ssm.dao.EmpDao' mapperInterface
2016-12-25 14:00:36 org.mybatis.spring.mapper.ClassPathMapperScanner.processBeanDefinitions(ClassPathMapperScanner.java:181)  Creating MapperFactoryBean with name 'roleDao' and 'com.ssm.dao.RoleDao' mapperInterface
2016-12-25 14:00:36 org.mybatis.spring.mapper.ClassPathMapperScanner.processBeanDefinitions(ClassPathMapperScanner.java:181)  Creating MapperFactoryBean with name 'userDao' and 'com.ssm.dao.UserDao' mapperInterface
2016-12-25 14:00:36 org.springframework.beans.factory.support.DefaultSingletonBeanRegistry.getSingleton(DefaultSingletonBeanRegistry.java:221)  Creating shared instance of singleton bean 'org.springframework.context.annotation.internalAutowiredAnnotationProcessor'
2016-12-25 14:00:36 org.springframework.beans.factory.support.AbstractAutowireCapableBeanFactory.createBean(AbstractAutowireCapableBeanFactory.java:448)  Creating instance of bean 'org.springframework.context.annotation.internalAutowiredAnnotationProcessor'
2016-12-25 14:00:36 org.springframework.beans.factory.support.AbstractAutowireCapableBeanFactory.doCreateBean(AbstractAutowireCapableBeanFactory.java:537)  Eagerly caching bean 'org.springframework.context.annotation.internalAutowiredAnnotationProcessor' to allow for resolving potential circular references
2016-12-25 14:00:36 org.springframework.beans.factory.support.AbstractAutowireCapableBeanFactory.createBean(AbstractAutowireCapableBeanFactory.java:484)  Finished creating instance of bean 'org.springframework.context.annotation.internalAutowiredAnnotationProcessor'
2016-12-25 14:00:36 org.springframework.beans.factory.support.DefaultSingletonBeanRegistry.getSingleton(DefaultSingletonBeanRegistry.java:221)  Creating shared instance of singleton bean 'org.springframework.context.annotation.internalRequiredAnnotationProcessor'
2016-12-25 14:00:36 org.springframework.beans.factory.support.AbstractAutowireCapableBeanFactory.createBean(AbstractAutowireCapableBeanFactory.java:448)  Creating instance of bean 'org.springframework.context.annotation.internalRequiredAnnotationProcessor'
2016-12-25 14:00:36 org.springframework.beans.factory.support.AbstractAutowireCapableBeanFactory.doCreateBean(AbstractAutowireCapableBeanFactory.java:537)  Eagerly caching bean 'org.springframework.context.annotation.internalRequiredAnnotationProcessor' to allow for resolving potential circular references
2016-12-25 14:00:36 org.springframework.beans.factory.support.AbstractAutowireCapableBeanFactory.createBean(AbstractAutowireCapableBeanFactory.java:484)  Finished creating instance of bean 'org.springframework.context.annotation.internalRequiredAnnotationProcessor'
2016-12-25 14:00:36 org.springframework.beans.factory.support.DefaultSingletonBeanRegistry.getSingleton(DefaultSingletonBeanRegistry.java:221)  Creating shared instance of singleton bean 'org.springframework.context.annotation.internalCommonAnnotationProcessor'
2016-12-25 14:00:36 org.springframework.beans.factory.support.AbstractAutowireCapableBeanFactory.createBean(AbstractAutowireCapableBeanFactory.java:448)  Creating instance of bean 'org.springframework.context.annotation.internalCommonAnnotationProcessor'
2016-12-25 14:00:36 org.springframework.beans.factory.support.AbstractAutowireCapableBeanFactory.doCreateBean(AbstractAutowireCapableBeanFactory.java:537)  Eagerly caching bean 'org.springframework.context.annotation.internalCommonAnnotationProcessor' to allow for resolving potential circular references
2016-12-25 14:00:36 org.springframework.beans.factory.support.AbstractAutowireCapableBeanFactory.createBean(AbstractAutowireCapableBeanFactory.java:484)  Finished creating instance of bean 'org.springframework.context.annotation.internalCommonAnnotationProcessor'
2016-12-25 14:00:36 org.springframework.beans.factory.support.DefaultSingletonBeanRegistry.getSingleton(DefaultSingletonBeanRegistry.java:221)  Creating shared instance of singleton bean 'org.springframework.context.annotation.ConfigurationClassPostProcessor.importAwareProcessor'
2016-12-25 14:00:36 org.springframework.beans.factory.support.AbstractAutowireCapableBeanFactory.createBean(AbstractAutowireCapableBeanFactory.java:448)  Creating instance of bean 'org.springframework.context.annotation.ConfigurationClassPostProcessor.importAwareProcessor'
2016-12-25 14:00:36 org.springframework.beans.factory.support.AbstractAutowireCapableBeanFactory.doCreateBean(AbstractAutowireCapableBeanFactory.java:537)  Eagerly caching bean 'org.springframework.context.annotation.ConfigurationClassPostProcessor.importAwareProcessor' to allow for resolving potential circular references
2016-12-25 14:00:36 org.springframework.beans.factory.support.AbstractAutowireCapableBeanFactory.createBean(AbstractAutowireCapableBeanFactory.java:484)  Finished creating instance of bean 'org.springframework.context.annotation.ConfigurationClassPostProcessor.importAwareProcessor'
2016-12-25 14:00:36 org.springframework.beans.factory.support.DefaultSingletonBeanRegistry.getSingleton(DefaultSingletonBeanRegistry.java:221)  Creating shared instance of singleton bean 'org.springframework.context.annotation.ConfigurationClassPostProcessor.enhancedConfigurationProcessor'
2016-12-25 14:00:36 org.springframework.beans.factory.support.AbstractAutowireCapableBeanFactory.createBean(AbstractAutowireCapableBeanFactory.java:448)  Creating instance of bean 'org.springframework.context.annotation.ConfigurationClassPostProcessor.enhancedConfigurationProcessor'
2016-12-25 14:00:36 org.springframework.beans.factory.support.AbstractAutowireCapableBeanFactory.doCreateBean(AbstractAutowireCapableBeanFactory.java:537)  Eagerly caching bean 'org.springframework.context.annotation.ConfigurationClassPostProcessor.enhancedConfigurationProcessor' to allow for resolving potential circular references
2016-12-25 14:00:36 org.springframework.beans.factory.support.AbstractAutowireCapableBeanFactory.createBean(AbstractAutowireCapableBeanFactory.java:484)  Finished creating instance of bean 'org.springframework.context.annotation.ConfigurationClassPostProcessor.enhancedConfigurationProcessor'
2016-12-25 14:00:36 org.springframework.beans.factory.support.DefaultSingletonBeanRegistry.getSingleton(DefaultSingletonBeanRegistry.java:221)  Creating shared instance of singleton bean 'org.springframework.aop.config.internalAutoProxyCreator'
2016-12-25 14:00:36 org.springframework.beans.factory.support.AbstractAutowireCapableBeanFactory.createBean(AbstractAutowireCapableBeanFactory.java:448)  Creating instance of bean 'org.springframework.aop.config.internalAutoProxyCreator'
2016-12-25 14:00:36 org.springframework.beans.factory.support.AbstractAutowireCapableBeanFactory.doCreateBean(AbstractAutowireCapableBeanFactory.java:537)  Eagerly caching bean 'org.springframework.aop.config.internalAutoProxyCreator' to allow for resolving potential circular references
2016-12-25 14:00:36 org.springframework.beans.factory.support.AbstractAutowireCapableBeanFactory.createBean(AbstractAutowireCapableBeanFactory.java:484)  Finished creating instance of bean 'org.springframework.aop.config.internalAutoProxyCreator'
2016-12-25 14:00:36 org.springframework.context.support.AbstractApplicationContext.initMessageSource(AbstractApplicationContext.java:733)  Unable to locate MessageSource with name 'messageSource': using default [org.springframework.context.support.DelegatingMessageSource@7c729a55]
2016-12-25 14:00:36 org.springframework.context.support.AbstractApplicationContext.initApplicationEventMulticaster(AbstractApplicationContext.java:757)  Unable to locate ApplicationEventMulticaster with name 'applicationEventMulticaster': using default [org.springframework.context.event.SimpleApplicationEventMulticaster@5ffead27]
2016-12-25 14:00:36 org.springframework.beans.factory.support.DefaultListableBeanFactory.preInstantiateSingletons(DefaultListableBeanFactory.java:723)  Pre-instantiating singletons in org.springframework.beans.factory.support.DefaultListableBeanFactory@10b48321: defining beans [deptController,empController,goodsController,managerController,noInterceptor,roleController,urlTrans,userController,userGnController,dept,user,deptServiceImpl,empServiceImpl,roleServiceImpl,userServiceImpl,org.springframework.context.annotation.internalConfigurationAnnotationProcessor,org.springframework.context.annotation.internalAutowiredAnnotationProcessor,org.springframework.context.annotation.internalRequiredAnnotationProcessor,org.springframework.context.annotation.internalCommonAnnotationProcessor,org.springframework.context.event.internalEventListenerProcessor,org.springframework.context.event.internalEventListenerFactory,dataSource123,sqlSessionFactory,org.mybatis.spring.mapper.MapperScannerConfigurer#0,txManager,org.springframework.transaction.config.internalTransactionalEventListenerFactory,org.springframework.aop.config.internalAutoProxyCreator,org.springframework.transaction.annotation.AnnotationTransactionAttributeSource#0,org.springframework.transaction.interceptor.TransactionInterceptor#0,org.springframework.transaction.config.internalTransactionAdvisor,org.springframework.context.annotation.ConfigurationClassPostProcessor.importAwareProcessor,org.springframework.context.annotation.ConfigurationClassPostProcessor.enhancedConfigurationProcessor,authDao,authgroupDao,deptDao,empDao,roleDao,userDao]; root of factory hierarchy
2016-12-25 14:00:36 org.springframework.beans.factory.support.DefaultSingletonBeanRegistry.getSingleton(DefaultSingletonBeanRegistry.java:221)  Creating shared instance of singleton bean 'deptController'
2016-12-25 14:00:36 org.springframework.beans.factory.support.AbstractAutowireCapableBeanFactory.createBean(AbstractAutowireCapableBeanFactory.java:448)  Creating instance of bean 'deptController'
2016-12-25 14:00:36 org.springframework.beans.factory.annotation.InjectionMetadata.checkConfigMembers(InjectionMetadata.java:72)  Registered injected element on class [com.ssm.action.DeptController]: AutowiredFieldElement for private com.ssm.service.DeptService com.ssm.action.DeptController.deptService
2016-12-25 14:00:36 org.springframework.beans.factory.support.AbstractAutowireCapableBeanFactory.doCreateBean(AbstractAutowireCapableBeanFactory.java:537)  Eagerly caching bean 'deptController' to allow for resolving potential circular references
2016-12-25 14:00:36 org.springframework.beans.factory.annotation.InjectionMetadata.inject(InjectionMetadata.java:86)  Processing injected element of bean 'deptController': AutowiredFieldElement for private com.ssm.service.DeptService com.ssm.action.DeptController.deptService
2016-12-25 14:00:36 org.springframework.beans.factory.support.DefaultSingletonBeanRegistry.getSingleton(DefaultSingletonBeanRegistry.java:221)  Creating shared instance of singleton bean 'deptServiceImpl'
2016-12-25 14:00:36 org.springframework.beans.factory.support.AbstractAutowireCapableBeanFactory.createBean(AbstractAutowireCapableBeanFactory.java:448)  Creating instance of bean 'deptServiceImpl'
2016-12-25 14:00:36 org.springframework.beans.factory.annotation.InjectionMetadata.checkConfigMembers(InjectionMetadata.java:72)  Registered injected element on class [com.ssm.service.impl.DeptServiceImpl]: AutowiredFieldElement for private com.ssm.dao.DeptDao com.ssm.service.impl.DeptServiceImpl.deptDao
2016-12-25 14:00:36 org.springframework.beans.factory.support.AbstractAutowireCapableBeanFactory.doCreateBean(AbstractAutowireCapableBeanFactory.java:537)  Eagerly caching bean 'deptServiceImpl' to allow for resolving potential circular references
2016-12-25 14:00:36 org.springframework.beans.factory.annotation.InjectionMetadata.inject(InjectionMetadata.java:86)  Processing injected element of bean 'deptServiceImpl': AutowiredFieldElement for private com.ssm.dao.DeptDao com.ssm.service.impl.DeptServiceImpl.deptDao
2016-12-25 14:00:36 org.springframework.beans.factory.support.DefaultSingletonBeanRegistry.getSingleton(DefaultSingletonBeanRegistry.java:221)  Creating shared instance of singleton bean 'deptDao'
2016-12-25 14:00:36 org.springframework.beans.factory.support.AbstractAutowireCapableBeanFactory.createBean(AbstractAutowireCapableBeanFactory.java:448)  Creating instance of bean 'deptDao'
2016-12-25 14:00:36 org.springframework.beans.factory.support.AbstractAutowireCapableBeanFactory.doCreateBean(AbstractAutowireCapableBeanFactory.java:537)  Eagerly caching bean 'deptDao' to allow for resolving potential circular references
2016-12-25 14:00:36 org.springframework.beans.factory.support.DefaultSingletonBeanRegistry.getSingleton(DefaultSingletonBeanRegistry.java:221)  Creating shared instance of singleton bean 'sqlSessionFactory'
2016-12-25 14:00:36 org.springframework.beans.factory.support.AbstractAutowireCapableBeanFactory.createBean(AbstractAutowireCapableBeanFactory.java:448)  Creating instance of bean 'sqlSessionFactory'
2016-12-25 14:00:36 org.springframework.beans.factory.support.AbstractAutowireCapableBeanFactory.doCreateBean(AbstractAutowireCapableBeanFactory.java:537)  Eagerly caching bean 'sqlSessionFactory' to allow for resolving potential circular references
2016-12-25 14:00:36 org.springframework.beans.factory.support.DefaultSingletonBeanRegistry.getSingleton(DefaultSingletonBeanRegistry.java:221)  Creating shared instance of singleton bean 'dataSource123'
2016-12-25 14:00:36 org.springframework.beans.factory.support.AbstractAutowireCapableBeanFactory.createBean(AbstractAutowireCapableBeanFactory.java:448)  Creating instance of bean 'dataSource123'
2016-12-25 14:00:36 org.springframework.beans.factory.support.AbstractAutowireCapableBeanFactory.doCreateBean(AbstractAutowireCapableBeanFactory.java:537)  Eagerly caching bean 'dataSource123' to allow for resolving potential circular references
2016-12-25 14:00:36 org.springframework.beans.factory.support.DefaultSingletonBeanRegistry.getSingleton(DefaultSingletonBeanRegistry.java:221)  Creating shared instance of singleton bean 'org.springframework.transaction.config.internalTransactionAdvisor'
2016-12-25 14:00:36 org.springframework.beans.factory.support.AbstractAutowireCapableBeanFactory.createBean(AbstractAutowireCapableBeanFactory.java:448)  Creating instance of bean 'org.springframework.transaction.config.internalTransactionAdvisor'
2016-12-25 14:00:36 org.springframework.beans.factory.support.AbstractAutowireCapableBeanFactory.doCreateBean(AbstractAutowireCapableBeanFactory.java:537)  Eagerly caching bean 'org.springframework.transaction.config.internalTransactionAdvisor' to allow for resolving potential circular references
2016-12-25 14:00:36 org.springframework.beans.factory.support.DefaultSingletonBeanRegistry.getSingleton(DefaultSingletonBeanRegistry.java:221)  Creating shared instance of singleton bean 'org.springframework.transaction.annotation.AnnotationTransactionAttributeSource#0'
2016-12-25 14:00:36 org.springframework.beans.factory.support.AbstractAutowireCapableBeanFactory.createBean(AbstractAutowireCapableBeanFactory.java:448)  Creating instance of bean 'org.springframework.transaction.annotation.AnnotationTransactionAttributeSource#0'
2016-12-25 14:00:36 org.springframework.beans.factory.support.AbstractAutowireCapableBeanFactory.doCreateBean(AbstractAutowireCapableBeanFactory.java:537)  Eagerly caching bean 'org.springframework.transaction.annotation.AnnotationTransactionAttributeSource#0' to allow for resolving potential circular references
2016-12-25 14:00:36 org.springframework.aop.framework.autoproxy.BeanFactoryAdvisorRetrievalHelper.findAdvisorBeans(BeanFactoryAdvisorRetrievalHelper.java:87)  Skipping currently created advisor 'org.springframework.transaction.config.internalTransactionAdvisor'
2016-12-25 14:00:36 org.springframework.beans.factory.support.AbstractAutowireCapableBeanFactory.createBean(AbstractAutowireCapableBeanFactory.java:484)  Finished creating instance of bean 'org.springframework.transaction.annotation.AnnotationTransactionAttributeSource#0'
2016-12-25 14:00:36 org.springframework.beans.factory.support.AbstractAutowireCapableBeanFactory.createBean(AbstractAutowireCapableBeanFactory.java:484)  Finished creating instance of bean 'org.springframework.transaction.config.internalTransactionAdvisor'
2016-12-25 14:00:36 org.springframework.beans.factory.support.AbstractAutowireCapableBeanFactory.createBean(AbstractAutowireCapableBeanFactory.java:484)  Finished creating instance of bean 'dataSource123'
2016-12-25 14:00:36 org.springframework.beans.factory.support.AbstractAutowireCapableBeanFactory.invokeInitMethods(AbstractAutowireCapableBeanFactory.java:1625)  Invoking afterPropertiesSet() on bean with name 'sqlSessionFactory'
2016-12-25 14:00:36 org.apache.ibatis.logging.commons.JakartaCommonsLoggingImpl.debug(JakartaCommonsLoggingImpl.java:54)  Parsed configuration file: 'class path resource [mybatisMapper.xml]'
2016-12-25 14:00:36 org.apache.ibatis.logging.commons.JakartaCommonsLoggingImpl.debug(JakartaCommonsLoggingImpl.java:54)  Property 'mapperLocations' was not specified or no matching resources found
2016-12-25 14:00:36 org.springframework.beans.factory.support.AbstractBeanFactory.doGetBean(AbstractBeanFactory.java:251)  Returning cached instance of singleton bean 'org.springframework.transaction.config.internalTransactionAdvisor'
2016-12-25 14:00:36 org.springframework.beans.factory.support.AbstractAutowireCapableBeanFactory.createBean(AbstractAutowireCapableBeanFactory.java:484)  Finished creating instance of bean 'sqlSessionFactory'
2016-12-25 14:00:36 org.springframework.beans.factory.support.AbstractBeanFactory.doGetBean(AbstractBeanFactory.java:251)  Returning cached instance of singleton bean 'org.springframework.transaction.config.internalTransactionAdvisor'
2016-12-25 14:00:36 org.springframework.beans.factory.support.AbstractAutowireCapableBeanFactory.invokeInitMethods(AbstractAutowireCapableBeanFactory.java:1625)  Invoking afterPropertiesSet() on bean with name 'deptDao'
2016-12-25 14:00:36 org.springframework.beans.factory.support.AbstractBeanFactory.doGetBean(AbstractBeanFactory.java:251)  Returning cached instance of singleton bean 'org.springframework.transaction.config.internalTransactionAdvisor'
2016-12-25 14:00:36 org.springframework.beans.factory.support.AbstractAutowireCapableBeanFactory.createBean(AbstractAutowireCapableBeanFactory.java:484)  Finished creating instance of bean 'deptDao'
2016-12-25 14:00:36 org.springframework.beans.factory.support.AbstractBeanFactory.doGetBean(AbstractBeanFactory.java:251)  Returning cached instance of singleton bean 'org.springframework.transaction.config.internalTransactionAdvisor'
2016-12-25 14:00:36 org.springframework.beans.factory.annotation.AutowiredAnnotationBeanPostProcessor.registerDependentBeans(AutowiredAnnotationBeanPostProcessor.java:539)  Autowiring by type from bean name 'deptServiceImpl' to bean named 'deptDao'
2016-12-25 14:00:36 org.springframework.beans.factory.support.AbstractBeanFactory.doGetBean(AbstractBeanFactory.java:251)  Returning cached instance of singleton bean 'org.springframework.transaction.config.internalTransactionAdvisor'
2016-12-25 14:00:36 org.springframework.beans.factory.support.AbstractAutowireCapableBeanFactory.createBean(AbstractAutowireCapableBeanFactory.java:484)  Finished creating instance of bean 'deptServiceImpl'
2016-12-25 14:00:36 org.springframework.beans.factory.annotation.AutowiredAnnotationBeanPostProcessor.registerDependentBeans(AutowiredAnnotationBeanPostProcessor.java:539)  Autowiring by type from bean name 'deptController' to bean named 'deptServiceImpl'
2016-12-25 14:00:36 org.springframework.beans.factory.support.AbstractBeanFactory.doGetBean(AbstractBeanFactory.java:251)  Returning cached instance of singleton bean 'org.springframework.transaction.config.internalTransactionAdvisor'
2016-12-25 14:00:36 org.springframework.beans.factory.support.AbstractAutowireCapableBeanFactory.createBean(AbstractAutowireCapableBeanFactory.java:484)  Finished creating instance of bean 'deptController'
2016-12-25 14:00:36 org.springframework.beans.factory.support.DefaultSingletonBeanRegistry.getSingleton(DefaultSingletonBeanRegistry.java:221)  Creating shared instance of singleton bean 'empController'
2016-12-25 14:00:36 org.springframework.beans.factory.support.AbstractAutowireCapableBeanFactory.createBean(AbstractAutowireCapableBeanFactory.java:448)  Creating instance of bean 'empController'
2016-12-25 14:00:36 org.springframework.beans.factory.annotation.InjectionMetadata.checkConfigMembers(InjectionMetadata.java:72)  Registered injected element on class [com.ssm.action.EmpController]: AutowiredFieldElement for private com.ssm.service.EmpService com.ssm.action.EmpController.empService
2016-12-25 14:00:36 org.springframework.beans.factory.support.AbstractAutowireCapableBeanFactory.doCreateBean(AbstractAutowireCapableBeanFactory.java:537)  Eagerly caching bean 'empController' to allow for resolving potential circular references
2016-12-25 14:00:36 org.springframework.beans.factory.annotation.InjectionMetadata.inject(InjectionMetadata.java:86)  Processing injected element of bean 'empController': AutowiredFieldElement for private com.ssm.service.EmpService com.ssm.action.EmpController.empService
2016-12-25 14:00:36 org.springframework.beans.factory.support.DefaultSingletonBeanRegistry.getSingleton(DefaultSingletonBeanRegistry.java:221)  Creating shared instance of singleton bean 'empServiceImpl'
2016-12-25 14:00:36 org.springframework.beans.factory.support.AbstractAutowireCapableBeanFactory.createBean(AbstractAutowireCapableBeanFactory.java:448)  Creating instance of bean 'empServiceImpl'
2016-12-25 14:00:36 org.springframework.beans.factory.annotation.InjectionMetadata.checkConfigMembers(InjectionMetadata.java:72)  Registered injected element on class [com.ssm.service.impl.EmpServiceImpl]: AutowiredFieldElement for private com.ssm.dao.EmpDao com.ssm.service.impl.EmpServiceImpl.empDao
2016-12-25 14:00:36 org.springframework.beans.factory.support.AbstractAutowireCapableBeanFactory.doCreateBean(AbstractAutowireCapableBeanFactory.java:537)  Eagerly caching bean 'empServiceImpl' to allow for resolving potential circular references
2016-12-25 14:00:36 org.springframework.beans.factory.annotation.InjectionMetadata.inject(InjectionMetadata.java:86)  Processing injected element of bean 'empServiceImpl': AutowiredFieldElement for private com.ssm.dao.EmpDao com.ssm.service.impl.EmpServiceImpl.empDao
2016-12-25 14:00:36 org.springframework.beans.factory.support.DefaultSingletonBeanRegistry.getSingleton(DefaultSingletonBeanRegistry.java:221)  Creating shared instance of singleton bean 'empDao'
2016-12-25 14:00:36 org.springframework.beans.factory.support.AbstractAutowireCapableBeanFactory.createBean(AbstractAutowireCapableBeanFactory.java:448)  Creating instance of bean 'empDao'
2016-12-25 14:00:36 org.springframework.beans.factory.support.AbstractAutowireCapableBeanFactory.doCreateBean(AbstractAutowireCapableBeanFactory.java:537)  Eagerly caching bean 'empDao' to allow for resolving potential circular references
2016-12-25 14:00:36 org.springframework.beans.factory.support.AbstractBeanFactory.doGetBean(AbstractBeanFactory.java:251)  Returning cached instance of singleton bean 'sqlSessionFactory'
2016-12-25 14:00:36 org.springframework.beans.factory.support.AbstractAutowireCapableBeanFactory.invokeInitMethods(AbstractAutowireCapableBeanFactory.java:1625)  Invoking afterPropertiesSet() on bean with name 'empDao'
2016-12-25 14:00:36 org.springframework.beans.factory.support.AbstractBeanFactory.doGetBean(AbstractBeanFactory.java:251)  Returning cached instance of singleton bean 'org.springframework.transaction.config.internalTransactionAdvisor'
2016-12-25 14:00:36 org.springframework.beans.factory.support.AbstractAutowireCapableBeanFactory.createBean(AbstractAutowireCapableBeanFactory.java:484)  Finished creating instance of bean 'empDao'
2016-12-25 14:00:36 org.springframework.beans.factory.support.AbstractBeanFactory.doGetBean(AbstractBeanFactory.java:251)  Returning cached instance of singleton bean 'org.springframework.transaction.config.internalTransactionAdvisor'
2016-12-25 14:00:36 org.springframework.beans.factory.annotation.AutowiredAnnotationBeanPostProcessor.registerDependentBeans(AutowiredAnnotationBeanPostProcessor.java:539)  Autowiring by type from bean name 'empServiceImpl' to bean named 'empDao'
2016-12-25 14:00:36 org.springframework.beans.factory.support.AbstractBeanFactory.doGetBean(AbstractBeanFactory.java:251)  Returning cached instance of singleton bean 'org.springframework.transaction.config.internalTransactionAdvisor'
2016-12-25 14:00:36 org.springframework.beans.factory.support.AbstractAutowireCapableBeanFactory.createBean(AbstractAutowireCapableBeanFactory.java:484)  Finished creating instance of bean 'empServiceImpl'
2016-12-25 14:00:36 org.springframework.beans.factory.annotation.AutowiredAnnotationBeanPostProcessor.registerDependentBeans(AutowiredAnnotationBeanPostProcessor.java:539)  Autowiring by type from bean name 'empController' to bean named 'empServiceImpl'
2016-12-25 14:00:36 org.springframework.beans.factory.support.AbstractBeanFactory.doGetBean(AbstractBeanFactory.java:251)  Returning cached instance of singleton bean 'org.springframework.transaction.config.internalTransactionAdvisor'
2016-12-25 14:00:36 org.springframework.beans.factory.support.AbstractAutowireCapableBeanFactory.createBean(AbstractAutowireCapableBeanFactory.java:484)  Finished creating instance of bean 'empController'
2016-12-25 14:00:36 org.springframework.beans.factory.support.DefaultSingletonBeanRegistry.getSingleton(DefaultSingletonBeanRegistry.java:221)  Creating shared instance of singleton bean 'goodsController'
2016-12-25 14:00:36 org.springframework.beans.factory.support.AbstractAutowireCapableBeanFactory.createBean(AbstractAutowireCapableBeanFactory.java:448)  Creating instance of bean 'goodsController'
2016-12-25 14:00:36 org.springframework.beans.factory.support.AbstractAutowireCapableBeanFactory.doCreateBean(AbstractAutowireCapableBeanFactory.java:537)  Eagerly caching bean 'goodsController' to allow for resolving potential circular references
2016-12-25 14:00:36 org.springframework.beans.factory.support.AbstractBeanFactory.doGetBean(AbstractBeanFactory.java:251)  Returning cached instance of singleton bean 'org.springframework.transaction.config.internalTransactionAdvisor'
2016-12-25 14:00:36 org.springframework.beans.factory.support.AbstractAutowireCapableBeanFactory.createBean(AbstractAutowireCapableBeanFactory.java:484)  Finished creating instance of bean 'goodsController'
2016-12-25 14:00:36 org.springframework.beans.factory.support.DefaultSingletonBeanRegistry.getSingleton(DefaultSingletonBeanRegistry.java:221)  Creating shared instance of singleton bean 'managerController'
2016-12-25 14:00:36 org.springframework.beans.factory.support.AbstractAutowireCapableBeanFactory.createBean(AbstractAutowireCapableBeanFactory.java:448)  Creating instance of bean 'managerController'
2016-12-25 14:00:36 org.springframework.beans.factory.support.AbstractAutowireCapableBeanFactory.doCreateBean(AbstractAutowireCapableBeanFactory.java:537)  Eagerly caching bean 'managerController' to allow for resolving potential circular references
2016-12-25 14:00:36 org.springframework.beans.factory.support.AbstractBeanFactory.doGetBean(AbstractBeanFactory.java:251)  Returning cached instance of singleton bean 'org.springframework.transaction.config.internalTransactionAdvisor'
2016-12-25 14:00:36 org.springframework.beans.factory.support.AbstractAutowireCapableBeanFactory.createBean(AbstractAutowireCapableBeanFactory.java:484)  Finished creating instance of bean 'managerController'
2016-12-25 14:00:36 org.springframework.beans.factory.support.DefaultSingletonBeanRegistry.getSingleton(DefaultSingletonBeanRegistry.java:221)  Creating shared instance of singleton bean 'noInterceptor'
2016-12-25 14:00:36 org.springframework.beans.factory.support.AbstractAutowireCapableBeanFactory.createBean(AbstractAutowireCapableBeanFactory.java:448)  Creating instance of bean 'noInterceptor'
2016-12-25 14:00:36 org.springframework.beans.factory.annotation.InjectionMetadata.checkConfigMembers(InjectionMetadata.java:72)  Registered injected element on class [com.ssm.action.NoInterceptor]: AutowiredFieldElement for private com.ssm.service.UserService com.ssm.action.NoInterceptor.userService
2016-12-25 14:00:36 org.springframework.beans.factory.support.AbstractAutowireCapableBeanFactory.doCreateBean(AbstractAutowireCapableBeanFactory.java:537)  Eagerly caching bean 'noInterceptor' to allow for resolving potential circular references
2016-12-25 14:00:36 org.springframework.beans.factory.annotation.InjectionMetadata.inject(InjectionMetadata.java:86)  Processing injected element of bean 'noInterceptor': AutowiredFieldElement for private com.ssm.service.UserService com.ssm.action.NoInterceptor.userService
2016-12-25 14:00:36 org.springframework.beans.factory.support.DefaultSingletonBeanRegistry.getSingleton(DefaultSingletonBeanRegistry.java:221)  Creating shared instance of singleton bean 'userServiceImpl'
2016-12-25 14:00:36 org.springframework.beans.factory.support.AbstractAutowireCapableBeanFactory.createBean(AbstractAutowireCapableBeanFactory.java:448)  Creating instance of bean 'userServiceImpl'
2016-12-25 14:00:36 org.springframework.beans.factory.annotation.InjectionMetadata.checkConfigMembers(InjectionMetadata.java:72)  Registered injected element on class [com.ssm.service.impl.UserServiceImpl]: AutowiredFieldElement for private com.ssm.dao.UserDao com.ssm.service.impl.UserServiceImpl.userDao
2016-12-25 14:00:36 org.springframework.beans.factory.support.AbstractAutowireCapableBeanFactory.doCreateBean(AbstractAutowireCapableBeanFactory.java:537)  Eagerly caching bean 'userServiceImpl' to allow for resolving potential circular references
2016-12-25 14:00:36 org.springframework.beans.factory.annotation.InjectionMetadata.inject(InjectionMetadata.java:86)  Processing injected element of bean 'userServiceImpl': AutowiredFieldElement for private com.ssm.dao.UserDao com.ssm.service.impl.UserServiceImpl.userDao
2016-12-25 14:00:36 org.springframework.beans.factory.support.DefaultSingletonBeanRegistry.getSingleton(DefaultSingletonBeanRegistry.java:221)  Creating shared instance of singleton bean 'userDao'
2016-12-25 14:00:36 org.springframework.beans.factory.support.AbstractAutowireCapableBeanFactory.createBean(AbstractAutowireCapableBeanFactory.java:448)  Creating instance of bean 'userDao'
2016-12-25 14:00:36 org.springframework.beans.factory.support.AbstractAutowireCapableBeanFactory.doCreateBean(AbstractAutowireCapableBeanFactory.java:537)  Eagerly caching bean 'userDao' to allow for resolving potential circular references
2016-12-25 14:00:36 org.springframework.beans.factory.support.AbstractBeanFactory.doGetBean(AbstractBeanFactory.java:251)  Returning cached instance of singleton bean 'sqlSessionFactory'
2016-12-25 14:00:36 org.springframework.beans.factory.support.AbstractAutowireCapableBeanFactory.invokeInitMethods(AbstractAutowireCapableBeanFactory.java:1625)  Invoking afterPropertiesSet() on bean with name 'userDao'
2016-12-25 14:00:36 org.springframework.beans.factory.support.AbstractBeanFactory.doGetBean(AbstractBeanFactory.java:251)  Returning cached instance of singleton bean 'org.springframework.transaction.config.internalTransactionAdvisor'
2016-12-25 14:00:36 org.springframework.beans.factory.support.AbstractAutowireCapableBeanFactory.createBean(AbstractAutowireCapableBeanFactory.java:484)  Finished creating instance of bean 'userDao'
2016-12-25 14:00:36 org.springframework.beans.factory.support.AbstractBeanFactory.doGetBean(AbstractBeanFactory.java:251)  Returning cached instance of singleton bean 'org.springframework.transaction.config.internalTransactionAdvisor'
2016-12-25 14:00:36 org.springframework.beans.factory.annotation.AutowiredAnnotationBeanPostProcessor.registerDependentBeans(AutowiredAnnotationBeanPostProcessor.java:539)  Autowiring by type from bean name 'userServiceImpl' to bean named 'userDao'
2016-12-25 14:00:36 org.springframework.beans.factory.support.AbstractBeanFactory.doGetBean(AbstractBeanFactory.java:251)  Returning cached instance of singleton bean 'org.springframework.transaction.config.internalTransactionAdvisor'
2016-12-25 14:00:36 org.springframework.beans.factory.support.AbstractAutowireCapableBeanFactory.createBean(AbstractAutowireCapableBeanFactory.java:484)  Finished creating instance of bean 'userServiceImpl'
2016-12-25 14:00:36 org.springframework.beans.factory.annotation.AutowiredAnnotationBeanPostProcessor.registerDependentBeans(AutowiredAnnotationBeanPostProcessor.java:539)  Autowiring by type from bean name 'noInterceptor' to bean named 'userServiceImpl'
2016-12-25 14:00:36 org.springframework.beans.factory.support.AbstractBeanFactory.doGetBean(AbstractBeanFactory.java:251)  Returning cached instance of singleton bean 'org.springframework.transaction.config.internalTransactionAdvisor'
2016-12-25 14:00:36 org.springframework.beans.factory.support.AbstractAutowireCapableBeanFactory.createBean(AbstractAutowireCapableBeanFactory.java:484)  Finished creating instance of bean 'noInterceptor'
2016-12-25 14:00:36 org.springframework.beans.factory.support.DefaultSingletonBeanRegistry.getSingleton(DefaultSingletonBeanRegistry.java:221)  Creating shared instance of singleton bean 'roleController'
2016-12-25 14:00:36 org.springframework.beans.factory.support.AbstractAutowireCapableBeanFactory.createBean(AbstractAutowireCapableBeanFactory.java:448)  Creating instance of bean 'roleController'
2016-12-25 14:00:36 org.springframework.beans.factory.annotation.InjectionMetadata.checkConfigMembers(InjectionMetadata.java:72)  Registered injected element on class [com.ssm.action.RoleController]: AutowiredFieldElement for private com.ssm.service.RoleService com.ssm.action.RoleController.roleService
2016-12-25 14:00:36 org.springframework.beans.factory.support.AbstractAutowireCapableBeanFactory.doCreateBean(AbstractAutowireCapableBeanFactory.java:537)  Eagerly caching bean 'roleController' to allow for resolving potential circular references
2016-12-25 14:00:36 org.springframework.beans.factory.annotation.InjectionMetadata.inject(InjectionMetadata.java:86)  Processing injected element of bean 'roleController': AutowiredFieldElement for private com.ssm.service.RoleService com.ssm.action.RoleController.roleService
2016-12-25 14:00:36 org.springframework.beans.factory.support.DefaultSingletonBeanRegistry.getSingleton(DefaultSingletonBeanRegistry.java:221)  Creating shared instance of singleton bean 'roleServiceImpl'
2016-12-25 14:00:36 org.springframework.beans.factory.support.AbstractAutowireCapableBeanFactory.createBean(AbstractAutowireCapableBeanFactory.java:448)  Creating instance of bean 'roleServiceImpl'
2016-12-25 14:00:36 org.springframework.beans.factory.annotation.InjectionMetadata.checkConfigMembers(InjectionMetadata.java:72)  Registered injected element on class [com.ssm.service.impl.RoleServiceImpl]: AutowiredFieldElement for private com.ssm.dao.RoleDao com.ssm.service.impl.RoleServiceImpl.roleDao
2016-12-25 14:00:36 org.springframework.beans.factory.support.AbstractAutowireCapableBeanFactory.doCreateBean(AbstractAutowireCapableBeanFactory.java:537)  Eagerly caching bean 'roleServiceImpl' to allow for resolving potential circular references
2016-12-25 14:00:36 org.springframework.beans.factory.annotation.InjectionMetadata.inject(InjectionMetadata.java:86)  Processing injected element of bean 'roleServiceImpl': AutowiredFieldElement for private com.ssm.dao.RoleDao com.ssm.service.impl.RoleServiceImpl.roleDao
2016-12-25 14:00:36 org.springframework.beans.factory.support.DefaultSingletonBeanRegistry.getSingleton(DefaultSingletonBeanRegistry.java:221)  Creating shared instance of singleton bean 'roleDao'
2016-12-25 14:00:36 org.springframework.beans.factory.support.AbstractAutowireCapableBeanFactory.createBean(AbstractAutowireCapableBeanFactory.java:448)  Creating instance of bean 'roleDao'
2016-12-25 14:00:36 org.springframework.beans.factory.support.AbstractAutowireCapableBeanFactory.doCreateBean(AbstractAutowireCapableBeanFactory.java:537)  Eagerly caching bean 'roleDao' to allow for resolving potential circular references
2016-12-25 14:00:36 org.springframework.beans.factory.support.AbstractBeanFactory.doGetBean(AbstractBeanFactory.java:251)  Returning cached instance of singleton bean 'sqlSessionFactory'
2016-12-25 14:00:36 org.springframework.beans.factory.support.AbstractAutowireCapableBeanFactory.invokeInitMethods(AbstractAutowireCapableBeanFactory.java:1625)  Invoking afterPropertiesSet() on bean with name 'roleDao'
2016-12-25 14:00:36 org.springframework.beans.factory.support.AbstractBeanFactory.doGetBean(AbstractBeanFactory.java:251)  Returning cached instance of singleton bean 'org.springframework.transaction.config.internalTransactionAdvisor'
2016-12-25 14:00:36 org.springframework.beans.factory.support.AbstractAutowireCapableBeanFactory.createBean(AbstractAutowireCapableBeanFactory.java:484)  Finished creating instance of bean 'roleDao'
2016-12-25 14:00:36 org.springframework.beans.factory.support.AbstractBeanFactory.doGetBean(AbstractBeanFactory.java:251)  Returning cached instance of singleton bean 'org.springframework.transaction.config.internalTransactionAdvisor'
2016-12-25 14:00:36 org.springframework.beans.factory.annotation.AutowiredAnnotationBeanPostProcessor.registerDependentBeans(AutowiredAnnotationBeanPostProcessor.java:539)  Autowiring by type from bean name 'roleServiceImpl' to bean named 'roleDao'
2016-12-25 14:00:36 org.springframework.beans.factory.support.AbstractBeanFactory.doGetBean(AbstractBeanFactory.java:251)  Returning cached instance of singleton bean 'org.springframework.transaction.config.internalTransactionAdvisor'
2016-12-25 14:00:36 org.springframework.beans.factory.support.AbstractAutowireCapableBeanFactory.createBean(AbstractAutowireCapableBeanFactory.java:484)  Finished creating instance of bean 'roleServiceImpl'
2016-12-25 14:00:36 org.springframework.beans.factory.annotation.AutowiredAnnotationBeanPostProcessor.registerDependentBeans(AutowiredAnnotationBeanPostProcessor.java:539)  Autowiring by type from bean name 'roleController' to bean named 'roleServiceImpl'
2016-12-25 14:00:36 org.springframework.beans.factory.support.AbstractBeanFactory.doGetBean(AbstractBeanFactory.java:251)  Returning cached instance of singleton bean 'org.springframework.transaction.config.internalTransactionAdvisor'
2016-12-25 14:00:36 org.springframework.beans.factory.support.AbstractAutowireCapableBeanFactory.createBean(AbstractAutowireCapableBeanFactory.java:484)  Finished creating instance of bean 'roleController'
2016-12-25 14:00:36 org.springframework.beans.factory.support.DefaultSingletonBeanRegistry.getSingleton(DefaultSingletonBeanRegistry.java:221)  Creating shared instance of singleton bean 'urlTrans'
2016-12-25 14:00:36 org.springframework.beans.factory.support.AbstractAutowireCapableBeanFactory.createBean(AbstractAutowireCapableBeanFactory.java:448)  Creating instance of bean 'urlTrans'
2016-12-25 14:00:36 org.springframework.beans.factory.support.AbstractAutowireCapableBeanFactory.doCreateBean(AbstractAutowireCapableBeanFactory.java:537)  Eagerly caching bean 'urlTrans' to allow for resolving potential circular references
2016-12-25 14:00:36 org.springframework.beans.factory.support.AbstractBeanFactory.doGetBean(AbstractBeanFactory.java:251)  Returning cached instance of singleton bean 'org.springframework.transaction.config.internalTransactionAdvisor'
2016-12-25 14:00:36 org.springframework.beans.factory.support.AbstractAutowireCapableBeanFactory.createBean(AbstractAutowireCapableBeanFactory.java:484)  Finished creating instance of bean 'urlTrans'
2016-12-25 14:00:36 org.springframework.beans.factory.support.DefaultSingletonBeanRegistry.getSingleton(DefaultSingletonBeanRegistry.java:221)  Creating shared instance of singleton bean 'userController'
2016-12-25 14:00:36 org.springframework.beans.factory.support.AbstractAutowireCapableBeanFactory.createBean(AbstractAutowireCapableBeanFactory.java:448)  Creating instance of bean 'userController'
2016-12-25 14:00:36 org.springframework.beans.factory.annotation.InjectionMetadata.checkConfigMembers(InjectionMetadata.java:72)  Registered injected element on class [com.ssm.action.UserController]: AutowiredFieldElement for private com.ssm.service.EmpService com.ssm.action.UserController.empService
2016-12-25 14:00:36 org.springframework.beans.factory.support.AbstractAutowireCapableBeanFactory.doCreateBean(AbstractAutowireCapableBeanFactory.java:537)  Eagerly caching bean 'userController' to allow for resolving potential circular references
2016-12-25 14:00:36 org.springframework.beans.factory.annotation.InjectionMetadata.inject(InjectionMetadata.java:86)  Processing injected element of bean 'userController': AutowiredFieldElement for private com.ssm.service.EmpService com.ssm.action.UserController.empService
2016-12-25 14:00:36 org.springframework.beans.factory.support.AbstractBeanFactory.doGetBean(AbstractBeanFactory.java:251)  Returning cached instance of singleton bean 'empServiceImpl'
2016-12-25 14:00:36 org.springframework.beans.factory.annotation.AutowiredAnnotationBeanPostProcessor.registerDependentBeans(AutowiredAnnotationBeanPostProcessor.java:539)  Autowiring by type from bean name 'userController' to bean named 'empServiceImpl'
2016-12-25 14:00:36 org.springframework.beans.factory.support.AbstractBeanFactory.doGetBean(AbstractBeanFactory.java:251)  Returning cached instance of singleton bean 'org.springframework.transaction.config.internalTransactionAdvisor'
2016-12-25 14:00:36 org.springframework.beans.factory.support.AbstractAutowireCapableBeanFactory.createBean(AbstractAutowireCapableBeanFactory.java:484)  Finished creating instance of bean 'userController'
2016-12-25 14:00:36 org.springframework.beans.factory.support.DefaultSingletonBeanRegistry.getSingleton(DefaultSingletonBeanRegistry.java:221)  Creating shared instance of singleton bean 'userGnController'
2016-12-25 14:00:36 org.springframework.beans.factory.support.AbstractAutowireCapableBeanFactory.createBean(AbstractAutowireCapableBeanFactory.java:448)  Creating instance of bean 'userGnController'
2016-12-25 14:00:36 org.springframework.beans.factory.annotation.InjectionMetadata.checkConfigMembers(InjectionMetadata.java:72)  Registered injected element on class [com.ssm.action.UserGnController]: AutowiredFieldElement for private com.ssm.service.EmpService com.ssm.action.UserGnController.empService
2016-12-25 14:00:36 org.springframework.beans.factory.support.AbstractAutowireCapableBeanFactory.doCreateBean(AbstractAutowireCapableBeanFactory.java:537)  Eagerly caching bean 'userGnController' to allow for resolving potential circular references
2016-12-25 14:00:36 org.springframework.beans.factory.annotation.InjectionMetadata.inject(InjectionMetadata.java:86)  Processing injected element of bean 'userGnController': AutowiredFieldElement for private com.ssm.service.EmpService com.ssm.action.UserGnController.empService
2016-12-25 14:00:36 org.springframework.beans.factory.support.AbstractBeanFactory.doGetBean(AbstractBeanFactory.java:251)  Returning cached instance of singleton bean 'empServiceImpl'
2016-12-25 14:00:36 org.springframework.beans.factory.annotation.AutowiredAnnotationBeanPostProcessor.registerDependentBeans(AutowiredAnnotationBeanPostProcessor.java:539)  Autowiring by type from bean name 'userGnController' to bean named 'empServiceImpl'
2016-12-25 14:00:36 org.springframework.beans.factory.support.AbstractBeanFactory.doGetBean(AbstractBeanFactory.java:251)  Returning cached instance of singleton bean 'org.springframework.transaction.config.internalTransactionAdvisor'
2016-12-25 14:00:36 org.springframework.beans.factory.support.AbstractAutowireCapableBeanFactory.createBean(AbstractAutowireCapableBeanFactory.java:484)  Finished creating instance of bean 'userGnController'
2016-12-25 14:00:36 org.springframework.beans.factory.support.DefaultSingletonBeanRegistry.getSingleton(DefaultSingletonBeanRegistry.java:221)  Creating shared instance of singleton bean 'dept'
2016-12-25 14:00:36 org.springframework.beans.factory.support.AbstractAutowireCapableBeanFactory.createBean(AbstractAutowireCapableBeanFactory.java:448)  Creating instance of bean 'dept'
2016-12-25 14:00:36 org.springframework.beans.factory.support.AbstractAutowireCapableBeanFactory.doCreateBean(AbstractAutowireCapableBeanFactory.java:537)  Eagerly caching bean 'dept' to allow for resolving potential circular references
2016-12-25 14:00:36 org.springframework.beans.factory.support.AbstractBeanFactory.doGetBean(AbstractBeanFactory.java:251)  Returning cached instance of singleton bean 'org.springframework.transaction.config.internalTransactionAdvisor'
2016-12-25 14:00:36 org.springframework.beans.factory.support.AbstractAutowireCapableBeanFactory.createBean(AbstractAutowireCapableBeanFactory.java:484)  Finished creating instance of bean 'dept'
2016-12-25 14:00:36 org.springframework.beans.factory.support.DefaultSingletonBeanRegistry.getSingleton(DefaultSingletonBeanRegistry.java:221)  Creating shared instance of singleton bean 'user'
2016-12-25 14:00:36 org.springframework.beans.factory.support.AbstractAutowireCapableBeanFactory.createBean(AbstractAutowireCapableBeanFactory.java:448)  Creating instance of bean 'user'
2016-12-25 14:00:36 org.springframework.beans.factory.support.AbstractAutowireCapableBeanFactory.doCreateBean(AbstractAutowireCapableBeanFactory.java:537)  Eagerly caching bean 'user' to allow for resolving potential circular references
2016-12-25 14:00:36 org.springframework.beans.factory.support.AbstractBeanFactory.doGetBean(AbstractBeanFactory.java:251)  Returning cached instance of singleton bean 'org.springframework.transaction.config.internalTransactionAdvisor'
2016-12-25 14:00:36 org.springframework.beans.factory.support.AbstractAutowireCapableBeanFactory.createBean(AbstractAutowireCapableBeanFactory.java:484)  Finished creating instance of bean 'user'
2016-12-25 14:00:36 org.springframework.beans.factory.support.AbstractBeanFactory.doGetBean(AbstractBeanFactory.java:251)  Returning cached instance of singleton bean 'deptServiceImpl'
2016-12-25 14:00:36 org.springframework.beans.factory.support.AbstractBeanFactory.doGetBean(AbstractBeanFactory.java:251)  Returning cached instance of singleton bean 'empServiceImpl'
2016-12-25 14:00:36 org.springframework.beans.factory.support.AbstractBeanFactory.doGetBean(AbstractBeanFactory.java:251)  Returning cached instance of singleton bean 'roleServiceImpl'
2016-12-25 14:00:36 org.springframework.beans.factory.support.AbstractBeanFactory.doGetBean(AbstractBeanFactory.java:251)  Returning cached instance of singleton bean 'userServiceImpl'
2016-12-25 14:00:36 org.springframework.beans.factory.support.AbstractBeanFactory.doGetBean(AbstractBeanFactory.java:251)  Returning cached instance of singleton bean 'org.springframework.context.annotation.internalConfigurationAnnotationProcessor'
2016-12-25 14:00:36 org.springframework.beans.factory.support.AbstractBeanFactory.doGetBean(AbstractBeanFactory.java:251)  Returning cached instance of singleton bean 'org.springframework.context.annotation.internalAutowiredAnnotationProcessor'
2016-12-25 14:00:36 org.springframework.beans.factory.support.AbstractBeanFactory.doGetBean(AbstractBeanFactory.java:251)  Returning cached instance of singleton bean 'org.springframework.context.annotation.internalRequiredAnnotationProcessor'
2016-12-25 14:00:36 org.springframework.beans.factory.support.AbstractBeanFactory.doGetBean(AbstractBeanFactory.java:251)  Returning cached instance of singleton bean 'org.springframework.context.annotation.internalCommonAnnotationProcessor'
2016-12-25 14:00:36 org.springframework.beans.factory.support.DefaultSingletonBeanRegistry.getSingleton(DefaultSingletonBeanRegistry.java:221)  Creating shared instance of singleton bean 'org.springframework.context.event.internalEventListenerProcessor'
2016-12-25 14:00:36 org.springframework.beans.factory.support.AbstractAutowireCapableBeanFactory.createBean(AbstractAutowireCapableBeanFactory.java:448)  Creating instance of bean 'org.springframework.context.event.internalEventListenerProcessor'
2016-12-25 14:00:36 org.springframework.beans.factory.support.AbstractAutowireCapableBeanFactory.doCreateBean(AbstractAutowireCapableBeanFactory.java:537)  Eagerly caching bean 'org.springframework.context.event.internalEventListenerProcessor' to allow for resolving potential circular references
2016-12-25 14:00:36 org.springframework.beans.factory.support.AbstractBeanFactory.doGetBean(AbstractBeanFactory.java:251)  Returning cached instance of singleton bean 'org.springframework.transaction.config.internalTransactionAdvisor'
2016-12-25 14:00:36 org.springframework.beans.factory.support.AbstractAutowireCapableBeanFactory.createBean(AbstractAutowireCapableBeanFactory.java:484)  Finished creating instance of bean 'org.springframework.context.event.internalEventListenerProcessor'
2016-12-25 14:00:36 org.springframework.beans.factory.support.DefaultSingletonBeanRegistry.getSingleton(DefaultSingletonBeanRegistry.java:221)  Creating shared instance of singleton bean 'org.springframework.context.event.internalEventListenerFactory'
2016-12-25 14:00:36 org.springframework.beans.factory.support.AbstractAutowireCapableBeanFactory.createBean(AbstractAutowireCapableBeanFactory.java:448)  Creating instance of bean 'org.springframework.context.event.internalEventListenerFactory'
2016-12-25 14:00:36 org.springframework.beans.factory.support.AbstractAutowireCapableBeanFactory.doCreateBean(AbstractAutowireCapableBeanFactory.java:537)  Eagerly caching bean 'org.springframework.context.event.internalEventListenerFactory' to allow for resolving potential circular references
2016-12-25 14:00:36 org.springframework.beans.factory.support.AbstractBeanFactory.doGetBean(AbstractBeanFactory.java:251)  Returning cached instance of singleton bean 'org.springframework.transaction.config.internalTransactionAdvisor'
2016-12-25 14:00:36 org.springframework.beans.factory.support.AbstractAutowireCapableBeanFactory.createBean(AbstractAutowireCapableBeanFactory.java:484)  Finished creating instance of bean 'org.springframework.context.event.internalEventListenerFactory'
2016-12-25 14:00:36 org.springframework.beans.factory.support.AbstractBeanFactory.doGetBean(AbstractBeanFactory.java:251)  Returning cached instance of singleton bean 'dataSource123'
2016-12-25 14:00:36 org.springframework.beans.factory.support.AbstractBeanFactory.doGetBean(AbstractBeanFactory.java:251)  Returning cached instance of singleton bean 'sqlSessionFactory'
2016-12-25 14:00:36 org.springframework.beans.factory.support.AbstractBeanFactory.doGetBean(AbstractBeanFactory.java:251)  Returning cached instance of singleton bean 'org.mybatis.spring.mapper.MapperScannerConfigurer#0'
2016-12-25 14:00:36 org.springframework.beans.factory.support.DefaultSingletonBeanRegistry.getSingleton(DefaultSingletonBeanRegistry.java:221)  Creating shared instance of singleton bean 'txManager'
2016-12-25 14:00:36 org.springframework.beans.factory.support.AbstractAutowireCapableBeanFactory.createBean(AbstractAutowireCapableBeanFactory.java:448)  Creating instance of bean 'txManager'
2016-12-25 14:00:36 org.springframework.beans.factory.support.AbstractAutowireCapableBeanFactory.doCreateBean(AbstractAutowireCapableBeanFactory.java:537)  Eagerly caching bean 'txManager' to allow for resolving potential circular references
2016-12-25 14:00:36 org.springframework.beans.factory.support.AbstractBeanFactory.doGetBean(AbstractBeanFactory.java:251)  Returning cached instance of singleton bean 'dataSource123'
2016-12-25 14:00:36 org.springframework.beans.factory.support.AbstractAutowireCapableBeanFactory.invokeInitMethods(AbstractAutowireCapableBeanFactory.java:1625)  Invoking afterPropertiesSet() on bean with name 'txManager'
2016-12-25 14:00:36 org.springframework.beans.factory.support.AbstractBeanFactory.doGetBean(AbstractBeanFactory.java:251)  Returning cached instance of singleton bean 'org.springframework.transaction.config.internalTransactionAdvisor'
2016-12-25 14:00:36 org.springframework.beans.factory.support.AbstractAutowireCapableBeanFactory.createBean(AbstractAutowireCapableBeanFactory.java:484)  Finished creating instance of bean 'txManager'
2016-12-25 14:00:36 org.springframework.beans.factory.support.DefaultSingletonBeanRegistry.getSingleton(DefaultSingletonBeanRegistry.java:221)  Creating shared instance of singleton bean 'org.springframework.transaction.config.internalTransactionalEventListenerFactory'
2016-12-25 14:00:36 org.springframework.beans.factory.support.AbstractAutowireCapableBeanFactory.createBean(AbstractAutowireCapableBeanFactory.java:448)  Creating instance of bean 'org.springframework.transaction.config.internalTransactionalEventListenerFactory'
2016-12-25 14:00:36 org.springframework.beans.factory.support.AbstractAutowireCapableBeanFactory.doCreateBean(AbstractAutowireCapableBeanFactory.java:537)  Eagerly caching bean 'org.springframework.transaction.config.internalTransactionalEventListenerFactory' to allow for resolving potential circular references
2016-12-25 14:00:36 org.springframework.beans.factory.support.AbstractBeanFactory.doGetBean(AbstractBeanFactory.java:251)  Returning cached instance of singleton bean 'org.springframework.transaction.config.internalTransactionAdvisor'
2016-12-25 14:00:36 org.springframework.beans.factory.support.AbstractAutowireCapableBeanFactory.createBean(AbstractAutowireCapableBeanFactory.java:484)  Finished creating instance of bean 'org.springframework.transaction.config.internalTransactionalEventListenerFactory'
2016-12-25 14:00:36 org.springframework.beans.factory.support.AbstractBeanFactory.doGetBean(AbstractBeanFactory.java:251)  Returning cached instance of singleton bean 'org.springframework.aop.config.internalAutoProxyCreator'
2016-12-25 14:00:36 org.springframework.beans.factory.support.AbstractBeanFactory.doGetBean(AbstractBeanFactory.java:251)  Returning cached instance of singleton bean 'org.springframework.transaction.annotation.AnnotationTransactionAttributeSource#0'
2016-12-25 14:00:36 org.springframework.beans.factory.support.DefaultSingletonBeanRegistry.getSingleton(DefaultSingletonBeanRegistry.java:221)  Creating shared instance of singleton bean 'org.springframework.transaction.interceptor.TransactionInterceptor#0'
2016-12-25 14:00:36 org.springframework.beans.factory.support.AbstractAutowireCapableBeanFactory.createBean(AbstractAutowireCapableBeanFactory.java:448)  Creating instance of bean 'org.springframework.transaction.interceptor.TransactionInterceptor#0'
2016-12-25 14:00:36 org.springframework.beans.factory.support.AbstractAutowireCapableBeanFactory.doCreateBean(AbstractAutowireCapableBeanFactory.java:537)  Eagerly caching bean 'org.springframework.transaction.interceptor.TransactionInterceptor#0' to allow for resolving potential circular references
2016-12-25 14:00:36 org.springframework.beans.factory.support.AbstractBeanFactory.doGetBean(AbstractBeanFactory.java:251)  Returning cached instance of singleton bean 'org.springframework.transaction.annotation.AnnotationTransactionAttributeSource#0'
2016-12-25 14:00:36 org.springframework.beans.factory.support.AbstractAutowireCapableBeanFactory.invokeInitMethods(AbstractAutowireCapableBeanFactory.java:1625)  Invoking afterPropertiesSet() on bean with name 'org.springframework.transaction.interceptor.TransactionInterceptor#0'
2016-12-25 14:00:36 org.springframework.beans.factory.support.AbstractAutowireCapableBeanFactory.createBean(AbstractAutowireCapableBeanFactory.java:484)  Finished creating instance of bean 'org.springframework.transaction.interceptor.TransactionInterceptor#0'
2016-12-25 14:00:36 org.springframework.beans.factory.support.AbstractBeanFactory.doGetBean(AbstractBeanFactory.java:251)  Returning cached instance of singleton bean 'org.springframework.transaction.config.internalTransactionAdvisor'
2016-12-25 14:00:36 org.springframework.beans.factory.support.AbstractBeanFactory.doGetBean(AbstractBeanFactory.java:251)  Returning cached instance of singleton bean 'org.springframework.context.annotation.ConfigurationClassPostProcessor.importAwareProcessor'
2016-12-25 14:00:36 org.springframework.beans.factory.support.AbstractBeanFactory.doGetBean(AbstractBeanFactory.java:251)  Returning cached instance of singleton bean 'org.springframework.context.annotation.ConfigurationClassPostProcessor.enhancedConfigurationProcessor'
2016-12-25 14:00:36 org.springframework.beans.factory.support.DefaultSingletonBeanRegistry.getSingleton(DefaultSingletonBeanRegistry.java:221)  Creating shared instance of singleton bean 'authDao'
2016-12-25 14:00:36 org.springframework.beans.factory.support.AbstractAutowireCapableBeanFactory.createBean(AbstractAutowireCapableBeanFactory.java:448)  Creating instance of bean 'authDao'
2016-12-25 14:00:36 org.springframework.beans.factory.support.AbstractAutowireCapableBeanFactory.doCreateBean(AbstractAutowireCapableBeanFactory.java:537)  Eagerly caching bean 'authDao' to allow for resolving potential circular references
2016-12-25 14:00:36 org.springframework.beans.factory.support.AbstractBeanFactory.doGetBean(AbstractBeanFactory.java:251)  Returning cached instance of singleton bean 'sqlSessionFactory'
2016-12-25 14:00:36 org.springframework.beans.factory.support.AbstractAutowireCapableBeanFactory.invokeInitMethods(AbstractAutowireCapableBeanFactory.java:1625)  Invoking afterPropertiesSet() on bean with name 'authDao'
2016-12-25 14:00:36 org.springframework.beans.factory.support.AbstractBeanFactory.doGetBean(AbstractBeanFactory.java:251)  Returning cached instance of singleton bean 'org.springframework.transaction.config.internalTransactionAdvisor'
2016-12-25 14:00:36 org.springframework.beans.factory.support.AbstractAutowireCapableBeanFactory.createBean(AbstractAutowireCapableBeanFactory.java:484)  Finished creating instance of bean 'authDao'
2016-12-25 14:00:36 org.springframework.beans.factory.support.DefaultSingletonBeanRegistry.getSingleton(DefaultSingletonBeanRegistry.java:221)  Creating shared instance of singleton bean 'authgroupDao'
2016-12-25 14:00:36 org.springframework.beans.factory.support.AbstractAutowireCapableBeanFactory.createBean(AbstractAutowireCapableBeanFactory.java:448)  Creating instance of bean 'authgroupDao'
2016-12-25 14:00:36 org.springframework.beans.factory.support.AbstractAutowireCapableBeanFactory.doCreateBean(AbstractAutowireCapableBeanFactory.java:537)  Eagerly caching bean 'authgroupDao' to allow for resolving potential circular references
2016-12-25 14:00:36 org.springframework.beans.factory.support.AbstractBeanFactory.doGetBean(AbstractBeanFactory.java:251)  Returning cached instance of singleton bean 'sqlSessionFactory'
2016-12-25 14:00:36 org.springframework.beans.factory.support.AbstractAutowireCapableBeanFactory.invokeInitMethods(AbstractAutowireCapableBeanFactory.java:1625)  Invoking afterPropertiesSet() on bean with name 'authgroupDao'
2016-12-25 14:00:36 org.springframework.beans.factory.support.AbstractBeanFactory.doGetBean(AbstractBeanFactory.java:251)  Returning cached instance of singleton bean 'org.springframework.transaction.config.internalTransactionAdvisor'
2016-12-25 14:00:36 org.springframework.beans.factory.support.AbstractAutowireCapableBeanFactory.createBean(AbstractAutowireCapableBeanFactory.java:484)  Finished creating instance of bean 'authgroupDao'
2016-12-25 14:00:36 org.springframework.beans.factory.support.AbstractBeanFactory.doGetBean(AbstractBeanFactory.java:251)  Returning cached instance of singleton bean 'deptDao'
2016-12-25 14:00:36 org.springframework.beans.factory.support.AbstractBeanFactory.doGetBean(AbstractBeanFactory.java:251)  Returning cached instance of singleton bean 'empDao'
2016-12-25 14:00:36 org.springframework.beans.factory.support.AbstractBeanFactory.doGetBean(AbstractBeanFactory.java:251)  Returning cached instance of singleton bean 'roleDao'
2016-12-25 14:00:36 org.springframework.beans.factory.support.AbstractBeanFactory.doGetBean(AbstractBeanFactory.java:251)  Returning cached instance of singleton bean 'userDao'
2016-12-25 14:00:36 org.springframework.beans.factory.support.AbstractBeanFactory.doGetBean(AbstractBeanFactory.java:251)  Returning cached instance of singleton bean 'org.springframework.context.event.internalEventListenerFactory'
2016-12-25 14:00:36 org.springframework.beans.factory.support.AbstractBeanFactory.doGetBean(AbstractBeanFactory.java:251)  Returning cached instance of singleton bean 'org.springframework.transaction.config.internalTransactionalEventListenerFactory'
2016-12-25 14:00:36 org.springframework.context.support.AbstractApplicationContext.initLifecycleProcessor(AbstractApplicationContext.java:784)  Unable to locate LifecycleProcessor with name 'lifecycleProcessor': using default [org.springframework.context.support.DefaultLifecycleProcessor@548d708a]
2016-12-25 14:00:36 org.springframework.beans.factory.support.AbstractBeanFactory.doGetBean(AbstractBeanFactory.java:251)  Returning cached instance of singleton bean 'lifecycleProcessor'
2016-12-25 14:00:36 org.springframework.beans.factory.support.AbstractBeanFactory.doGetBean(AbstractBeanFactory.java:251)  Returning cached instance of singleton bean 'sqlSessionFactory'
2016-12-25 14:00:36 org.springframework.core.env.PropertySourcesPropertyResolver.getProperty(PropertySourcesPropertyResolver.java:91)  Could not find key 'spring.liveBeansView.mbeanDomain' in any property source
2016-12-25 14:00:36 org.springframework.beans.factory.support.AbstractBeanFactory.doGetBean(AbstractBeanFactory.java:251)  Returning cached instance of singleton bean 'empServiceImpl'
2016-12-25 14:00:36 org.apache.ibatis.logging.commons.JakartaCommonsLoggingImpl.debug(JakartaCommonsLoggingImpl.java:54)  Creating a new SqlSession
2016-12-25 14:00:36 org.apache.ibatis.logging.commons.JakartaCommonsLoggingImpl.debug(JakartaCommonsLoggingImpl.java:54)  SqlSession [org.apache.ibatis.session.defaults.DefaultSqlSession@6e9a5ed8] was not registered for synchronization because synchronization is not active
2016-12-25 14:00:36 org.springframework.jdbc.datasource.DataSourceUtils.doGetConnection(DataSourceUtils.java:110)  Fetching JDBC Connection from DataSource
2016-12-25 14:00:36 com.alibaba.druid.pool.DruidDataSource.init(DruidDataSource.java:715)  {dataSource-1} inited
2016-12-25 14:00:37 org.apache.ibatis.logging.commons.JakartaCommonsLoggingImpl.debug(JakartaCommonsLoggingImpl.java:54)  JDBC Connection [com.mysql.jdbc.JDBC4Connection@74287ea3] will not be managed by Spring
2016-12-25 14:00:37 org.apache.ibatis.logging.commons.JakartaCommonsLoggingImpl.debug(JakartaCommonsLoggingImpl.java:54)  ==>  Preparing: select id, name, pwd from tb_emp limit 0,? 
2016-12-25 14:00:37 org.apache.ibatis.logging.commons.JakartaCommonsLoggingImpl.debug(JakartaCommonsLoggingImpl.java:54)  ==> Parameters: 2(Integer)
2016-12-25 14:00:37 org.apache.ibatis.logging.commons.JakartaCommonsLoggingImpl.debug(JakartaCommonsLoggingImpl.java:54)  <==      Total: 2
2016-12-25 14:00:37 org.apache.ibatis.logging.commons.JakartaCommonsLoggingImpl.debug(JakartaCommonsLoggingImpl.java:54)  Closing non transactional SqlSession [org.apache.ibatis.session.defaults.DefaultSqlSession@6e9a5ed8]
2016-12-25 14:00:37 org.springframework.jdbc.datasource.DataSourceUtils.doReleaseConnection(DataSourceUtils.java:327)  Returning JDBC Connection to DataSource
2016-12-25 22:04:08 org.springframework.core.env.MutablePropertySources.addLast(MutablePropertySources.java:109)  Adding [systemProperties] PropertySource with lowest search precedence
2016-12-25 22:04:08 org.springframework.core.env.MutablePropertySources.addLast(MutablePropertySources.java:109)  Adding [systemEnvironment] PropertySource with lowest search precedence
2016-12-25 22:04:08 org.springframework.core.env.AbstractEnvironment.<init>(AbstractEnvironment.java:124)  Initialized StandardEnvironment with PropertySources [systemProperties,systemEnvironment]
2016-12-25 22:04:08 org.springframework.context.support.AbstractApplicationContext.prepareRefresh(AbstractApplicationContext.java:582)  Refreshing org.springframework.context.support.ClassPathXmlApplicationContext@7cf10a6f: startup date [Sun Dec 25 22:04:08 CST 2016]; root of context hierarchy
2016-12-25 22:04:08 org.springframework.core.env.MutablePropertySources.addLast(MutablePropertySources.java:109)  Adding [systemProperties] PropertySource with lowest search precedence
2016-12-25 22:04:08 org.springframework.core.env.MutablePropertySources.addLast(MutablePropertySources.java:109)  Adding [systemEnvironment] PropertySource with lowest search precedence
2016-12-25 22:04:08 org.springframework.core.env.AbstractEnvironment.<init>(AbstractEnvironment.java:124)  Initialized StandardEnvironment with PropertySources [systemProperties,systemEnvironment]
2016-12-25 22:04:08 org.springframework.beans.factory.xml.XmlBeanDefinitionReader.loadBeanDefinitions(XmlBeanDefinitionReader.java:317)  Loading XML bean definitions from class path resource [applicationContext.xml]
2016-12-25 22:04:08 org.springframework.beans.factory.xml.DefaultDocumentLoader.loadDocument(DefaultDocumentLoader.java:73)  Using JAXP provider [com.sun.org.apache.xerces.internal.jaxp.DocumentBuilderFactoryImpl]
2016-12-25 22:04:08 org.springframework.beans.factory.xml.PluggableSchemaResolver.getSchemaMappings(PluggableSchemaResolver.java:141)  Loading schema mappings from [META-INF/spring.schemas]
2016-12-25 22:04:08 org.springframework.beans.factory.xml.PluggableSchemaResolver.getSchemaMappings(PluggableSchemaResolver.java:147)  Loaded schema mappings: {http://www.springframework.org/schema/tx/spring-tx-4.3.xsd=org/springframework/transaction/config/spring-tx-4.3.xsd, http://www.springframework.org/schema/tx/spring-tx-2.5.xsd=org/springframework/transaction/config/spring-tx-2.5.xsd, http://www.springframework.org/schema/cache/spring-cache-4.2.xsd=org/springframework/cache/config/spring-cache-4.2.xsd, http://www.springframework.org/schema/aop/spring-aop-4.1.xsd=org/springframework/aop/config/spring-aop-4.1.xsd, http://www.springframework.org/schema/context/spring-context-3.1.xsd=org/springframework/context/config/spring-context-3.1.xsd, http://www.springframework.org/schema/jdbc/spring-jdbc-4.1.xsd=org/springframework/jdbc/config/spring-jdbc-4.1.xsd, http://www.springframework.org/schema/mvc/spring-mvc-4.1.xsd=org/springframework/web/servlet/config/spring-mvc-4.1.xsd, http://www.springframework.org/schema/util/spring-util-3.0.xsd=org/springframework/beans/factory/xml/spring-util-3.0.xsd, http://www.springframework.org/schema/tool/spring-tool.xsd=org/springframework/beans/factory/xml/spring-tool-4.3.xsd, http://www.springframework.org/schema/aop/spring-aop-3.2.xsd=org/springframework/aop/config/spring-aop-3.2.xsd, http://mybatis.org/schema/mybatis-spring-1.2.xsd=org/mybatis/spring/config/mybatis-spring-1.2.xsd, http://www.springframework.org/schema/lang/spring-lang-4.1.xsd=org/springframework/scripting/config/spring-lang-4.1.xsd, http://www.springframework.org/schema/context/spring-context-4.0.xsd=org/springframework/context/config/spring-context-4.0.xsd, http://www.springframework.org/schema/mvc/spring-mvc-3.2.xsd=org/springframework/web/servlet/config/spring-mvc-3.2.xsd, http://www.springframework.org/schema/beans/spring-beans-4.2.xsd=org/springframework/beans/factory/xml/spring-beans-4.2.xsd, http://www.springframework.org/schema/tool/spring-tool-4.1.xsd=org/springframework/beans/factory/xml/spring-tool-4.1.xsd, http://www.springframework.org/schema/lang/spring-lang-3.2.xsd=org/springframework/scripting/config/spring-lang-3.2.xsd, http://www.springframework.org/schema/cache/spring-cache-3.2.xsd=org/springframework/cache/config/spring-cache-3.2.xsd, http://www.springframework.org/schema/jee/spring-jee-4.1.xsd=org/springframework/ejb/config/spring-jee-4.1.xsd, http://www.springframework.org/schema/jdbc/spring-jdbc-3.1.xsd=org/springframework/jdbc/config/spring-jdbc-3.1.xsd, http://www.springframework.org/schema/task/spring-task-4.2.xsd=org/springframework/scheduling/config/spring-task-4.2.xsd, http://www.springframework.org/schema/util/spring-util-2.0.xsd=org/springframework/beans/factory/xml/spring-util-2.0.xsd, http://www.springframework.org/schema/tool/spring-tool-3.2.xsd=org/springframework/beans/factory/xml/spring-tool-3.2.xsd, http://www.springframework.org/schema/context/spring-context.xsd=org/springframework/context/config/spring-context-4.3.xsd, http://www.springframework.org/schema/tx/spring-tx-4.2.xsd=org/springframework/transaction/config/spring-tx-4.2.xsd, http://www.springframework.org/schema/cache/spring-cache-4.1.xsd=org/springframework/cache/config/spring-cache-4.1.xsd, http://www.springframework.org/schema/aop/spring-aop-4.0.xsd=org/springframework/aop/config/spring-aop-4.0.xsd, http://www.springframework.org/schema/jee/spring-jee-3.2.xsd=org/springframework/ejb/config/spring-jee-3.2.xsd, http://www.springframework.org/schema/context/spring-context-3.0.xsd=org/springframework/context/config/spring-context-3.0.xsd, http://www.springframework.org/schema/jdbc/spring-jdbc-4.0.xsd=org/springframework/jdbc/config/spring-jdbc-4.0.xsd, http://www.springframework.org/schema/mvc/spring-mvc-4.0.xsd=org/springframework/web/servlet/config/spring-mvc-4.0.xsd, http://www.springframework.org/schema/util/spring-util-2.5.xsd=org/springframework/beans/factory/xml/spring-util-2.5.xsd, http://www.springframework.org/schema/util/spring-util-4.3.xsd=org/springframework/beans/factory/xml/spring-util-4.3.xsd, http://www.springframework.org/schema/beans/spring-beans-3.2.xsd=org/springframework/beans/factory/xml/spring-beans-3.2.xsd, http://www.springframework.org/schema/aop/spring-aop-3.1.xsd=org/springframework/aop/config/spring-aop-3.1.xsd, http://www.springframework.org/schema/lang/spring-lang-4.0.xsd=org/springframework/scripting/config/spring-lang-4.0.xsd, http://www.springframework.org/schema/mvc/spring-mvc.xsd=org/springframework/web/servlet/config/spring-mvc-4.3.xsd, http://www.springframework.org/schema/mvc/spring-mvc-3.1.xsd=org/springframework/web/servlet/config/spring-mvc-3.1.xsd, http://www.springframework.org/schema/beans/spring-beans-4.1.xsd=org/springframework/beans/factory/xml/spring-beans-4.1.xsd, http://www.springframework.org/schema/tool/spring-tool-4.0.xsd=org/springframework/beans/factory/xml/spring-tool-4.0.xsd, http://www.springframework.org/schema/tx/spring-tx-3.2.xsd=org/springframework/transaction/config/spring-tx-3.2.xsd, http://www.springframework.org/schema/lang/spring-lang-3.1.xsd=org/springframework/scripting/config/spring-lang-3.1.xsd, http://www.springframework.org/schema/cache/spring-cache-3.1.xsd=org/springframework/cache/config/spring-cache-3.1.xsd, http://www.springframework.org/schema/jee/spring-jee-4.0.xsd=org/springframework/ejb/config/spring-jee-4.0.xsd, http://www.springframework.org/schema/jdbc/spring-jdbc-3.0.xsd=org/springframework/jdbc/config/spring-jdbc-3.0.xsd, http://www.springframework.org/schema/task/spring-task-4.1.xsd=org/springframework/scheduling/config/spring-task-4.1.xsd, http://www.springframework.org/schema/jdbc/spring-jdbc.xsd=org/springframework/jdbc/config/spring-jdbc-4.3.xsd, http://www.springframework.org/schema/tool/spring-tool-3.1.xsd=org/springframework/beans/factory/xml/spring-tool-3.1.xsd, http://www.springframework.org/schema/tx/spring-tx-4.1.xsd=org/springframework/transaction/config/spring-tx-4.1.xsd, http://www.springframework.org/schema/cache/spring-cache-4.0.xsd=org/springframework/cache/config/spring-cache-4.0.xsd, http://www.springframework.org/schema/jee/spring-jee-3.1.xsd=org/springframework/ejb/config/spring-jee-3.1.xsd, http://www.springframework.org/schema/task/spring-task-3.2.xsd=org/springframework/scheduling/config/spring-task-3.2.xsd, http://www.springframework.org/schema/util/spring-util-4.2.xsd=org/springframework/beans/factory/xml/spring-util-4.2.xsd, http://www.springframework.org/schema/beans/spring-beans-3.1.xsd=org/springframework/beans/factory/xml/spring-beans-3.1.xsd, http://www.springframework.org/schema/util/spring-util.xsd=org/springframework/beans/factory/xml/spring-util-4.3.xsd, http://www.springframework.org/schema/aop/spring-aop-3.0.xsd=org/springframework/aop/config/spring-aop-3.0.xsd, http://www.springframework.org/schema/mvc/spring-mvc-3.0.xsd=org/springframework/web/servlet/config/spring-mvc-3.0.xsd, http://www.springframework.org/schema/beans/spring-beans-4.0.xsd=org/springframework/beans/factory/xml/spring-beans-4.0.xsd, http://www.springframework.org/schema/beans/spring-beans.xsd=org/springframework/beans/factory/xml/spring-beans-4.3.xsd, http://www.springframework.org/schema/tx/spring-tx-3.1.xsd=org/springframework/transaction/config/spring-tx-3.1.xsd, http://www.springframework.org/schema/lang/spring-lang-3.0.xsd=org/springframework/scripting/config/spring-lang-3.0.xsd, http://mybatis.org/schema/mybatis-spring.xsd=org/mybatis/spring/config/mybatis-spring-1.2.xsd, http://www.springframework.org/schema/context/spring-context-2.5.xsd=org/springframework/context/config/spring-context-2.5.xsd, http://www.springframework.org/schema/context/spring-context-4.3.xsd=org/springframework/context/config/spring-context-4.3.xsd, http://www.springframework.org/schema/task/spring-task-4.0.xsd=org/springframework/scheduling/config/spring-task-4.0.xsd, http://www.springframework.org/schema/tool/spring-tool-3.0.xsd=org/springframework/beans/factory/xml/spring-tool-3.0.xsd, http://www.springframework.org/schema/tx/spring-tx-4.0.xsd=org/springframework/transaction/config/spring-tx-4.0.xsd, http://www.springframework.org/schema/aop/spring-aop-2.0.xsd=org/springframework/aop/config/spring-aop-2.0.xsd, http://www.springframework.org/schema/jee/spring-jee-3.0.xsd=org/springframework/ejb/config/spring-jee-3.0.xsd, http://www.springframework.org/schema/task/spring-task-3.1.xsd=org/springframework/scheduling/config/spring-task-3.1.xsd, http://www.springframework.org/schema/util/spring-util-4.1.xsd=org/springframework/beans/factory/xml/spring-util-4.1.xsd, http://www.springframework.org/schema/beans/spring-beans-3.0.xsd=org/springframework/beans/factory/xml/spring-beans-3.0.xsd, http://www.springframework.org/schema/jee/spring-jee.xsd=org/springframework/ejb/config/spring-jee-4.3.xsd, http://www.springframework.org/schema/aop/spring-aop-2.5.xsd=org/springframework/aop/config/spring-aop-2.5.xsd, http://www.springframework.org/schema/aop/spring-aop-4.3.xsd=org/springframework/aop/config/spring-aop-4.3.xsd, http://www.springframework.org/schema/lang/spring-lang-2.0.xsd=org/springframework/scripting/config/spring-lang-2.0.xsd, http://www.springframework.org/schema/jdbc/spring-jdbc-4.3.xsd=org/springframework/jdbc/config/spring-jdbc-4.3.xsd, http://www.springframework.org/schema/mvc/spring-mvc-4.3.xsd=org/springframework/web/servlet/config/spring-mvc-4.3.xsd, http://www.springframework.org/schema/util/spring-util-3.2.xsd=org/springframework/beans/factory/xml/spring-util-3.2.xsd, http://www.springframework.org/schema/task/spring-task.xsd=org/springframework/scheduling/config/spring-task-4.3.xsd, http://www.springframework.org/schema/tool/spring-tool-2.0.xsd=org/springframework/beans/factory/xml/spring-tool-2.0.xsd, http://www.springframework.org/schema/tx/spring-tx-3.0.xsd=org/springframework/transaction/config/spring-tx-3.0.xsd, http://www.springframework.org/schema/lang/spring-lang-2.5.xsd=org/springframework/scripting/config/spring-lang-2.5.xsd, http://www.springframework.org/schema/lang/spring-lang-4.3.xsd=org/springframework/scripting/config/spring-lang-4.3.xsd, http://www.springframework.org/schema/context/spring-context-4.2.xsd=org/springframework/context/config/spring-context-4.2.xsd, http://www.springframework.org/schema/jee/spring-jee-2.0.xsd=org/springframework/ejb/config/spring-jee-2.0.xsd, http://www.springframework.org/schema/tool/spring-tool-4.3.xsd=org/springframework/beans/factory/xml/spring-tool-4.3.xsd, http://www.springframework.org/schema/tool/spring-tool-2.5.xsd=org/springframework/beans/factory/xml/spring-tool-2.5.xsd, http://www.springframework.org/schema/jee/spring-jee-4.3.xsd=org/springframework/ejb/config/spring-jee-4.3.xsd, http://www.springframework.org/schema/jee/spring-jee-2.5.xsd=org/springframework/ejb/config/spring-jee-2.5.xsd, http://www.springframework.org/schema/task/spring-task-3.0.xsd=org/springframework/scheduling/config/spring-task-3.0.xsd, http://www.springframework.org/schema/util/spring-util-4.0.xsd=org/springframework/beans/factory/xml/spring-util-4.0.xsd, http://www.springframework.org/schema/cache/spring-cache-4.3.xsd=org/springframework/cache/config/spring-cache-4.3.xsd, http://www.springframework.org/schema/aop/spring-aop-4.2.xsd=org/springframework/aop/config/spring-aop-4.2.xsd, http://www.springframework.org/schema/lang/spring-lang.xsd=org/springframework/scripting/config/spring-lang-4.3.xsd, http://www.springframework.org/schema/context/spring-context-3.2.xsd=org/springframework/context/config/spring-context-3.2.xsd, http://www.springframework.org/schema/jdbc/spring-jdbc-4.2.xsd=org/springframework/jdbc/config/spring-jdbc-4.2.xsd, http://www.springframework.org/schema/mvc/spring-mvc-4.2.xsd=org/springframework/web/servlet/config/spring-mvc-4.2.xsd, http://www.springframework.org/schema/util/spring-util-3.1.xsd=org/springframework/beans/factory/xml/spring-util-3.1.xsd, http://www.springframework.org/schema/beans/spring-beans-2.0.xsd=org/springframework/beans/factory/xml/spring-beans-2.0.xsd, http://www.springframework.org/schema/cache/spring-cache.xsd=org/springframework/cache/config/spring-cache-4.3.xsd, http://www.springframework.org/schema/tx/spring-tx.xsd=org/springframework/transaction/config/spring-tx-4.3.xsd, http://www.springframework.org/schema/lang/spring-lang-4.2.xsd=org/springframework/scripting/config/spring-lang-4.2.xsd, http://www.springframework.org/schema/context/spring-context-4.1.xsd=org/springframework/context/config/spring-context-4.1.xsd, http://www.springframework.org/schema/beans/spring-beans-2.5.xsd=org/springframework/beans/factory/xml/spring-beans-2.5.xsd, http://www.springframework.org/schema/beans/spring-beans-4.3.xsd=org/springframework/beans/factory/xml/spring-beans-4.3.xsd, http://www.springframework.org/schema/tool/spring-tool-4.2.xsd=org/springframework/beans/factory/xml/spring-tool-4.2.xsd, http://www.springframework.org/schema/tx/spring-tx-2.0.xsd=org/springframework/transaction/config/spring-tx-2.0.xsd, http://www.alibaba.com/schema/stat.xsd=META-INF/stat.xsd, http://www.springframework.org/schema/jee/spring-jee-4.2.xsd=org/springframework/ejb/config/spring-jee-4.2.xsd, http://www.springframework.org/schema/jdbc/spring-jdbc-3.2.xsd=org/springframework/jdbc/config/spring-jdbc-3.2.xsd, http://www.springframework.org/schema/task/spring-task-4.3.xsd=org/springframework/scheduling/config/spring-task-4.3.xsd, http://www.springframework.org/schema/aop/spring-aop.xsd=org/springframework/aop/config/spring-aop-4.3.xsd}
2016-12-25 22:04:08 org.springframework.beans.factory.xml.PluggableSchemaResolver.resolveEntity(PluggableSchemaResolver.java:119)  Found XML schema [http://www.springframework.org/schema/beans/spring-beans.xsd] in classpath: org/springframework/beans/factory/xml/spring-beans-4.3.xsd
2016-12-25 22:04:08 org.springframework.beans.factory.xml.PluggableSchemaResolver.resolveEntity(PluggableSchemaResolver.java:119)  Found XML schema [http://www.springframework.org/schema/context/spring-context.xsd] in classpath: org/springframework/context/config/spring-context-4.3.xsd
2016-12-25 22:04:08 org.springframework.beans.factory.xml.PluggableSchemaResolver.resolveEntity(PluggableSchemaResolver.java:119)  Found XML schema [http://www.springframework.org/schema/tool/spring-tool-4.3.xsd] in classpath: org/springframework/beans/factory/xml/spring-tool-4.3.xsd
2016-12-25 22:04:08 org.springframework.beans.factory.xml.PluggableSchemaResolver.resolveEntity(PluggableSchemaResolver.java:119)  Found XML schema [http://www.springframework.org/schema/tx/spring-tx.xsd] in classpath: org/springframework/transaction/config/spring-tx-4.3.xsd
2016-12-25 22:04:08 org.springframework.beans.factory.xml.DefaultBeanDefinitionDocumentReader.registerBeanDefinitions(DefaultBeanDefinitionDocumentReader.java:92)  Loading bean definitions
2016-12-25 22:04:08 org.springframework.beans.factory.xml.DefaultNamespaceHandlerResolver.getHandlerMappings(DefaultNamespaceHandlerResolver.java:157)  Loaded NamespaceHandler mappings: {http://www.springframework.org/schema/p=org.springframework.beans.factory.xml.SimplePropertyNamespaceHandler, http://www.springframework.org/schema/mvc=org.springframework.web.servlet.config.MvcNamespaceHandler, http://www.springframework.org/schema/util=org.springframework.beans.factory.xml.UtilNamespaceHandler, http://www.alibaba.com/schema/stat=com.alibaba.druid.support.spring.stat.config.DruidStatNamespaceHandler, http://www.springframework.org/schema/jee=org.springframework.ejb.config.JeeNamespaceHandler, http://www.springframework.org/schema/aop=org.springframework.aop.config.AopNamespaceHandler, http://www.springframework.org/schema/jdbc=org.springframework.jdbc.config.JdbcNamespaceHandler, http://www.springframework.org/schema/cache=org.springframework.cache.config.CacheNamespaceHandler, http://mybatis.org/schema/mybatis-spring=org.mybatis.spring.config.NamespaceHandler, http://www.springframework.org/schema/c=org.springframework.beans.factory.xml.SimpleConstructorNamespaceHandler, http://www.springframework.org/schema/tx=org.springframework.transaction.config.TxNamespaceHandler, http://www.springframework.org/schema/task=org.springframework.scheduling.config.TaskNamespaceHandler, http://www.springframework.org/schema/lang=org.springframework.scripting.config.LangNamespaceHandler, http://www.springframework.org/schema/context=org.springframework.context.config.ContextNamespaceHandler}
2016-12-25 22:04:08 org.springframework.core.env.MutablePropertySources.addLast(MutablePropertySources.java:109)  Adding [systemProperties] PropertySource with lowest search precedence
2016-12-25 22:04:08 org.springframework.core.env.MutablePropertySources.addLast(MutablePropertySources.java:109)  Adding [systemEnvironment] PropertySource with lowest search precedence
2016-12-25 22:04:08 org.springframework.core.env.AbstractEnvironment.<init>(AbstractEnvironment.java:124)  Initialized StandardEnvironment with PropertySources [systemProperties,systemEnvironment]
2016-12-25 22:04:08 org.springframework.core.io.support.PathMatchingResourcePatternResolver.findAllClassPathResources(PathMatchingResourcePatternResolver.java:317)  Resolved classpath location [com/ssm/] to resources [URL [file:/D:/Workspaces/SSMjspDemo/out/production/SSMjspDemo/com/ssm/]]
2016-12-25 22:04:08 org.springframework.core.io.support.PathMatchingResourcePatternResolver.doFindMatchingFileSystemResources(PathMatchingResourcePatternResolver.java:711)  Looking for matching resources in directory tree [D:\Workspaces\SSMjspDemo\out\production\SSMjspDemo\com\ssm]
2016-12-25 22:04:08 org.springframework.core.io.support.PathMatchingResourcePatternResolver.doRetrieveMatchingFiles(PathMatchingResourcePatternResolver.java:773)  Searching directory [D:\Workspaces\SSMjspDemo\out\production\SSMjspDemo\com\ssm] for files matching pattern [D:/Workspaces/SSMjspDemo/out/production/SSMjspDemo/com/ssm/**/*.class]
2016-12-25 22:04:08 org.springframework.core.io.support.PathMatchingResourcePatternResolver.doRetrieveMatchingFiles(PathMatchingResourcePatternResolver.java:773)  Searching directory [D:\Workspaces\SSMjspDemo\out\production\SSMjspDemo\com\ssm\action] for files matching pattern [D:/Workspaces/SSMjspDemo/out/production/SSMjspDemo/com/ssm/**/*.class]
2016-12-25 22:04:08 org.springframework.core.io.support.PathMatchingResourcePatternResolver.doRetrieveMatchingFiles(PathMatchingResourcePatternResolver.java:773)  Searching directory [D:\Workspaces\SSMjspDemo\out\production\SSMjspDemo\com\ssm\dao] for files matching pattern [D:/Workspaces/SSMjspDemo/out/production/SSMjspDemo/com/ssm/**/*.class]
2016-12-25 22:04:08 org.springframework.core.io.support.PathMatchingResourcePatternResolver.doRetrieveMatchingFiles(PathMatchingResourcePatternResolver.java:773)  Searching directory [D:\Workspaces\SSMjspDemo\out\production\SSMjspDemo\com\ssm\domain] for files matching pattern [D:/Workspaces/SSMjspDemo/out/production/SSMjspDemo/com/ssm/**/*.class]
2016-12-25 22:04:08 org.springframework.core.io.support.PathMatchingResourcePatternResolver.doRetrieveMatchingFiles(PathMatchingResourcePatternResolver.java:773)  Searching directory [D:\Workspaces\SSMjspDemo\out\production\SSMjspDemo\com\ssm\domain\json] for files matching pattern [D:/Workspaces/SSMjspDemo/out/production/SSMjspDemo/com/ssm/**/*.class]
2016-12-25 22:04:08 org.springframework.core.io.support.PathMatchingResourcePatternResolver.doRetrieveMatchingFiles(PathMatchingResourcePatternResolver.java:773)  Searching directory [D:\Workspaces\SSMjspDemo\out\production\SSMjspDemo\com\ssm\interceptor] for files matching pattern [D:/Workspaces/SSMjspDemo/out/production/SSMjspDemo/com/ssm/**/*.class]
2016-12-25 22:04:08 org.springframework.core.io.support.PathMatchingResourcePatternResolver.doRetrieveMatchingFiles(PathMatchingResourcePatternResolver.java:773)  Searching directory [D:\Workspaces\SSMjspDemo\out\production\SSMjspDemo\com\ssm\mapping] for files matching pattern [D:/Workspaces/SSMjspDemo/out/production/SSMjspDemo/com/ssm/**/*.class]
2016-12-25 22:04:08 org.springframework.core.io.support.PathMatchingResourcePatternResolver.doRetrieveMatchingFiles(PathMatchingResourcePatternResolver.java:773)  Searching directory [D:\Workspaces\SSMjspDemo\out\production\SSMjspDemo\com\ssm\service] for files matching pattern [D:/Workspaces/SSMjspDemo/out/production/SSMjspDemo/com/ssm/**/*.class]
2016-12-25 22:04:08 org.springframework.core.io.support.PathMatchingResourcePatternResolver.doRetrieveMatchingFiles(PathMatchingResourcePatternResolver.java:773)  Searching directory [D:\Workspaces\SSMjspDemo\out\production\SSMjspDemo\com\ssm\service\impl] for files matching pattern [D:/Workspaces/SSMjspDemo/out/production/SSMjspDemo/com/ssm/**/*.class]
2016-12-25 22:04:08 org.springframework.core.io.support.PathMatchingResourcePatternResolver.doRetrieveMatchingFiles(PathMatchingResourcePatternResolver.java:773)  Searching directory [D:\Workspaces\SSMjspDemo\out\production\SSMjspDemo\com\ssm\utils] for files matching pattern [D:/Workspaces/SSMjspDemo/out/production/SSMjspDemo/com/ssm/**/*.class]
2016-12-25 22:04:08 org.springframework.core.io.support.PathMatchingResourcePatternResolver.findPathMatchingResources(PathMatchingResourcePatternResolver.java:483)  Resolved location pattern [classpath*:com/ssm/**/*.class] to resources [file [D:\Workspaces\SSMjspDemo\out\production\SSMjspDemo\com\ssm\action\DeptController.class], file [D:\Workspaces\SSMjspDemo\out\production\SSMjspDemo\com\ssm\action\EmpController$1.class], file [D:\Workspaces\SSMjspDemo\out\production\SSMjspDemo\com\ssm\action\EmpController.class], file [D:\Workspaces\SSMjspDemo\out\production\SSMjspDemo\com\ssm\action\GoodsController.class], file [D:\Workspaces\SSMjspDemo\out\production\SSMjspDemo\com\ssm\action\ManagerController.class], file [D:\Workspaces\SSMjspDemo\out\production\SSMjspDemo\com\ssm\action\NoInterceptor.class], file [D:\Workspaces\SSMjspDemo\out\production\SSMjspDemo\com\ssm\action\RoleController.class], file [D:\Workspaces\SSMjspDemo\out\production\SSMjspDemo\com\ssm\action\urlTrans.class], file [D:\Workspaces\SSMjspDemo\out\production\SSMjspDemo\com\ssm\action\UserController.class], file [D:\Workspaces\SSMjspDemo\out\production\SSMjspDemo\com\ssm\action\UserGnController.class], file [D:\Workspaces\SSMjspDemo\out\production\SSMjspDemo\com\ssm\dao\AuthDao.class], file [D:\Workspaces\SSMjspDemo\out\production\SSMjspDemo\com\ssm\dao\AuthgroupDao.class], file [D:\Workspaces\SSMjspDemo\out\production\SSMjspDemo\com\ssm\dao\DeptDao.class], file [D:\Workspaces\SSMjspDemo\out\production\SSMjspDemo\com\ssm\dao\EmpDao.class], file [D:\Workspaces\SSMjspDemo\out\production\SSMjspDemo\com\ssm\dao\GoodsDao.class], file [D:\Workspaces\SSMjspDemo\out\production\SSMjspDemo\com\ssm\dao\RoleDao.class], file [D:\Workspaces\SSMjspDemo\out\production\SSMjspDemo\com\ssm\dao\UserDao.class], file [D:\Workspaces\SSMjspDemo\out\production\SSMjspDemo\com\ssm\domain\Auth.class], file [D:\Workspaces\SSMjspDemo\out\production\SSMjspDemo\com\ssm\domain\Authgroup.class], file [D:\Workspaces\SSMjspDemo\out\production\SSMjspDemo\com\ssm\domain\Dept.class], file [D:\Workspaces\SSMjspDemo\out\production\SSMjspDemo\com\ssm\domain\Emp.class], file [D:\Workspaces\SSMjspDemo\out\production\SSMjspDemo\com\ssm\domain\Goods.class], file [D:\Workspaces\SSMjspDemo\out\production\SSMjspDemo\com\ssm\domain\json\Attribute.class], file [D:\Workspaces\SSMjspDemo\out\production\SSMjspDemo\com\ssm\domain\json\ChildNode.class], file [D:\Workspaces\SSMjspDemo\out\production\SSMjspDemo\com\ssm\domain\json\TreeNode.class], file [D:\Workspaces\SSMjspDemo\out\production\SSMjspDemo\com\ssm\domain\Role.class], file [D:\Workspaces\SSMjspDemo\out\production\SSMjspDemo\com\ssm\domain\User.class], file [D:\Workspaces\SSMjspDemo\out\production\SSMjspDemo\com\ssm\interceptor\LoginInterceptor.class], file [D:\Workspaces\SSMjspDemo\out\production\SSMjspDemo\com\ssm\interceptor\LogInterceptor.class], file [D:\Workspaces\SSMjspDemo\out\production\SSMjspDemo\com\ssm\service\DeptService.class], file [D:\Workspaces\SSMjspDemo\out\production\SSMjspDemo\com\ssm\service\EmpService.class], file [D:\Workspaces\SSMjspDemo\out\production\SSMjspDemo\com\ssm\service\GoodsService.class], file [D:\Workspaces\SSMjspDemo\out\production\SSMjspDemo\com\ssm\service\impl\DeptServiceImpl.class], file [D:\Workspaces\SSMjspDemo\out\production\SSMjspDemo\com\ssm\service\impl\EmpServiceImpl.class], file [D:\Workspaces\SSMjspDemo\out\production\SSMjspDemo\com\ssm\service\impl\GoodsServiceImpl.class], file [D:\Workspaces\SSMjspDemo\out\production\SSMjspDemo\com\ssm\service\impl\RoleServiceImpl.class], file [D:\Workspaces\SSMjspDemo\out\production\SSMjspDemo\com\ssm\service\impl\UserServiceImpl.class], file [D:\Workspaces\SSMjspDemo\out\production\SSMjspDemo\com\ssm\service\RoleService.class], file [D:\Workspaces\SSMjspDemo\out\production\SSMjspDemo\com\ssm\service\UserService.class], file [D:\Workspaces\SSMjspDemo\out\production\SSMjspDemo\com\ssm\utils\CustomerDateCoverter.class], file [D:\Workspaces\SSMjspDemo\out\production\SSMjspDemo\com\ssm\utils\DBUtil.class], file [D:\Workspaces\SSMjspDemo\out\production\SSMjspDemo\com\ssm\utils\ResponseUtil.class], file [D:\Workspaces\SSMjspDemo\out\production\SSMjspDemo\com\ssm\utils\SQL.class]]
2016-12-25 22:04:09 org.springframework.context.annotation.ClassPathScanningCandidateComponentProvider.findCandidateComponents(ClassPathScanningCandidateComponentProvider.java:286)  Identified candidate component class: file [D:\Workspaces\SSMjspDemo\out\production\SSMjspDemo\com\ssm\action\DeptController.class]
2016-12-25 22:04:09 org.springframework.context.annotation.ClassPathScanningCandidateComponentProvider.findCandidateComponents(ClassPathScanningCandidateComponentProvider.java:286)  Identified candidate component class: file [D:\Workspaces\SSMjspDemo\out\production\SSMjspDemo\com\ssm\action\EmpController.class]
2016-12-25 22:04:09 org.springframework.context.annotation.ClassPathScanningCandidateComponentProvider.findCandidateComponents(ClassPathScanningCandidateComponentProvider.java:286)  Identified candidate component class: file [D:\Workspaces\SSMjspDemo\out\production\SSMjspDemo\com\ssm\action\GoodsController.class]
2016-12-25 22:04:09 org.springframework.context.annotation.ClassPathScanningCandidateComponentProvider.findCandidateComponents(ClassPathScanningCandidateComponentProvider.java:286)  Identified candidate component class: file [D:\Workspaces\SSMjspDemo\out\production\SSMjspDemo\com\ssm\action\ManagerController.class]
2016-12-25 22:04:09 org.springframework.context.annotation.ClassPathScanningCandidateComponentProvider.findCandidateComponents(ClassPathScanningCandidateComponentProvider.java:286)  Identified candidate component class: file [D:\Workspaces\SSMjspDemo\out\production\SSMjspDemo\com\ssm\action\NoInterceptor.class]
2016-12-25 22:04:09 org.springframework.context.annotation.ClassPathScanningCandidateComponentProvider.findCandidateComponents(ClassPathScanningCandidateComponentProvider.java:286)  Identified candidate component class: file [D:\Workspaces\SSMjspDemo\out\production\SSMjspDemo\com\ssm\action\RoleController.class]
2016-12-25 22:04:09 org.springframework.context.annotation.ClassPathScanningCandidateComponentProvider.findCandidateComponents(ClassPathScanningCandidateComponentProvider.java:286)  Identified candidate component class: file [D:\Workspaces\SSMjspDemo\out\production\SSMjspDemo\com\ssm\action\urlTrans.class]
2016-12-25 22:04:09 org.springframework.context.annotation.ClassPathScanningCandidateComponentProvider.findCandidateComponents(ClassPathScanningCandidateComponentProvider.java:286)  Identified candidate component class: file [D:\Workspaces\SSMjspDemo\out\production\SSMjspDemo\com\ssm\action\UserController.class]
2016-12-25 22:04:09 org.springframework.context.annotation.ClassPathScanningCandidateComponentProvider.findCandidateComponents(ClassPathScanningCandidateComponentProvider.java:286)  Identified candidate component class: file [D:\Workspaces\SSMjspDemo\out\production\SSMjspDemo\com\ssm\action\UserGnController.class]
2016-12-25 22:04:09 org.springframework.context.annotation.ClassPathScanningCandidateComponentProvider.findCandidateComponents(ClassPathScanningCandidateComponentProvider.java:292)  Ignored because not a concrete top-level class: file [D:\Workspaces\SSMjspDemo\out\production\SSMjspDemo\com\ssm\dao\AuthDao.class]
2016-12-25 22:04:09 org.springframework.context.annotation.ClassPathScanningCandidateComponentProvider.findCandidateComponents(ClassPathScanningCandidateComponentProvider.java:292)  Ignored because not a concrete top-level class: file [D:\Workspaces\SSMjspDemo\out\production\SSMjspDemo\com\ssm\dao\UserDao.class]
2016-12-25 22:04:09 org.springframework.context.annotation.ClassPathScanningCandidateComponentProvider.findCandidateComponents(ClassPathScanningCandidateComponentProvider.java:286)  Identified candidate component class: file [D:\Workspaces\SSMjspDemo\out\production\SSMjspDemo\com\ssm\domain\Dept.class]
2016-12-25 22:04:09 org.springframework.context.annotation.ClassPathScanningCandidateComponentProvider.findCandidateComponents(ClassPathScanningCandidateComponentProvider.java:286)  Identified candidate component class: file [D:\Workspaces\SSMjspDemo\out\production\SSMjspDemo\com\ssm\domain\User.class]
2016-12-25 22:04:09 org.springframework.context.annotation.ClassPathScanningCandidateComponentProvider.findCandidateComponents(ClassPathScanningCandidateComponentProvider.java:286)  Identified candidate component class: file [D:\Workspaces\SSMjspDemo\out\production\SSMjspDemo\com\ssm\service\impl\DeptServiceImpl.class]
2016-12-25 22:04:09 org.springframework.context.annotation.ClassPathScanningCandidateComponentProvider.findCandidateComponents(ClassPathScanningCandidateComponentProvider.java:286)  Identified candidate component class: file [D:\Workspaces\SSMjspDemo\out\production\SSMjspDemo\com\ssm\service\impl\EmpServiceImpl.class]
2016-12-25 22:04:09 org.springframework.context.annotation.ClassPathScanningCandidateComponentProvider.findCandidateComponents(ClassPathScanningCandidateComponentProvider.java:286)  Identified candidate component class: file [D:\Workspaces\SSMjspDemo\out\production\SSMjspDemo\com\ssm\service\impl\GoodsServiceImpl.class]
2016-12-25 22:04:09 org.springframework.context.annotation.ClassPathScanningCandidateComponentProvider.findCandidateComponents(ClassPathScanningCandidateComponentProvider.java:286)  Identified candidate component class: file [D:\Workspaces\SSMjspDemo\out\production\SSMjspDemo\com\ssm\service\impl\RoleServiceImpl.class]
2016-12-25 22:04:09 org.springframework.context.annotation.ClassPathScanningCandidateComponentProvider.findCandidateComponents(ClassPathScanningCandidateComponentProvider.java:286)  Identified candidate component class: file [D:\Workspaces\SSMjspDemo\out\production\SSMjspDemo\com\ssm\service\impl\UserServiceImpl.class]
2016-12-25 22:04:09 org.springframework.beans.factory.xml.BeanDefinitionParserDelegate.parseBeanDefinitionElement(BeanDefinitionParserDelegate.java:481)  Neither XML 'id' nor 'name' specified - using generated bean name [org.mybatis.spring.mapper.MapperScannerConfigurer#0]
2016-12-25 22:04:09 org.springframework.beans.factory.support.AbstractBeanDefinitionReader.loadBeanDefinitions(AbstractBeanDefinitionReader.java:224)  Loaded 31 bean definitions from location pattern [applicationContext.xml]
2016-12-25 22:04:09 org.springframework.context.support.AbstractApplicationContext.obtainFreshBeanFactory(AbstractApplicationContext.java:616)  Bean factory for org.springframework.context.support.ClassPathXmlApplicationContext@7cf10a6f: org.springframework.beans.factory.support.DefaultListableBeanFactory@1c72da34: defining beans [deptController,empController,goodsController,managerController,noInterceptor,roleController,urlTrans,userController,userGnController,dept,user,deptServiceImpl,empServiceImpl,goodsServiceImpl,roleServiceImpl,userServiceImpl,org.springframework.context.annotation.internalConfigurationAnnotationProcessor,org.springframework.context.annotation.internalAutowiredAnnotationProcessor,org.springframework.context.annotation.internalRequiredAnnotationProcessor,org.springframework.context.annotation.internalCommonAnnotationProcessor,org.springframework.context.event.internalEventListenerProcessor,org.springframework.context.event.internalEventListenerFactory,dataSource123,sqlSessionFactory,org.mybatis.spring.mapper.MapperScannerConfigurer#0,txManager,org.springframework.transaction.config.internalTransactionalEventListenerFactory,org.springframework.aop.config.internalAutoProxyCreator,org.springframework.transaction.annotation.AnnotationTransactionAttributeSource#0,org.springframework.transaction.interceptor.TransactionInterceptor#0,org.springframework.transaction.config.internalTransactionAdvisor]; root of factory hierarchy
2016-12-25 22:04:09 org.springframework.beans.factory.support.DefaultSingletonBeanRegistry.getSingleton(DefaultSingletonBeanRegistry.java:221)  Creating shared instance of singleton bean 'org.springframework.context.annotation.internalConfigurationAnnotationProcessor'
2016-12-25 22:04:09 org.springframework.beans.factory.support.AbstractAutowireCapableBeanFactory.createBean(AbstractAutowireCapableBeanFactory.java:448)  Creating instance of bean 'org.springframework.context.annotation.internalConfigurationAnnotationProcessor'
2016-12-25 22:04:09 org.springframework.beans.factory.support.AbstractAutowireCapableBeanFactory.doCreateBean(AbstractAutowireCapableBeanFactory.java:537)  Eagerly caching bean 'org.springframework.context.annotation.internalConfigurationAnnotationProcessor' to allow for resolving potential circular references
2016-12-25 22:04:09 org.springframework.beans.factory.support.AbstractAutowireCapableBeanFactory.createBean(AbstractAutowireCapableBeanFactory.java:484)  Finished creating instance of bean 'org.springframework.context.annotation.internalConfigurationAnnotationProcessor'
2016-12-25 22:04:09 org.springframework.beans.factory.support.DefaultSingletonBeanRegistry.getSingleton(DefaultSingletonBeanRegistry.java:221)  Creating shared instance of singleton bean 'org.mybatis.spring.mapper.MapperScannerConfigurer#0'
2016-12-25 22:04:09 org.springframework.beans.factory.support.AbstractAutowireCapableBeanFactory.createBean(AbstractAutowireCapableBeanFactory.java:448)  Creating instance of bean 'org.mybatis.spring.mapper.MapperScannerConfigurer#0'
2016-12-25 22:04:09 org.springframework.beans.factory.support.AbstractAutowireCapableBeanFactory.doCreateBean(AbstractAutowireCapableBeanFactory.java:537)  Eagerly caching bean 'org.mybatis.spring.mapper.MapperScannerConfigurer#0' to allow for resolving potential circular references
2016-12-25 22:04:09 org.springframework.beans.factory.support.AbstractAutowireCapableBeanFactory.invokeInitMethods(AbstractAutowireCapableBeanFactory.java:1625)  Invoking afterPropertiesSet() on bean with name 'org.mybatis.spring.mapper.MapperScannerConfigurer#0'
2016-12-25 22:04:09 org.springframework.beans.factory.support.AbstractAutowireCapableBeanFactory.createBean(AbstractAutowireCapableBeanFactory.java:484)  Finished creating instance of bean 'org.mybatis.spring.mapper.MapperScannerConfigurer#0'
2016-12-25 22:04:09 org.springframework.core.env.MutablePropertySources.addLast(MutablePropertySources.java:109)  Adding [systemProperties] PropertySource with lowest search precedence
2016-12-25 22:04:09 org.springframework.core.env.MutablePropertySources.addLast(MutablePropertySources.java:109)  Adding [systemEnvironment] PropertySource with lowest search precedence
2016-12-25 22:04:09 org.springframework.core.env.AbstractEnvironment.<init>(AbstractEnvironment.java:124)  Initialized StandardEnvironment with PropertySources [systemProperties,systemEnvironment]
2016-12-25 22:04:09 org.springframework.core.io.support.PathMatchingResourcePatternResolver.findAllClassPathResources(PathMatchingResourcePatternResolver.java:317)  Resolved classpath location [com/ssm/dao/] to resources [URL [file:/D:/Workspaces/SSMjspDemo/out/production/SSMjspDemo/com/ssm/dao/]]
2016-12-25 22:04:09 org.springframework.core.io.support.PathMatchingResourcePatternResolver.doFindMatchingFileSystemResources(PathMatchingResourcePatternResolver.java:711)  Looking for matching resources in directory tree [D:\Workspaces\SSMjspDemo\out\production\SSMjspDemo\com\ssm\dao]
2016-12-25 22:04:09 org.springframework.core.io.support.PathMatchingResourcePatternResolver.doRetrieveMatchingFiles(PathMatchingResourcePatternResolver.java:773)  Searching directory [D:\Workspaces\SSMjspDemo\out\production\SSMjspDemo\com\ssm\dao] for files matching pattern [D:/Workspaces/SSMjspDemo/out/production/SSMjspDemo/com/ssm/dao/**/*.class]
2016-12-25 22:04:09 org.springframework.core.io.support.PathMatchingResourcePatternResolver.findPathMatchingResources(PathMatchingResourcePatternResolver.java:483)  Resolved location pattern [classpath*:com/ssm/dao/**/*.class] to resources [file [D:\Workspaces\SSMjspDemo\out\production\SSMjspDemo\com\ssm\dao\AuthDao.class], file [D:\Workspaces\SSMjspDemo\out\production\SSMjspDemo\com\ssm\dao\AuthgroupDao.class], file [D:\Workspaces\SSMjspDemo\out\production\SSMjspDemo\com\ssm\dao\DeptDao.class], file [D:\Workspaces\SSMjspDemo\out\production\SSMjspDemo\com\ssm\dao\EmpDao.class], file [D:\Workspaces\SSMjspDemo\out\production\SSMjspDemo\com\ssm\dao\GoodsDao.class], file [D:\Workspaces\SSMjspDemo\out\production\SSMjspDemo\com\ssm\dao\RoleDao.class], file [D:\Workspaces\SSMjspDemo\out\production\SSMjspDemo\com\ssm\dao\UserDao.class]]
2016-12-25 22:04:09 org.springframework.context.annotation.ClassPathScanningCandidateComponentProvider.findCandidateComponents(ClassPathScanningCandidateComponentProvider.java:286)  Identified candidate component class: file [D:\Workspaces\SSMjspDemo\out\production\SSMjspDemo\com\ssm\dao\AuthDao.class]
2016-12-25 22:04:09 org.springframework.context.annotation.ClassPathScanningCandidateComponentProvider.findCandidateComponents(ClassPathScanningCandidateComponentProvider.java:286)  Identified candidate component class: file [D:\Workspaces\SSMjspDemo\out\production\SSMjspDemo\com\ssm\dao\AuthgroupDao.class]
2016-12-25 22:04:09 org.springframework.context.annotation.ClassPathScanningCandidateComponentProvider.findCandidateComponents(ClassPathScanningCandidateComponentProvider.java:286)  Identified candidate component class: file [D:\Workspaces\SSMjspDemo\out\production\SSMjspDemo\com\ssm\dao\DeptDao.class]
2016-12-25 22:04:09 org.springframework.context.annotation.ClassPathScanningCandidateComponentProvider.findCandidateComponents(ClassPathScanningCandidateComponentProvider.java:286)  Identified candidate component class: file [D:\Workspaces\SSMjspDemo\out\production\SSMjspDemo\com\ssm\dao\EmpDao.class]
2016-12-25 22:04:09 org.springframework.context.annotation.ClassPathScanningCandidateComponentProvider.findCandidateComponents(ClassPathScanningCandidateComponentProvider.java:286)  Identified candidate component class: file [D:\Workspaces\SSMjspDemo\out\production\SSMjspDemo\com\ssm\dao\GoodsDao.class]
2016-12-25 22:04:09 org.springframework.context.annotation.ClassPathScanningCandidateComponentProvider.findCandidateComponents(ClassPathScanningCandidateComponentProvider.java:286)  Identified candidate component class: file [D:\Workspaces\SSMjspDemo\out\production\SSMjspDemo\com\ssm\dao\RoleDao.class]
2016-12-25 22:04:09 org.springframework.context.annotation.ClassPathScanningCandidateComponentProvider.findCandidateComponents(ClassPathScanningCandidateComponentProvider.java:286)  Identified candidate component class: file [D:\Workspaces\SSMjspDemo\out\production\SSMjspDemo\com\ssm\dao\UserDao.class]
2016-12-25 22:04:09 org.mybatis.spring.mapper.ClassPathMapperScanner.processBeanDefinitions(ClassPathMapperScanner.java:181)  Creating MapperFactoryBean with name 'authDao' and 'com.ssm.dao.AuthDao' mapperInterface
2016-12-25 22:04:09 org.mybatis.spring.mapper.ClassPathMapperScanner.processBeanDefinitions(ClassPathMapperScanner.java:181)  Creating MapperFactoryBean with name 'authgroupDao' and 'com.ssm.dao.AuthgroupDao' mapperInterface
2016-12-25 22:04:09 org.mybatis.spring.mapper.ClassPathMapperScanner.processBeanDefinitions(ClassPathMapperScanner.java:181)  Creating MapperFactoryBean with name 'deptDao' and 'com.ssm.dao.DeptDao' mapperInterface
2016-12-25 22:04:09 org.mybatis.spring.mapper.ClassPathMapperScanner.processBeanDefinitions(ClassPathMapperScanner.java:181)  Creating MapperFactoryBean with name 'empDao' and 'com.ssm.dao.EmpDao' mapperInterface
2016-12-25 22:04:09 org.mybatis.spring.mapper.ClassPathMapperScanner.processBeanDefinitions(ClassPathMapperScanner.java:181)  Creating MapperFactoryBean with name 'goodsDao' and 'com.ssm.dao.GoodsDao' mapperInterface
2016-12-25 22:04:09 org.mybatis.spring.mapper.ClassPathMapperScanner.processBeanDefinitions(ClassPathMapperScanner.java:181)  Creating MapperFactoryBean with name 'roleDao' and 'com.ssm.dao.RoleDao' mapperInterface
2016-12-25 22:04:09 org.mybatis.spring.mapper.ClassPathMapperScanner.processBeanDefinitions(ClassPathMapperScanner.java:181)  Creating MapperFactoryBean with name 'userDao' and 'com.ssm.dao.UserDao' mapperInterface
2016-12-25 22:04:09 org.springframework.beans.factory.support.DefaultSingletonBeanRegistry.getSingleton(DefaultSingletonBeanRegistry.java:221)  Creating shared instance of singleton bean 'org.springframework.context.annotation.internalAutowiredAnnotationProcessor'
2016-12-25 22:04:09 org.springframework.beans.factory.support.AbstractAutowireCapableBeanFactory.createBean(AbstractAutowireCapableBeanFactory.java:448)  Creating instance of bean 'org.springframework.context.annotation.internalAutowiredAnnotationProcessor'
2016-12-25 22:04:09 org.springframework.beans.factory.support.AbstractAutowireCapableBeanFactory.doCreateBean(AbstractAutowireCapableBeanFactory.java:537)  Eagerly caching bean 'org.springframework.context.annotation.internalAutowiredAnnotationProcessor' to allow for resolving potential circular references
2016-12-25 22:04:09 org.springframework.beans.factory.support.AbstractAutowireCapableBeanFactory.createBean(AbstractAutowireCapableBeanFactory.java:484)  Finished creating instance of bean 'org.springframework.context.annotation.internalAutowiredAnnotationProcessor'
2016-12-25 22:04:09 org.springframework.beans.factory.support.DefaultSingletonBeanRegistry.getSingleton(DefaultSingletonBeanRegistry.java:221)  Creating shared instance of singleton bean 'org.springframework.context.annotation.internalRequiredAnnotationProcessor'
2016-12-25 22:04:09 org.springframework.beans.factory.support.AbstractAutowireCapableBeanFactory.createBean(AbstractAutowireCapableBeanFactory.java:448)  Creating instance of bean 'org.springframework.context.annotation.internalRequiredAnnotationProcessor'
2016-12-25 22:04:09 org.springframework.beans.factory.support.AbstractAutowireCapableBeanFactory.doCreateBean(AbstractAutowireCapableBeanFactory.java:537)  Eagerly caching bean 'org.springframework.context.annotation.internalRequiredAnnotationProcessor' to allow for resolving potential circular references
2016-12-25 22:04:09 org.springframework.beans.factory.support.AbstractAutowireCapableBeanFactory.createBean(AbstractAutowireCapableBeanFactory.java:484)  Finished creating instance of bean 'org.springframework.context.annotation.internalRequiredAnnotationProcessor'
2016-12-25 22:04:09 org.springframework.beans.factory.support.DefaultSingletonBeanRegistry.getSingleton(DefaultSingletonBeanRegistry.java:221)  Creating shared instance of singleton bean 'org.springframework.context.annotation.internalCommonAnnotationProcessor'
2016-12-25 22:04:09 org.springframework.beans.factory.support.AbstractAutowireCapableBeanFactory.createBean(AbstractAutowireCapableBeanFactory.java:448)  Creating instance of bean 'org.springframework.context.annotation.internalCommonAnnotationProcessor'
2016-12-25 22:04:09 org.springframework.beans.factory.support.AbstractAutowireCapableBeanFactory.doCreateBean(AbstractAutowireCapableBeanFactory.java:537)  Eagerly caching bean 'org.springframework.context.annotation.internalCommonAnnotationProcessor' to allow for resolving potential circular references
2016-12-25 22:04:09 org.springframework.beans.factory.support.AbstractAutowireCapableBeanFactory.createBean(AbstractAutowireCapableBeanFactory.java:484)  Finished creating instance of bean 'org.springframework.context.annotation.internalCommonAnnotationProcessor'
2016-12-25 22:04:09 org.springframework.beans.factory.support.DefaultSingletonBeanRegistry.getSingleton(DefaultSingletonBeanRegistry.java:221)  Creating shared instance of singleton bean 'org.springframework.context.annotation.ConfigurationClassPostProcessor.importAwareProcessor'
2016-12-25 22:04:09 org.springframework.beans.factory.support.AbstractAutowireCapableBeanFactory.createBean(AbstractAutowireCapableBeanFactory.java:448)  Creating instance of bean 'org.springframework.context.annotation.ConfigurationClassPostProcessor.importAwareProcessor'
2016-12-25 22:04:09 org.springframework.beans.factory.support.AbstractAutowireCapableBeanFactory.doCreateBean(AbstractAutowireCapableBeanFactory.java:537)  Eagerly caching bean 'org.springframework.context.annotation.ConfigurationClassPostProcessor.importAwareProcessor' to allow for resolving potential circular references
2016-12-25 22:04:09 org.springframework.beans.factory.support.AbstractAutowireCapableBeanFactory.createBean(AbstractAutowireCapableBeanFactory.java:484)  Finished creating instance of bean 'org.springframework.context.annotation.ConfigurationClassPostProcessor.importAwareProcessor'
2016-12-25 22:04:09 org.springframework.beans.factory.support.DefaultSingletonBeanRegistry.getSingleton(DefaultSingletonBeanRegistry.java:221)  Creating shared instance of singleton bean 'org.springframework.context.annotation.ConfigurationClassPostProcessor.enhancedConfigurationProcessor'
2016-12-25 22:04:09 org.springframework.beans.factory.support.AbstractAutowireCapableBeanFactory.createBean(AbstractAutowireCapableBeanFactory.java:448)  Creating instance of bean 'org.springframework.context.annotation.ConfigurationClassPostProcessor.enhancedConfigurationProcessor'
2016-12-25 22:04:09 org.springframework.beans.factory.support.AbstractAutowireCapableBeanFactory.doCreateBean(AbstractAutowireCapableBeanFactory.java:537)  Eagerly caching bean 'org.springframework.context.annotation.ConfigurationClassPostProcessor.enhancedConfigurationProcessor' to allow for resolving potential circular references
2016-12-25 22:04:09 org.springframework.beans.factory.support.AbstractAutowireCapableBeanFactory.createBean(AbstractAutowireCapableBeanFactory.java:484)  Finished creating instance of bean 'org.springframework.context.annotation.ConfigurationClassPostProcessor.enhancedConfigurationProcessor'
2016-12-25 22:04:09 org.springframework.beans.factory.support.DefaultSingletonBeanRegistry.getSingleton(DefaultSingletonBeanRegistry.java:221)  Creating shared instance of singleton bean 'org.springframework.aop.config.internalAutoProxyCreator'
2016-12-25 22:04:09 org.springframework.beans.factory.support.AbstractAutowireCapableBeanFactory.createBean(AbstractAutowireCapableBeanFactory.java:448)  Creating instance of bean 'org.springframework.aop.config.internalAutoProxyCreator'
2016-12-25 22:04:09 org.springframework.beans.factory.support.AbstractAutowireCapableBeanFactory.doCreateBean(AbstractAutowireCapableBeanFactory.java:537)  Eagerly caching bean 'org.springframework.aop.config.internalAutoProxyCreator' to allow for resolving potential circular references
2016-12-25 22:04:09 org.springframework.beans.factory.support.AbstractAutowireCapableBeanFactory.createBean(AbstractAutowireCapableBeanFactory.java:484)  Finished creating instance of bean 'org.springframework.aop.config.internalAutoProxyCreator'
2016-12-25 22:04:09 org.springframework.context.support.AbstractApplicationContext.initMessageSource(AbstractApplicationContext.java:733)  Unable to locate MessageSource with name 'messageSource': using default [org.springframework.context.support.DelegatingMessageSource@3e58a80e]
2016-12-25 22:04:09 org.springframework.context.support.AbstractApplicationContext.initApplicationEventMulticaster(AbstractApplicationContext.java:757)  Unable to locate ApplicationEventMulticaster with name 'applicationEventMulticaster': using default [org.springframework.context.event.SimpleApplicationEventMulticaster@67d48005]
2016-12-25 22:04:09 org.springframework.beans.factory.support.DefaultListableBeanFactory.preInstantiateSingletons(DefaultListableBeanFactory.java:723)  Pre-instantiating singletons in org.springframework.beans.factory.support.DefaultListableBeanFactory@1c72da34: defining beans [deptController,empController,goodsController,managerController,noInterceptor,roleController,urlTrans,userController,userGnController,dept,user,deptServiceImpl,empServiceImpl,goodsServiceImpl,roleServiceImpl,userServiceImpl,org.springframework.context.annotation.internalConfigurationAnnotationProcessor,org.springframework.context.annotation.internalAutowiredAnnotationProcessor,org.springframework.context.annotation.internalRequiredAnnotationProcessor,org.springframework.context.annotation.internalCommonAnnotationProcessor,org.springframework.context.event.internalEventListenerProcessor,org.springframework.context.event.internalEventListenerFactory,dataSource123,sqlSessionFactory,org.mybatis.spring.mapper.MapperScannerConfigurer#0,txManager,org.springframework.transaction.config.internalTransactionalEventListenerFactory,org.springframework.aop.config.internalAutoProxyCreator,org.springframework.transaction.annotation.AnnotationTransactionAttributeSource#0,org.springframework.transaction.interceptor.TransactionInterceptor#0,org.springframework.transaction.config.internalTransactionAdvisor,org.springframework.context.annotation.ConfigurationClassPostProcessor.importAwareProcessor,org.springframework.context.annotation.ConfigurationClassPostProcessor.enhancedConfigurationProcessor,authDao,authgroupDao,deptDao,empDao,goodsDao,roleDao,userDao]; root of factory hierarchy
2016-12-25 22:04:09 org.springframework.beans.factory.support.DefaultSingletonBeanRegistry.getSingleton(DefaultSingletonBeanRegistry.java:221)  Creating shared instance of singleton bean 'deptController'
2016-12-25 22:04:09 org.springframework.beans.factory.support.AbstractAutowireCapableBeanFactory.createBean(AbstractAutowireCapableBeanFactory.java:448)  Creating instance of bean 'deptController'
2016-12-25 22:04:09 org.springframework.beans.factory.annotation.InjectionMetadata.checkConfigMembers(InjectionMetadata.java:72)  Registered injected element on class [com.ssm.action.DeptController]: AutowiredFieldElement for private com.ssm.service.DeptService com.ssm.action.DeptController.deptService
2016-12-25 22:04:09 org.springframework.beans.factory.support.AbstractAutowireCapableBeanFactory.doCreateBean(AbstractAutowireCapableBeanFactory.java:537)  Eagerly caching bean 'deptController' to allow for resolving potential circular references
2016-12-25 22:04:09 org.springframework.beans.factory.annotation.InjectionMetadata.inject(InjectionMetadata.java:86)  Processing injected element of bean 'deptController': AutowiredFieldElement for private com.ssm.service.DeptService com.ssm.action.DeptController.deptService
2016-12-25 22:04:09 org.springframework.beans.factory.support.DefaultSingletonBeanRegistry.getSingleton(DefaultSingletonBeanRegistry.java:221)  Creating shared instance of singleton bean 'deptServiceImpl'
2016-12-25 22:04:09 org.springframework.beans.factory.support.AbstractAutowireCapableBeanFactory.createBean(AbstractAutowireCapableBeanFactory.java:448)  Creating instance of bean 'deptServiceImpl'
2016-12-25 22:04:09 org.springframework.beans.factory.annotation.InjectionMetadata.checkConfigMembers(InjectionMetadata.java:72)  Registered injected element on class [com.ssm.service.impl.DeptServiceImpl]: AutowiredFieldElement for private com.ssm.dao.DeptDao com.ssm.service.impl.DeptServiceImpl.deptDao
2016-12-25 22:04:09 org.springframework.beans.factory.support.AbstractAutowireCapableBeanFactory.doCreateBean(AbstractAutowireCapableBeanFactory.java:537)  Eagerly caching bean 'deptServiceImpl' to allow for resolving potential circular references
2016-12-25 22:04:09 org.springframework.beans.factory.annotation.InjectionMetadata.inject(InjectionMetadata.java:86)  Processing injected element of bean 'deptServiceImpl': AutowiredFieldElement for private com.ssm.dao.DeptDao com.ssm.service.impl.DeptServiceImpl.deptDao
2016-12-25 22:04:09 org.springframework.beans.factory.support.DefaultSingletonBeanRegistry.getSingleton(DefaultSingletonBeanRegistry.java:221)  Creating shared instance of singleton bean 'deptDao'
2016-12-25 22:04:09 org.springframework.beans.factory.support.AbstractAutowireCapableBeanFactory.createBean(AbstractAutowireCapableBeanFactory.java:448)  Creating instance of bean 'deptDao'
2016-12-25 22:04:09 org.springframework.beans.factory.support.AbstractAutowireCapableBeanFactory.doCreateBean(AbstractAutowireCapableBeanFactory.java:537)  Eagerly caching bean 'deptDao' to allow for resolving potential circular references
2016-12-25 22:04:09 org.springframework.beans.factory.support.DefaultSingletonBeanRegistry.getSingleton(DefaultSingletonBeanRegistry.java:221)  Creating shared instance of singleton bean 'sqlSessionFactory'
2016-12-25 22:04:09 org.springframework.beans.factory.support.AbstractAutowireCapableBeanFactory.createBean(AbstractAutowireCapableBeanFactory.java:448)  Creating instance of bean 'sqlSessionFactory'
2016-12-25 22:04:09 org.springframework.beans.factory.support.AbstractAutowireCapableBeanFactory.doCreateBean(AbstractAutowireCapableBeanFactory.java:537)  Eagerly caching bean 'sqlSessionFactory' to allow for resolving potential circular references
2016-12-25 22:04:09 org.springframework.beans.factory.support.DefaultSingletonBeanRegistry.getSingleton(DefaultSingletonBeanRegistry.java:221)  Creating shared instance of singleton bean 'dataSource123'
2016-12-25 22:04:09 org.springframework.beans.factory.support.AbstractAutowireCapableBeanFactory.createBean(AbstractAutowireCapableBeanFactory.java:448)  Creating instance of bean 'dataSource123'
2016-12-25 22:04:09 org.springframework.beans.factory.support.AbstractAutowireCapableBeanFactory.doCreateBean(AbstractAutowireCapableBeanFactory.java:537)  Eagerly caching bean 'dataSource123' to allow for resolving potential circular references
2016-12-25 22:04:09 org.springframework.beans.factory.support.DefaultSingletonBeanRegistry.getSingleton(DefaultSingletonBeanRegistry.java:221)  Creating shared instance of singleton bean 'org.springframework.transaction.config.internalTransactionAdvisor'
2016-12-25 22:04:09 org.springframework.beans.factory.support.AbstractAutowireCapableBeanFactory.createBean(AbstractAutowireCapableBeanFactory.java:448)  Creating instance of bean 'org.springframework.transaction.config.internalTransactionAdvisor'
2016-12-25 22:04:09 org.springframework.beans.factory.support.AbstractAutowireCapableBeanFactory.doCreateBean(AbstractAutowireCapableBeanFactory.java:537)  Eagerly caching bean 'org.springframework.transaction.config.internalTransactionAdvisor' to allow for resolving potential circular references
2016-12-25 22:04:09 org.springframework.beans.factory.support.DefaultSingletonBeanRegistry.getSingleton(DefaultSingletonBeanRegistry.java:221)  Creating shared instance of singleton bean 'org.springframework.transaction.annotation.AnnotationTransactionAttributeSource#0'
2016-12-25 22:04:09 org.springframework.beans.factory.support.AbstractAutowireCapableBeanFactory.createBean(AbstractAutowireCapableBeanFactory.java:448)  Creating instance of bean 'org.springframework.transaction.annotation.AnnotationTransactionAttributeSource#0'
2016-12-25 22:04:09 org.springframework.beans.factory.support.AbstractAutowireCapableBeanFactory.doCreateBean(AbstractAutowireCapableBeanFactory.java:537)  Eagerly caching bean 'org.springframework.transaction.annotation.AnnotationTransactionAttributeSource#0' to allow for resolving potential circular references
2016-12-25 22:04:09 org.springframework.aop.framework.autoproxy.BeanFactoryAdvisorRetrievalHelper.findAdvisorBeans(BeanFactoryAdvisorRetrievalHelper.java:87)  Skipping currently created advisor 'org.springframework.transaction.config.internalTransactionAdvisor'
2016-12-25 22:04:09 org.springframework.beans.factory.support.AbstractAutowireCapableBeanFactory.createBean(AbstractAutowireCapableBeanFactory.java:484)  Finished creating instance of bean 'org.springframework.transaction.annotation.AnnotationTransactionAttributeSource#0'
2016-12-25 22:04:09 org.springframework.beans.factory.support.AbstractAutowireCapableBeanFactory.createBean(AbstractAutowireCapableBeanFactory.java:484)  Finished creating instance of bean 'org.springframework.transaction.config.internalTransactionAdvisor'
2016-12-25 22:04:09 org.springframework.beans.factory.support.AbstractAutowireCapableBeanFactory.createBean(AbstractAutowireCapableBeanFactory.java:484)  Finished creating instance of bean 'dataSource123'
2016-12-25 22:04:09 org.springframework.beans.factory.support.AbstractAutowireCapableBeanFactory.invokeInitMethods(AbstractAutowireCapableBeanFactory.java:1625)  Invoking afterPropertiesSet() on bean with name 'sqlSessionFactory'
2016-12-25 22:04:09 org.apache.ibatis.logging.commons.JakartaCommonsLoggingImpl.debug(JakartaCommonsLoggingImpl.java:54)  Parsed configuration file: 'class path resource [mybatisMapper.xml]'
2016-12-25 22:04:09 org.apache.ibatis.logging.commons.JakartaCommonsLoggingImpl.debug(JakartaCommonsLoggingImpl.java:54)  Property 'mapperLocations' was not specified or no matching resources found
2016-12-25 22:04:09 org.springframework.beans.factory.support.AbstractBeanFactory.doGetBean(AbstractBeanFactory.java:251)  Returning cached instance of singleton bean 'org.springframework.transaction.config.internalTransactionAdvisor'
2016-12-25 22:04:09 org.springframework.beans.factory.support.AbstractAutowireCapableBeanFactory.createBean(AbstractAutowireCapableBeanFactory.java:484)  Finished creating instance of bean 'sqlSessionFactory'
2016-12-25 22:04:09 org.springframework.beans.factory.support.AbstractBeanFactory.doGetBean(AbstractBeanFactory.java:251)  Returning cached instance of singleton bean 'org.springframework.transaction.config.internalTransactionAdvisor'
2016-12-25 22:04:09 org.springframework.beans.factory.support.AbstractAutowireCapableBeanFactory.invokeInitMethods(AbstractAutowireCapableBeanFactory.java:1625)  Invoking afterPropertiesSet() on bean with name 'deptDao'
2016-12-25 22:04:09 org.springframework.beans.factory.support.AbstractBeanFactory.doGetBean(AbstractBeanFactory.java:251)  Returning cached instance of singleton bean 'org.springframework.transaction.config.internalTransactionAdvisor'
2016-12-25 22:04:09 org.springframework.beans.factory.support.AbstractAutowireCapableBeanFactory.createBean(AbstractAutowireCapableBeanFactory.java:484)  Finished creating instance of bean 'deptDao'
2016-12-25 22:04:09 org.springframework.beans.factory.support.AbstractBeanFactory.doGetBean(AbstractBeanFactory.java:251)  Returning cached instance of singleton bean 'org.springframework.transaction.config.internalTransactionAdvisor'
2016-12-25 22:04:09 org.springframework.beans.factory.annotation.AutowiredAnnotationBeanPostProcessor.registerDependentBeans(AutowiredAnnotationBeanPostProcessor.java:539)  Autowiring by type from bean name 'deptServiceImpl' to bean named 'deptDao'
2016-12-25 22:04:09 org.springframework.beans.factory.support.AbstractBeanFactory.doGetBean(AbstractBeanFactory.java:251)  Returning cached instance of singleton bean 'org.springframework.transaction.config.internalTransactionAdvisor'
2016-12-25 22:04:09 org.springframework.beans.factory.support.AbstractAutowireCapableBeanFactory.createBean(AbstractAutowireCapableBeanFactory.java:484)  Finished creating instance of bean 'deptServiceImpl'
2016-12-25 22:04:09 org.springframework.beans.factory.annotation.AutowiredAnnotationBeanPostProcessor.registerDependentBeans(AutowiredAnnotationBeanPostProcessor.java:539)  Autowiring by type from bean name 'deptController' to bean named 'deptServiceImpl'
2016-12-25 22:04:09 org.springframework.beans.factory.support.AbstractBeanFactory.doGetBean(AbstractBeanFactory.java:251)  Returning cached instance of singleton bean 'org.springframework.transaction.config.internalTransactionAdvisor'
2016-12-25 22:04:09 org.springframework.beans.factory.support.AbstractAutowireCapableBeanFactory.createBean(AbstractAutowireCapableBeanFactory.java:484)  Finished creating instance of bean 'deptController'
2016-12-25 22:04:09 org.springframework.beans.factory.support.DefaultSingletonBeanRegistry.getSingleton(DefaultSingletonBeanRegistry.java:221)  Creating shared instance of singleton bean 'empController'
2016-12-25 22:04:09 org.springframework.beans.factory.support.AbstractAutowireCapableBeanFactory.createBean(AbstractAutowireCapableBeanFactory.java:448)  Creating instance of bean 'empController'
2016-12-25 22:04:09 org.springframework.beans.factory.annotation.InjectionMetadata.checkConfigMembers(InjectionMetadata.java:72)  Registered injected element on class [com.ssm.action.EmpController]: AutowiredFieldElement for private com.ssm.service.EmpService com.ssm.action.EmpController.empService
2016-12-25 22:04:09 org.springframework.beans.factory.support.AbstractAutowireCapableBeanFactory.doCreateBean(AbstractAutowireCapableBeanFactory.java:537)  Eagerly caching bean 'empController' to allow for resolving potential circular references
2016-12-25 22:04:09 org.springframework.beans.factory.annotation.InjectionMetadata.inject(InjectionMetadata.java:86)  Processing injected element of bean 'empController': AutowiredFieldElement for private com.ssm.service.EmpService com.ssm.action.EmpController.empService
2016-12-25 22:04:09 org.springframework.beans.factory.support.DefaultSingletonBeanRegistry.getSingleton(DefaultSingletonBeanRegistry.java:221)  Creating shared instance of singleton bean 'empServiceImpl'
2016-12-25 22:04:09 org.springframework.beans.factory.support.AbstractAutowireCapableBeanFactory.createBean(AbstractAutowireCapableBeanFactory.java:448)  Creating instance of bean 'empServiceImpl'
2016-12-25 22:04:09 org.springframework.beans.factory.annotation.InjectionMetadata.checkConfigMembers(InjectionMetadata.java:72)  Registered injected element on class [com.ssm.service.impl.EmpServiceImpl]: AutowiredFieldElement for private com.ssm.dao.EmpDao com.ssm.service.impl.EmpServiceImpl.empDao
2016-12-25 22:04:09 org.springframework.beans.factory.support.AbstractAutowireCapableBeanFactory.doCreateBean(AbstractAutowireCapableBeanFactory.java:537)  Eagerly caching bean 'empServiceImpl' to allow for resolving potential circular references
2016-12-25 22:04:09 org.springframework.beans.factory.annotation.InjectionMetadata.inject(InjectionMetadata.java:86)  Processing injected element of bean 'empServiceImpl': AutowiredFieldElement for private com.ssm.dao.EmpDao com.ssm.service.impl.EmpServiceImpl.empDao
2016-12-25 22:04:09 org.springframework.beans.factory.support.DefaultSingletonBeanRegistry.getSingleton(DefaultSingletonBeanRegistry.java:221)  Creating shared instance of singleton bean 'empDao'
2016-12-25 22:04:09 org.springframework.beans.factory.support.AbstractAutowireCapableBeanFactory.createBean(AbstractAutowireCapableBeanFactory.java:448)  Creating instance of bean 'empDao'
2016-12-25 22:04:09 org.springframework.beans.factory.support.AbstractAutowireCapableBeanFactory.doCreateBean(AbstractAutowireCapableBeanFactory.java:537)  Eagerly caching bean 'empDao' to allow for resolving potential circular references
2016-12-25 22:04:09 org.springframework.beans.factory.support.AbstractBeanFactory.doGetBean(AbstractBeanFactory.java:251)  Returning cached instance of singleton bean 'sqlSessionFactory'
2016-12-25 22:04:09 org.springframework.beans.factory.support.AbstractAutowireCapableBeanFactory.invokeInitMethods(AbstractAutowireCapableBeanFactory.java:1625)  Invoking afterPropertiesSet() on bean with name 'empDao'
2016-12-25 22:04:09 org.springframework.beans.factory.support.AbstractBeanFactory.doGetBean(AbstractBeanFactory.java:251)  Returning cached instance of singleton bean 'org.springframework.transaction.config.internalTransactionAdvisor'
2016-12-25 22:04:09 org.springframework.beans.factory.support.AbstractAutowireCapableBeanFactory.createBean(AbstractAutowireCapableBeanFactory.java:484)  Finished creating instance of bean 'empDao'
2016-12-25 22:04:09 org.springframework.beans.factory.support.AbstractBeanFactory.doGetBean(AbstractBeanFactory.java:251)  Returning cached instance of singleton bean 'org.springframework.transaction.config.internalTransactionAdvisor'
2016-12-25 22:04:09 org.springframework.beans.factory.annotation.AutowiredAnnotationBeanPostProcessor.registerDependentBeans(AutowiredAnnotationBeanPostProcessor.java:539)  Autowiring by type from bean name 'empServiceImpl' to bean named 'empDao'
2016-12-25 22:04:09 org.springframework.beans.factory.support.AbstractBeanFactory.doGetBean(AbstractBeanFactory.java:251)  Returning cached instance of singleton bean 'org.springframework.transaction.config.internalTransactionAdvisor'
2016-12-25 22:04:09 org.springframework.beans.factory.support.AbstractAutowireCapableBeanFactory.createBean(AbstractAutowireCapableBeanFactory.java:484)  Finished creating instance of bean 'empServiceImpl'
2016-12-25 22:04:09 org.springframework.beans.factory.annotation.AutowiredAnnotationBeanPostProcessor.registerDependentBeans(AutowiredAnnotationBeanPostProcessor.java:539)  Autowiring by type from bean name 'empController' to bean named 'empServiceImpl'
2016-12-25 22:04:09 org.springframework.beans.factory.support.AbstractBeanFactory.doGetBean(AbstractBeanFactory.java:251)  Returning cached instance of singleton bean 'org.springframework.transaction.config.internalTransactionAdvisor'
2016-12-25 22:04:09 org.springframework.beans.factory.support.AbstractAutowireCapableBeanFactory.createBean(AbstractAutowireCapableBeanFactory.java:484)  Finished creating instance of bean 'empController'
2016-12-25 22:04:09 org.springframework.beans.factory.support.DefaultSingletonBeanRegistry.getSingleton(DefaultSingletonBeanRegistry.java:221)  Creating shared instance of singleton bean 'goodsController'
2016-12-25 22:04:09 org.springframework.beans.factory.support.AbstractAutowireCapableBeanFactory.createBean(AbstractAutowireCapableBeanFactory.java:448)  Creating instance of bean 'goodsController'
2016-12-25 22:04:09 org.springframework.beans.factory.annotation.InjectionMetadata.checkConfigMembers(InjectionMetadata.java:72)  Registered injected element on class [com.ssm.action.GoodsController]: AutowiredFieldElement for private com.ssm.service.GoodsService com.ssm.action.GoodsController.goodsService
2016-12-25 22:04:09 org.springframework.beans.factory.support.AbstractAutowireCapableBeanFactory.doCreateBean(AbstractAutowireCapableBeanFactory.java:537)  Eagerly caching bean 'goodsController' to allow for resolving potential circular references
2016-12-25 22:04:09 org.springframework.beans.factory.annotation.InjectionMetadata.inject(InjectionMetadata.java:86)  Processing injected element of bean 'goodsController': AutowiredFieldElement for private com.ssm.service.GoodsService com.ssm.action.GoodsController.goodsService
2016-12-25 22:04:09 org.springframework.beans.factory.support.DefaultSingletonBeanRegistry.getSingleton(DefaultSingletonBeanRegistry.java:221)  Creating shared instance of singleton bean 'goodsServiceImpl'
2016-12-25 22:04:09 org.springframework.beans.factory.support.AbstractAutowireCapableBeanFactory.createBean(AbstractAutowireCapableBeanFactory.java:448)  Creating instance of bean 'goodsServiceImpl'
2016-12-25 22:04:09 org.springframework.beans.factory.annotation.InjectionMetadata.checkConfigMembers(InjectionMetadata.java:72)  Registered injected element on class [com.ssm.service.impl.GoodsServiceImpl]: AutowiredFieldElement for private com.ssm.dao.GoodsDao com.ssm.service.impl.GoodsServiceImpl.goodsDao
2016-12-25 22:04:09 org.springframework.beans.factory.support.AbstractAutowireCapableBeanFactory.doCreateBean(AbstractAutowireCapableBeanFactory.java:537)  Eagerly caching bean 'goodsServiceImpl' to allow for resolving potential circular references
2016-12-25 22:04:09 org.springframework.beans.factory.annotation.InjectionMetadata.inject(InjectionMetadata.java:86)  Processing injected element of bean 'goodsServiceImpl': AutowiredFieldElement for private com.ssm.dao.GoodsDao com.ssm.service.impl.GoodsServiceImpl.goodsDao
2016-12-25 22:04:09 org.springframework.beans.factory.support.DefaultSingletonBeanRegistry.getSingleton(DefaultSingletonBeanRegistry.java:221)  Creating shared instance of singleton bean 'goodsDao'
2016-12-25 22:04:09 org.springframework.beans.factory.support.AbstractAutowireCapableBeanFactory.createBean(AbstractAutowireCapableBeanFactory.java:448)  Creating instance of bean 'goodsDao'
2016-12-25 22:04:09 org.springframework.beans.factory.support.AbstractAutowireCapableBeanFactory.doCreateBean(AbstractAutowireCapableBeanFactory.java:537)  Eagerly caching bean 'goodsDao' to allow for resolving potential circular references
2016-12-25 22:04:09 org.springframework.beans.factory.support.AbstractBeanFactory.doGetBean(AbstractBeanFactory.java:251)  Returning cached instance of singleton bean 'sqlSessionFactory'
2016-12-25 22:04:09 org.springframework.beans.factory.support.AbstractAutowireCapableBeanFactory.invokeInitMethods(AbstractAutowireCapableBeanFactory.java:1625)  Invoking afterPropertiesSet() on bean with name 'goodsDao'
2016-12-25 22:04:09 org.springframework.beans.factory.support.AbstractBeanFactory.doGetBean(AbstractBeanFactory.java:251)  Returning cached instance of singleton bean 'org.springframework.transaction.config.internalTransactionAdvisor'
2016-12-25 22:04:09 org.springframework.beans.factory.support.AbstractAutowireCapableBeanFactory.createBean(AbstractAutowireCapableBeanFactory.java:484)  Finished creating instance of bean 'goodsDao'
2016-12-25 22:04:09 org.springframework.beans.factory.support.AbstractBeanFactory.doGetBean(AbstractBeanFactory.java:251)  Returning cached instance of singleton bean 'org.springframework.transaction.config.internalTransactionAdvisor'
2016-12-25 22:04:09 org.springframework.beans.factory.annotation.AutowiredAnnotationBeanPostProcessor.registerDependentBeans(AutowiredAnnotationBeanPostProcessor.java:539)  Autowiring by type from bean name 'goodsServiceImpl' to bean named 'goodsDao'
2016-12-25 22:04:09 org.springframework.beans.factory.support.AbstractBeanFactory.doGetBean(AbstractBeanFactory.java:251)  Returning cached instance of singleton bean 'org.springframework.transaction.config.internalTransactionAdvisor'
2016-12-25 22:04:09 org.springframework.beans.factory.support.AbstractAutowireCapableBeanFactory.createBean(AbstractAutowireCapableBeanFactory.java:484)  Finished creating instance of bean 'goodsServiceImpl'
2016-12-25 22:04:09 org.springframework.beans.factory.annotation.AutowiredAnnotationBeanPostProcessor.registerDependentBeans(AutowiredAnnotationBeanPostProcessor.java:539)  Autowiring by type from bean name 'goodsController' to bean named 'goodsServiceImpl'
2016-12-25 22:04:09 org.springframework.beans.factory.support.AbstractBeanFactory.doGetBean(AbstractBeanFactory.java:251)  Returning cached instance of singleton bean 'org.springframework.transaction.config.internalTransactionAdvisor'
2016-12-25 22:04:09 org.springframework.beans.factory.support.AbstractAutowireCapableBeanFactory.createBean(AbstractAutowireCapableBeanFactory.java:484)  Finished creating instance of bean 'goodsController'
2016-12-25 22:04:09 org.springframework.beans.factory.support.DefaultSingletonBeanRegistry.getSingleton(DefaultSingletonBeanRegistry.java:221)  Creating shared instance of singleton bean 'managerController'
2016-12-25 22:04:09 org.springframework.beans.factory.support.AbstractAutowireCapableBeanFactory.createBean(AbstractAutowireCapableBeanFactory.java:448)  Creating instance of bean 'managerController'
2016-12-25 22:04:09 org.springframework.beans.factory.support.AbstractAutowireCapableBeanFactory.doCreateBean(AbstractAutowireCapableBeanFactory.java:537)  Eagerly caching bean 'managerController' to allow for resolving potential circular references
2016-12-25 22:04:09 org.springframework.beans.factory.support.AbstractBeanFactory.doGetBean(AbstractBeanFactory.java:251)  Returning cached instance of singleton bean 'org.springframework.transaction.config.internalTransactionAdvisor'
2016-12-25 22:04:09 org.springframework.beans.factory.support.AbstractAutowireCapableBeanFactory.createBean(AbstractAutowireCapableBeanFactory.java:484)  Finished creating instance of bean 'managerController'
2016-12-25 22:04:09 org.springframework.beans.factory.support.DefaultSingletonBeanRegistry.getSingleton(DefaultSingletonBeanRegistry.java:221)  Creating shared instance of singleton bean 'noInterceptor'
2016-12-25 22:04:09 org.springframework.beans.factory.support.AbstractAutowireCapableBeanFactory.createBean(AbstractAutowireCapableBeanFactory.java:448)  Creating instance of bean 'noInterceptor'
2016-12-25 22:04:09 org.springframework.beans.factory.annotation.InjectionMetadata.checkConfigMembers(InjectionMetadata.java:72)  Registered injected element on class [com.ssm.action.NoInterceptor]: AutowiredFieldElement for private com.ssm.service.UserService com.ssm.action.NoInterceptor.userService
2016-12-25 22:04:09 org.springframework.beans.factory.support.AbstractAutowireCapableBeanFactory.doCreateBean(AbstractAutowireCapableBeanFactory.java:537)  Eagerly caching bean 'noInterceptor' to allow for resolving potential circular references
2016-12-25 22:04:09 org.springframework.beans.factory.annotation.InjectionMetadata.inject(InjectionMetadata.java:86)  Processing injected element of bean 'noInterceptor': AutowiredFieldElement for private com.ssm.service.UserService com.ssm.action.NoInterceptor.userService
2016-12-25 22:04:09 org.springframework.beans.factory.support.DefaultSingletonBeanRegistry.getSingleton(DefaultSingletonBeanRegistry.java:221)  Creating shared instance of singleton bean 'userServiceImpl'
2016-12-25 22:04:09 org.springframework.beans.factory.support.AbstractAutowireCapableBeanFactory.createBean(AbstractAutowireCapableBeanFactory.java:448)  Creating instance of bean 'userServiceImpl'
2016-12-25 22:04:09 org.springframework.beans.factory.annotation.InjectionMetadata.checkConfigMembers(InjectionMetadata.java:72)  Registered injected element on class [com.ssm.service.impl.UserServiceImpl]: AutowiredFieldElement for private com.ssm.dao.UserDao com.ssm.service.impl.UserServiceImpl.userDao
2016-12-25 22:04:09 org.springframework.beans.factory.support.AbstractAutowireCapableBeanFactory.doCreateBean(AbstractAutowireCapableBeanFactory.java:537)  Eagerly caching bean 'userServiceImpl' to allow for resolving potential circular references
2016-12-25 22:04:09 org.springframework.beans.factory.annotation.InjectionMetadata.inject(InjectionMetadata.java:86)  Processing injected element of bean 'userServiceImpl': AutowiredFieldElement for private com.ssm.dao.UserDao com.ssm.service.impl.UserServiceImpl.userDao
2016-12-25 22:04:09 org.springframework.beans.factory.support.DefaultSingletonBeanRegistry.getSingleton(DefaultSingletonBeanRegistry.java:221)  Creating shared instance of singleton bean 'userDao'
2016-12-25 22:04:09 org.springframework.beans.factory.support.AbstractAutowireCapableBeanFactory.createBean(AbstractAutowireCapableBeanFactory.java:448)  Creating instance of bean 'userDao'
2016-12-25 22:04:09 org.springframework.beans.factory.support.AbstractAutowireCapableBeanFactory.doCreateBean(AbstractAutowireCapableBeanFactory.java:537)  Eagerly caching bean 'userDao' to allow for resolving potential circular references
2016-12-25 22:04:09 org.springframework.beans.factory.support.AbstractBeanFactory.doGetBean(AbstractBeanFactory.java:251)  Returning cached instance of singleton bean 'sqlSessionFactory'
2016-12-25 22:04:09 org.springframework.beans.factory.support.AbstractAutowireCapableBeanFactory.invokeInitMethods(AbstractAutowireCapableBeanFactory.java:1625)  Invoking afterPropertiesSet() on bean with name 'userDao'
2016-12-25 22:04:09 org.springframework.beans.factory.support.AbstractBeanFactory.doGetBean(AbstractBeanFactory.java:251)  Returning cached instance of singleton bean 'org.springframework.transaction.config.internalTransactionAdvisor'
2016-12-25 22:04:09 org.springframework.beans.factory.support.AbstractAutowireCapableBeanFactory.createBean(AbstractAutowireCapableBeanFactory.java:484)  Finished creating instance of bean 'userDao'
2016-12-25 22:04:09 org.springframework.beans.factory.support.AbstractBeanFactory.doGetBean(AbstractBeanFactory.java:251)  Returning cached instance of singleton bean 'org.springframework.transaction.config.internalTransactionAdvisor'
2016-12-25 22:04:09 org.springframework.beans.factory.annotation.AutowiredAnnotationBeanPostProcessor.registerDependentBeans(AutowiredAnnotationBeanPostProcessor.java:539)  Autowiring by type from bean name 'userServiceImpl' to bean named 'userDao'
2016-12-25 22:04:09 org.springframework.beans.factory.support.AbstractBeanFactory.doGetBean(AbstractBeanFactory.java:251)  Returning cached instance of singleton bean 'org.springframework.transaction.config.internalTransactionAdvisor'
2016-12-25 22:04:09 org.springframework.beans.factory.support.AbstractAutowireCapableBeanFactory.createBean(AbstractAutowireCapableBeanFactory.java:484)  Finished creating instance of bean 'userServiceImpl'
2016-12-25 22:04:09 org.springframework.beans.factory.annotation.AutowiredAnnotationBeanPostProcessor.registerDependentBeans(AutowiredAnnotationBeanPostProcessor.java:539)  Autowiring by type from bean name 'noInterceptor' to bean named 'userServiceImpl'
2016-12-25 22:04:09 org.springframework.beans.factory.support.AbstractBeanFactory.doGetBean(AbstractBeanFactory.java:251)  Returning cached instance of singleton bean 'org.springframework.transaction.config.internalTransactionAdvisor'
2016-12-25 22:04:09 org.springframework.beans.factory.support.AbstractAutowireCapableBeanFactory.createBean(AbstractAutowireCapableBeanFactory.java:484)  Finished creating instance of bean 'noInterceptor'
2016-12-25 22:04:09 org.springframework.beans.factory.support.DefaultSingletonBeanRegistry.getSingleton(DefaultSingletonBeanRegistry.java:221)  Creating shared instance of singleton bean 'roleController'
2016-12-25 22:04:09 org.springframework.beans.factory.support.AbstractAutowireCapableBeanFactory.createBean(AbstractAutowireCapableBeanFactory.java:448)  Creating instance of bean 'roleController'
2016-12-25 22:04:09 org.springframework.beans.factory.annotation.InjectionMetadata.checkConfigMembers(InjectionMetadata.java:72)  Registered injected element on class [com.ssm.action.RoleController]: AutowiredFieldElement for private com.ssm.service.RoleService com.ssm.action.RoleController.roleService
2016-12-25 22:04:09 org.springframework.beans.factory.support.AbstractAutowireCapableBeanFactory.doCreateBean(AbstractAutowireCapableBeanFactory.java:537)  Eagerly caching bean 'roleController' to allow for resolving potential circular references
2016-12-25 22:04:09 org.springframework.beans.factory.annotation.InjectionMetadata.inject(InjectionMetadata.java:86)  Processing injected element of bean 'roleController': AutowiredFieldElement for private com.ssm.service.RoleService com.ssm.action.RoleController.roleService
2016-12-25 22:04:09 org.springframework.beans.factory.support.DefaultSingletonBeanRegistry.getSingleton(DefaultSingletonBeanRegistry.java:221)  Creating shared instance of singleton bean 'roleServiceImpl'
2016-12-25 22:04:09 org.springframework.beans.factory.support.AbstractAutowireCapableBeanFactory.createBean(AbstractAutowireCapableBeanFactory.java:448)  Creating instance of bean 'roleServiceImpl'
2016-12-25 22:04:09 org.springframework.beans.factory.annotation.InjectionMetadata.checkConfigMembers(InjectionMetadata.java:72)  Registered injected element on class [com.ssm.service.impl.RoleServiceImpl]: AutowiredFieldElement for private com.ssm.dao.RoleDao com.ssm.service.impl.RoleServiceImpl.roleDao
2016-12-25 22:04:09 org.springframework.beans.factory.support.AbstractAutowireCapableBeanFactory.doCreateBean(AbstractAutowireCapableBeanFactory.java:537)  Eagerly caching bean 'roleServiceImpl' to allow for resolving potential circular references
2016-12-25 22:04:09 org.springframework.beans.factory.annotation.InjectionMetadata.inject(InjectionMetadata.java:86)  Processing injected element of bean 'roleServiceImpl': AutowiredFieldElement for private com.ssm.dao.RoleDao com.ssm.service.impl.RoleServiceImpl.roleDao
2016-12-25 22:04:09 org.springframework.beans.factory.support.DefaultSingletonBeanRegistry.getSingleton(DefaultSingletonBeanRegistry.java:221)  Creating shared instance of singleton bean 'roleDao'
2016-12-25 22:04:09 org.springframework.beans.factory.support.AbstractAutowireCapableBeanFactory.createBean(AbstractAutowireCapableBeanFactory.java:448)  Creating instance of bean 'roleDao'
2016-12-25 22:04:09 org.springframework.beans.factory.support.AbstractAutowireCapableBeanFactory.doCreateBean(AbstractAutowireCapableBeanFactory.java:537)  Eagerly caching bean 'roleDao' to allow for resolving potential circular references
2016-12-25 22:04:09 org.springframework.beans.factory.support.AbstractBeanFactory.doGetBean(AbstractBeanFactory.java:251)  Returning cached instance of singleton bean 'sqlSessionFactory'
2016-12-25 22:04:09 org.springframework.beans.factory.support.AbstractAutowireCapableBeanFactory.invokeInitMethods(AbstractAutowireCapableBeanFactory.java:1625)  Invoking afterPropertiesSet() on bean with name 'roleDao'
2016-12-25 22:04:09 org.springframework.beans.factory.support.AbstractBeanFactory.doGetBean(AbstractBeanFactory.java:251)  Returning cached instance of singleton bean 'org.springframework.transaction.config.internalTransactionAdvisor'
2016-12-25 22:04:09 org.springframework.beans.factory.support.AbstractAutowireCapableBeanFactory.createBean(AbstractAutowireCapableBeanFactory.java:484)  Finished creating instance of bean 'roleDao'
2016-12-25 22:04:09 org.springframework.beans.factory.support.AbstractBeanFactory.doGetBean(AbstractBeanFactory.java:251)  Returning cached instance of singleton bean 'org.springframework.transaction.config.internalTransactionAdvisor'
2016-12-25 22:04:09 org.springframework.beans.factory.annotation.AutowiredAnnotationBeanPostProcessor.registerDependentBeans(AutowiredAnnotationBeanPostProcessor.java:539)  Autowiring by type from bean name 'roleServiceImpl' to bean named 'roleDao'
2016-12-25 22:04:09 org.springframework.beans.factory.support.AbstractBeanFactory.doGetBean(AbstractBeanFactory.java:251)  Returning cached instance of singleton bean 'org.springframework.transaction.config.internalTransactionAdvisor'
2016-12-25 22:04:09 org.springframework.beans.factory.support.AbstractAutowireCapableBeanFactory.createBean(AbstractAutowireCapableBeanFactory.java:484)  Finished creating instance of bean 'roleServiceImpl'
2016-12-25 22:04:09 org.springframework.beans.factory.annotation.AutowiredAnnotationBeanPostProcessor.registerDependentBeans(AutowiredAnnotationBeanPostProcessor.java:539)  Autowiring by type from bean name 'roleController' to bean named 'roleServiceImpl'
2016-12-25 22:04:09 org.springframework.beans.factory.support.AbstractBeanFactory.doGetBean(AbstractBeanFactory.java:251)  Returning cached instance of singleton bean 'org.springframework.transaction.config.internalTransactionAdvisor'
2016-12-25 22:04:09 org.springframework.beans.factory.support.AbstractAutowireCapableBeanFactory.createBean(AbstractAutowireCapableBeanFactory.java:484)  Finished creating instance of bean 'roleController'
2016-12-25 22:04:09 org.springframework.beans.factory.support.DefaultSingletonBeanRegistry.getSingleton(DefaultSingletonBeanRegistry.java:221)  Creating shared instance of singleton bean 'urlTrans'
2016-12-25 22:04:09 org.springframework.beans.factory.support.AbstractAutowireCapableBeanFactory.createBean(AbstractAutowireCapableBeanFactory.java:448)  Creating instance of bean 'urlTrans'
2016-12-25 22:04:09 org.springframework.beans.factory.support.AbstractAutowireCapableBeanFactory.doCreateBean(AbstractAutowireCapableBeanFactory.java:537)  Eagerly caching bean 'urlTrans' to allow for resolving potential circular references
2016-12-25 22:04:09 org.springframework.beans.factory.support.AbstractBeanFactory.doGetBean(AbstractBeanFactory.java:251)  Returning cached instance of singleton bean 'org.springframework.transaction.config.internalTransactionAdvisor'
2016-12-25 22:04:09 org.springframework.beans.factory.support.AbstractAutowireCapableBeanFactory.createBean(AbstractAutowireCapableBeanFactory.java:484)  Finished creating instance of bean 'urlTrans'
2016-12-25 22:04:09 org.springframework.beans.factory.support.DefaultSingletonBeanRegistry.getSingleton(DefaultSingletonBeanRegistry.java:221)  Creating shared instance of singleton bean 'userController'
2016-12-25 22:04:09 org.springframework.beans.factory.support.AbstractAutowireCapableBeanFactory.createBean(AbstractAutowireCapableBeanFactory.java:448)  Creating instance of bean 'userController'
2016-12-25 22:04:09 org.springframework.beans.factory.annotation.InjectionMetadata.checkConfigMembers(InjectionMetadata.java:72)  Registered injected element on class [com.ssm.action.UserController]: AutowiredFieldElement for private com.ssm.service.EmpService com.ssm.action.UserController.empService
2016-12-25 22:04:09 org.springframework.beans.factory.support.AbstractAutowireCapableBeanFactory.doCreateBean(AbstractAutowireCapableBeanFactory.java:537)  Eagerly caching bean 'userController' to allow for resolving potential circular references
2016-12-25 22:04:09 org.springframework.beans.factory.annotation.InjectionMetadata.inject(InjectionMetadata.java:86)  Processing injected element of bean 'userController': AutowiredFieldElement for private com.ssm.service.EmpService com.ssm.action.UserController.empService
2016-12-25 22:04:09 org.springframework.beans.factory.support.AbstractBeanFactory.doGetBean(AbstractBeanFactory.java:251)  Returning cached instance of singleton bean 'empServiceImpl'
2016-12-25 22:04:09 org.springframework.beans.factory.annotation.AutowiredAnnotationBeanPostProcessor.registerDependentBeans(AutowiredAnnotationBeanPostProcessor.java:539)  Autowiring by type from bean name 'userController' to bean named 'empServiceImpl'
2016-12-25 22:04:09 org.springframework.beans.factory.support.AbstractBeanFactory.doGetBean(AbstractBeanFactory.java:251)  Returning cached instance of singleton bean 'org.springframework.transaction.config.internalTransactionAdvisor'
2016-12-25 22:04:09 org.springframework.beans.factory.support.AbstractAutowireCapableBeanFactory.createBean(AbstractAutowireCapableBeanFactory.java:484)  Finished creating instance of bean 'userController'
2016-12-25 22:04:09 org.springframework.beans.factory.support.DefaultSingletonBeanRegistry.getSingleton(DefaultSingletonBeanRegistry.java:221)  Creating shared instance of singleton bean 'userGnController'
2016-12-25 22:04:09 org.springframework.beans.factory.support.AbstractAutowireCapableBeanFactory.createBean(AbstractAutowireCapableBeanFactory.java:448)  Creating instance of bean 'userGnController'
2016-12-25 22:04:09 org.springframework.beans.factory.annotation.InjectionMetadata.checkConfigMembers(InjectionMetadata.java:72)  Registered injected element on class [com.ssm.action.UserGnController]: AutowiredFieldElement for private com.ssm.service.EmpService com.ssm.action.UserGnController.empService
2016-12-25 22:04:09 org.springframework.beans.factory.support.AbstractAutowireCapableBeanFactory.doCreateBean(AbstractAutowireCapableBeanFactory.java:537)  Eagerly caching bean 'userGnController' to allow for resolving potential circular references
2016-12-25 22:04:09 org.springframework.beans.factory.annotation.InjectionMetadata.inject(InjectionMetadata.java:86)  Processing injected element of bean 'userGnController': AutowiredFieldElement for private com.ssm.service.EmpService com.ssm.action.UserGnController.empService
2016-12-25 22:04:09 org.springframework.beans.factory.support.AbstractBeanFactory.doGetBean(AbstractBeanFactory.java:251)  Returning cached instance of singleton bean 'empServiceImpl'
2016-12-25 22:04:09 org.springframework.beans.factory.annotation.AutowiredAnnotationBeanPostProcessor.registerDependentBeans(AutowiredAnnotationBeanPostProcessor.java:539)  Autowiring by type from bean name 'userGnController' to bean named 'empServiceImpl'
2016-12-25 22:04:09 org.springframework.beans.factory.support.AbstractBeanFactory.doGetBean(AbstractBeanFactory.java:251)  Returning cached instance of singleton bean 'org.springframework.transaction.config.internalTransactionAdvisor'
2016-12-25 22:04:09 org.springframework.beans.factory.support.AbstractAutowireCapableBeanFactory.createBean(AbstractAutowireCapableBeanFactory.java:484)  Finished creating instance of bean 'userGnController'
2016-12-25 22:04:09 org.springframework.beans.factory.support.DefaultSingletonBeanRegistry.getSingleton(DefaultSingletonBeanRegistry.java:221)  Creating shared instance of singleton bean 'dept'
2016-12-25 22:04:09 org.springframework.beans.factory.support.AbstractAutowireCapableBeanFactory.createBean(AbstractAutowireCapableBeanFactory.java:448)  Creating instance of bean 'dept'
2016-12-25 22:04:09 org.springframework.beans.factory.support.AbstractAutowireCapableBeanFactory.doCreateBean(AbstractAutowireCapableBeanFactory.java:537)  Eagerly caching bean 'dept' to allow for resolving potential circular references
2016-12-25 22:04:09 org.springframework.beans.factory.support.AbstractBeanFactory.doGetBean(AbstractBeanFactory.java:251)  Returning cached instance of singleton bean 'org.springframework.transaction.config.internalTransactionAdvisor'
2016-12-25 22:04:09 org.springframework.beans.factory.support.AbstractAutowireCapableBeanFactory.createBean(AbstractAutowireCapableBeanFactory.java:484)  Finished creating instance of bean 'dept'
2016-12-25 22:04:09 org.springframework.beans.factory.support.DefaultSingletonBeanRegistry.getSingleton(DefaultSingletonBeanRegistry.java:221)  Creating shared instance of singleton bean 'user'
2016-12-25 22:04:09 org.springframework.beans.factory.support.AbstractAutowireCapableBeanFactory.createBean(AbstractAutowireCapableBeanFactory.java:448)  Creating instance of bean 'user'
2016-12-25 22:04:09 org.springframework.beans.factory.support.AbstractAutowireCapableBeanFactory.doCreateBean(AbstractAutowireCapableBeanFactory.java:537)  Eagerly caching bean 'user' to allow for resolving potential circular references
2016-12-25 22:04:09 org.springframework.beans.factory.support.AbstractBeanFactory.doGetBean(AbstractBeanFactory.java:251)  Returning cached instance of singleton bean 'org.springframework.transaction.config.internalTransactionAdvisor'
2016-12-25 22:04:09 org.springframework.beans.factory.support.AbstractAutowireCapableBeanFactory.createBean(AbstractAutowireCapableBeanFactory.java:484)  Finished creating instance of bean 'user'
2016-12-25 22:04:09 org.springframework.beans.factory.support.AbstractBeanFactory.doGetBean(AbstractBeanFactory.java:251)  Returning cached instance of singleton bean 'deptServiceImpl'
2016-12-25 22:04:09 org.springframework.beans.factory.support.AbstractBeanFactory.doGetBean(AbstractBeanFactory.java:251)  Returning cached instance of singleton bean 'empServiceImpl'
2016-12-25 22:04:09 org.springframework.beans.factory.support.AbstractBeanFactory.doGetBean(AbstractBeanFactory.java:251)  Returning cached instance of singleton bean 'goodsServiceImpl'
2016-12-25 22:04:09 org.springframework.beans.factory.support.AbstractBeanFactory.doGetBean(AbstractBeanFactory.java:251)  Returning cached instance of singleton bean 'roleServiceImpl'
2016-12-25 22:04:09 org.springframework.beans.factory.support.AbstractBeanFactory.doGetBean(AbstractBeanFactory.java:251)  Returning cached instance of singleton bean 'userServiceImpl'
2016-12-25 22:04:09 org.springframework.beans.factory.support.AbstractBeanFactory.doGetBean(AbstractBeanFactory.java:251)  Returning cached instance of singleton bean 'org.springframework.context.annotation.internalConfigurationAnnotationProcessor'
2016-12-25 22:04:09 org.springframework.beans.factory.support.AbstractBeanFactory.doGetBean(AbstractBeanFactory.java:251)  Returning cached instance of singleton bean 'org.springframework.context.annotation.internalAutowiredAnnotationProcessor'
2016-12-25 22:04:09 org.springframework.beans.factory.support.AbstractBeanFactory.doGetBean(AbstractBeanFactory.java:251)  Returning cached instance of singleton bean 'org.springframework.context.annotation.internalRequiredAnnotationProcessor'
2016-12-25 22:04:09 org.springframework.beans.factory.support.AbstractBeanFactory.doGetBean(AbstractBeanFactory.java:251)  Returning cached instance of singleton bean 'org.springframework.context.annotation.internalCommonAnnotationProcessor'
2016-12-25 22:04:09 org.springframework.beans.factory.support.DefaultSingletonBeanRegistry.getSingleton(DefaultSingletonBeanRegistry.java:221)  Creating shared instance of singleton bean 'org.springframework.context.event.internalEventListenerProcessor'
2016-12-25 22:04:09 org.springframework.beans.factory.support.AbstractAutowireCapableBeanFactory.createBean(AbstractAutowireCapableBeanFactory.java:448)  Creating instance of bean 'org.springframework.context.event.internalEventListenerProcessor'
2016-12-25 22:04:09 org.springframework.beans.factory.support.AbstractAutowireCapableBeanFactory.doCreateBean(AbstractAutowireCapableBeanFactory.java:537)  Eagerly caching bean 'org.springframework.context.event.internalEventListenerProcessor' to allow for resolving potential circular references
2016-12-25 22:04:09 org.springframework.beans.factory.support.AbstractBeanFactory.doGetBean(AbstractBeanFactory.java:251)  Returning cached instance of singleton bean 'org.springframework.transaction.config.internalTransactionAdvisor'
2016-12-25 22:04:09 org.springframework.beans.factory.support.AbstractAutowireCapableBeanFactory.createBean(AbstractAutowireCapableBeanFactory.java:484)  Finished creating instance of bean 'org.springframework.context.event.internalEventListenerProcessor'
2016-12-25 22:04:09 org.springframework.beans.factory.support.DefaultSingletonBeanRegistry.getSingleton(DefaultSingletonBeanRegistry.java:221)  Creating shared instance of singleton bean 'org.springframework.context.event.internalEventListenerFactory'
2016-12-25 22:04:09 org.springframework.beans.factory.support.AbstractAutowireCapableBeanFactory.createBean(AbstractAutowireCapableBeanFactory.java:448)  Creating instance of bean 'org.springframework.context.event.internalEventListenerFactory'
2016-12-25 22:04:09 org.springframework.beans.factory.support.AbstractAutowireCapableBeanFactory.doCreateBean(AbstractAutowireCapableBeanFactory.java:537)  Eagerly caching bean 'org.springframework.context.event.internalEventListenerFactory' to allow for resolving potential circular references
2016-12-25 22:04:09 org.springframework.beans.factory.support.AbstractBeanFactory.doGetBean(AbstractBeanFactory.java:251)  Returning cached instance of singleton bean 'org.springframework.transaction.config.internalTransactionAdvisor'
2016-12-25 22:04:09 org.springframework.beans.factory.support.AbstractAutowireCapableBeanFactory.createBean(AbstractAutowireCapableBeanFactory.java:484)  Finished creating instance of bean 'org.springframework.context.event.internalEventListenerFactory'
2016-12-25 22:04:09 org.springframework.beans.factory.support.AbstractBeanFactory.doGetBean(AbstractBeanFactory.java:251)  Returning cached instance of singleton bean 'dataSource123'
2016-12-25 22:04:09 org.springframework.beans.factory.support.AbstractBeanFactory.doGetBean(AbstractBeanFactory.java:251)  Returning cached instance of singleton bean 'sqlSessionFactory'
2016-12-25 22:04:09 org.springframework.beans.factory.support.AbstractBeanFactory.doGetBean(AbstractBeanFactory.java:251)  Returning cached instance of singleton bean 'org.mybatis.spring.mapper.MapperScannerConfigurer#0'
2016-12-25 22:04:09 org.springframework.beans.factory.support.DefaultSingletonBeanRegistry.getSingleton(DefaultSingletonBeanRegistry.java:221)  Creating shared instance of singleton bean 'txManager'
2016-12-25 22:04:09 org.springframework.beans.factory.support.AbstractAutowireCapableBeanFactory.createBean(AbstractAutowireCapableBeanFactory.java:448)  Creating instance of bean 'txManager'
2016-12-25 22:04:09 org.springframework.beans.factory.support.AbstractAutowireCapableBeanFactory.doCreateBean(AbstractAutowireCapableBeanFactory.java:537)  Eagerly caching bean 'txManager' to allow for resolving potential circular references
2016-12-25 22:04:09 org.springframework.beans.factory.support.AbstractBeanFactory.doGetBean(AbstractBeanFactory.java:251)  Returning cached instance of singleton bean 'dataSource123'
2016-12-25 22:04:09 org.springframework.beans.factory.support.AbstractAutowireCapableBeanFactory.invokeInitMethods(AbstractAutowireCapableBeanFactory.java:1625)  Invoking afterPropertiesSet() on bean with name 'txManager'
2016-12-25 22:04:09 org.springframework.beans.factory.support.AbstractBeanFactory.doGetBean(AbstractBeanFactory.java:251)  Returning cached instance of singleton bean 'org.springframework.transaction.config.internalTransactionAdvisor'
2016-12-25 22:04:09 org.springframework.beans.factory.support.AbstractAutowireCapableBeanFactory.createBean(AbstractAutowireCapableBeanFactory.java:484)  Finished creating instance of bean 'txManager'
2016-12-25 22:04:09 org.springframework.beans.factory.support.DefaultSingletonBeanRegistry.getSingleton(DefaultSingletonBeanRegistry.java:221)  Creating shared instance of singleton bean 'org.springframework.transaction.config.internalTransactionalEventListenerFactory'
2016-12-25 22:04:09 org.springframework.beans.factory.support.AbstractAutowireCapableBeanFactory.createBean(AbstractAutowireCapableBeanFactory.java:448)  Creating instance of bean 'org.springframework.transaction.config.internalTransactionalEventListenerFactory'
2016-12-25 22:04:09 org.springframework.beans.factory.support.AbstractAutowireCapableBeanFactory.doCreateBean(AbstractAutowireCapableBeanFactory.java:537)  Eagerly caching bean 'org.springframework.transaction.config.internalTransactionalEventListenerFactory' to allow for resolving potential circular references
2016-12-25 22:04:09 org.springframework.beans.factory.support.AbstractBeanFactory.doGetBean(AbstractBeanFactory.java:251)  Returning cached instance of singleton bean 'org.springframework.transaction.config.internalTransactionAdvisor'
2016-12-25 22:04:09 org.springframework.beans.factory.support.AbstractAutowireCapableBeanFactory.createBean(AbstractAutowireCapableBeanFactory.java:484)  Finished creating instance of bean 'org.springframework.transaction.config.internalTransactionalEventListenerFactory'
2016-12-25 22:04:09 org.springframework.beans.factory.support.AbstractBeanFactory.doGetBean(AbstractBeanFactory.java:251)  Returning cached instance of singleton bean 'org.springframework.aop.config.internalAutoProxyCreator'
2016-12-25 22:04:09 org.springframework.beans.factory.support.AbstractBeanFactory.doGetBean(AbstractBeanFactory.java:251)  Returning cached instance of singleton bean 'org.springframework.transaction.annotation.AnnotationTransactionAttributeSource#0'
2016-12-25 22:04:09 org.springframework.beans.factory.support.DefaultSingletonBeanRegistry.getSingleton(DefaultSingletonBeanRegistry.java:221)  Creating shared instance of singleton bean 'org.springframework.transaction.interceptor.TransactionInterceptor#0'
2016-12-25 22:04:09 org.springframework.beans.factory.support.AbstractAutowireCapableBeanFactory.createBean(AbstractAutowireCapableBeanFactory.java:448)  Creating instance of bean 'org.springframework.transaction.interceptor.TransactionInterceptor#0'
2016-12-25 22:04:09 org.springframework.beans.factory.support.AbstractAutowireCapableBeanFactory.doCreateBean(AbstractAutowireCapableBeanFactory.java:537)  Eagerly caching bean 'org.springframework.transaction.interceptor.TransactionInterceptor#0' to allow for resolving potential circular references
2016-12-25 22:04:09 org.springframework.beans.factory.support.AbstractBeanFactory.doGetBean(AbstractBeanFactory.java:251)  Returning cached instance of singleton bean 'org.springframework.transaction.annotation.AnnotationTransactionAttributeSource#0'
2016-12-25 22:04:09 org.springframework.beans.factory.support.AbstractAutowireCapableBeanFactory.invokeInitMethods(AbstractAutowireCapableBeanFactory.java:1625)  Invoking afterPropertiesSet() on bean with name 'org.springframework.transaction.interceptor.TransactionInterceptor#0'
2016-12-25 22:04:09 org.springframework.beans.factory.support.AbstractAutowireCapableBeanFactory.createBean(AbstractAutowireCapableBeanFactory.java:484)  Finished creating instance of bean 'org.springframework.transaction.interceptor.TransactionInterceptor#0'
2016-12-25 22:04:09 org.springframework.beans.factory.support.AbstractBeanFactory.doGetBean(AbstractBeanFactory.java:251)  Returning cached instance of singleton bean 'org.springframework.transaction.config.internalTransactionAdvisor'
2016-12-25 22:04:09 org.springframework.beans.factory.support.AbstractBeanFactory.doGetBean(AbstractBeanFactory.java:251)  Returning cached instance of singleton bean 'org.springframework.context.annotation.ConfigurationClassPostProcessor.importAwareProcessor'
2016-12-25 22:04:09 org.springframework.beans.factory.support.AbstractBeanFactory.doGetBean(AbstractBeanFactory.java:251)  Returning cached instance of singleton bean 'org.springframework.context.annotation.ConfigurationClassPostProcessor.enhancedConfigurationProcessor'
2016-12-25 22:04:09 org.springframework.beans.factory.support.DefaultSingletonBeanRegistry.getSingleton(DefaultSingletonBeanRegistry.java:221)  Creating shared instance of singleton bean 'authDao'
2016-12-25 22:04:09 org.springframework.beans.factory.support.AbstractAutowireCapableBeanFactory.createBean(AbstractAutowireCapableBeanFactory.java:448)  Creating instance of bean 'authDao'
2016-12-25 22:04:09 org.springframework.beans.factory.support.AbstractAutowireCapableBeanFactory.doCreateBean(AbstractAutowireCapableBeanFactory.java:537)  Eagerly caching bean 'authDao' to allow for resolving potential circular references
2016-12-25 22:04:09 org.springframework.beans.factory.support.AbstractBeanFactory.doGetBean(AbstractBeanFactory.java:251)  Returning cached instance of singleton bean 'sqlSessionFactory'
2016-12-25 22:04:09 org.springframework.beans.factory.support.AbstractAutowireCapableBeanFactory.invokeInitMethods(AbstractAutowireCapableBeanFactory.java:1625)  Invoking afterPropertiesSet() on bean with name 'authDao'
2016-12-25 22:04:09 org.springframework.beans.factory.support.AbstractBeanFactory.doGetBean(AbstractBeanFactory.java:251)  Returning cached instance of singleton bean 'org.springframework.transaction.config.internalTransactionAdvisor'
2016-12-25 22:04:09 org.springframework.beans.factory.support.AbstractAutowireCapableBeanFactory.createBean(AbstractAutowireCapableBeanFactory.java:484)  Finished creating instance of bean 'authDao'
2016-12-25 22:04:09 org.springframework.beans.factory.support.DefaultSingletonBeanRegistry.getSingleton(DefaultSingletonBeanRegistry.java:221)  Creating shared instance of singleton bean 'authgroupDao'
2016-12-25 22:04:09 org.springframework.beans.factory.support.AbstractAutowireCapableBeanFactory.createBean(AbstractAutowireCapableBeanFactory.java:448)  Creating instance of bean 'authgroupDao'
2016-12-25 22:04:09 org.springframework.beans.factory.support.AbstractAutowireCapableBeanFactory.doCreateBean(AbstractAutowireCapableBeanFactory.java:537)  Eagerly caching bean 'authgroupDao' to allow for resolving potential circular references
2016-12-25 22:04:09 org.springframework.beans.factory.support.AbstractBeanFactory.doGetBean(AbstractBeanFactory.java:251)  Returning cached instance of singleton bean 'sqlSessionFactory'
2016-12-25 22:04:09 org.springframework.beans.factory.support.AbstractAutowireCapableBeanFactory.invokeInitMethods(AbstractAutowireCapableBeanFactory.java:1625)  Invoking afterPropertiesSet() on bean with name 'authgroupDao'
2016-12-25 22:04:09 org.springframework.beans.factory.support.AbstractBeanFactory.doGetBean(AbstractBeanFactory.java:251)  Returning cached instance of singleton bean 'org.springframework.transaction.config.internalTransactionAdvisor'
2016-12-25 22:04:09 org.springframework.beans.factory.support.AbstractAutowireCapableBeanFactory.createBean(AbstractAutowireCapableBeanFactory.java:484)  Finished creating instance of bean 'authgroupDao'
2016-12-25 22:04:09 org.springframework.beans.factory.support.AbstractBeanFactory.doGetBean(AbstractBeanFactory.java:251)  Returning cached instance of singleton bean 'deptDao'
2016-12-25 22:04:09 org.springframework.beans.factory.support.AbstractBeanFactory.doGetBean(AbstractBeanFactory.java:251)  Returning cached instance of singleton bean 'empDao'
2016-12-25 22:04:09 org.springframework.beans.factory.support.AbstractBeanFactory.doGetBean(AbstractBeanFactory.java:251)  Returning cached instance of singleton bean 'goodsDao'
2016-12-25 22:04:09 org.springframework.beans.factory.support.AbstractBeanFactory.doGetBean(AbstractBeanFactory.java:251)  Returning cached instance of singleton bean 'roleDao'
2016-12-25 22:04:09 org.springframework.beans.factory.support.AbstractBeanFactory.doGetBean(AbstractBeanFactory.java:251)  Returning cached instance of singleton bean 'userDao'
2016-12-25 22:04:09 org.springframework.beans.factory.support.AbstractBeanFactory.doGetBean(AbstractBeanFactory.java:251)  Returning cached instance of singleton bean 'org.springframework.context.event.internalEventListenerFactory'
2016-12-25 22:04:09 org.springframework.beans.factory.support.AbstractBeanFactory.doGetBean(AbstractBeanFactory.java:251)  Returning cached instance of singleton bean 'org.springframework.transaction.config.internalTransactionalEventListenerFactory'
2016-12-25 22:04:09 org.springframework.context.support.AbstractApplicationContext.initLifecycleProcessor(AbstractApplicationContext.java:784)  Unable to locate LifecycleProcessor with name 'lifecycleProcessor': using default [org.springframework.context.support.DefaultLifecycleProcessor@3ba987b8]
2016-12-25 22:04:09 org.springframework.beans.factory.support.AbstractBeanFactory.doGetBean(AbstractBeanFactory.java:251)  Returning cached instance of singleton bean 'lifecycleProcessor'
2016-12-25 22:04:09 org.springframework.beans.factory.support.AbstractBeanFactory.doGetBean(AbstractBeanFactory.java:251)  Returning cached instance of singleton bean 'sqlSessionFactory'
2016-12-25 22:04:09 org.springframework.core.env.PropertySourcesPropertyResolver.getProperty(PropertySourcesPropertyResolver.java:91)  Could not find key 'spring.liveBeansView.mbeanDomain' in any property source
2016-12-25 22:04:09 org.springframework.beans.factory.support.AbstractBeanFactory.doGetBean(AbstractBeanFactory.java:251)  Returning cached instance of singleton bean 'goodsServiceImpl'
2016-12-25 22:05:32 org.springframework.core.env.MutablePropertySources.addLast(MutablePropertySources.java:109)  Adding [systemProperties] PropertySource with lowest search precedence
2016-12-25 22:05:32 org.springframework.core.env.MutablePropertySources.addLast(MutablePropertySources.java:109)  Adding [systemEnvironment] PropertySource with lowest search precedence
2016-12-25 22:05:32 org.springframework.core.env.AbstractEnvironment.<init>(AbstractEnvironment.java:124)  Initialized StandardEnvironment with PropertySources [systemProperties,systemEnvironment]
2016-12-25 22:05:32 org.springframework.context.support.AbstractApplicationContext.prepareRefresh(AbstractApplicationContext.java:582)  Refreshing org.springframework.context.support.ClassPathXmlApplicationContext@7cf10a6f: startup date [Sun Dec 25 22:05:32 CST 2016]; root of context hierarchy
2016-12-25 22:05:32 org.springframework.core.env.MutablePropertySources.addLast(MutablePropertySources.java:109)  Adding [systemProperties] PropertySource with lowest search precedence
2016-12-25 22:05:32 org.springframework.core.env.MutablePropertySources.addLast(MutablePropertySources.java:109)  Adding [systemEnvironment] PropertySource with lowest search precedence
2016-12-25 22:05:32 org.springframework.core.env.AbstractEnvironment.<init>(AbstractEnvironment.java:124)  Initialized StandardEnvironment with PropertySources [systemProperties,systemEnvironment]
2016-12-25 22:05:32 org.springframework.beans.factory.xml.XmlBeanDefinitionReader.loadBeanDefinitions(XmlBeanDefinitionReader.java:317)  Loading XML bean definitions from class path resource [applicationContext.xml]
2016-12-25 22:05:32 org.springframework.beans.factory.xml.DefaultDocumentLoader.loadDocument(DefaultDocumentLoader.java:73)  Using JAXP provider [com.sun.org.apache.xerces.internal.jaxp.DocumentBuilderFactoryImpl]
2016-12-25 22:05:32 org.springframework.beans.factory.xml.PluggableSchemaResolver.getSchemaMappings(PluggableSchemaResolver.java:141)  Loading schema mappings from [META-INF/spring.schemas]
2016-12-25 22:05:32 org.springframework.beans.factory.xml.PluggableSchemaResolver.getSchemaMappings(PluggableSchemaResolver.java:147)  Loaded schema mappings: {http://www.springframework.org/schema/tx/spring-tx-4.3.xsd=org/springframework/transaction/config/spring-tx-4.3.xsd, http://www.springframework.org/schema/tx/spring-tx-2.5.xsd=org/springframework/transaction/config/spring-tx-2.5.xsd, http://www.springframework.org/schema/cache/spring-cache-4.2.xsd=org/springframework/cache/config/spring-cache-4.2.xsd, http://www.springframework.org/schema/aop/spring-aop-4.1.xsd=org/springframework/aop/config/spring-aop-4.1.xsd, http://www.springframework.org/schema/context/spring-context-3.1.xsd=org/springframework/context/config/spring-context-3.1.xsd, http://www.springframework.org/schema/jdbc/spring-jdbc-4.1.xsd=org/springframework/jdbc/config/spring-jdbc-4.1.xsd, http://www.springframework.org/schema/mvc/spring-mvc-4.1.xsd=org/springframework/web/servlet/config/spring-mvc-4.1.xsd, http://www.springframework.org/schema/util/spring-util-3.0.xsd=org/springframework/beans/factory/xml/spring-util-3.0.xsd, http://www.springframework.org/schema/tool/spring-tool.xsd=org/springframework/beans/factory/xml/spring-tool-4.3.xsd, http://www.springframework.org/schema/aop/spring-aop-3.2.xsd=org/springframework/aop/config/spring-aop-3.2.xsd, http://mybatis.org/schema/mybatis-spring-1.2.xsd=org/mybatis/spring/config/mybatis-spring-1.2.xsd, http://www.springframework.org/schema/lang/spring-lang-4.1.xsd=org/springframework/scripting/config/spring-lang-4.1.xsd, http://www.springframework.org/schema/context/spring-context-4.0.xsd=org/springframework/context/config/spring-context-4.0.xsd, http://www.springframework.org/schema/mvc/spring-mvc-3.2.xsd=org/springframework/web/servlet/config/spring-mvc-3.2.xsd, http://www.springframework.org/schema/beans/spring-beans-4.2.xsd=org/springframework/beans/factory/xml/spring-beans-4.2.xsd, http://www.springframework.org/schema/tool/spring-tool-4.1.xsd=org/springframework/beans/factory/xml/spring-tool-4.1.xsd, http://www.springframework.org/schema/lang/spring-lang-3.2.xsd=org/springframework/scripting/config/spring-lang-3.2.xsd, http://www.springframework.org/schema/cache/spring-cache-3.2.xsd=org/springframework/cache/config/spring-cache-3.2.xsd, http://www.springframework.org/schema/jee/spring-jee-4.1.xsd=org/springframework/ejb/config/spring-jee-4.1.xsd, http://www.springframework.org/schema/jdbc/spring-jdbc-3.1.xsd=org/springframework/jdbc/config/spring-jdbc-3.1.xsd, http://www.springframework.org/schema/task/spring-task-4.2.xsd=org/springframework/scheduling/config/spring-task-4.2.xsd, http://www.springframework.org/schema/util/spring-util-2.0.xsd=org/springframework/beans/factory/xml/spring-util-2.0.xsd, http://www.springframework.org/schema/tool/spring-tool-3.2.xsd=org/springframework/beans/factory/xml/spring-tool-3.2.xsd, http://www.springframework.org/schema/context/spring-context.xsd=org/springframework/context/config/spring-context-4.3.xsd, http://www.springframework.org/schema/tx/spring-tx-4.2.xsd=org/springframework/transaction/config/spring-tx-4.2.xsd, http://www.springframework.org/schema/cache/spring-cache-4.1.xsd=org/springframework/cache/config/spring-cache-4.1.xsd, http://www.springframework.org/schema/aop/spring-aop-4.0.xsd=org/springframework/aop/config/spring-aop-4.0.xsd, http://www.springframework.org/schema/jee/spring-jee-3.2.xsd=org/springframework/ejb/config/spring-jee-3.2.xsd, http://www.springframework.org/schema/context/spring-context-3.0.xsd=org/springframework/context/config/spring-context-3.0.xsd, http://www.springframework.org/schema/jdbc/spring-jdbc-4.0.xsd=org/springframework/jdbc/config/spring-jdbc-4.0.xsd, http://www.springframework.org/schema/mvc/spring-mvc-4.0.xsd=org/springframework/web/servlet/config/spring-mvc-4.0.xsd, http://www.springframework.org/schema/util/spring-util-2.5.xsd=org/springframework/beans/factory/xml/spring-util-2.5.xsd, http://www.springframework.org/schema/util/spring-util-4.3.xsd=org/springframework/beans/factory/xml/spring-util-4.3.xsd, http://www.springframework.org/schema/beans/spring-beans-3.2.xsd=org/springframework/beans/factory/xml/spring-beans-3.2.xsd, http://www.springframework.org/schema/aop/spring-aop-3.1.xsd=org/springframework/aop/config/spring-aop-3.1.xsd, http://www.springframework.org/schema/lang/spring-lang-4.0.xsd=org/springframework/scripting/config/spring-lang-4.0.xsd, http://www.springframework.org/schema/mvc/spring-mvc.xsd=org/springframework/web/servlet/config/spring-mvc-4.3.xsd, http://www.springframework.org/schema/mvc/spring-mvc-3.1.xsd=org/springframework/web/servlet/config/spring-mvc-3.1.xsd, http://www.springframework.org/schema/beans/spring-beans-4.1.xsd=org/springframework/beans/factory/xml/spring-beans-4.1.xsd, http://www.springframework.org/schema/tool/spring-tool-4.0.xsd=org/springframework/beans/factory/xml/spring-tool-4.0.xsd, http://www.springframework.org/schema/tx/spring-tx-3.2.xsd=org/springframework/transaction/config/spring-tx-3.2.xsd, http://www.springframework.org/schema/lang/spring-lang-3.1.xsd=org/springframework/scripting/config/spring-lang-3.1.xsd, http://www.springframework.org/schema/cache/spring-cache-3.1.xsd=org/springframework/cache/config/spring-cache-3.1.xsd, http://www.springframework.org/schema/jee/spring-jee-4.0.xsd=org/springframework/ejb/config/spring-jee-4.0.xsd, http://www.springframework.org/schema/jdbc/spring-jdbc-3.0.xsd=org/springframework/jdbc/config/spring-jdbc-3.0.xsd, http://www.springframework.org/schema/task/spring-task-4.1.xsd=org/springframework/scheduling/config/spring-task-4.1.xsd, http://www.springframework.org/schema/jdbc/spring-jdbc.xsd=org/springframework/jdbc/config/spring-jdbc-4.3.xsd, http://www.springframework.org/schema/tool/spring-tool-3.1.xsd=org/springframework/beans/factory/xml/spring-tool-3.1.xsd, http://www.springframework.org/schema/tx/spring-tx-4.1.xsd=org/springframework/transaction/config/spring-tx-4.1.xsd, http://www.springframework.org/schema/cache/spring-cache-4.0.xsd=org/springframework/cache/config/spring-cache-4.0.xsd, http://www.springframework.org/schema/jee/spring-jee-3.1.xsd=org/springframework/ejb/config/spring-jee-3.1.xsd, http://www.springframework.org/schema/task/spring-task-3.2.xsd=org/springframework/scheduling/config/spring-task-3.2.xsd, http://www.springframework.org/schema/util/spring-util-4.2.xsd=org/springframework/beans/factory/xml/spring-util-4.2.xsd, http://www.springframework.org/schema/beans/spring-beans-3.1.xsd=org/springframework/beans/factory/xml/spring-beans-3.1.xsd, http://www.springframework.org/schema/util/spring-util.xsd=org/springframework/beans/factory/xml/spring-util-4.3.xsd, http://www.springframework.org/schema/aop/spring-aop-3.0.xsd=org/springframework/aop/config/spring-aop-3.0.xsd, http://www.springframework.org/schema/mvc/spring-mvc-3.0.xsd=org/springframework/web/servlet/config/spring-mvc-3.0.xsd, http://www.springframework.org/schema/beans/spring-beans-4.0.xsd=org/springframework/beans/factory/xml/spring-beans-4.0.xsd, http://www.springframework.org/schema/beans/spring-beans.xsd=org/springframework/beans/factory/xml/spring-beans-4.3.xsd, http://www.springframework.org/schema/tx/spring-tx-3.1.xsd=org/springframework/transaction/config/spring-tx-3.1.xsd, http://www.springframework.org/schema/lang/spring-lang-3.0.xsd=org/springframework/scripting/config/spring-lang-3.0.xsd, http://mybatis.org/schema/mybatis-spring.xsd=org/mybatis/spring/config/mybatis-spring-1.2.xsd, http://www.springframework.org/schema/context/spring-context-2.5.xsd=org/springframework/context/config/spring-context-2.5.xsd, http://www.springframework.org/schema/context/spring-context-4.3.xsd=org/springframework/context/config/spring-context-4.3.xsd, http://www.springframework.org/schema/task/spring-task-4.0.xsd=org/springframework/scheduling/config/spring-task-4.0.xsd, http://www.springframework.org/schema/tool/spring-tool-3.0.xsd=org/springframework/beans/factory/xml/spring-tool-3.0.xsd, http://www.springframework.org/schema/tx/spring-tx-4.0.xsd=org/springframework/transaction/config/spring-tx-4.0.xsd, http://www.springframework.org/schema/aop/spring-aop-2.0.xsd=org/springframework/aop/config/spring-aop-2.0.xsd, http://www.springframework.org/schema/jee/spring-jee-3.0.xsd=org/springframework/ejb/config/spring-jee-3.0.xsd, http://www.springframework.org/schema/task/spring-task-3.1.xsd=org/springframework/scheduling/config/spring-task-3.1.xsd, http://www.springframework.org/schema/util/spring-util-4.1.xsd=org/springframework/beans/factory/xml/spring-util-4.1.xsd, http://www.springframework.org/schema/beans/spring-beans-3.0.xsd=org/springframework/beans/factory/xml/spring-beans-3.0.xsd, http://www.springframework.org/schema/jee/spring-jee.xsd=org/springframework/ejb/config/spring-jee-4.3.xsd, http://www.springframework.org/schema/aop/spring-aop-2.5.xsd=org/springframework/aop/config/spring-aop-2.5.xsd, http://www.springframework.org/schema/aop/spring-aop-4.3.xsd=org/springframework/aop/config/spring-aop-4.3.xsd, http://www.springframework.org/schema/lang/spring-lang-2.0.xsd=org/springframework/scripting/config/spring-lang-2.0.xsd, http://www.springframework.org/schema/jdbc/spring-jdbc-4.3.xsd=org/springframework/jdbc/config/spring-jdbc-4.3.xsd, http://www.springframework.org/schema/mvc/spring-mvc-4.3.xsd=org/springframework/web/servlet/config/spring-mvc-4.3.xsd, http://www.springframework.org/schema/util/spring-util-3.2.xsd=org/springframework/beans/factory/xml/spring-util-3.2.xsd, http://www.springframework.org/schema/task/spring-task.xsd=org/springframework/scheduling/config/spring-task-4.3.xsd, http://www.springframework.org/schema/tool/spring-tool-2.0.xsd=org/springframework/beans/factory/xml/spring-tool-2.0.xsd, http://www.springframework.org/schema/tx/spring-tx-3.0.xsd=org/springframework/transaction/config/spring-tx-3.0.xsd, http://www.springframework.org/schema/lang/spring-lang-2.5.xsd=org/springframework/scripting/config/spring-lang-2.5.xsd, http://www.springframework.org/schema/lang/spring-lang-4.3.xsd=org/springframework/scripting/config/spring-lang-4.3.xsd, http://www.springframework.org/schema/context/spring-context-4.2.xsd=org/springframework/context/config/spring-context-4.2.xsd, http://www.springframework.org/schema/jee/spring-jee-2.0.xsd=org/springframework/ejb/config/spring-jee-2.0.xsd, http://www.springframework.org/schema/tool/spring-tool-4.3.xsd=org/springframework/beans/factory/xml/spring-tool-4.3.xsd, http://www.springframework.org/schema/tool/spring-tool-2.5.xsd=org/springframework/beans/factory/xml/spring-tool-2.5.xsd, http://www.springframework.org/schema/jee/spring-jee-4.3.xsd=org/springframework/ejb/config/spring-jee-4.3.xsd, http://www.springframework.org/schema/jee/spring-jee-2.5.xsd=org/springframework/ejb/config/spring-jee-2.5.xsd, http://www.springframework.org/schema/task/spring-task-3.0.xsd=org/springframework/scheduling/config/spring-task-3.0.xsd, http://www.springframework.org/schema/util/spring-util-4.0.xsd=org/springframework/beans/factory/xml/spring-util-4.0.xsd, http://www.springframework.org/schema/cache/spring-cache-4.3.xsd=org/springframework/cache/config/spring-cache-4.3.xsd, http://www.springframework.org/schema/aop/spring-aop-4.2.xsd=org/springframework/aop/config/spring-aop-4.2.xsd, http://www.springframework.org/schema/lang/spring-lang.xsd=org/springframework/scripting/config/spring-lang-4.3.xsd, http://www.springframework.org/schema/context/spring-context-3.2.xsd=org/springframework/context/config/spring-context-3.2.xsd, http://www.springframework.org/schema/jdbc/spring-jdbc-4.2.xsd=org/springframework/jdbc/config/spring-jdbc-4.2.xsd, http://www.springframework.org/schema/mvc/spring-mvc-4.2.xsd=org/springframework/web/servlet/config/spring-mvc-4.2.xsd, http://www.springframework.org/schema/util/spring-util-3.1.xsd=org/springframework/beans/factory/xml/spring-util-3.1.xsd, http://www.springframework.org/schema/beans/spring-beans-2.0.xsd=org/springframework/beans/factory/xml/spring-beans-2.0.xsd, http://www.springframework.org/schema/cache/spring-cache.xsd=org/springframework/cache/config/spring-cache-4.3.xsd, http://www.springframework.org/schema/tx/spring-tx.xsd=org/springframework/transaction/config/spring-tx-4.3.xsd, http://www.springframework.org/schema/lang/spring-lang-4.2.xsd=org/springframework/scripting/config/spring-lang-4.2.xsd, http://www.springframework.org/schema/context/spring-context-4.1.xsd=org/springframework/context/config/spring-context-4.1.xsd, http://www.springframework.org/schema/beans/spring-beans-2.5.xsd=org/springframework/beans/factory/xml/spring-beans-2.5.xsd, http://www.springframework.org/schema/beans/spring-beans-4.3.xsd=org/springframework/beans/factory/xml/spring-beans-4.3.xsd, http://www.springframework.org/schema/tool/spring-tool-4.2.xsd=org/springframework/beans/factory/xml/spring-tool-4.2.xsd, http://www.springframework.org/schema/tx/spring-tx-2.0.xsd=org/springframework/transaction/config/spring-tx-2.0.xsd, http://www.alibaba.com/schema/stat.xsd=META-INF/stat.xsd, http://www.springframework.org/schema/jee/spring-jee-4.2.xsd=org/springframework/ejb/config/spring-jee-4.2.xsd, http://www.springframework.org/schema/jdbc/spring-jdbc-3.2.xsd=org/springframework/jdbc/config/spring-jdbc-3.2.xsd, http://www.springframework.org/schema/task/spring-task-4.3.xsd=org/springframework/scheduling/config/spring-task-4.3.xsd, http://www.springframework.org/schema/aop/spring-aop.xsd=org/springframework/aop/config/spring-aop-4.3.xsd}
2016-12-25 22:05:32 org.springframework.beans.factory.xml.PluggableSchemaResolver.resolveEntity(PluggableSchemaResolver.java:119)  Found XML schema [http://www.springframework.org/schema/beans/spring-beans.xsd] in classpath: org/springframework/beans/factory/xml/spring-beans-4.3.xsd
2016-12-25 22:05:32 org.springframework.beans.factory.xml.PluggableSchemaResolver.resolveEntity(PluggableSchemaResolver.java:119)  Found XML schema [http://www.springframework.org/schema/context/spring-context.xsd] in classpath: org/springframework/context/config/spring-context-4.3.xsd
2016-12-25 22:05:32 org.springframework.beans.factory.xml.PluggableSchemaResolver.resolveEntity(PluggableSchemaResolver.java:119)  Found XML schema [http://www.springframework.org/schema/tool/spring-tool-4.3.xsd] in classpath: org/springframework/beans/factory/xml/spring-tool-4.3.xsd
2016-12-25 22:05:32 org.springframework.beans.factory.xml.PluggableSchemaResolver.resolveEntity(PluggableSchemaResolver.java:119)  Found XML schema [http://www.springframework.org/schema/tx/spring-tx.xsd] in classpath: org/springframework/transaction/config/spring-tx-4.3.xsd
2016-12-25 22:05:32 org.springframework.beans.factory.xml.DefaultBeanDefinitionDocumentReader.registerBeanDefinitions(DefaultBeanDefinitionDocumentReader.java:92)  Loading bean definitions
2016-12-25 22:05:32 org.springframework.beans.factory.xml.DefaultNamespaceHandlerResolver.getHandlerMappings(DefaultNamespaceHandlerResolver.java:157)  Loaded NamespaceHandler mappings: {http://www.springframework.org/schema/p=org.springframework.beans.factory.xml.SimplePropertyNamespaceHandler, http://www.springframework.org/schema/mvc=org.springframework.web.servlet.config.MvcNamespaceHandler, http://www.springframework.org/schema/util=org.springframework.beans.factory.xml.UtilNamespaceHandler, http://www.alibaba.com/schema/stat=com.alibaba.druid.support.spring.stat.config.DruidStatNamespaceHandler, http://www.springframework.org/schema/jee=org.springframework.ejb.config.JeeNamespaceHandler, http://www.springframework.org/schema/aop=org.springframework.aop.config.AopNamespaceHandler, http://www.springframework.org/schema/jdbc=org.springframework.jdbc.config.JdbcNamespaceHandler, http://www.springframework.org/schema/cache=org.springframework.cache.config.CacheNamespaceHandler, http://mybatis.org/schema/mybatis-spring=org.mybatis.spring.config.NamespaceHandler, http://www.springframework.org/schema/c=org.springframework.beans.factory.xml.SimpleConstructorNamespaceHandler, http://www.springframework.org/schema/tx=org.springframework.transaction.config.TxNamespaceHandler, http://www.springframework.org/schema/task=org.springframework.scheduling.config.TaskNamespaceHandler, http://www.springframework.org/schema/lang=org.springframework.scripting.config.LangNamespaceHandler, http://www.springframework.org/schema/context=org.springframework.context.config.ContextNamespaceHandler}
2016-12-25 22:05:32 org.springframework.core.env.MutablePropertySources.addLast(MutablePropertySources.java:109)  Adding [systemProperties] PropertySource with lowest search precedence
2016-12-25 22:05:32 org.springframework.core.env.MutablePropertySources.addLast(MutablePropertySources.java:109)  Adding [systemEnvironment] PropertySource with lowest search precedence
2016-12-25 22:05:32 org.springframework.core.env.AbstractEnvironment.<init>(AbstractEnvironment.java:124)  Initialized StandardEnvironment with PropertySources [systemProperties,systemEnvironment]
2016-12-25 22:05:32 org.springframework.core.io.support.PathMatchingResourcePatternResolver.findAllClassPathResources(PathMatchingResourcePatternResolver.java:317)  Resolved classpath location [com/ssm/] to resources [URL [file:/D:/Workspaces/SSMjspDemo/out/production/SSMjspDemo/com/ssm/]]
2016-12-25 22:05:32 org.springframework.core.io.support.PathMatchingResourcePatternResolver.doFindMatchingFileSystemResources(PathMatchingResourcePatternResolver.java:711)  Looking for matching resources in directory tree [D:\Workspaces\SSMjspDemo\out\production\SSMjspDemo\com\ssm]
2016-12-25 22:05:32 org.springframework.core.io.support.PathMatchingResourcePatternResolver.doRetrieveMatchingFiles(PathMatchingResourcePatternResolver.java:773)  Searching directory [D:\Workspaces\SSMjspDemo\out\production\SSMjspDemo\com\ssm] for files matching pattern [D:/Workspaces/SSMjspDemo/out/production/SSMjspDemo/com/ssm/**/*.class]
2016-12-25 22:05:32 org.springframework.core.io.support.PathMatchingResourcePatternResolver.doRetrieveMatchingFiles(PathMatchingResourcePatternResolver.java:773)  Searching directory [D:\Workspaces\SSMjspDemo\out\production\SSMjspDemo\com\ssm\action] for files matching pattern [D:/Workspaces/SSMjspDemo/out/production/SSMjspDemo/com/ssm/**/*.class]
2016-12-25 22:05:32 org.springframework.core.io.support.PathMatchingResourcePatternResolver.doRetrieveMatchingFiles(PathMatchingResourcePatternResolver.java:773)  Searching directory [D:\Workspaces\SSMjspDemo\out\production\SSMjspDemo\com\ssm\dao] for files matching pattern [D:/Workspaces/SSMjspDemo/out/production/SSMjspDemo/com/ssm/**/*.class]
2016-12-25 22:05:32 org.springframework.core.io.support.PathMatchingResourcePatternResolver.doRetrieveMatchingFiles(PathMatchingResourcePatternResolver.java:773)  Searching directory [D:\Workspaces\SSMjspDemo\out\production\SSMjspDemo\com\ssm\domain] for files matching pattern [D:/Workspaces/SSMjspDemo/out/production/SSMjspDemo/com/ssm/**/*.class]
2016-12-25 22:05:32 org.springframework.core.io.support.PathMatchingResourcePatternResolver.doRetrieveMatchingFiles(PathMatchingResourcePatternResolver.java:773)  Searching directory [D:\Workspaces\SSMjspDemo\out\production\SSMjspDemo\com\ssm\domain\json] for files matching pattern [D:/Workspaces/SSMjspDemo/out/production/SSMjspDemo/com/ssm/**/*.class]
2016-12-25 22:05:32 org.springframework.core.io.support.PathMatchingResourcePatternResolver.doRetrieveMatchingFiles(PathMatchingResourcePatternResolver.java:773)  Searching directory [D:\Workspaces\SSMjspDemo\out\production\SSMjspDemo\com\ssm\interceptor] for files matching pattern [D:/Workspaces/SSMjspDemo/out/production/SSMjspDemo/com/ssm/**/*.class]
2016-12-25 22:05:32 org.springframework.core.io.support.PathMatchingResourcePatternResolver.doRetrieveMatchingFiles(PathMatchingResourcePatternResolver.java:773)  Searching directory [D:\Workspaces\SSMjspDemo\out\production\SSMjspDemo\com\ssm\mapping] for files matching pattern [D:/Workspaces/SSMjspDemo/out/production/SSMjspDemo/com/ssm/**/*.class]
2016-12-25 22:05:32 org.springframework.core.io.support.PathMatchingResourcePatternResolver.doRetrieveMatchingFiles(PathMatchingResourcePatternResolver.java:773)  Searching directory [D:\Workspaces\SSMjspDemo\out\production\SSMjspDemo\com\ssm\service] for files matching pattern [D:/Workspaces/SSMjspDemo/out/production/SSMjspDemo/com/ssm/**/*.class]
2016-12-25 22:05:32 org.springframework.core.io.support.PathMatchingResourcePatternResolver.doRetrieveMatchingFiles(PathMatchingResourcePatternResolver.java:773)  Searching directory [D:\Workspaces\SSMjspDemo\out\production\SSMjspDemo\com\ssm\service\impl] for files matching pattern [D:/Workspaces/SSMjspDemo/out/production/SSMjspDemo/com/ssm/**/*.class]
2016-12-25 22:05:32 org.springframework.core.io.support.PathMatchingResourcePatternResolver.doRetrieveMatchingFiles(PathMatchingResourcePatternResolver.java:773)  Searching directory [D:\Workspaces\SSMjspDemo\out\production\SSMjspDemo\com\ssm\utils] for files matching pattern [D:/Workspaces/SSMjspDemo/out/production/SSMjspDemo/com/ssm/**/*.class]
2016-12-25 22:05:32 org.springframework.core.io.support.PathMatchingResourcePatternResolver.findPathMatchingResources(PathMatchingResourcePatternResolver.java:483)  Resolved location pattern [classpath*:com/ssm/**/*.class] to resources [file [D:\Workspaces\SSMjspDemo\out\production\SSMjspDemo\com\ssm\action\DeptController.class], file [D:\Workspaces\SSMjspDemo\out\production\SSMjspDemo\com\ssm\action\EmpController$1.class], file [D:\Workspaces\SSMjspDemo\out\production\SSMjspDemo\com\ssm\action\EmpController.class], file [D:\Workspaces\SSMjspDemo\out\production\SSMjspDemo\com\ssm\action\GoodsController.class], file [D:\Workspaces\SSMjspDemo\out\production\SSMjspDemo\com\ssm\action\ManagerController.class], file [D:\Workspaces\SSMjspDemo\out\production\SSMjspDemo\com\ssm\action\NoInterceptor.class], file [D:\Workspaces\SSMjspDemo\out\production\SSMjspDemo\com\ssm\action\RoleController.class], file [D:\Workspaces\SSMjspDemo\out\production\SSMjspDemo\com\ssm\action\urlTrans.class], file [D:\Workspaces\SSMjspDemo\out\production\SSMjspDemo\com\ssm\action\UserController.class], file [D:\Workspaces\SSMjspDemo\out\production\SSMjspDemo\com\ssm\action\UserGnController.class], file [D:\Workspaces\SSMjspDemo\out\production\SSMjspDemo\com\ssm\dao\AuthDao.class], file [D:\Workspaces\SSMjspDemo\out\production\SSMjspDemo\com\ssm\dao\AuthgroupDao.class], file [D:\Workspaces\SSMjspDemo\out\production\SSMjspDemo\com\ssm\dao\DeptDao.class], file [D:\Workspaces\SSMjspDemo\out\production\SSMjspDemo\com\ssm\dao\EmpDao.class], file [D:\Workspaces\SSMjspDemo\out\production\SSMjspDemo\com\ssm\dao\GoodsDao.class], file [D:\Workspaces\SSMjspDemo\out\production\SSMjspDemo\com\ssm\dao\RoleDao.class], file [D:\Workspaces\SSMjspDemo\out\production\SSMjspDemo\com\ssm\dao\UserDao.class], file [D:\Workspaces\SSMjspDemo\out\production\SSMjspDemo\com\ssm\domain\Auth.class], file [D:\Workspaces\SSMjspDemo\out\production\SSMjspDemo\com\ssm\domain\Authgroup.class], file [D:\Workspaces\SSMjspDemo\out\production\SSMjspDemo\com\ssm\domain\Dept.class], file [D:\Workspaces\SSMjspDemo\out\production\SSMjspDemo\com\ssm\domain\Emp.class], file [D:\Workspaces\SSMjspDemo\out\production\SSMjspDemo\com\ssm\domain\Goods.class], file [D:\Workspaces\SSMjspDemo\out\production\SSMjspDemo\com\ssm\domain\json\Attribute.class], file [D:\Workspaces\SSMjspDemo\out\production\SSMjspDemo\com\ssm\domain\json\ChildNode.class], file [D:\Workspaces\SSMjspDemo\out\production\SSMjspDemo\com\ssm\domain\json\TreeNode.class], file [D:\Workspaces\SSMjspDemo\out\production\SSMjspDemo\com\ssm\domain\Role.class], file [D:\Workspaces\SSMjspDemo\out\production\SSMjspDemo\com\ssm\domain\User.class], file [D:\Workspaces\SSMjspDemo\out\production\SSMjspDemo\com\ssm\interceptor\LoginInterceptor.class], file [D:\Workspaces\SSMjspDemo\out\production\SSMjspDemo\com\ssm\interceptor\LogInterceptor.class], file [D:\Workspaces\SSMjspDemo\out\production\SSMjspDemo\com\ssm\service\DeptService.class], file [D:\Workspaces\SSMjspDemo\out\production\SSMjspDemo\com\ssm\service\EmpService.class], file [D:\Workspaces\SSMjspDemo\out\production\SSMjspDemo\com\ssm\service\GoodsService.class], file [D:\Workspaces\SSMjspDemo\out\production\SSMjspDemo\com\ssm\service\impl\DeptServiceImpl.class], file [D:\Workspaces\SSMjspDemo\out\production\SSMjspDemo\com\ssm\service\impl\EmpServiceImpl.class], file [D:\Workspaces\SSMjspDemo\out\production\SSMjspDemo\com\ssm\service\impl\GoodsServiceImpl.class], file [D:\Workspaces\SSMjspDemo\out\production\SSMjspDemo\com\ssm\service\impl\RoleServiceImpl.class], file [D:\Workspaces\SSMjspDemo\out\production\SSMjspDemo\com\ssm\service\impl\UserServiceImpl.class], file [D:\Workspaces\SSMjspDemo\out\production\SSMjspDemo\com\ssm\service\RoleService.class], file [D:\Workspaces\SSMjspDemo\out\production\SSMjspDemo\com\ssm\service\UserService.class], file [D:\Workspaces\SSMjspDemo\out\production\SSMjspDemo\com\ssm\utils\CustomerDateCoverter.class], file [D:\Workspaces\SSMjspDemo\out\production\SSMjspDemo\com\ssm\utils\DBUtil.class], file [D:\Workspaces\SSMjspDemo\out\production\SSMjspDemo\com\ssm\utils\ResponseUtil.class], file [D:\Workspaces\SSMjspDemo\out\production\SSMjspDemo\com\ssm\utils\SQL.class]]
2016-12-25 22:05:32 org.springframework.context.annotation.ClassPathScanningCandidateComponentProvider.findCandidateComponents(ClassPathScanningCandidateComponentProvider.java:286)  Identified candidate component class: file [D:\Workspaces\SSMjspDemo\out\production\SSMjspDemo\com\ssm\action\DeptController.class]
2016-12-25 22:05:32 org.springframework.context.annotation.ClassPathScanningCandidateComponentProvider.findCandidateComponents(ClassPathScanningCandidateComponentProvider.java:286)  Identified candidate component class: file [D:\Workspaces\SSMjspDemo\out\production\SSMjspDemo\com\ssm\action\EmpController.class]
2016-12-25 22:05:32 org.springframework.context.annotation.ClassPathScanningCandidateComponentProvider.findCandidateComponents(ClassPathScanningCandidateComponentProvider.java:286)  Identified candidate component class: file [D:\Workspaces\SSMjspDemo\out\production\SSMjspDemo\com\ssm\action\GoodsController.class]
2016-12-25 22:05:32 org.springframework.context.annotation.ClassPathScanningCandidateComponentProvider.findCandidateComponents(ClassPathScanningCandidateComponentProvider.java:286)  Identified candidate component class: file [D:\Workspaces\SSMjspDemo\out\production\SSMjspDemo\com\ssm\action\ManagerController.class]
2016-12-25 22:05:32 org.springframework.context.annotation.ClassPathScanningCandidateComponentProvider.findCandidateComponents(ClassPathScanningCandidateComponentProvider.java:286)  Identified candidate component class: file [D:\Workspaces\SSMjspDemo\out\production\SSMjspDemo\com\ssm\action\NoInterceptor.class]
2016-12-25 22:05:32 org.springframework.context.annotation.ClassPathScanningCandidateComponentProvider.findCandidateComponents(ClassPathScanningCandidateComponentProvider.java:286)  Identified candidate component class: file [D:\Workspaces\SSMjspDemo\out\production\SSMjspDemo\com\ssm\action\RoleController.class]
2016-12-25 22:05:32 org.springframework.context.annotation.ClassPathScanningCandidateComponentProvider.findCandidateComponents(ClassPathScanningCandidateComponentProvider.java:286)  Identified candidate component class: file [D:\Workspaces\SSMjspDemo\out\production\SSMjspDemo\com\ssm\action\urlTrans.class]
2016-12-25 22:05:32 org.springframework.context.annotation.ClassPathScanningCandidateComponentProvider.findCandidateComponents(ClassPathScanningCandidateComponentProvider.java:286)  Identified candidate component class: file [D:\Workspaces\SSMjspDemo\out\production\SSMjspDemo\com\ssm\action\UserController.class]
2016-12-25 22:05:32 org.springframework.context.annotation.ClassPathScanningCandidateComponentProvider.findCandidateComponents(ClassPathScanningCandidateComponentProvider.java:286)  Identified candidate component class: file [D:\Workspaces\SSMjspDemo\out\production\SSMjspDemo\com\ssm\action\UserGnController.class]
2016-12-25 22:05:32 org.springframework.context.annotation.ClassPathScanningCandidateComponentProvider.findCandidateComponents(ClassPathScanningCandidateComponentProvider.java:292)  Ignored because not a concrete top-level class: file [D:\Workspaces\SSMjspDemo\out\production\SSMjspDemo\com\ssm\dao\AuthDao.class]
2016-12-25 22:05:32 org.springframework.context.annotation.ClassPathScanningCandidateComponentProvider.findCandidateComponents(ClassPathScanningCandidateComponentProvider.java:292)  Ignored because not a concrete top-level class: file [D:\Workspaces\SSMjspDemo\out\production\SSMjspDemo\com\ssm\dao\UserDao.class]
2016-12-25 22:05:32 org.springframework.context.annotation.ClassPathScanningCandidateComponentProvider.findCandidateComponents(ClassPathScanningCandidateComponentProvider.java:286)  Identified candidate component class: file [D:\Workspaces\SSMjspDemo\out\production\SSMjspDemo\com\ssm\domain\Dept.class]
2016-12-25 22:05:32 org.springframework.context.annotation.ClassPathScanningCandidateComponentProvider.findCandidateComponents(ClassPathScanningCandidateComponentProvider.java:286)  Identified candidate component class: file [D:\Workspaces\SSMjspDemo\out\production\SSMjspDemo\com\ssm\domain\User.class]
2016-12-25 22:05:32 org.springframework.context.annotation.ClassPathScanningCandidateComponentProvider.findCandidateComponents(ClassPathScanningCandidateComponentProvider.java:286)  Identified candidate component class: file [D:\Workspaces\SSMjspDemo\out\production\SSMjspDemo\com\ssm\service\impl\DeptServiceImpl.class]
2016-12-25 22:05:32 org.springframework.context.annotation.ClassPathScanningCandidateComponentProvider.findCandidateComponents(ClassPathScanningCandidateComponentProvider.java:286)  Identified candidate component class: file [D:\Workspaces\SSMjspDemo\out\production\SSMjspDemo\com\ssm\service\impl\EmpServiceImpl.class]
2016-12-25 22:05:32 org.springframework.context.annotation.ClassPathScanningCandidateComponentProvider.findCandidateComponents(ClassPathScanningCandidateComponentProvider.java:286)  Identified candidate component class: file [D:\Workspaces\SSMjspDemo\out\production\SSMjspDemo\com\ssm\service\impl\GoodsServiceImpl.class]
2016-12-25 22:05:32 org.springframework.context.annotation.ClassPathScanningCandidateComponentProvider.findCandidateComponents(ClassPathScanningCandidateComponentProvider.java:286)  Identified candidate component class: file [D:\Workspaces\SSMjspDemo\out\production\SSMjspDemo\com\ssm\service\impl\RoleServiceImpl.class]
2016-12-25 22:05:32 org.springframework.context.annotation.ClassPathScanningCandidateComponentProvider.findCandidateComponents(ClassPathScanningCandidateComponentProvider.java:286)  Identified candidate component class: file [D:\Workspaces\SSMjspDemo\out\production\SSMjspDemo\com\ssm\service\impl\UserServiceImpl.class]
2016-12-25 22:05:32 org.springframework.beans.factory.xml.BeanDefinitionParserDelegate.parseBeanDefinitionElement(BeanDefinitionParserDelegate.java:481)  Neither XML 'id' nor 'name' specified - using generated bean name [org.mybatis.spring.mapper.MapperScannerConfigurer#0]
2016-12-25 22:05:32 org.springframework.beans.factory.support.AbstractBeanDefinitionReader.loadBeanDefinitions(AbstractBeanDefinitionReader.java:224)  Loaded 31 bean definitions from location pattern [applicationContext.xml]
2016-12-25 22:05:32 org.springframework.context.support.AbstractApplicationContext.obtainFreshBeanFactory(AbstractApplicationContext.java:616)  Bean factory for org.springframework.context.support.ClassPathXmlApplicationContext@7cf10a6f: org.springframework.beans.factory.support.DefaultListableBeanFactory@1c72da34: defining beans [deptController,empController,goodsController,managerController,noInterceptor,roleController,urlTrans,userController,userGnController,dept,user,deptServiceImpl,empServiceImpl,goodsServiceImpl,roleServiceImpl,userServiceImpl,org.springframework.context.annotation.internalConfigurationAnnotationProcessor,org.springframework.context.annotation.internalAutowiredAnnotationProcessor,org.springframework.context.annotation.internalRequiredAnnotationProcessor,org.springframework.context.annotation.internalCommonAnnotationProcessor,org.springframework.context.event.internalEventListenerProcessor,org.springframework.context.event.internalEventListenerFactory,dataSource123,sqlSessionFactory,org.mybatis.spring.mapper.MapperScannerConfigurer#0,txManager,org.springframework.transaction.config.internalTransactionalEventListenerFactory,org.springframework.aop.config.internalAutoProxyCreator,org.springframework.transaction.annotation.AnnotationTransactionAttributeSource#0,org.springframework.transaction.interceptor.TransactionInterceptor#0,org.springframework.transaction.config.internalTransactionAdvisor]; root of factory hierarchy
2016-12-25 22:05:32 org.springframework.beans.factory.support.DefaultSingletonBeanRegistry.getSingleton(DefaultSingletonBeanRegistry.java:221)  Creating shared instance of singleton bean 'org.springframework.context.annotation.internalConfigurationAnnotationProcessor'
2016-12-25 22:05:32 org.springframework.beans.factory.support.AbstractAutowireCapableBeanFactory.createBean(AbstractAutowireCapableBeanFactory.java:448)  Creating instance of bean 'org.springframework.context.annotation.internalConfigurationAnnotationProcessor'
2016-12-25 22:05:32 org.springframework.beans.factory.support.AbstractAutowireCapableBeanFactory.doCreateBean(AbstractAutowireCapableBeanFactory.java:537)  Eagerly caching bean 'org.springframework.context.annotation.internalConfigurationAnnotationProcessor' to allow for resolving potential circular references
2016-12-25 22:05:32 org.springframework.beans.factory.support.AbstractAutowireCapableBeanFactory.createBean(AbstractAutowireCapableBeanFactory.java:484)  Finished creating instance of bean 'org.springframework.context.annotation.internalConfigurationAnnotationProcessor'
2016-12-25 22:05:32 org.springframework.beans.factory.support.DefaultSingletonBeanRegistry.getSingleton(DefaultSingletonBeanRegistry.java:221)  Creating shared instance of singleton bean 'org.mybatis.spring.mapper.MapperScannerConfigurer#0'
2016-12-25 22:05:32 org.springframework.beans.factory.support.AbstractAutowireCapableBeanFactory.createBean(AbstractAutowireCapableBeanFactory.java:448)  Creating instance of bean 'org.mybatis.spring.mapper.MapperScannerConfigurer#0'
2016-12-25 22:05:32 org.springframework.beans.factory.support.AbstractAutowireCapableBeanFactory.doCreateBean(AbstractAutowireCapableBeanFactory.java:537)  Eagerly caching bean 'org.mybatis.spring.mapper.MapperScannerConfigurer#0' to allow for resolving potential circular references
2016-12-25 22:05:32 org.springframework.beans.factory.support.AbstractAutowireCapableBeanFactory.invokeInitMethods(AbstractAutowireCapableBeanFactory.java:1625)  Invoking afterPropertiesSet() on bean with name 'org.mybatis.spring.mapper.MapperScannerConfigurer#0'
2016-12-25 22:05:32 org.springframework.beans.factory.support.AbstractAutowireCapableBeanFactory.createBean(AbstractAutowireCapableBeanFactory.java:484)  Finished creating instance of bean 'org.mybatis.spring.mapper.MapperScannerConfigurer#0'
2016-12-25 22:05:32 org.springframework.core.env.MutablePropertySources.addLast(MutablePropertySources.java:109)  Adding [systemProperties] PropertySource with lowest search precedence
2016-12-25 22:05:32 org.springframework.core.env.MutablePropertySources.addLast(MutablePropertySources.java:109)  Adding [systemEnvironment] PropertySource with lowest search precedence
2016-12-25 22:05:32 org.springframework.core.env.AbstractEnvironment.<init>(AbstractEnvironment.java:124)  Initialized StandardEnvironment with PropertySources [systemProperties,systemEnvironment]
2016-12-25 22:05:32 org.springframework.core.io.support.PathMatchingResourcePatternResolver.findAllClassPathResources(PathMatchingResourcePatternResolver.java:317)  Resolved classpath location [com/ssm/dao/] to resources [URL [file:/D:/Workspaces/SSMjspDemo/out/production/SSMjspDemo/com/ssm/dao/]]
2016-12-25 22:05:32 org.springframework.core.io.support.PathMatchingResourcePatternResolver.doFindMatchingFileSystemResources(PathMatchingResourcePatternResolver.java:711)  Looking for matching resources in directory tree [D:\Workspaces\SSMjspDemo\out\production\SSMjspDemo\com\ssm\dao]
2016-12-25 22:05:32 org.springframework.core.io.support.PathMatchingResourcePatternResolver.doRetrieveMatchingFiles(PathMatchingResourcePatternResolver.java:773)  Searching directory [D:\Workspaces\SSMjspDemo\out\production\SSMjspDemo\com\ssm\dao] for files matching pattern [D:/Workspaces/SSMjspDemo/out/production/SSMjspDemo/com/ssm/dao/**/*.class]
2016-12-25 22:05:32 org.springframework.core.io.support.PathMatchingResourcePatternResolver.findPathMatchingResources(PathMatchingResourcePatternResolver.java:483)  Resolved location pattern [classpath*:com/ssm/dao/**/*.class] to resources [file [D:\Workspaces\SSMjspDemo\out\production\SSMjspDemo\com\ssm\dao\AuthDao.class], file [D:\Workspaces\SSMjspDemo\out\production\SSMjspDemo\com\ssm\dao\AuthgroupDao.class], file [D:\Workspaces\SSMjspDemo\out\production\SSMjspDemo\com\ssm\dao\DeptDao.class], file [D:\Workspaces\SSMjspDemo\out\production\SSMjspDemo\com\ssm\dao\EmpDao.class], file [D:\Workspaces\SSMjspDemo\out\production\SSMjspDemo\com\ssm\dao\GoodsDao.class], file [D:\Workspaces\SSMjspDemo\out\production\SSMjspDemo\com\ssm\dao\RoleDao.class], file [D:\Workspaces\SSMjspDemo\out\production\SSMjspDemo\com\ssm\dao\UserDao.class]]
2016-12-25 22:05:32 org.springframework.context.annotation.ClassPathScanningCandidateComponentProvider.findCandidateComponents(ClassPathScanningCandidateComponentProvider.java:286)  Identified candidate component class: file [D:\Workspaces\SSMjspDemo\out\production\SSMjspDemo\com\ssm\dao\AuthDao.class]
2016-12-25 22:05:32 org.springframework.context.annotation.ClassPathScanningCandidateComponentProvider.findCandidateComponents(ClassPathScanningCandidateComponentProvider.java:286)  Identified candidate component class: file [D:\Workspaces\SSMjspDemo\out\production\SSMjspDemo\com\ssm\dao\AuthgroupDao.class]
2016-12-25 22:05:32 org.springframework.context.annotation.ClassPathScanningCandidateComponentProvider.findCandidateComponents(ClassPathScanningCandidateComponentProvider.java:286)  Identified candidate component class: file [D:\Workspaces\SSMjspDemo\out\production\SSMjspDemo\com\ssm\dao\DeptDao.class]
2016-12-25 22:05:32 org.springframework.context.annotation.ClassPathScanningCandidateComponentProvider.findCandidateComponents(ClassPathScanningCandidateComponentProvider.java:286)  Identified candidate component class: file [D:\Workspaces\SSMjspDemo\out\production\SSMjspDemo\com\ssm\dao\EmpDao.class]
2016-12-25 22:05:32 org.springframework.context.annotation.ClassPathScanningCandidateComponentProvider.findCandidateComponents(ClassPathScanningCandidateComponentProvider.java:286)  Identified candidate component class: file [D:\Workspaces\SSMjspDemo\out\production\SSMjspDemo\com\ssm\dao\GoodsDao.class]
2016-12-25 22:05:32 org.springframework.context.annotation.ClassPathScanningCandidateComponentProvider.findCandidateComponents(ClassPathScanningCandidateComponentProvider.java:286)  Identified candidate component class: file [D:\Workspaces\SSMjspDemo\out\production\SSMjspDemo\com\ssm\dao\RoleDao.class]
2016-12-25 22:05:32 org.springframework.context.annotation.ClassPathScanningCandidateComponentProvider.findCandidateComponents(ClassPathScanningCandidateComponentProvider.java:286)  Identified candidate component class: file [D:\Workspaces\SSMjspDemo\out\production\SSMjspDemo\com\ssm\dao\UserDao.class]
2016-12-25 22:05:32 org.mybatis.spring.mapper.ClassPathMapperScanner.processBeanDefinitions(ClassPathMapperScanner.java:181)  Creating MapperFactoryBean with name 'authDao' and 'com.ssm.dao.AuthDao' mapperInterface
2016-12-25 22:05:32 org.mybatis.spring.mapper.ClassPathMapperScanner.processBeanDefinitions(ClassPathMapperScanner.java:181)  Creating MapperFactoryBean with name 'authgroupDao' and 'com.ssm.dao.AuthgroupDao' mapperInterface
2016-12-25 22:05:32 org.mybatis.spring.mapper.ClassPathMapperScanner.processBeanDefinitions(ClassPathMapperScanner.java:181)  Creating MapperFactoryBean with name 'deptDao' and 'com.ssm.dao.DeptDao' mapperInterface
2016-12-25 22:05:32 org.mybatis.spring.mapper.ClassPathMapperScanner.processBeanDefinitions(ClassPathMapperScanner.java:181)  Creating MapperFactoryBean with name 'empDao' and 'com.ssm.dao.EmpDao' mapperInterface
2016-12-25 22:05:32 org.mybatis.spring.mapper.ClassPathMapperScanner.processBeanDefinitions(ClassPathMapperScanner.java:181)  Creating MapperFactoryBean with name 'goodsDao' and 'com.ssm.dao.GoodsDao' mapperInterface
2016-12-25 22:05:32 org.mybatis.spring.mapper.ClassPathMapperScanner.processBeanDefinitions(ClassPathMapperScanner.java:181)  Creating MapperFactoryBean with name 'roleDao' and 'com.ssm.dao.RoleDao' mapperInterface
2016-12-25 22:05:32 org.mybatis.spring.mapper.ClassPathMapperScanner.processBeanDefinitions(ClassPathMapperScanner.java:181)  Creating MapperFactoryBean with name 'userDao' and 'com.ssm.dao.UserDao' mapperInterface
2016-12-25 22:05:32 org.springframework.beans.factory.support.DefaultSingletonBeanRegistry.getSingleton(DefaultSingletonBeanRegistry.java:221)  Creating shared instance of singleton bean 'org.springframework.context.annotation.internalAutowiredAnnotationProcessor'
2016-12-25 22:05:32 org.springframework.beans.factory.support.AbstractAutowireCapableBeanFactory.createBean(AbstractAutowireCapableBeanFactory.java:448)  Creating instance of bean 'org.springframework.context.annotation.internalAutowiredAnnotationProcessor'
2016-12-25 22:05:32 org.springframework.beans.factory.support.AbstractAutowireCapableBeanFactory.doCreateBean(AbstractAutowireCapableBeanFactory.java:537)  Eagerly caching bean 'org.springframework.context.annotation.internalAutowiredAnnotationProcessor' to allow for resolving potential circular references
2016-12-25 22:05:32 org.springframework.beans.factory.support.AbstractAutowireCapableBeanFactory.createBean(AbstractAutowireCapableBeanFactory.java:484)  Finished creating instance of bean 'org.springframework.context.annotation.internalAutowiredAnnotationProcessor'
2016-12-25 22:05:32 org.springframework.beans.factory.support.DefaultSingletonBeanRegistry.getSingleton(DefaultSingletonBeanRegistry.java:221)  Creating shared instance of singleton bean 'org.springframework.context.annotation.internalRequiredAnnotationProcessor'
2016-12-25 22:05:32 org.springframework.beans.factory.support.AbstractAutowireCapableBeanFactory.createBean(AbstractAutowireCapableBeanFactory.java:448)  Creating instance of bean 'org.springframework.context.annotation.internalRequiredAnnotationProcessor'
2016-12-25 22:05:32 org.springframework.beans.factory.support.AbstractAutowireCapableBeanFactory.doCreateBean(AbstractAutowireCapableBeanFactory.java:537)  Eagerly caching bean 'org.springframework.context.annotation.internalRequiredAnnotationProcessor' to allow for resolving potential circular references
2016-12-25 22:05:32 org.springframework.beans.factory.support.AbstractAutowireCapableBeanFactory.createBean(AbstractAutowireCapableBeanFactory.java:484)  Finished creating instance of bean 'org.springframework.context.annotation.internalRequiredAnnotationProcessor'
2016-12-25 22:05:32 org.springframework.beans.factory.support.DefaultSingletonBeanRegistry.getSingleton(DefaultSingletonBeanRegistry.java:221)  Creating shared instance of singleton bean 'org.springframework.context.annotation.internalCommonAnnotationProcessor'
2016-12-25 22:05:32 org.springframework.beans.factory.support.AbstractAutowireCapableBeanFactory.createBean(AbstractAutowireCapableBeanFactory.java:448)  Creating instance of bean 'org.springframework.context.annotation.internalCommonAnnotationProcessor'
2016-12-25 22:05:32 org.springframework.beans.factory.support.AbstractAutowireCapableBeanFactory.doCreateBean(AbstractAutowireCapableBeanFactory.java:537)  Eagerly caching bean 'org.springframework.context.annotation.internalCommonAnnotationProcessor' to allow for resolving potential circular references
2016-12-25 22:05:32 org.springframework.beans.factory.support.AbstractAutowireCapableBeanFactory.createBean(AbstractAutowireCapableBeanFactory.java:484)  Finished creating instance of bean 'org.springframework.context.annotation.internalCommonAnnotationProcessor'
2016-12-25 22:05:32 org.springframework.beans.factory.support.DefaultSingletonBeanRegistry.getSingleton(DefaultSingletonBeanRegistry.java:221)  Creating shared instance of singleton bean 'org.springframework.context.annotation.ConfigurationClassPostProcessor.importAwareProcessor'
2016-12-25 22:05:32 org.springframework.beans.factory.support.AbstractAutowireCapableBeanFactory.createBean(AbstractAutowireCapableBeanFactory.java:448)  Creating instance of bean 'org.springframework.context.annotation.ConfigurationClassPostProcessor.importAwareProcessor'
2016-12-25 22:05:32 org.springframework.beans.factory.support.AbstractAutowireCapableBeanFactory.doCreateBean(AbstractAutowireCapableBeanFactory.java:537)  Eagerly caching bean 'org.springframework.context.annotation.ConfigurationClassPostProcessor.importAwareProcessor' to allow for resolving potential circular references
2016-12-25 22:05:32 org.springframework.beans.factory.support.AbstractAutowireCapableBeanFactory.createBean(AbstractAutowireCapableBeanFactory.java:484)  Finished creating instance of bean 'org.springframework.context.annotation.ConfigurationClassPostProcessor.importAwareProcessor'
2016-12-25 22:05:32 org.springframework.beans.factory.support.DefaultSingletonBeanRegistry.getSingleton(DefaultSingletonBeanRegistry.java:221)  Creating shared instance of singleton bean 'org.springframework.context.annotation.ConfigurationClassPostProcessor.enhancedConfigurationProcessor'
2016-12-25 22:05:32 org.springframework.beans.factory.support.AbstractAutowireCapableBeanFactory.createBean(AbstractAutowireCapableBeanFactory.java:448)  Creating instance of bean 'org.springframework.context.annotation.ConfigurationClassPostProcessor.enhancedConfigurationProcessor'
2016-12-25 22:05:32 org.springframework.beans.factory.support.AbstractAutowireCapableBeanFactory.doCreateBean(AbstractAutowireCapableBeanFactory.java:537)  Eagerly caching bean 'org.springframework.context.annotation.ConfigurationClassPostProcessor.enhancedConfigurationProcessor' to allow for resolving potential circular references
2016-12-25 22:05:32 org.springframework.beans.factory.support.AbstractAutowireCapableBeanFactory.createBean(AbstractAutowireCapableBeanFactory.java:484)  Finished creating instance of bean 'org.springframework.context.annotation.ConfigurationClassPostProcessor.enhancedConfigurationProcessor'
2016-12-25 22:05:32 org.springframework.beans.factory.support.DefaultSingletonBeanRegistry.getSingleton(DefaultSingletonBeanRegistry.java:221)  Creating shared instance of singleton bean 'org.springframework.aop.config.internalAutoProxyCreator'
2016-12-25 22:05:32 org.springframework.beans.factory.support.AbstractAutowireCapableBeanFactory.createBean(AbstractAutowireCapableBeanFactory.java:448)  Creating instance of bean 'org.springframework.aop.config.internalAutoProxyCreator'
2016-12-25 22:05:32 org.springframework.beans.factory.support.AbstractAutowireCapableBeanFactory.doCreateBean(AbstractAutowireCapableBeanFactory.java:537)  Eagerly caching bean 'org.springframework.aop.config.internalAutoProxyCreator' to allow for resolving potential circular references
2016-12-25 22:05:32 org.springframework.beans.factory.support.AbstractAutowireCapableBeanFactory.createBean(AbstractAutowireCapableBeanFactory.java:484)  Finished creating instance of bean 'org.springframework.aop.config.internalAutoProxyCreator'
2016-12-25 22:05:32 org.springframework.context.support.AbstractApplicationContext.initMessageSource(AbstractApplicationContext.java:733)  Unable to locate MessageSource with name 'messageSource': using default [org.springframework.context.support.DelegatingMessageSource@3e58a80e]
2016-12-25 22:05:32 org.springframework.context.support.AbstractApplicationContext.initApplicationEventMulticaster(AbstractApplicationContext.java:757)  Unable to locate ApplicationEventMulticaster with name 'applicationEventMulticaster': using default [org.springframework.context.event.SimpleApplicationEventMulticaster@67d48005]
2016-12-25 22:05:32 org.springframework.beans.factory.support.DefaultListableBeanFactory.preInstantiateSingletons(DefaultListableBeanFactory.java:723)  Pre-instantiating singletons in org.springframework.beans.factory.support.DefaultListableBeanFactory@1c72da34: defining beans [deptController,empController,goodsController,managerController,noInterceptor,roleController,urlTrans,userController,userGnController,dept,user,deptServiceImpl,empServiceImpl,goodsServiceImpl,roleServiceImpl,userServiceImpl,org.springframework.context.annotation.internalConfigurationAnnotationProcessor,org.springframework.context.annotation.internalAutowiredAnnotationProcessor,org.springframework.context.annotation.internalRequiredAnnotationProcessor,org.springframework.context.annotation.internalCommonAnnotationProcessor,org.springframework.context.event.internalEventListenerProcessor,org.springframework.context.event.internalEventListenerFactory,dataSource123,sqlSessionFactory,org.mybatis.spring.mapper.MapperScannerConfigurer#0,txManager,org.springframework.transaction.config.internalTransactionalEventListenerFactory,org.springframework.aop.config.internalAutoProxyCreator,org.springframework.transaction.annotation.AnnotationTransactionAttributeSource#0,org.springframework.transaction.interceptor.TransactionInterceptor#0,org.springframework.transaction.config.internalTransactionAdvisor,org.springframework.context.annotation.ConfigurationClassPostProcessor.importAwareProcessor,org.springframework.context.annotation.ConfigurationClassPostProcessor.enhancedConfigurationProcessor,authDao,authgroupDao,deptDao,empDao,goodsDao,roleDao,userDao]; root of factory hierarchy
2016-12-25 22:05:32 org.springframework.beans.factory.support.DefaultSingletonBeanRegistry.getSingleton(DefaultSingletonBeanRegistry.java:221)  Creating shared instance of singleton bean 'deptController'
2016-12-25 22:05:32 org.springframework.beans.factory.support.AbstractAutowireCapableBeanFactory.createBean(AbstractAutowireCapableBeanFactory.java:448)  Creating instance of bean 'deptController'
2016-12-25 22:05:32 org.springframework.beans.factory.annotation.InjectionMetadata.checkConfigMembers(InjectionMetadata.java:72)  Registered injected element on class [com.ssm.action.DeptController]: AutowiredFieldElement for private com.ssm.service.DeptService com.ssm.action.DeptController.deptService
2016-12-25 22:05:32 org.springframework.beans.factory.support.AbstractAutowireCapableBeanFactory.doCreateBean(AbstractAutowireCapableBeanFactory.java:537)  Eagerly caching bean 'deptController' to allow for resolving potential circular references
2016-12-25 22:05:32 org.springframework.beans.factory.annotation.InjectionMetadata.inject(InjectionMetadata.java:86)  Processing injected element of bean 'deptController': AutowiredFieldElement for private com.ssm.service.DeptService com.ssm.action.DeptController.deptService
2016-12-25 22:05:32 org.springframework.beans.factory.support.DefaultSingletonBeanRegistry.getSingleton(DefaultSingletonBeanRegistry.java:221)  Creating shared instance of singleton bean 'deptServiceImpl'
2016-12-25 22:05:32 org.springframework.beans.factory.support.AbstractAutowireCapableBeanFactory.createBean(AbstractAutowireCapableBeanFactory.java:448)  Creating instance of bean 'deptServiceImpl'
2016-12-25 22:05:32 org.springframework.beans.factory.annotation.InjectionMetadata.checkConfigMembers(InjectionMetadata.java:72)  Registered injected element on class [com.ssm.service.impl.DeptServiceImpl]: AutowiredFieldElement for private com.ssm.dao.DeptDao com.ssm.service.impl.DeptServiceImpl.deptDao
2016-12-25 22:05:32 org.springframework.beans.factory.support.AbstractAutowireCapableBeanFactory.doCreateBean(AbstractAutowireCapableBeanFactory.java:537)  Eagerly caching bean 'deptServiceImpl' to allow for resolving potential circular references
2016-12-25 22:05:32 org.springframework.beans.factory.annotation.InjectionMetadata.inject(InjectionMetadata.java:86)  Processing injected element of bean 'deptServiceImpl': AutowiredFieldElement for private com.ssm.dao.DeptDao com.ssm.service.impl.DeptServiceImpl.deptDao
2016-12-25 22:05:32 org.springframework.beans.factory.support.DefaultSingletonBeanRegistry.getSingleton(DefaultSingletonBeanRegistry.java:221)  Creating shared instance of singleton bean 'deptDao'
2016-12-25 22:05:32 org.springframework.beans.factory.support.AbstractAutowireCapableBeanFactory.createBean(AbstractAutowireCapableBeanFactory.java:448)  Creating instance of bean 'deptDao'
2016-12-25 22:05:32 org.springframework.beans.factory.support.AbstractAutowireCapableBeanFactory.doCreateBean(AbstractAutowireCapableBeanFactory.java:537)  Eagerly caching bean 'deptDao' to allow for resolving potential circular references
2016-12-25 22:05:32 org.springframework.beans.factory.support.DefaultSingletonBeanRegistry.getSingleton(DefaultSingletonBeanRegistry.java:221)  Creating shared instance of singleton bean 'sqlSessionFactory'
2016-12-25 22:05:32 org.springframework.beans.factory.support.AbstractAutowireCapableBeanFactory.createBean(AbstractAutowireCapableBeanFactory.java:448)  Creating instance of bean 'sqlSessionFactory'
2016-12-25 22:05:32 org.springframework.beans.factory.support.AbstractAutowireCapableBeanFactory.doCreateBean(AbstractAutowireCapableBeanFactory.java:537)  Eagerly caching bean 'sqlSessionFactory' to allow for resolving potential circular references
2016-12-25 22:05:32 org.springframework.beans.factory.support.DefaultSingletonBeanRegistry.getSingleton(DefaultSingletonBeanRegistry.java:221)  Creating shared instance of singleton bean 'dataSource123'
2016-12-25 22:05:32 org.springframework.beans.factory.support.AbstractAutowireCapableBeanFactory.createBean(AbstractAutowireCapableBeanFactory.java:448)  Creating instance of bean 'dataSource123'
2016-12-25 22:05:32 org.springframework.beans.factory.support.AbstractAutowireCapableBeanFactory.doCreateBean(AbstractAutowireCapableBeanFactory.java:537)  Eagerly caching bean 'dataSource123' to allow for resolving potential circular references
2016-12-25 22:05:32 org.springframework.beans.factory.support.DefaultSingletonBeanRegistry.getSingleton(DefaultSingletonBeanRegistry.java:221)  Creating shared instance of singleton bean 'org.springframework.transaction.config.internalTransactionAdvisor'
2016-12-25 22:05:32 org.springframework.beans.factory.support.AbstractAutowireCapableBeanFactory.createBean(AbstractAutowireCapableBeanFactory.java:448)  Creating instance of bean 'org.springframework.transaction.config.internalTransactionAdvisor'
2016-12-25 22:05:32 org.springframework.beans.factory.support.AbstractAutowireCapableBeanFactory.doCreateBean(AbstractAutowireCapableBeanFactory.java:537)  Eagerly caching bean 'org.springframework.transaction.config.internalTransactionAdvisor' to allow for resolving potential circular references
2016-12-25 22:05:32 org.springframework.beans.factory.support.DefaultSingletonBeanRegistry.getSingleton(DefaultSingletonBeanRegistry.java:221)  Creating shared instance of singleton bean 'org.springframework.transaction.annotation.AnnotationTransactionAttributeSource#0'
2016-12-25 22:05:32 org.springframework.beans.factory.support.AbstractAutowireCapableBeanFactory.createBean(AbstractAutowireCapableBeanFactory.java:448)  Creating instance of bean 'org.springframework.transaction.annotation.AnnotationTransactionAttributeSource#0'
2016-12-25 22:05:32 org.springframework.beans.factory.support.AbstractAutowireCapableBeanFactory.doCreateBean(AbstractAutowireCapableBeanFactory.java:537)  Eagerly caching bean 'org.springframework.transaction.annotation.AnnotationTransactionAttributeSource#0' to allow for resolving potential circular references
2016-12-25 22:05:32 org.springframework.aop.framework.autoproxy.BeanFactoryAdvisorRetrievalHelper.findAdvisorBeans(BeanFactoryAdvisorRetrievalHelper.java:87)  Skipping currently created advisor 'org.springframework.transaction.config.internalTransactionAdvisor'
2016-12-25 22:05:32 org.springframework.beans.factory.support.AbstractAutowireCapableBeanFactory.createBean(AbstractAutowireCapableBeanFactory.java:484)  Finished creating instance of bean 'org.springframework.transaction.annotation.AnnotationTransactionAttributeSource#0'
2016-12-25 22:05:32 org.springframework.beans.factory.support.AbstractAutowireCapableBeanFactory.createBean(AbstractAutowireCapableBeanFactory.java:484)  Finished creating instance of bean 'org.springframework.transaction.config.internalTransactionAdvisor'
2016-12-25 22:05:32 org.springframework.beans.factory.support.AbstractAutowireCapableBeanFactory.createBean(AbstractAutowireCapableBeanFactory.java:484)  Finished creating instance of bean 'dataSource123'
2016-12-25 22:05:32 org.springframework.beans.factory.support.AbstractAutowireCapableBeanFactory.invokeInitMethods(AbstractAutowireCapableBeanFactory.java:1625)  Invoking afterPropertiesSet() on bean with name 'sqlSessionFactory'
2016-12-25 22:05:33 org.apache.ibatis.logging.commons.JakartaCommonsLoggingImpl.debug(JakartaCommonsLoggingImpl.java:54)  Parsed configuration file: 'class path resource [mybatisMapper.xml]'
2016-12-25 22:05:33 org.apache.ibatis.logging.commons.JakartaCommonsLoggingImpl.debug(JakartaCommonsLoggingImpl.java:54)  Property 'mapperLocations' was not specified or no matching resources found
2016-12-25 22:05:33 org.springframework.beans.factory.support.AbstractBeanFactory.doGetBean(AbstractBeanFactory.java:251)  Returning cached instance of singleton bean 'org.springframework.transaction.config.internalTransactionAdvisor'
2016-12-25 22:05:33 org.springframework.beans.factory.support.AbstractAutowireCapableBeanFactory.createBean(AbstractAutowireCapableBeanFactory.java:484)  Finished creating instance of bean 'sqlSessionFactory'
2016-12-25 22:05:33 org.springframework.beans.factory.support.AbstractBeanFactory.doGetBean(AbstractBeanFactory.java:251)  Returning cached instance of singleton bean 'org.springframework.transaction.config.internalTransactionAdvisor'
2016-12-25 22:05:33 org.springframework.beans.factory.support.AbstractAutowireCapableBeanFactory.invokeInitMethods(AbstractAutowireCapableBeanFactory.java:1625)  Invoking afterPropertiesSet() on bean with name 'deptDao'
2016-12-25 22:05:33 org.springframework.beans.factory.support.AbstractBeanFactory.doGetBean(AbstractBeanFactory.java:251)  Returning cached instance of singleton bean 'org.springframework.transaction.config.internalTransactionAdvisor'
2016-12-25 22:05:33 org.springframework.beans.factory.support.AbstractAutowireCapableBeanFactory.createBean(AbstractAutowireCapableBeanFactory.java:484)  Finished creating instance of bean 'deptDao'
2016-12-25 22:05:33 org.springframework.beans.factory.support.AbstractBeanFactory.doGetBean(AbstractBeanFactory.java:251)  Returning cached instance of singleton bean 'org.springframework.transaction.config.internalTransactionAdvisor'
2016-12-25 22:05:33 org.springframework.beans.factory.annotation.AutowiredAnnotationBeanPostProcessor.registerDependentBeans(AutowiredAnnotationBeanPostProcessor.java:539)  Autowiring by type from bean name 'deptServiceImpl' to bean named 'deptDao'
2016-12-25 22:05:33 org.springframework.beans.factory.support.AbstractBeanFactory.doGetBean(AbstractBeanFactory.java:251)  Returning cached instance of singleton bean 'org.springframework.transaction.config.internalTransactionAdvisor'
2016-12-25 22:05:33 org.springframework.beans.factory.support.AbstractAutowireCapableBeanFactory.createBean(AbstractAutowireCapableBeanFactory.java:484)  Finished creating instance of bean 'deptServiceImpl'
2016-12-25 22:05:33 org.springframework.beans.factory.annotation.AutowiredAnnotationBeanPostProcessor.registerDependentBeans(AutowiredAnnotationBeanPostProcessor.java:539)  Autowiring by type from bean name 'deptController' to bean named 'deptServiceImpl'
2016-12-25 22:05:33 org.springframework.beans.factory.support.AbstractBeanFactory.doGetBean(AbstractBeanFactory.java:251)  Returning cached instance of singleton bean 'org.springframework.transaction.config.internalTransactionAdvisor'
2016-12-25 22:05:33 org.springframework.beans.factory.support.AbstractAutowireCapableBeanFactory.createBean(AbstractAutowireCapableBeanFactory.java:484)  Finished creating instance of bean 'deptController'
2016-12-25 22:05:33 org.springframework.beans.factory.support.DefaultSingletonBeanRegistry.getSingleton(DefaultSingletonBeanRegistry.java:221)  Creating shared instance of singleton bean 'empController'
2016-12-25 22:05:33 org.springframework.beans.factory.support.AbstractAutowireCapableBeanFactory.createBean(AbstractAutowireCapableBeanFactory.java:448)  Creating instance of bean 'empController'
2016-12-25 22:05:33 org.springframework.beans.factory.annotation.InjectionMetadata.checkConfigMembers(InjectionMetadata.java:72)  Registered injected element on class [com.ssm.action.EmpController]: AutowiredFieldElement for private com.ssm.service.EmpService com.ssm.action.EmpController.empService
2016-12-25 22:05:33 org.springframework.beans.factory.support.AbstractAutowireCapableBeanFactory.doCreateBean(AbstractAutowireCapableBeanFactory.java:537)  Eagerly caching bean 'empController' to allow for resolving potential circular references
2016-12-25 22:05:33 org.springframework.beans.factory.annotation.InjectionMetadata.inject(InjectionMetadata.java:86)  Processing injected element of bean 'empController': AutowiredFieldElement for private com.ssm.service.EmpService com.ssm.action.EmpController.empService
2016-12-25 22:05:33 org.springframework.beans.factory.support.DefaultSingletonBeanRegistry.getSingleton(DefaultSingletonBeanRegistry.java:221)  Creating shared instance of singleton bean 'empServiceImpl'
2016-12-25 22:05:33 org.springframework.beans.factory.support.AbstractAutowireCapableBeanFactory.createBean(AbstractAutowireCapableBeanFactory.java:448)  Creating instance of bean 'empServiceImpl'
2016-12-25 22:05:33 org.springframework.beans.factory.annotation.InjectionMetadata.checkConfigMembers(InjectionMetadata.java:72)  Registered injected element on class [com.ssm.service.impl.EmpServiceImpl]: AutowiredFieldElement for private com.ssm.dao.EmpDao com.ssm.service.impl.EmpServiceImpl.empDao
2016-12-25 22:05:33 org.springframework.beans.factory.support.AbstractAutowireCapableBeanFactory.doCreateBean(AbstractAutowireCapableBeanFactory.java:537)  Eagerly caching bean 'empServiceImpl' to allow for resolving potential circular references
2016-12-25 22:05:33 org.springframework.beans.factory.annotation.InjectionMetadata.inject(InjectionMetadata.java:86)  Processing injected element of bean 'empServiceImpl': AutowiredFieldElement for private com.ssm.dao.EmpDao com.ssm.service.impl.EmpServiceImpl.empDao
2016-12-25 22:05:33 org.springframework.beans.factory.support.DefaultSingletonBeanRegistry.getSingleton(DefaultSingletonBeanRegistry.java:221)  Creating shared instance of singleton bean 'empDao'
2016-12-25 22:05:33 org.springframework.beans.factory.support.AbstractAutowireCapableBeanFactory.createBean(AbstractAutowireCapableBeanFactory.java:448)  Creating instance of bean 'empDao'
2016-12-25 22:05:33 org.springframework.beans.factory.support.AbstractAutowireCapableBeanFactory.doCreateBean(AbstractAutowireCapableBeanFactory.java:537)  Eagerly caching bean 'empDao' to allow for resolving potential circular references
2016-12-25 22:05:33 org.springframework.beans.factory.support.AbstractBeanFactory.doGetBean(AbstractBeanFactory.java:251)  Returning cached instance of singleton bean 'sqlSessionFactory'
2016-12-25 22:05:33 org.springframework.beans.factory.support.AbstractAutowireCapableBeanFactory.invokeInitMethods(AbstractAutowireCapableBeanFactory.java:1625)  Invoking afterPropertiesSet() on bean with name 'empDao'
2016-12-25 22:05:33 org.springframework.beans.factory.support.AbstractBeanFactory.doGetBean(AbstractBeanFactory.java:251)  Returning cached instance of singleton bean 'org.springframework.transaction.config.internalTransactionAdvisor'
2016-12-25 22:05:33 org.springframework.beans.factory.support.AbstractAutowireCapableBeanFactory.createBean(AbstractAutowireCapableBeanFactory.java:484)  Finished creating instance of bean 'empDao'
2016-12-25 22:05:33 org.springframework.beans.factory.support.AbstractBeanFactory.doGetBean(AbstractBeanFactory.java:251)  Returning cached instance of singleton bean 'org.springframework.transaction.config.internalTransactionAdvisor'
2016-12-25 22:05:33 org.springframework.beans.factory.annotation.AutowiredAnnotationBeanPostProcessor.registerDependentBeans(AutowiredAnnotationBeanPostProcessor.java:539)  Autowiring by type from bean name 'empServiceImpl' to bean named 'empDao'
2016-12-25 22:05:33 org.springframework.beans.factory.support.AbstractBeanFactory.doGetBean(AbstractBeanFactory.java:251)  Returning cached instance of singleton bean 'org.springframework.transaction.config.internalTransactionAdvisor'
2016-12-25 22:05:33 org.springframework.beans.factory.support.AbstractAutowireCapableBeanFactory.createBean(AbstractAutowireCapableBeanFactory.java:484)  Finished creating instance of bean 'empServiceImpl'
2016-12-25 22:05:33 org.springframework.beans.factory.annotation.AutowiredAnnotationBeanPostProcessor.registerDependentBeans(AutowiredAnnotationBeanPostProcessor.java:539)  Autowiring by type from bean name 'empController' to bean named 'empServiceImpl'
2016-12-25 22:05:33 org.springframework.beans.factory.support.AbstractBeanFactory.doGetBean(AbstractBeanFactory.java:251)  Returning cached instance of singleton bean 'org.springframework.transaction.config.internalTransactionAdvisor'
2016-12-25 22:05:33 org.springframework.beans.factory.support.AbstractAutowireCapableBeanFactory.createBean(AbstractAutowireCapableBeanFactory.java:484)  Finished creating instance of bean 'empController'
2016-12-25 22:05:33 org.springframework.beans.factory.support.DefaultSingletonBeanRegistry.getSingleton(DefaultSingletonBeanRegistry.java:221)  Creating shared instance of singleton bean 'goodsController'
2016-12-25 22:05:33 org.springframework.beans.factory.support.AbstractAutowireCapableBeanFactory.createBean(AbstractAutowireCapableBeanFactory.java:448)  Creating instance of bean 'goodsController'
2016-12-25 22:05:33 org.springframework.beans.factory.annotation.InjectionMetadata.checkConfigMembers(InjectionMetadata.java:72)  Registered injected element on class [com.ssm.action.GoodsController]: AutowiredFieldElement for private com.ssm.service.GoodsService com.ssm.action.GoodsController.goodsService
2016-12-25 22:05:33 org.springframework.beans.factory.support.AbstractAutowireCapableBeanFactory.doCreateBean(AbstractAutowireCapableBeanFactory.java:537)  Eagerly caching bean 'goodsController' to allow for resolving potential circular references
2016-12-25 22:05:33 org.springframework.beans.factory.annotation.InjectionMetadata.inject(InjectionMetadata.java:86)  Processing injected element of bean 'goodsController': AutowiredFieldElement for private com.ssm.service.GoodsService com.ssm.action.GoodsController.goodsService
2016-12-25 22:05:33 org.springframework.beans.factory.support.DefaultSingletonBeanRegistry.getSingleton(DefaultSingletonBeanRegistry.java:221)  Creating shared instance of singleton bean 'goodsServiceImpl'
2016-12-25 22:05:33 org.springframework.beans.factory.support.AbstractAutowireCapableBeanFactory.createBean(AbstractAutowireCapableBeanFactory.java:448)  Creating instance of bean 'goodsServiceImpl'
2016-12-25 22:05:33 org.springframework.beans.factory.annotation.InjectionMetadata.checkConfigMembers(InjectionMetadata.java:72)  Registered injected element on class [com.ssm.service.impl.GoodsServiceImpl]: AutowiredFieldElement for private com.ssm.dao.GoodsDao com.ssm.service.impl.GoodsServiceImpl.goodsDao
2016-12-25 22:05:33 org.springframework.beans.factory.support.AbstractAutowireCapableBeanFactory.doCreateBean(AbstractAutowireCapableBeanFactory.java:537)  Eagerly caching bean 'goodsServiceImpl' to allow for resolving potential circular references
2016-12-25 22:05:33 org.springframework.beans.factory.annotation.InjectionMetadata.inject(InjectionMetadata.java:86)  Processing injected element of bean 'goodsServiceImpl': AutowiredFieldElement for private com.ssm.dao.GoodsDao com.ssm.service.impl.GoodsServiceImpl.goodsDao
2016-12-25 22:05:33 org.springframework.beans.factory.support.DefaultSingletonBeanRegistry.getSingleton(DefaultSingletonBeanRegistry.java:221)  Creating shared instance of singleton bean 'goodsDao'
2016-12-25 22:05:33 org.springframework.beans.factory.support.AbstractAutowireCapableBeanFactory.createBean(AbstractAutowireCapableBeanFactory.java:448)  Creating instance of bean 'goodsDao'
2016-12-25 22:05:33 org.springframework.beans.factory.support.AbstractAutowireCapableBeanFactory.doCreateBean(AbstractAutowireCapableBeanFactory.java:537)  Eagerly caching bean 'goodsDao' to allow for resolving potential circular references
2016-12-25 22:05:33 org.springframework.beans.factory.support.AbstractBeanFactory.doGetBean(AbstractBeanFactory.java:251)  Returning cached instance of singleton bean 'sqlSessionFactory'
2016-12-25 22:05:33 org.springframework.beans.factory.support.AbstractAutowireCapableBeanFactory.invokeInitMethods(AbstractAutowireCapableBeanFactory.java:1625)  Invoking afterPropertiesSet() on bean with name 'goodsDao'
2016-12-25 22:05:33 org.springframework.beans.factory.support.AbstractBeanFactory.doGetBean(AbstractBeanFactory.java:251)  Returning cached instance of singleton bean 'org.springframework.transaction.config.internalTransactionAdvisor'
2016-12-25 22:05:33 org.springframework.beans.factory.support.AbstractAutowireCapableBeanFactory.createBean(AbstractAutowireCapableBeanFactory.java:484)  Finished creating instance of bean 'goodsDao'
2016-12-25 22:05:33 org.springframework.beans.factory.support.AbstractBeanFactory.doGetBean(AbstractBeanFactory.java:251)  Returning cached instance of singleton bean 'org.springframework.transaction.config.internalTransactionAdvisor'
2016-12-25 22:05:33 org.springframework.beans.factory.annotation.AutowiredAnnotationBeanPostProcessor.registerDependentBeans(AutowiredAnnotationBeanPostProcessor.java:539)  Autowiring by type from bean name 'goodsServiceImpl' to bean named 'goodsDao'
2016-12-25 22:05:33 org.springframework.beans.factory.support.AbstractBeanFactory.doGetBean(AbstractBeanFactory.java:251)  Returning cached instance of singleton bean 'org.springframework.transaction.config.internalTransactionAdvisor'
2016-12-25 22:05:33 org.springframework.beans.factory.support.AbstractAutowireCapableBeanFactory.createBean(AbstractAutowireCapableBeanFactory.java:484)  Finished creating instance of bean 'goodsServiceImpl'
2016-12-25 22:05:33 org.springframework.beans.factory.annotation.AutowiredAnnotationBeanPostProcessor.registerDependentBeans(AutowiredAnnotationBeanPostProcessor.java:539)  Autowiring by type from bean name 'goodsController' to bean named 'goodsServiceImpl'
2016-12-25 22:05:33 org.springframework.beans.factory.support.AbstractBeanFactory.doGetBean(AbstractBeanFactory.java:251)  Returning cached instance of singleton bean 'org.springframework.transaction.config.internalTransactionAdvisor'
2016-12-25 22:05:33 org.springframework.beans.factory.support.AbstractAutowireCapableBeanFactory.createBean(AbstractAutowireCapableBeanFactory.java:484)  Finished creating instance of bean 'goodsController'
2016-12-25 22:05:33 org.springframework.beans.factory.support.DefaultSingletonBeanRegistry.getSingleton(DefaultSingletonBeanRegistry.java:221)  Creating shared instance of singleton bean 'managerController'
2016-12-25 22:05:33 org.springframework.beans.factory.support.AbstractAutowireCapableBeanFactory.createBean(AbstractAutowireCapableBeanFactory.java:448)  Creating instance of bean 'managerController'
2016-12-25 22:05:33 org.springframework.beans.factory.support.AbstractAutowireCapableBeanFactory.doCreateBean(AbstractAutowireCapableBeanFactory.java:537)  Eagerly caching bean 'managerController' to allow for resolving potential circular references
2016-12-25 22:05:33 org.springframework.beans.factory.support.AbstractBeanFactory.doGetBean(AbstractBeanFactory.java:251)  Returning cached instance of singleton bean 'org.springframework.transaction.config.internalTransactionAdvisor'
2016-12-25 22:05:33 org.springframework.beans.factory.support.AbstractAutowireCapableBeanFactory.createBean(AbstractAutowireCapableBeanFactory.java:484)  Finished creating instance of bean 'managerController'
2016-12-25 22:05:33 org.springframework.beans.factory.support.DefaultSingletonBeanRegistry.getSingleton(DefaultSingletonBeanRegistry.java:221)  Creating shared instance of singleton bean 'noInterceptor'
2016-12-25 22:05:33 org.springframework.beans.factory.support.AbstractAutowireCapableBeanFactory.createBean(AbstractAutowireCapableBeanFactory.java:448)  Creating instance of bean 'noInterceptor'
2016-12-25 22:05:33 org.springframework.beans.factory.annotation.InjectionMetadata.checkConfigMembers(InjectionMetadata.java:72)  Registered injected element on class [com.ssm.action.NoInterceptor]: AutowiredFieldElement for private com.ssm.service.UserService com.ssm.action.NoInterceptor.userService
2016-12-25 22:05:33 org.springframework.beans.factory.support.AbstractAutowireCapableBeanFactory.doCreateBean(AbstractAutowireCapableBeanFactory.java:537)  Eagerly caching bean 'noInterceptor' to allow for resolving potential circular references
2016-12-25 22:05:33 org.springframework.beans.factory.annotation.InjectionMetadata.inject(InjectionMetadata.java:86)  Processing injected element of bean 'noInterceptor': AutowiredFieldElement for private com.ssm.service.UserService com.ssm.action.NoInterceptor.userService
2016-12-25 22:05:33 org.springframework.beans.factory.support.DefaultSingletonBeanRegistry.getSingleton(DefaultSingletonBeanRegistry.java:221)  Creating shared instance of singleton bean 'userServiceImpl'
2016-12-25 22:05:33 org.springframework.beans.factory.support.AbstractAutowireCapableBeanFactory.createBean(AbstractAutowireCapableBeanFactory.java:448)  Creating instance of bean 'userServiceImpl'
2016-12-25 22:05:33 org.springframework.beans.factory.annotation.InjectionMetadata.checkConfigMembers(InjectionMetadata.java:72)  Registered injected element on class [com.ssm.service.impl.UserServiceImpl]: AutowiredFieldElement for private com.ssm.dao.UserDao com.ssm.service.impl.UserServiceImpl.userDao
2016-12-25 22:05:33 org.springframework.beans.factory.support.AbstractAutowireCapableBeanFactory.doCreateBean(AbstractAutowireCapableBeanFactory.java:537)  Eagerly caching bean 'userServiceImpl' to allow for resolving potential circular references
2016-12-25 22:05:33 org.springframework.beans.factory.annotation.InjectionMetadata.inject(InjectionMetadata.java:86)  Processing injected element of bean 'userServiceImpl': AutowiredFieldElement for private com.ssm.dao.UserDao com.ssm.service.impl.UserServiceImpl.userDao
2016-12-25 22:05:33 org.springframework.beans.factory.support.DefaultSingletonBeanRegistry.getSingleton(DefaultSingletonBeanRegistry.java:221)  Creating shared instance of singleton bean 'userDao'
2016-12-25 22:05:33 org.springframework.beans.factory.support.AbstractAutowireCapableBeanFactory.createBean(AbstractAutowireCapableBeanFactory.java:448)  Creating instance of bean 'userDao'
2016-12-25 22:05:33 org.springframework.beans.factory.support.AbstractAutowireCapableBeanFactory.doCreateBean(AbstractAutowireCapableBeanFactory.java:537)  Eagerly caching bean 'userDao' to allow for resolving potential circular references
2016-12-25 22:05:33 org.springframework.beans.factory.support.AbstractBeanFactory.doGetBean(AbstractBeanFactory.java:251)  Returning cached instance of singleton bean 'sqlSessionFactory'
2016-12-25 22:05:33 org.springframework.beans.factory.support.AbstractAutowireCapableBeanFactory.invokeInitMethods(AbstractAutowireCapableBeanFactory.java:1625)  Invoking afterPropertiesSet() on bean with name 'userDao'
2016-12-25 22:05:33 org.springframework.beans.factory.support.AbstractBeanFactory.doGetBean(AbstractBeanFactory.java:251)  Returning cached instance of singleton bean 'org.springframework.transaction.config.internalTransactionAdvisor'
2016-12-25 22:05:33 org.springframework.beans.factory.support.AbstractAutowireCapableBeanFactory.createBean(AbstractAutowireCapableBeanFactory.java:484)  Finished creating instance of bean 'userDao'
2016-12-25 22:05:33 org.springframework.beans.factory.support.AbstractBeanFactory.doGetBean(AbstractBeanFactory.java:251)  Returning cached instance of singleton bean 'org.springframework.transaction.config.internalTransactionAdvisor'
2016-12-25 22:05:33 org.springframework.beans.factory.annotation.AutowiredAnnotationBeanPostProcessor.registerDependentBeans(AutowiredAnnotationBeanPostProcessor.java:539)  Autowiring by type from bean name 'userServiceImpl' to bean named 'userDao'
2016-12-25 22:05:33 org.springframework.beans.factory.support.AbstractBeanFactory.doGetBean(AbstractBeanFactory.java:251)  Returning cached instance of singleton bean 'org.springframework.transaction.config.internalTransactionAdvisor'
2016-12-25 22:05:33 org.springframework.beans.factory.support.AbstractAutowireCapableBeanFactory.createBean(AbstractAutowireCapableBeanFactory.java:484)  Finished creating instance of bean 'userServiceImpl'
2016-12-25 22:05:33 org.springframework.beans.factory.annotation.AutowiredAnnotationBeanPostProcessor.registerDependentBeans(AutowiredAnnotationBeanPostProcessor.java:539)  Autowiring by type from bean name 'noInterceptor' to bean named 'userServiceImpl'
2016-12-25 22:05:33 org.springframework.beans.factory.support.AbstractBeanFactory.doGetBean(AbstractBeanFactory.java:251)  Returning cached instance of singleton bean 'org.springframework.transaction.config.internalTransactionAdvisor'
2016-12-25 22:05:33 org.springframework.beans.factory.support.AbstractAutowireCapableBeanFactory.createBean(AbstractAutowireCapableBeanFactory.java:484)  Finished creating instance of bean 'noInterceptor'
2016-12-25 22:05:33 org.springframework.beans.factory.support.DefaultSingletonBeanRegistry.getSingleton(DefaultSingletonBeanRegistry.java:221)  Creating shared instance of singleton bean 'roleController'
2016-12-25 22:05:33 org.springframework.beans.factory.support.AbstractAutowireCapableBeanFactory.createBean(AbstractAutowireCapableBeanFactory.java:448)  Creating instance of bean 'roleController'
2016-12-25 22:05:33 org.springframework.beans.factory.annotation.InjectionMetadata.checkConfigMembers(InjectionMetadata.java:72)  Registered injected element on class [com.ssm.action.RoleController]: AutowiredFieldElement for private com.ssm.service.RoleService com.ssm.action.RoleController.roleService
2016-12-25 22:05:33 org.springframework.beans.factory.support.AbstractAutowireCapableBeanFactory.doCreateBean(AbstractAutowireCapableBeanFactory.java:537)  Eagerly caching bean 'roleController' to allow for resolving potential circular references
2016-12-25 22:05:33 org.springframework.beans.factory.annotation.InjectionMetadata.inject(InjectionMetadata.java:86)  Processing injected element of bean 'roleController': AutowiredFieldElement for private com.ssm.service.RoleService com.ssm.action.RoleController.roleService
2016-12-25 22:05:33 org.springframework.beans.factory.support.DefaultSingletonBeanRegistry.getSingleton(DefaultSingletonBeanRegistry.java:221)  Creating shared instance of singleton bean 'roleServiceImpl'
2016-12-25 22:05:33 org.springframework.beans.factory.support.AbstractAutowireCapableBeanFactory.createBean(AbstractAutowireCapableBeanFactory.java:448)  Creating instance of bean 'roleServiceImpl'
2016-12-25 22:05:33 org.springframework.beans.factory.annotation.InjectionMetadata.checkConfigMembers(InjectionMetadata.java:72)  Registered injected element on class [com.ssm.service.impl.RoleServiceImpl]: AutowiredFieldElement for private com.ssm.dao.RoleDao com.ssm.service.impl.RoleServiceImpl.roleDao
2016-12-25 22:05:33 org.springframework.beans.factory.support.AbstractAutowireCapableBeanFactory.doCreateBean(AbstractAutowireCapableBeanFactory.java:537)  Eagerly caching bean 'roleServiceImpl' to allow for resolving potential circular references
2016-12-25 22:05:33 org.springframework.beans.factory.annotation.InjectionMetadata.inject(InjectionMetadata.java:86)  Processing injected element of bean 'roleServiceImpl': AutowiredFieldElement for private com.ssm.dao.RoleDao com.ssm.service.impl.RoleServiceImpl.roleDao
2016-12-25 22:05:33 org.springframework.beans.factory.support.DefaultSingletonBeanRegistry.getSingleton(DefaultSingletonBeanRegistry.java:221)  Creating shared instance of singleton bean 'roleDao'
2016-12-25 22:05:33 org.springframework.beans.factory.support.AbstractAutowireCapableBeanFactory.createBean(AbstractAutowireCapableBeanFactory.java:448)  Creating instance of bean 'roleDao'
2016-12-25 22:05:33 org.springframework.beans.factory.support.AbstractAutowireCapableBeanFactory.doCreateBean(AbstractAutowireCapableBeanFactory.java:537)  Eagerly caching bean 'roleDao' to allow for resolving potential circular references
2016-12-25 22:05:33 org.springframework.beans.factory.support.AbstractBeanFactory.doGetBean(AbstractBeanFactory.java:251)  Returning cached instance of singleton bean 'sqlSessionFactory'
2016-12-25 22:05:33 org.springframework.beans.factory.support.AbstractAutowireCapableBeanFactory.invokeInitMethods(AbstractAutowireCapableBeanFactory.java:1625)  Invoking afterPropertiesSet() on bean with name 'roleDao'
2016-12-25 22:05:33 org.springframework.beans.factory.support.AbstractBeanFactory.doGetBean(AbstractBeanFactory.java:251)  Returning cached instance of singleton bean 'org.springframework.transaction.config.internalTransactionAdvisor'
2016-12-25 22:05:33 org.springframework.beans.factory.support.AbstractAutowireCapableBeanFactory.createBean(AbstractAutowireCapableBeanFactory.java:484)  Finished creating instance of bean 'roleDao'
2016-12-25 22:05:33 org.springframework.beans.factory.support.AbstractBeanFactory.doGetBean(AbstractBeanFactory.java:251)  Returning cached instance of singleton bean 'org.springframework.transaction.config.internalTransactionAdvisor'
2016-12-25 22:05:33 org.springframework.beans.factory.annotation.AutowiredAnnotationBeanPostProcessor.registerDependentBeans(AutowiredAnnotationBeanPostProcessor.java:539)  Autowiring by type from bean name 'roleServiceImpl' to bean named 'roleDao'
2016-12-25 22:05:33 org.springframework.beans.factory.support.AbstractBeanFactory.doGetBean(AbstractBeanFactory.java:251)  Returning cached instance of singleton bean 'org.springframework.transaction.config.internalTransactionAdvisor'
2016-12-25 22:05:33 org.springframework.beans.factory.support.AbstractAutowireCapableBeanFactory.createBean(AbstractAutowireCapableBeanFactory.java:484)  Finished creating instance of bean 'roleServiceImpl'
2016-12-25 22:05:33 org.springframework.beans.factory.annotation.AutowiredAnnotationBeanPostProcessor.registerDependentBeans(AutowiredAnnotationBeanPostProcessor.java:539)  Autowiring by type from bean name 'roleController' to bean named 'roleServiceImpl'
2016-12-25 22:05:33 org.springframework.beans.factory.support.AbstractBeanFactory.doGetBean(AbstractBeanFactory.java:251)  Returning cached instance of singleton bean 'org.springframework.transaction.config.internalTransactionAdvisor'
2016-12-25 22:05:33 org.springframework.beans.factory.support.AbstractAutowireCapableBeanFactory.createBean(AbstractAutowireCapableBeanFactory.java:484)  Finished creating instance of bean 'roleController'
2016-12-25 22:05:33 org.springframework.beans.factory.support.DefaultSingletonBeanRegistry.getSingleton(DefaultSingletonBeanRegistry.java:221)  Creating shared instance of singleton bean 'urlTrans'
2016-12-25 22:05:33 org.springframework.beans.factory.support.AbstractAutowireCapableBeanFactory.createBean(AbstractAutowireCapableBeanFactory.java:448)  Creating instance of bean 'urlTrans'
2016-12-25 22:05:33 org.springframework.beans.factory.support.AbstractAutowireCapableBeanFactory.doCreateBean(AbstractAutowireCapableBeanFactory.java:537)  Eagerly caching bean 'urlTrans' to allow for resolving potential circular references
2016-12-25 22:05:33 org.springframework.beans.factory.support.AbstractBeanFactory.doGetBean(AbstractBeanFactory.java:251)  Returning cached instance of singleton bean 'org.springframework.transaction.config.internalTransactionAdvisor'
2016-12-25 22:05:33 org.springframework.beans.factory.support.AbstractAutowireCapableBeanFactory.createBean(AbstractAutowireCapableBeanFactory.java:484)  Finished creating instance of bean 'urlTrans'
2016-12-25 22:05:33 org.springframework.beans.factory.support.DefaultSingletonBeanRegistry.getSingleton(DefaultSingletonBeanRegistry.java:221)  Creating shared instance of singleton bean 'userController'
2016-12-25 22:05:33 org.springframework.beans.factory.support.AbstractAutowireCapableBeanFactory.createBean(AbstractAutowireCapableBeanFactory.java:448)  Creating instance of bean 'userController'
2016-12-25 22:05:33 org.springframework.beans.factory.annotation.InjectionMetadata.checkConfigMembers(InjectionMetadata.java:72)  Registered injected element on class [com.ssm.action.UserController]: AutowiredFieldElement for private com.ssm.service.EmpService com.ssm.action.UserController.empService
2016-12-25 22:05:33 org.springframework.beans.factory.support.AbstractAutowireCapableBeanFactory.doCreateBean(AbstractAutowireCapableBeanFactory.java:537)  Eagerly caching bean 'userController' to allow for resolving potential circular references
2016-12-25 22:05:33 org.springframework.beans.factory.annotation.InjectionMetadata.inject(InjectionMetadata.java:86)  Processing injected element of bean 'userController': AutowiredFieldElement for private com.ssm.service.EmpService com.ssm.action.UserController.empService
2016-12-25 22:05:33 org.springframework.beans.factory.support.AbstractBeanFactory.doGetBean(AbstractBeanFactory.java:251)  Returning cached instance of singleton bean 'empServiceImpl'
2016-12-25 22:05:33 org.springframework.beans.factory.annotation.AutowiredAnnotationBeanPostProcessor.registerDependentBeans(AutowiredAnnotationBeanPostProcessor.java:539)  Autowiring by type from bean name 'userController' to bean named 'empServiceImpl'
2016-12-25 22:05:33 org.springframework.beans.factory.support.AbstractBeanFactory.doGetBean(AbstractBeanFactory.java:251)  Returning cached instance of singleton bean 'org.springframework.transaction.config.internalTransactionAdvisor'
2016-12-25 22:05:33 org.springframework.beans.factory.support.AbstractAutowireCapableBeanFactory.createBean(AbstractAutowireCapableBeanFactory.java:484)  Finished creating instance of bean 'userController'
2016-12-25 22:05:33 org.springframework.beans.factory.support.DefaultSingletonBeanRegistry.getSingleton(DefaultSingletonBeanRegistry.java:221)  Creating shared instance of singleton bean 'userGnController'
2016-12-25 22:05:33 org.springframework.beans.factory.support.AbstractAutowireCapableBeanFactory.createBean(AbstractAutowireCapableBeanFactory.java:448)  Creating instance of bean 'userGnController'
2016-12-25 22:05:33 org.springframework.beans.factory.annotation.InjectionMetadata.checkConfigMembers(InjectionMetadata.java:72)  Registered injected element on class [com.ssm.action.UserGnController]: AutowiredFieldElement for private com.ssm.service.EmpService com.ssm.action.UserGnController.empService
2016-12-25 22:05:33 org.springframework.beans.factory.support.AbstractAutowireCapableBeanFactory.doCreateBean(AbstractAutowireCapableBeanFactory.java:537)  Eagerly caching bean 'userGnController' to allow for resolving potential circular references
2016-12-25 22:05:33 org.springframework.beans.factory.annotation.InjectionMetadata.inject(InjectionMetadata.java:86)  Processing injected element of bean 'userGnController': AutowiredFieldElement for private com.ssm.service.EmpService com.ssm.action.UserGnController.empService
2016-12-25 22:05:33 org.springframework.beans.factory.support.AbstractBeanFactory.doGetBean(AbstractBeanFactory.java:251)  Returning cached instance of singleton bean 'empServiceImpl'
2016-12-25 22:05:33 org.springframework.beans.factory.annotation.AutowiredAnnotationBeanPostProcessor.registerDependentBeans(AutowiredAnnotationBeanPostProcessor.java:539)  Autowiring by type from bean name 'userGnController' to bean named 'empServiceImpl'
2016-12-25 22:05:33 org.springframework.beans.factory.support.AbstractBeanFactory.doGetBean(AbstractBeanFactory.java:251)  Returning cached instance of singleton bean 'org.springframework.transaction.config.internalTransactionAdvisor'
2016-12-25 22:05:33 org.springframework.beans.factory.support.AbstractAutowireCapableBeanFactory.createBean(AbstractAutowireCapableBeanFactory.java:484)  Finished creating instance of bean 'userGnController'
2016-12-25 22:05:33 org.springframework.beans.factory.support.DefaultSingletonBeanRegistry.getSingleton(DefaultSingletonBeanRegistry.java:221)  Creating shared instance of singleton bean 'dept'
2016-12-25 22:05:33 org.springframework.beans.factory.support.AbstractAutowireCapableBeanFactory.createBean(AbstractAutowireCapableBeanFactory.java:448)  Creating instance of bean 'dept'
2016-12-25 22:05:33 org.springframework.beans.factory.support.AbstractAutowireCapableBeanFactory.doCreateBean(AbstractAutowireCapableBeanFactory.java:537)  Eagerly caching bean 'dept' to allow for resolving potential circular references
2016-12-25 22:05:33 org.springframework.beans.factory.support.AbstractBeanFactory.doGetBean(AbstractBeanFactory.java:251)  Returning cached instance of singleton bean 'org.springframework.transaction.config.internalTransactionAdvisor'
2016-12-25 22:05:33 org.springframework.beans.factory.support.AbstractAutowireCapableBeanFactory.createBean(AbstractAutowireCapableBeanFactory.java:484)  Finished creating instance of bean 'dept'
2016-12-25 22:05:33 org.springframework.beans.factory.support.DefaultSingletonBeanRegistry.getSingleton(DefaultSingletonBeanRegistry.java:221)  Creating shared instance of singleton bean 'user'
2016-12-25 22:05:33 org.springframework.beans.factory.support.AbstractAutowireCapableBeanFactory.createBean(AbstractAutowireCapableBeanFactory.java:448)  Creating instance of bean 'user'
2016-12-25 22:05:33 org.springframework.beans.factory.support.AbstractAutowireCapableBeanFactory.doCreateBean(AbstractAutowireCapableBeanFactory.java:537)  Eagerly caching bean 'user' to allow for resolving potential circular references
2016-12-25 22:05:33 org.springframework.beans.factory.support.AbstractBeanFactory.doGetBean(AbstractBeanFactory.java:251)  Returning cached instance of singleton bean 'org.springframework.transaction.config.internalTransactionAdvisor'
2016-12-25 22:05:33 org.springframework.beans.factory.support.AbstractAutowireCapableBeanFactory.createBean(AbstractAutowireCapableBeanFactory.java:484)  Finished creating instance of bean 'user'
2016-12-25 22:05:33 org.springframework.beans.factory.support.AbstractBeanFactory.doGetBean(AbstractBeanFactory.java:251)  Returning cached instance of singleton bean 'deptServiceImpl'
2016-12-25 22:05:33 org.springframework.beans.factory.support.AbstractBeanFactory.doGetBean(AbstractBeanFactory.java:251)  Returning cached instance of singleton bean 'empServiceImpl'
2016-12-25 22:05:33 org.springframework.beans.factory.support.AbstractBeanFactory.doGetBean(AbstractBeanFactory.java:251)  Returning cached instance of singleton bean 'goodsServiceImpl'
2016-12-25 22:05:33 org.springframework.beans.factory.support.AbstractBeanFactory.doGetBean(AbstractBeanFactory.java:251)  Returning cached instance of singleton bean 'roleServiceImpl'
2016-12-25 22:05:33 org.springframework.beans.factory.support.AbstractBeanFactory.doGetBean(AbstractBeanFactory.java:251)  Returning cached instance of singleton bean 'userServiceImpl'
2016-12-25 22:05:33 org.springframework.beans.factory.support.AbstractBeanFactory.doGetBean(AbstractBeanFactory.java:251)  Returning cached instance of singleton bean 'org.springframework.context.annotation.internalConfigurationAnnotationProcessor'
2016-12-25 22:05:33 org.springframework.beans.factory.support.AbstractBeanFactory.doGetBean(AbstractBeanFactory.java:251)  Returning cached instance of singleton bean 'org.springframework.context.annotation.internalAutowiredAnnotationProcessor'
2016-12-25 22:05:33 org.springframework.beans.factory.support.AbstractBeanFactory.doGetBean(AbstractBeanFactory.java:251)  Returning cached instance of singleton bean 'org.springframework.context.annotation.internalRequiredAnnotationProcessor'
2016-12-25 22:05:33 org.springframework.beans.factory.support.AbstractBeanFactory.doGetBean(AbstractBeanFactory.java:251)  Returning cached instance of singleton bean 'org.springframework.context.annotation.internalCommonAnnotationProcessor'
2016-12-25 22:05:33 org.springframework.beans.factory.support.DefaultSingletonBeanRegistry.getSingleton(DefaultSingletonBeanRegistry.java:221)  Creating shared instance of singleton bean 'org.springframework.context.event.internalEventListenerProcessor'
2016-12-25 22:05:33 org.springframework.beans.factory.support.AbstractAutowireCapableBeanFactory.createBean(AbstractAutowireCapableBeanFactory.java:448)  Creating instance of bean 'org.springframework.context.event.internalEventListenerProcessor'
2016-12-25 22:05:33 org.springframework.beans.factory.support.AbstractAutowireCapableBeanFactory.doCreateBean(AbstractAutowireCapableBeanFactory.java:537)  Eagerly caching bean 'org.springframework.context.event.internalEventListenerProcessor' to allow for resolving potential circular references
2016-12-25 22:05:33 org.springframework.beans.factory.support.AbstractBeanFactory.doGetBean(AbstractBeanFactory.java:251)  Returning cached instance of singleton bean 'org.springframework.transaction.config.internalTransactionAdvisor'
2016-12-25 22:05:33 org.springframework.beans.factory.support.AbstractAutowireCapableBeanFactory.createBean(AbstractAutowireCapableBeanFactory.java:484)  Finished creating instance of bean 'org.springframework.context.event.internalEventListenerProcessor'
2016-12-25 22:05:33 org.springframework.beans.factory.support.DefaultSingletonBeanRegistry.getSingleton(DefaultSingletonBeanRegistry.java:221)  Creating shared instance of singleton bean 'org.springframework.context.event.internalEventListenerFactory'
2016-12-25 22:05:33 org.springframework.beans.factory.support.AbstractAutowireCapableBeanFactory.createBean(AbstractAutowireCapableBeanFactory.java:448)  Creating instance of bean 'org.springframework.context.event.internalEventListenerFactory'
2016-12-25 22:05:33 org.springframework.beans.factory.support.AbstractAutowireCapableBeanFactory.doCreateBean(AbstractAutowireCapableBeanFactory.java:537)  Eagerly caching bean 'org.springframework.context.event.internalEventListenerFactory' to allow for resolving potential circular references
2016-12-25 22:05:33 org.springframework.beans.factory.support.AbstractBeanFactory.doGetBean(AbstractBeanFactory.java:251)  Returning cached instance of singleton bean 'org.springframework.transaction.config.internalTransactionAdvisor'
2016-12-25 22:05:33 org.springframework.beans.factory.support.AbstractAutowireCapableBeanFactory.createBean(AbstractAutowireCapableBeanFactory.java:484)  Finished creating instance of bean 'org.springframework.context.event.internalEventListenerFactory'
2016-12-25 22:05:33 org.springframework.beans.factory.support.AbstractBeanFactory.doGetBean(AbstractBeanFactory.java:251)  Returning cached instance of singleton bean 'dataSource123'
2016-12-25 22:05:33 org.springframework.beans.factory.support.AbstractBeanFactory.doGetBean(AbstractBeanFactory.java:251)  Returning cached instance of singleton bean 'sqlSessionFactory'
2016-12-25 22:05:33 org.springframework.beans.factory.support.AbstractBeanFactory.doGetBean(AbstractBeanFactory.java:251)  Returning cached instance of singleton bean 'org.mybatis.spring.mapper.MapperScannerConfigurer#0'
2016-12-25 22:05:33 org.springframework.beans.factory.support.DefaultSingletonBeanRegistry.getSingleton(DefaultSingletonBeanRegistry.java:221)  Creating shared instance of singleton bean 'txManager'
2016-12-25 22:05:33 org.springframework.beans.factory.support.AbstractAutowireCapableBeanFactory.createBean(AbstractAutowireCapableBeanFactory.java:448)  Creating instance of bean 'txManager'
2016-12-25 22:05:33 org.springframework.beans.factory.support.AbstractAutowireCapableBeanFactory.doCreateBean(AbstractAutowireCapableBeanFactory.java:537)  Eagerly caching bean 'txManager' to allow for resolving potential circular references
2016-12-25 22:05:33 org.springframework.beans.factory.support.AbstractBeanFactory.doGetBean(AbstractBeanFactory.java:251)  Returning cached instance of singleton bean 'dataSource123'
2016-12-25 22:05:33 org.springframework.beans.factory.support.AbstractAutowireCapableBeanFactory.invokeInitMethods(AbstractAutowireCapableBeanFactory.java:1625)  Invoking afterPropertiesSet() on bean with name 'txManager'
2016-12-25 22:05:33 org.springframework.beans.factory.support.AbstractBeanFactory.doGetBean(AbstractBeanFactory.java:251)  Returning cached instance of singleton bean 'org.springframework.transaction.config.internalTransactionAdvisor'
2016-12-25 22:05:33 org.springframework.beans.factory.support.AbstractAutowireCapableBeanFactory.createBean(AbstractAutowireCapableBeanFactory.java:484)  Finished creating instance of bean 'txManager'
2016-12-25 22:05:33 org.springframework.beans.factory.support.DefaultSingletonBeanRegistry.getSingleton(DefaultSingletonBeanRegistry.java:221)  Creating shared instance of singleton bean 'org.springframework.transaction.config.internalTransactionalEventListenerFactory'
2016-12-25 22:05:33 org.springframework.beans.factory.support.AbstractAutowireCapableBeanFactory.createBean(AbstractAutowireCapableBeanFactory.java:448)  Creating instance of bean 'org.springframework.transaction.config.internalTransactionalEventListenerFactory'
2016-12-25 22:05:33 org.springframework.beans.factory.support.AbstractAutowireCapableBeanFactory.doCreateBean(AbstractAutowireCapableBeanFactory.java:537)  Eagerly caching bean 'org.springframework.transaction.config.internalTransactionalEventListenerFactory' to allow for resolving potential circular references
2016-12-25 22:05:33 org.springframework.beans.factory.support.AbstractBeanFactory.doGetBean(AbstractBeanFactory.java:251)  Returning cached instance of singleton bean 'org.springframework.transaction.config.internalTransactionAdvisor'
2016-12-25 22:05:33 org.springframework.beans.factory.support.AbstractAutowireCapableBeanFactory.createBean(AbstractAutowireCapableBeanFactory.java:484)  Finished creating instance of bean 'org.springframework.transaction.config.internalTransactionalEventListenerFactory'
2016-12-25 22:05:33 org.springframework.beans.factory.support.AbstractBeanFactory.doGetBean(AbstractBeanFactory.java:251)  Returning cached instance of singleton bean 'org.springframework.aop.config.internalAutoProxyCreator'
2016-12-25 22:05:33 org.springframework.beans.factory.support.AbstractBeanFactory.doGetBean(AbstractBeanFactory.java:251)  Returning cached instance of singleton bean 'org.springframework.transaction.annotation.AnnotationTransactionAttributeSource#0'
2016-12-25 22:05:33 org.springframework.beans.factory.support.DefaultSingletonBeanRegistry.getSingleton(DefaultSingletonBeanRegistry.java:221)  Creating shared instance of singleton bean 'org.springframework.transaction.interceptor.TransactionInterceptor#0'
2016-12-25 22:05:33 org.springframework.beans.factory.support.AbstractAutowireCapableBeanFactory.createBean(AbstractAutowireCapableBeanFactory.java:448)  Creating instance of bean 'org.springframework.transaction.interceptor.TransactionInterceptor#0'
2016-12-25 22:05:33 org.springframework.beans.factory.support.AbstractAutowireCapableBeanFactory.doCreateBean(AbstractAutowireCapableBeanFactory.java:537)  Eagerly caching bean 'org.springframework.transaction.interceptor.TransactionInterceptor#0' to allow for resolving potential circular references
2016-12-25 22:05:33 org.springframework.beans.factory.support.AbstractBeanFactory.doGetBean(AbstractBeanFactory.java:251)  Returning cached instance of singleton bean 'org.springframework.transaction.annotation.AnnotationTransactionAttributeSource#0'
2016-12-25 22:05:33 org.springframework.beans.factory.support.AbstractAutowireCapableBeanFactory.invokeInitMethods(AbstractAutowireCapableBeanFactory.java:1625)  Invoking afterPropertiesSet() on bean with name 'org.springframework.transaction.interceptor.TransactionInterceptor#0'
2016-12-25 22:05:33 org.springframework.beans.factory.support.AbstractAutowireCapableBeanFactory.createBean(AbstractAutowireCapableBeanFactory.java:484)  Finished creating instance of bean 'org.springframework.transaction.interceptor.TransactionInterceptor#0'
2016-12-25 22:05:33 org.springframework.beans.factory.support.AbstractBeanFactory.doGetBean(AbstractBeanFactory.java:251)  Returning cached instance of singleton bean 'org.springframework.transaction.config.internalTransactionAdvisor'
2016-12-25 22:05:33 org.springframework.beans.factory.support.AbstractBeanFactory.doGetBean(AbstractBeanFactory.java:251)  Returning cached instance of singleton bean 'org.springframework.context.annotation.ConfigurationClassPostProcessor.importAwareProcessor'
2016-12-25 22:05:33 org.springframework.beans.factory.support.AbstractBeanFactory.doGetBean(AbstractBeanFactory.java:251)  Returning cached instance of singleton bean 'org.springframework.context.annotation.ConfigurationClassPostProcessor.enhancedConfigurationProcessor'
2016-12-25 22:05:33 org.springframework.beans.factory.support.DefaultSingletonBeanRegistry.getSingleton(DefaultSingletonBeanRegistry.java:221)  Creating shared instance of singleton bean 'authDao'
2016-12-25 22:05:33 org.springframework.beans.factory.support.AbstractAutowireCapableBeanFactory.createBean(AbstractAutowireCapableBeanFactory.java:448)  Creating instance of bean 'authDao'
2016-12-25 22:05:33 org.springframework.beans.factory.support.AbstractAutowireCapableBeanFactory.doCreateBean(AbstractAutowireCapableBeanFactory.java:537)  Eagerly caching bean 'authDao' to allow for resolving potential circular references
2016-12-25 22:05:33 org.springframework.beans.factory.support.AbstractBeanFactory.doGetBean(AbstractBeanFactory.java:251)  Returning cached instance of singleton bean 'sqlSessionFactory'
2016-12-25 22:05:33 org.springframework.beans.factory.support.AbstractAutowireCapableBeanFactory.invokeInitMethods(AbstractAutowireCapableBeanFactory.java:1625)  Invoking afterPropertiesSet() on bean with name 'authDao'
2016-12-25 22:05:33 org.springframework.beans.factory.support.AbstractBeanFactory.doGetBean(AbstractBeanFactory.java:251)  Returning cached instance of singleton bean 'org.springframework.transaction.config.internalTransactionAdvisor'
2016-12-25 22:05:33 org.springframework.beans.factory.support.AbstractAutowireCapableBeanFactory.createBean(AbstractAutowireCapableBeanFactory.java:484)  Finished creating instance of bean 'authDao'
2016-12-25 22:05:33 org.springframework.beans.factory.support.DefaultSingletonBeanRegistry.getSingleton(DefaultSingletonBeanRegistry.java:221)  Creating shared instance of singleton bean 'authgroupDao'
2016-12-25 22:05:33 org.springframework.beans.factory.support.AbstractAutowireCapableBeanFactory.createBean(AbstractAutowireCapableBeanFactory.java:448)  Creating instance of bean 'authgroupDao'
2016-12-25 22:05:33 org.springframework.beans.factory.support.AbstractAutowireCapableBeanFactory.doCreateBean(AbstractAutowireCapableBeanFactory.java:537)  Eagerly caching bean 'authgroupDao' to allow for resolving potential circular references
2016-12-25 22:05:33 org.springframework.beans.factory.support.AbstractBeanFactory.doGetBean(AbstractBeanFactory.java:251)  Returning cached instance of singleton bean 'sqlSessionFactory'
2016-12-25 22:05:33 org.springframework.beans.factory.support.AbstractAutowireCapableBeanFactory.invokeInitMethods(AbstractAutowireCapableBeanFactory.java:1625)  Invoking afterPropertiesSet() on bean with name 'authgroupDao'
2016-12-25 22:05:33 org.springframework.beans.factory.support.AbstractBeanFactory.doGetBean(AbstractBeanFactory.java:251)  Returning cached instance of singleton bean 'org.springframework.transaction.config.internalTransactionAdvisor'
2016-12-25 22:05:33 org.springframework.beans.factory.support.AbstractAutowireCapableBeanFactory.createBean(AbstractAutowireCapableBeanFactory.java:484)  Finished creating instance of bean 'authgroupDao'
2016-12-25 22:05:33 org.springframework.beans.factory.support.AbstractBeanFactory.doGetBean(AbstractBeanFactory.java:251)  Returning cached instance of singleton bean 'deptDao'
2016-12-25 22:05:33 org.springframework.beans.factory.support.AbstractBeanFactory.doGetBean(AbstractBeanFactory.java:251)  Returning cached instance of singleton bean 'empDao'
2016-12-25 22:05:33 org.springframework.beans.factory.support.AbstractBeanFactory.doGetBean(AbstractBeanFactory.java:251)  Returning cached instance of singleton bean 'goodsDao'
2016-12-25 22:05:33 org.springframework.beans.factory.support.AbstractBeanFactory.doGetBean(AbstractBeanFactory.java:251)  Returning cached instance of singleton bean 'roleDao'
2016-12-25 22:05:33 org.springframework.beans.factory.support.AbstractBeanFactory.doGetBean(AbstractBeanFactory.java:251)  Returning cached instance of singleton bean 'userDao'
2016-12-25 22:05:33 org.springframework.beans.factory.support.AbstractBeanFactory.doGetBean(AbstractBeanFactory.java:251)  Returning cached instance of singleton bean 'org.springframework.context.event.internalEventListenerFactory'
2016-12-25 22:05:33 org.springframework.beans.factory.support.AbstractBeanFactory.doGetBean(AbstractBeanFactory.java:251)  Returning cached instance of singleton bean 'org.springframework.transaction.config.internalTransactionalEventListenerFactory'
2016-12-25 22:05:33 org.springframework.context.support.AbstractApplicationContext.initLifecycleProcessor(AbstractApplicationContext.java:784)  Unable to locate LifecycleProcessor with name 'lifecycleProcessor': using default [org.springframework.context.support.DefaultLifecycleProcessor@909217e]
2016-12-25 22:05:33 org.springframework.beans.factory.support.AbstractBeanFactory.doGetBean(AbstractBeanFactory.java:251)  Returning cached instance of singleton bean 'lifecycleProcessor'
2016-12-25 22:05:33 org.springframework.beans.factory.support.AbstractBeanFactory.doGetBean(AbstractBeanFactory.java:251)  Returning cached instance of singleton bean 'sqlSessionFactory'
2016-12-25 22:05:33 org.springframework.core.env.PropertySourcesPropertyResolver.getProperty(PropertySourcesPropertyResolver.java:91)  Could not find key 'spring.liveBeansView.mbeanDomain' in any property source
2016-12-25 22:05:33 org.springframework.beans.factory.support.AbstractBeanFactory.doGetBean(AbstractBeanFactory.java:251)  Returning cached instance of singleton bean 'goodsServiceImpl'
2016-12-25 22:08:10 org.springframework.core.env.MutablePropertySources.addLast(MutablePropertySources.java:109)  Adding [systemProperties] PropertySource with lowest search precedence
2016-12-25 22:08:10 org.springframework.core.env.MutablePropertySources.addLast(MutablePropertySources.java:109)  Adding [systemEnvironment] PropertySource with lowest search precedence
2016-12-25 22:08:10 org.springframework.core.env.AbstractEnvironment.<init>(AbstractEnvironment.java:124)  Initialized StandardEnvironment with PropertySources [systemProperties,systemEnvironment]
2016-12-25 22:08:10 org.springframework.context.support.AbstractApplicationContext.prepareRefresh(AbstractApplicationContext.java:582)  Refreshing org.springframework.context.support.ClassPathXmlApplicationContext@7cf10a6f: startup date [Sun Dec 25 22:08:10 CST 2016]; root of context hierarchy
2016-12-25 22:08:11 org.springframework.core.env.MutablePropertySources.addLast(MutablePropertySources.java:109)  Adding [systemProperties] PropertySource with lowest search precedence
2016-12-25 22:08:11 org.springframework.core.env.MutablePropertySources.addLast(MutablePropertySources.java:109)  Adding [systemEnvironment] PropertySource with lowest search precedence
2016-12-25 22:08:11 org.springframework.core.env.AbstractEnvironment.<init>(AbstractEnvironment.java:124)  Initialized StandardEnvironment with PropertySources [systemProperties,systemEnvironment]
2016-12-25 22:08:11 org.springframework.beans.factory.xml.XmlBeanDefinitionReader.loadBeanDefinitions(XmlBeanDefinitionReader.java:317)  Loading XML bean definitions from class path resource [applicationContext.xml]
2016-12-25 22:08:11 org.springframework.beans.factory.xml.DefaultDocumentLoader.loadDocument(DefaultDocumentLoader.java:73)  Using JAXP provider [com.sun.org.apache.xerces.internal.jaxp.DocumentBuilderFactoryImpl]
2016-12-25 22:08:11 org.springframework.beans.factory.xml.PluggableSchemaResolver.getSchemaMappings(PluggableSchemaResolver.java:141)  Loading schema mappings from [META-INF/spring.schemas]
2016-12-25 22:08:11 org.springframework.beans.factory.xml.PluggableSchemaResolver.getSchemaMappings(PluggableSchemaResolver.java:147)  Loaded schema mappings: {http://www.springframework.org/schema/tx/spring-tx-4.3.xsd=org/springframework/transaction/config/spring-tx-4.3.xsd, http://www.springframework.org/schema/tx/spring-tx-2.5.xsd=org/springframework/transaction/config/spring-tx-2.5.xsd, http://www.springframework.org/schema/cache/spring-cache-4.2.xsd=org/springframework/cache/config/spring-cache-4.2.xsd, http://www.springframework.org/schema/aop/spring-aop-4.1.xsd=org/springframework/aop/config/spring-aop-4.1.xsd, http://www.springframework.org/schema/context/spring-context-3.1.xsd=org/springframework/context/config/spring-context-3.1.xsd, http://www.springframework.org/schema/jdbc/spring-jdbc-4.1.xsd=org/springframework/jdbc/config/spring-jdbc-4.1.xsd, http://www.springframework.org/schema/mvc/spring-mvc-4.1.xsd=org/springframework/web/servlet/config/spring-mvc-4.1.xsd, http://www.springframework.org/schema/util/spring-util-3.0.xsd=org/springframework/beans/factory/xml/spring-util-3.0.xsd, http://www.springframework.org/schema/tool/spring-tool.xsd=org/springframework/beans/factory/xml/spring-tool-4.3.xsd, http://www.springframework.org/schema/aop/spring-aop-3.2.xsd=org/springframework/aop/config/spring-aop-3.2.xsd, http://mybatis.org/schema/mybatis-spring-1.2.xsd=org/mybatis/spring/config/mybatis-spring-1.2.xsd, http://www.springframework.org/schema/lang/spring-lang-4.1.xsd=org/springframework/scripting/config/spring-lang-4.1.xsd, http://www.springframework.org/schema/context/spring-context-4.0.xsd=org/springframework/context/config/spring-context-4.0.xsd, http://www.springframework.org/schema/mvc/spring-mvc-3.2.xsd=org/springframework/web/servlet/config/spring-mvc-3.2.xsd, http://www.springframework.org/schema/beans/spring-beans-4.2.xsd=org/springframework/beans/factory/xml/spring-beans-4.2.xsd, http://www.springframework.org/schema/tool/spring-tool-4.1.xsd=org/springframework/beans/factory/xml/spring-tool-4.1.xsd, http://www.springframework.org/schema/lang/spring-lang-3.2.xsd=org/springframework/scripting/config/spring-lang-3.2.xsd, http://www.springframework.org/schema/cache/spring-cache-3.2.xsd=org/springframework/cache/config/spring-cache-3.2.xsd, http://www.springframework.org/schema/jee/spring-jee-4.1.xsd=org/springframework/ejb/config/spring-jee-4.1.xsd, http://www.springframework.org/schema/jdbc/spring-jdbc-3.1.xsd=org/springframework/jdbc/config/spring-jdbc-3.1.xsd, http://www.springframework.org/schema/task/spring-task-4.2.xsd=org/springframework/scheduling/config/spring-task-4.2.xsd, http://www.springframework.org/schema/util/spring-util-2.0.xsd=org/springframework/beans/factory/xml/spring-util-2.0.xsd, http://www.springframework.org/schema/tool/spring-tool-3.2.xsd=org/springframework/beans/factory/xml/spring-tool-3.2.xsd, http://www.springframework.org/schema/context/spring-context.xsd=org/springframework/context/config/spring-context-4.3.xsd, http://www.springframework.org/schema/tx/spring-tx-4.2.xsd=org/springframework/transaction/config/spring-tx-4.2.xsd, http://www.springframework.org/schema/cache/spring-cache-4.1.xsd=org/springframework/cache/config/spring-cache-4.1.xsd, http://www.springframework.org/schema/aop/spring-aop-4.0.xsd=org/springframework/aop/config/spring-aop-4.0.xsd, http://www.springframework.org/schema/jee/spring-jee-3.2.xsd=org/springframework/ejb/config/spring-jee-3.2.xsd, http://www.springframework.org/schema/context/spring-context-3.0.xsd=org/springframework/context/config/spring-context-3.0.xsd, http://www.springframework.org/schema/jdbc/spring-jdbc-4.0.xsd=org/springframework/jdbc/config/spring-jdbc-4.0.xsd, http://www.springframework.org/schema/mvc/spring-mvc-4.0.xsd=org/springframework/web/servlet/config/spring-mvc-4.0.xsd, http://www.springframework.org/schema/util/spring-util-2.5.xsd=org/springframework/beans/factory/xml/spring-util-2.5.xsd, http://www.springframework.org/schema/util/spring-util-4.3.xsd=org/springframework/beans/factory/xml/spring-util-4.3.xsd, http://www.springframework.org/schema/beans/spring-beans-3.2.xsd=org/springframework/beans/factory/xml/spring-beans-3.2.xsd, http://www.springframework.org/schema/aop/spring-aop-3.1.xsd=org/springframework/aop/config/spring-aop-3.1.xsd, http://www.springframework.org/schema/lang/spring-lang-4.0.xsd=org/springframework/scripting/config/spring-lang-4.0.xsd, http://www.springframework.org/schema/mvc/spring-mvc.xsd=org/springframework/web/servlet/config/spring-mvc-4.3.xsd, http://www.springframework.org/schema/mvc/spring-mvc-3.1.xsd=org/springframework/web/servlet/config/spring-mvc-3.1.xsd, http://www.springframework.org/schema/beans/spring-beans-4.1.xsd=org/springframework/beans/factory/xml/spring-beans-4.1.xsd, http://www.springframework.org/schema/tool/spring-tool-4.0.xsd=org/springframework/beans/factory/xml/spring-tool-4.0.xsd, http://www.springframework.org/schema/tx/spring-tx-3.2.xsd=org/springframework/transaction/config/spring-tx-3.2.xsd, http://www.springframework.org/schema/lang/spring-lang-3.1.xsd=org/springframework/scripting/config/spring-lang-3.1.xsd, http://www.springframework.org/schema/cache/spring-cache-3.1.xsd=org/springframework/cache/config/spring-cache-3.1.xsd, http://www.springframework.org/schema/jee/spring-jee-4.0.xsd=org/springframework/ejb/config/spring-jee-4.0.xsd, http://www.springframework.org/schema/jdbc/spring-jdbc-3.0.xsd=org/springframework/jdbc/config/spring-jdbc-3.0.xsd, http://www.springframework.org/schema/task/spring-task-4.1.xsd=org/springframework/scheduling/config/spring-task-4.1.xsd, http://www.springframework.org/schema/jdbc/spring-jdbc.xsd=org/springframework/jdbc/config/spring-jdbc-4.3.xsd, http://www.springframework.org/schema/tool/spring-tool-3.1.xsd=org/springframework/beans/factory/xml/spring-tool-3.1.xsd, http://www.springframework.org/schema/tx/spring-tx-4.1.xsd=org/springframework/transaction/config/spring-tx-4.1.xsd, http://www.springframework.org/schema/cache/spring-cache-4.0.xsd=org/springframework/cache/config/spring-cache-4.0.xsd, http://www.springframework.org/schema/jee/spring-jee-3.1.xsd=org/springframework/ejb/config/spring-jee-3.1.xsd, http://www.springframework.org/schema/task/spring-task-3.2.xsd=org/springframework/scheduling/config/spring-task-3.2.xsd, http://www.springframework.org/schema/util/spring-util-4.2.xsd=org/springframework/beans/factory/xml/spring-util-4.2.xsd, http://www.springframework.org/schema/beans/spring-beans-3.1.xsd=org/springframework/beans/factory/xml/spring-beans-3.1.xsd, http://www.springframework.org/schema/util/spring-util.xsd=org/springframework/beans/factory/xml/spring-util-4.3.xsd, http://www.springframework.org/schema/aop/spring-aop-3.0.xsd=org/springframework/aop/config/spring-aop-3.0.xsd, http://www.springframework.org/schema/mvc/spring-mvc-3.0.xsd=org/springframework/web/servlet/config/spring-mvc-3.0.xsd, http://www.springframework.org/schema/beans/spring-beans-4.0.xsd=org/springframework/beans/factory/xml/spring-beans-4.0.xsd, http://www.springframework.org/schema/beans/spring-beans.xsd=org/springframework/beans/factory/xml/spring-beans-4.3.xsd, http://www.springframework.org/schema/tx/spring-tx-3.1.xsd=org/springframework/transaction/config/spring-tx-3.1.xsd, http://www.springframework.org/schema/lang/spring-lang-3.0.xsd=org/springframework/scripting/config/spring-lang-3.0.xsd, http://mybatis.org/schema/mybatis-spring.xsd=org/mybatis/spring/config/mybatis-spring-1.2.xsd, http://www.springframework.org/schema/context/spring-context-2.5.xsd=org/springframework/context/config/spring-context-2.5.xsd, http://www.springframework.org/schema/context/spring-context-4.3.xsd=org/springframework/context/config/spring-context-4.3.xsd, http://www.springframework.org/schema/task/spring-task-4.0.xsd=org/springframework/scheduling/config/spring-task-4.0.xsd, http://www.springframework.org/schema/tool/spring-tool-3.0.xsd=org/springframework/beans/factory/xml/spring-tool-3.0.xsd, http://www.springframework.org/schema/tx/spring-tx-4.0.xsd=org/springframework/transaction/config/spring-tx-4.0.xsd, http://www.springframework.org/schema/aop/spring-aop-2.0.xsd=org/springframework/aop/config/spring-aop-2.0.xsd, http://www.springframework.org/schema/jee/spring-jee-3.0.xsd=org/springframework/ejb/config/spring-jee-3.0.xsd, http://www.springframework.org/schema/task/spring-task-3.1.xsd=org/springframework/scheduling/config/spring-task-3.1.xsd, http://www.springframework.org/schema/util/spring-util-4.1.xsd=org/springframework/beans/factory/xml/spring-util-4.1.xsd, http://www.springframework.org/schema/beans/spring-beans-3.0.xsd=org/springframework/beans/factory/xml/spring-beans-3.0.xsd, http://www.springframework.org/schema/jee/spring-jee.xsd=org/springframework/ejb/config/spring-jee-4.3.xsd, http://www.springframework.org/schema/aop/spring-aop-2.5.xsd=org/springframework/aop/config/spring-aop-2.5.xsd, http://www.springframework.org/schema/aop/spring-aop-4.3.xsd=org/springframework/aop/config/spring-aop-4.3.xsd, http://www.springframework.org/schema/lang/spring-lang-2.0.xsd=org/springframework/scripting/config/spring-lang-2.0.xsd, http://www.springframework.org/schema/jdbc/spring-jdbc-4.3.xsd=org/springframework/jdbc/config/spring-jdbc-4.3.xsd, http://www.springframework.org/schema/mvc/spring-mvc-4.3.xsd=org/springframework/web/servlet/config/spring-mvc-4.3.xsd, http://www.springframework.org/schema/util/spring-util-3.2.xsd=org/springframework/beans/factory/xml/spring-util-3.2.xsd, http://www.springframework.org/schema/task/spring-task.xsd=org/springframework/scheduling/config/spring-task-4.3.xsd, http://www.springframework.org/schema/tool/spring-tool-2.0.xsd=org/springframework/beans/factory/xml/spring-tool-2.0.xsd, http://www.springframework.org/schema/tx/spring-tx-3.0.xsd=org/springframework/transaction/config/spring-tx-3.0.xsd, http://www.springframework.org/schema/lang/spring-lang-2.5.xsd=org/springframework/scripting/config/spring-lang-2.5.xsd, http://www.springframework.org/schema/lang/spring-lang-4.3.xsd=org/springframework/scripting/config/spring-lang-4.3.xsd, http://www.springframework.org/schema/context/spring-context-4.2.xsd=org/springframework/context/config/spring-context-4.2.xsd, http://www.springframework.org/schema/jee/spring-jee-2.0.xsd=org/springframework/ejb/config/spring-jee-2.0.xsd, http://www.springframework.org/schema/tool/spring-tool-4.3.xsd=org/springframework/beans/factory/xml/spring-tool-4.3.xsd, http://www.springframework.org/schema/tool/spring-tool-2.5.xsd=org/springframework/beans/factory/xml/spring-tool-2.5.xsd, http://www.springframework.org/schema/jee/spring-jee-4.3.xsd=org/springframework/ejb/config/spring-jee-4.3.xsd, http://www.springframework.org/schema/jee/spring-jee-2.5.xsd=org/springframework/ejb/config/spring-jee-2.5.xsd, http://www.springframework.org/schema/task/spring-task-3.0.xsd=org/springframework/scheduling/config/spring-task-3.0.xsd, http://www.springframework.org/schema/util/spring-util-4.0.xsd=org/springframework/beans/factory/xml/spring-util-4.0.xsd, http://www.springframework.org/schema/cache/spring-cache-4.3.xsd=org/springframework/cache/config/spring-cache-4.3.xsd, http://www.springframework.org/schema/aop/spring-aop-4.2.xsd=org/springframework/aop/config/spring-aop-4.2.xsd, http://www.springframework.org/schema/lang/spring-lang.xsd=org/springframework/scripting/config/spring-lang-4.3.xsd, http://www.springframework.org/schema/context/spring-context-3.2.xsd=org/springframework/context/config/spring-context-3.2.xsd, http://www.springframework.org/schema/jdbc/spring-jdbc-4.2.xsd=org/springframework/jdbc/config/spring-jdbc-4.2.xsd, http://www.springframework.org/schema/mvc/spring-mvc-4.2.xsd=org/springframework/web/servlet/config/spring-mvc-4.2.xsd, http://www.springframework.org/schema/util/spring-util-3.1.xsd=org/springframework/beans/factory/xml/spring-util-3.1.xsd, http://www.springframework.org/schema/beans/spring-beans-2.0.xsd=org/springframework/beans/factory/xml/spring-beans-2.0.xsd, http://www.springframework.org/schema/cache/spring-cache.xsd=org/springframework/cache/config/spring-cache-4.3.xsd, http://www.springframework.org/schema/tx/spring-tx.xsd=org/springframework/transaction/config/spring-tx-4.3.xsd, http://www.springframework.org/schema/lang/spring-lang-4.2.xsd=org/springframework/scripting/config/spring-lang-4.2.xsd, http://www.springframework.org/schema/context/spring-context-4.1.xsd=org/springframework/context/config/spring-context-4.1.xsd, http://www.springframework.org/schema/beans/spring-beans-2.5.xsd=org/springframework/beans/factory/xml/spring-beans-2.5.xsd, http://www.springframework.org/schema/beans/spring-beans-4.3.xsd=org/springframework/beans/factory/xml/spring-beans-4.3.xsd, http://www.springframework.org/schema/tool/spring-tool-4.2.xsd=org/springframework/beans/factory/xml/spring-tool-4.2.xsd, http://www.springframework.org/schema/tx/spring-tx-2.0.xsd=org/springframework/transaction/config/spring-tx-2.0.xsd, http://www.alibaba.com/schema/stat.xsd=META-INF/stat.xsd, http://www.springframework.org/schema/jee/spring-jee-4.2.xsd=org/springframework/ejb/config/spring-jee-4.2.xsd, http://www.springframework.org/schema/jdbc/spring-jdbc-3.2.xsd=org/springframework/jdbc/config/spring-jdbc-3.2.xsd, http://www.springframework.org/schema/task/spring-task-4.3.xsd=org/springframework/scheduling/config/spring-task-4.3.xsd, http://www.springframework.org/schema/aop/spring-aop.xsd=org/springframework/aop/config/spring-aop-4.3.xsd}
2016-12-25 22:08:11 org.springframework.beans.factory.xml.PluggableSchemaResolver.resolveEntity(PluggableSchemaResolver.java:119)  Found XML schema [http://www.springframework.org/schema/beans/spring-beans.xsd] in classpath: org/springframework/beans/factory/xml/spring-beans-4.3.xsd
2016-12-25 22:08:11 org.springframework.beans.factory.xml.PluggableSchemaResolver.resolveEntity(PluggableSchemaResolver.java:119)  Found XML schema [http://www.springframework.org/schema/context/spring-context.xsd] in classpath: org/springframework/context/config/spring-context-4.3.xsd
2016-12-25 22:08:11 org.springframework.beans.factory.xml.PluggableSchemaResolver.resolveEntity(PluggableSchemaResolver.java:119)  Found XML schema [http://www.springframework.org/schema/tool/spring-tool-4.3.xsd] in classpath: org/springframework/beans/factory/xml/spring-tool-4.3.xsd
2016-12-25 22:08:11 org.springframework.beans.factory.xml.PluggableSchemaResolver.resolveEntity(PluggableSchemaResolver.java:119)  Found XML schema [http://www.springframework.org/schema/tx/spring-tx.xsd] in classpath: org/springframework/transaction/config/spring-tx-4.3.xsd
2016-12-25 22:08:11 org.springframework.beans.factory.xml.DefaultBeanDefinitionDocumentReader.registerBeanDefinitions(DefaultBeanDefinitionDocumentReader.java:92)  Loading bean definitions
2016-12-25 22:08:11 org.springframework.beans.factory.xml.DefaultNamespaceHandlerResolver.getHandlerMappings(DefaultNamespaceHandlerResolver.java:157)  Loaded NamespaceHandler mappings: {http://www.springframework.org/schema/p=org.springframework.beans.factory.xml.SimplePropertyNamespaceHandler, http://www.springframework.org/schema/mvc=org.springframework.web.servlet.config.MvcNamespaceHandler, http://www.springframework.org/schema/util=org.springframework.beans.factory.xml.UtilNamespaceHandler, http://www.alibaba.com/schema/stat=com.alibaba.druid.support.spring.stat.config.DruidStatNamespaceHandler, http://www.springframework.org/schema/jee=org.springframework.ejb.config.JeeNamespaceHandler, http://www.springframework.org/schema/aop=org.springframework.aop.config.AopNamespaceHandler, http://www.springframework.org/schema/jdbc=org.springframework.jdbc.config.JdbcNamespaceHandler, http://www.springframework.org/schema/cache=org.springframework.cache.config.CacheNamespaceHandler, http://mybatis.org/schema/mybatis-spring=org.mybatis.spring.config.NamespaceHandler, http://www.springframework.org/schema/c=org.springframework.beans.factory.xml.SimpleConstructorNamespaceHandler, http://www.springframework.org/schema/tx=org.springframework.transaction.config.TxNamespaceHandler, http://www.springframework.org/schema/task=org.springframework.scheduling.config.TaskNamespaceHandler, http://www.springframework.org/schema/lang=org.springframework.scripting.config.LangNamespaceHandler, http://www.springframework.org/schema/context=org.springframework.context.config.ContextNamespaceHandler}
2016-12-25 22:08:11 org.springframework.core.env.MutablePropertySources.addLast(MutablePropertySources.java:109)  Adding [systemProperties] PropertySource with lowest search precedence
2016-12-25 22:08:11 org.springframework.core.env.MutablePropertySources.addLast(MutablePropertySources.java:109)  Adding [systemEnvironment] PropertySource with lowest search precedence
2016-12-25 22:08:11 org.springframework.core.env.AbstractEnvironment.<init>(AbstractEnvironment.java:124)  Initialized StandardEnvironment with PropertySources [systemProperties,systemEnvironment]
2016-12-25 22:08:11 org.springframework.core.io.support.PathMatchingResourcePatternResolver.findAllClassPathResources(PathMatchingResourcePatternResolver.java:317)  Resolved classpath location [com/ssm/] to resources [URL [file:/D:/Workspaces/SSMjspDemo/out/production/SSMjspDemo/com/ssm/]]
2016-12-25 22:08:11 org.springframework.core.io.support.PathMatchingResourcePatternResolver.doFindMatchingFileSystemResources(PathMatchingResourcePatternResolver.java:711)  Looking for matching resources in directory tree [D:\Workspaces\SSMjspDemo\out\production\SSMjspDemo\com\ssm]
2016-12-25 22:08:11 org.springframework.core.io.support.PathMatchingResourcePatternResolver.doRetrieveMatchingFiles(PathMatchingResourcePatternResolver.java:773)  Searching directory [D:\Workspaces\SSMjspDemo\out\production\SSMjspDemo\com\ssm] for files matching pattern [D:/Workspaces/SSMjspDemo/out/production/SSMjspDemo/com/ssm/**/*.class]
2016-12-25 22:08:11 org.springframework.core.io.support.PathMatchingResourcePatternResolver.doRetrieveMatchingFiles(PathMatchingResourcePatternResolver.java:773)  Searching directory [D:\Workspaces\SSMjspDemo\out\production\SSMjspDemo\com\ssm\action] for files matching pattern [D:/Workspaces/SSMjspDemo/out/production/SSMjspDemo/com/ssm/**/*.class]
2016-12-25 22:08:11 org.springframework.core.io.support.PathMatchingResourcePatternResolver.doRetrieveMatchingFiles(PathMatchingResourcePatternResolver.java:773)  Searching directory [D:\Workspaces\SSMjspDemo\out\production\SSMjspDemo\com\ssm\dao] for files matching pattern [D:/Workspaces/SSMjspDemo/out/production/SSMjspDemo/com/ssm/**/*.class]
2016-12-25 22:08:11 org.springframework.core.io.support.PathMatchingResourcePatternResolver.doRetrieveMatchingFiles(PathMatchingResourcePatternResolver.java:773)  Searching directory [D:\Workspaces\SSMjspDemo\out\production\SSMjspDemo\com\ssm\domain] for files matching pattern [D:/Workspaces/SSMjspDemo/out/production/SSMjspDemo/com/ssm/**/*.class]
2016-12-25 22:08:11 org.springframework.core.io.support.PathMatchingResourcePatternResolver.doRetrieveMatchingFiles(PathMatchingResourcePatternResolver.java:773)  Searching directory [D:\Workspaces\SSMjspDemo\out\production\SSMjspDemo\com\ssm\domain\json] for files matching pattern [D:/Workspaces/SSMjspDemo/out/production/SSMjspDemo/com/ssm/**/*.class]
2016-12-25 22:08:11 org.springframework.core.io.support.PathMatchingResourcePatternResolver.doRetrieveMatchingFiles(PathMatchingResourcePatternResolver.java:773)  Searching directory [D:\Workspaces\SSMjspDemo\out\production\SSMjspDemo\com\ssm\interceptor] for files matching pattern [D:/Workspaces/SSMjspDemo/out/production/SSMjspDemo/com/ssm/**/*.class]
2016-12-25 22:08:11 org.springframework.core.io.support.PathMatchingResourcePatternResolver.doRetrieveMatchingFiles(PathMatchingResourcePatternResolver.java:773)  Searching directory [D:\Workspaces\SSMjspDemo\out\production\SSMjspDemo\com\ssm\mapping] for files matching pattern [D:/Workspaces/SSMjspDemo/out/production/SSMjspDemo/com/ssm/**/*.class]
2016-12-25 22:08:11 org.springframework.core.io.support.PathMatchingResourcePatternResolver.doRetrieveMatchingFiles(PathMatchingResourcePatternResolver.java:773)  Searching directory [D:\Workspaces\SSMjspDemo\out\production\SSMjspDemo\com\ssm\service] for files matching pattern [D:/Workspaces/SSMjspDemo/out/production/SSMjspDemo/com/ssm/**/*.class]
2016-12-25 22:08:11 org.springframework.core.io.support.PathMatchingResourcePatternResolver.doRetrieveMatchingFiles(PathMatchingResourcePatternResolver.java:773)  Searching directory [D:\Workspaces\SSMjspDemo\out\production\SSMjspDemo\com\ssm\service\impl] for files matching pattern [D:/Workspaces/SSMjspDemo/out/production/SSMjspDemo/com/ssm/**/*.class]
2016-12-25 22:08:11 org.springframework.core.io.support.PathMatchingResourcePatternResolver.doRetrieveMatchingFiles(PathMatchingResourcePatternResolver.java:773)  Searching directory [D:\Workspaces\SSMjspDemo\out\production\SSMjspDemo\com\ssm\utils] for files matching pattern [D:/Workspaces/SSMjspDemo/out/production/SSMjspDemo/com/ssm/**/*.class]
2016-12-25 22:08:11 org.springframework.core.io.support.PathMatchingResourcePatternResolver.findPathMatchingResources(PathMatchingResourcePatternResolver.java:483)  Resolved location pattern [classpath*:com/ssm/**/*.class] to resources [file [D:\Workspaces\SSMjspDemo\out\production\SSMjspDemo\com\ssm\action\DeptController.class], file [D:\Workspaces\SSMjspDemo\out\production\SSMjspDemo\com\ssm\action\EmpController$1.class], file [D:\Workspaces\SSMjspDemo\out\production\SSMjspDemo\com\ssm\action\EmpController.class], file [D:\Workspaces\SSMjspDemo\out\production\SSMjspDemo\com\ssm\action\GoodsController.class], file [D:\Workspaces\SSMjspDemo\out\production\SSMjspDemo\com\ssm\action\ManagerController.class], file [D:\Workspaces\SSMjspDemo\out\production\SSMjspDemo\com\ssm\action\NoInterceptor.class], file [D:\Workspaces\SSMjspDemo\out\production\SSMjspDemo\com\ssm\action\RoleController.class], file [D:\Workspaces\SSMjspDemo\out\production\SSMjspDemo\com\ssm\action\urlTrans.class], file [D:\Workspaces\SSMjspDemo\out\production\SSMjspDemo\com\ssm\action\UserController.class], file [D:\Workspaces\SSMjspDemo\out\production\SSMjspDemo\com\ssm\action\UserGnController.class], file [D:\Workspaces\SSMjspDemo\out\production\SSMjspDemo\com\ssm\dao\AuthDao.class], file [D:\Workspaces\SSMjspDemo\out\production\SSMjspDemo\com\ssm\dao\AuthgroupDao.class], file [D:\Workspaces\SSMjspDemo\out\production\SSMjspDemo\com\ssm\dao\DeptDao.class], file [D:\Workspaces\SSMjspDemo\out\production\SSMjspDemo\com\ssm\dao\EmpDao.class], file [D:\Workspaces\SSMjspDemo\out\production\SSMjspDemo\com\ssm\dao\GoodsDao.class], file [D:\Workspaces\SSMjspDemo\out\production\SSMjspDemo\com\ssm\dao\RoleDao.class], file [D:\Workspaces\SSMjspDemo\out\production\SSMjspDemo\com\ssm\dao\UserDao.class], file [D:\Workspaces\SSMjspDemo\out\production\SSMjspDemo\com\ssm\domain\Auth.class], file [D:\Workspaces\SSMjspDemo\out\production\SSMjspDemo\com\ssm\domain\Authgroup.class], file [D:\Workspaces\SSMjspDemo\out\production\SSMjspDemo\com\ssm\domain\Dept.class], file [D:\Workspaces\SSMjspDemo\out\production\SSMjspDemo\com\ssm\domain\Emp.class], file [D:\Workspaces\SSMjspDemo\out\production\SSMjspDemo\com\ssm\domain\Goods.class], file [D:\Workspaces\SSMjspDemo\out\production\SSMjspDemo\com\ssm\domain\json\Attribute.class], file [D:\Workspaces\SSMjspDemo\out\production\SSMjspDemo\com\ssm\domain\json\ChildNode.class], file [D:\Workspaces\SSMjspDemo\out\production\SSMjspDemo\com\ssm\domain\json\TreeNode.class], file [D:\Workspaces\SSMjspDemo\out\production\SSMjspDemo\com\ssm\domain\Role.class], file [D:\Workspaces\SSMjspDemo\out\production\SSMjspDemo\com\ssm\domain\User.class], file [D:\Workspaces\SSMjspDemo\out\production\SSMjspDemo\com\ssm\interceptor\LoginInterceptor.class], file [D:\Workspaces\SSMjspDemo\out\production\SSMjspDemo\com\ssm\interceptor\LogInterceptor.class], file [D:\Workspaces\SSMjspDemo\out\production\SSMjspDemo\com\ssm\service\DeptService.class], file [D:\Workspaces\SSMjspDemo\out\production\SSMjspDemo\com\ssm\service\EmpService.class], file [D:\Workspaces\SSMjspDemo\out\production\SSMjspDemo\com\ssm\service\GoodsService.class], file [D:\Workspaces\SSMjspDemo\out\production\SSMjspDemo\com\ssm\service\impl\DeptServiceImpl.class], file [D:\Workspaces\SSMjspDemo\out\production\SSMjspDemo\com\ssm\service\impl\EmpServiceImpl.class], file [D:\Workspaces\SSMjspDemo\out\production\SSMjspDemo\com\ssm\service\impl\GoodsServiceImpl.class], file [D:\Workspaces\SSMjspDemo\out\production\SSMjspDemo\com\ssm\service\impl\RoleServiceImpl.class], file [D:\Workspaces\SSMjspDemo\out\production\SSMjspDemo\com\ssm\service\impl\UserServiceImpl.class], file [D:\Workspaces\SSMjspDemo\out\production\SSMjspDemo\com\ssm\service\RoleService.class], file [D:\Workspaces\SSMjspDemo\out\production\SSMjspDemo\com\ssm\service\UserService.class], file [D:\Workspaces\SSMjspDemo\out\production\SSMjspDemo\com\ssm\utils\CustomerDateCoverter.class], file [D:\Workspaces\SSMjspDemo\out\production\SSMjspDemo\com\ssm\utils\DBUtil.class], file [D:\Workspaces\SSMjspDemo\out\production\SSMjspDemo\com\ssm\utils\ResponseUtil.class], file [D:\Workspaces\SSMjspDemo\out\production\SSMjspDemo\com\ssm\utils\SQL.class]]
2016-12-25 22:08:11 org.springframework.context.annotation.ClassPathScanningCandidateComponentProvider.findCandidateComponents(ClassPathScanningCandidateComponentProvider.java:286)  Identified candidate component class: file [D:\Workspaces\SSMjspDemo\out\production\SSMjspDemo\com\ssm\action\DeptController.class]
2016-12-25 22:08:11 org.springframework.context.annotation.ClassPathScanningCandidateComponentProvider.findCandidateComponents(ClassPathScanningCandidateComponentProvider.java:286)  Identified candidate component class: file [D:\Workspaces\SSMjspDemo\out\production\SSMjspDemo\com\ssm\action\EmpController.class]
2016-12-25 22:08:11 org.springframework.context.annotation.ClassPathScanningCandidateComponentProvider.findCandidateComponents(ClassPathScanningCandidateComponentProvider.java:286)  Identified candidate component class: file [D:\Workspaces\SSMjspDemo\out\production\SSMjspDemo\com\ssm\action\GoodsController.class]
2016-12-25 22:08:11 org.springframework.context.annotation.ClassPathScanningCandidateComponentProvider.findCandidateComponents(ClassPathScanningCandidateComponentProvider.java:286)  Identified candidate component class: file [D:\Workspaces\SSMjspDemo\out\production\SSMjspDemo\com\ssm\action\ManagerController.class]
2016-12-25 22:08:11 org.springframework.context.annotation.ClassPathScanningCandidateComponentProvider.findCandidateComponents(ClassPathScanningCandidateComponentProvider.java:286)  Identified candidate component class: file [D:\Workspaces\SSMjspDemo\out\production\SSMjspDemo\com\ssm\action\NoInterceptor.class]
2016-12-25 22:08:11 org.springframework.context.annotation.ClassPathScanningCandidateComponentProvider.findCandidateComponents(ClassPathScanningCandidateComponentProvider.java:286)  Identified candidate component class: file [D:\Workspaces\SSMjspDemo\out\production\SSMjspDemo\com\ssm\action\RoleController.class]
2016-12-25 22:08:11 org.springframework.context.annotation.ClassPathScanningCandidateComponentProvider.findCandidateComponents(ClassPathScanningCandidateComponentProvider.java:286)  Identified candidate component class: file [D:\Workspaces\SSMjspDemo\out\production\SSMjspDemo\com\ssm\action\urlTrans.class]
2016-12-25 22:08:11 org.springframework.context.annotation.ClassPathScanningCandidateComponentProvider.findCandidateComponents(ClassPathScanningCandidateComponentProvider.java:286)  Identified candidate component class: file [D:\Workspaces\SSMjspDemo\out\production\SSMjspDemo\com\ssm\action\UserController.class]
2016-12-25 22:08:11 org.springframework.context.annotation.ClassPathScanningCandidateComponentProvider.findCandidateComponents(ClassPathScanningCandidateComponentProvider.java:286)  Identified candidate component class: file [D:\Workspaces\SSMjspDemo\out\production\SSMjspDemo\com\ssm\action\UserGnController.class]
2016-12-25 22:08:11 org.springframework.context.annotation.ClassPathScanningCandidateComponentProvider.findCandidateComponents(ClassPathScanningCandidateComponentProvider.java:292)  Ignored because not a concrete top-level class: file [D:\Workspaces\SSMjspDemo\out\production\SSMjspDemo\com\ssm\dao\AuthDao.class]
2016-12-25 22:08:11 org.springframework.context.annotation.ClassPathScanningCandidateComponentProvider.findCandidateComponents(ClassPathScanningCandidateComponentProvider.java:292)  Ignored because not a concrete top-level class: file [D:\Workspaces\SSMjspDemo\out\production\SSMjspDemo\com\ssm\dao\UserDao.class]
2016-12-25 22:08:11 org.springframework.context.annotation.ClassPathScanningCandidateComponentProvider.findCandidateComponents(ClassPathScanningCandidateComponentProvider.java:286)  Identified candidate component class: file [D:\Workspaces\SSMjspDemo\out\production\SSMjspDemo\com\ssm\domain\Dept.class]
2016-12-25 22:08:11 org.springframework.context.annotation.ClassPathScanningCandidateComponentProvider.findCandidateComponents(ClassPathScanningCandidateComponentProvider.java:286)  Identified candidate component class: file [D:\Workspaces\SSMjspDemo\out\production\SSMjspDemo\com\ssm\domain\User.class]
2016-12-25 22:08:11 org.springframework.context.annotation.ClassPathScanningCandidateComponentProvider.findCandidateComponents(ClassPathScanningCandidateComponentProvider.java:286)  Identified candidate component class: file [D:\Workspaces\SSMjspDemo\out\production\SSMjspDemo\com\ssm\service\impl\DeptServiceImpl.class]
2016-12-25 22:08:11 org.springframework.context.annotation.ClassPathScanningCandidateComponentProvider.findCandidateComponents(ClassPathScanningCandidateComponentProvider.java:286)  Identified candidate component class: file [D:\Workspaces\SSMjspDemo\out\production\SSMjspDemo\com\ssm\service\impl\EmpServiceImpl.class]
2016-12-25 22:08:11 org.springframework.context.annotation.ClassPathScanningCandidateComponentProvider.findCandidateComponents(ClassPathScanningCandidateComponentProvider.java:286)  Identified candidate component class: file [D:\Workspaces\SSMjspDemo\out\production\SSMjspDemo\com\ssm\service\impl\GoodsServiceImpl.class]
2016-12-25 22:08:11 org.springframework.context.annotation.ClassPathScanningCandidateComponentProvider.findCandidateComponents(ClassPathScanningCandidateComponentProvider.java:286)  Identified candidate component class: file [D:\Workspaces\SSMjspDemo\out\production\SSMjspDemo\com\ssm\service\impl\RoleServiceImpl.class]
2016-12-25 22:08:11 org.springframework.context.annotation.ClassPathScanningCandidateComponentProvider.findCandidateComponents(ClassPathScanningCandidateComponentProvider.java:286)  Identified candidate component class: file [D:\Workspaces\SSMjspDemo\out\production\SSMjspDemo\com\ssm\service\impl\UserServiceImpl.class]
2016-12-25 22:08:11 org.springframework.beans.factory.xml.BeanDefinitionParserDelegate.parseBeanDefinitionElement(BeanDefinitionParserDelegate.java:481)  Neither XML 'id' nor 'name' specified - using generated bean name [org.mybatis.spring.mapper.MapperScannerConfigurer#0]
2016-12-25 22:08:11 org.springframework.beans.factory.support.AbstractBeanDefinitionReader.loadBeanDefinitions(AbstractBeanDefinitionReader.java:224)  Loaded 31 bean definitions from location pattern [applicationContext.xml]
2016-12-25 22:08:11 org.springframework.context.support.AbstractApplicationContext.obtainFreshBeanFactory(AbstractApplicationContext.java:616)  Bean factory for org.springframework.context.support.ClassPathXmlApplicationContext@7cf10a6f: org.springframework.beans.factory.support.DefaultListableBeanFactory@1c72da34: defining beans [deptController,empController,goodsController,managerController,noInterceptor,roleController,urlTrans,userController,userGnController,dept,user,deptServiceImpl,empServiceImpl,goodsServiceImpl,roleServiceImpl,userServiceImpl,org.springframework.context.annotation.internalConfigurationAnnotationProcessor,org.springframework.context.annotation.internalAutowiredAnnotationProcessor,org.springframework.context.annotation.internalRequiredAnnotationProcessor,org.springframework.context.annotation.internalCommonAnnotationProcessor,org.springframework.context.event.internalEventListenerProcessor,org.springframework.context.event.internalEventListenerFactory,dataSource123,sqlSessionFactory,org.mybatis.spring.mapper.MapperScannerConfigurer#0,txManager,org.springframework.transaction.config.internalTransactionalEventListenerFactory,org.springframework.aop.config.internalAutoProxyCreator,org.springframework.transaction.annotation.AnnotationTransactionAttributeSource#0,org.springframework.transaction.interceptor.TransactionInterceptor#0,org.springframework.transaction.config.internalTransactionAdvisor]; root of factory hierarchy
2016-12-25 22:08:11 org.springframework.beans.factory.support.DefaultSingletonBeanRegistry.getSingleton(DefaultSingletonBeanRegistry.java:221)  Creating shared instance of singleton bean 'org.springframework.context.annotation.internalConfigurationAnnotationProcessor'
2016-12-25 22:08:11 org.springframework.beans.factory.support.AbstractAutowireCapableBeanFactory.createBean(AbstractAutowireCapableBeanFactory.java:448)  Creating instance of bean 'org.springframework.context.annotation.internalConfigurationAnnotationProcessor'
2016-12-25 22:08:11 org.springframework.beans.factory.support.AbstractAutowireCapableBeanFactory.doCreateBean(AbstractAutowireCapableBeanFactory.java:537)  Eagerly caching bean 'org.springframework.context.annotation.internalConfigurationAnnotationProcessor' to allow for resolving potential circular references
2016-12-25 22:08:11 org.springframework.beans.factory.support.AbstractAutowireCapableBeanFactory.createBean(AbstractAutowireCapableBeanFactory.java:484)  Finished creating instance of bean 'org.springframework.context.annotation.internalConfigurationAnnotationProcessor'
2016-12-25 22:08:11 org.springframework.beans.factory.support.DefaultSingletonBeanRegistry.getSingleton(DefaultSingletonBeanRegistry.java:221)  Creating shared instance of singleton bean 'org.mybatis.spring.mapper.MapperScannerConfigurer#0'
2016-12-25 22:08:11 org.springframework.beans.factory.support.AbstractAutowireCapableBeanFactory.createBean(AbstractAutowireCapableBeanFactory.java:448)  Creating instance of bean 'org.mybatis.spring.mapper.MapperScannerConfigurer#0'
2016-12-25 22:08:11 org.springframework.beans.factory.support.AbstractAutowireCapableBeanFactory.doCreateBean(AbstractAutowireCapableBeanFactory.java:537)  Eagerly caching bean 'org.mybatis.spring.mapper.MapperScannerConfigurer#0' to allow for resolving potential circular references
2016-12-25 22:08:11 org.springframework.beans.factory.support.AbstractAutowireCapableBeanFactory.invokeInitMethods(AbstractAutowireCapableBeanFactory.java:1625)  Invoking afterPropertiesSet() on bean with name 'org.mybatis.spring.mapper.MapperScannerConfigurer#0'
2016-12-25 22:08:11 org.springframework.beans.factory.support.AbstractAutowireCapableBeanFactory.createBean(AbstractAutowireCapableBeanFactory.java:484)  Finished creating instance of bean 'org.mybatis.spring.mapper.MapperScannerConfigurer#0'
2016-12-25 22:08:11 org.springframework.core.env.MutablePropertySources.addLast(MutablePropertySources.java:109)  Adding [systemProperties] PropertySource with lowest search precedence
2016-12-25 22:08:11 org.springframework.core.env.MutablePropertySources.addLast(MutablePropertySources.java:109)  Adding [systemEnvironment] PropertySource with lowest search precedence
2016-12-25 22:08:11 org.springframework.core.env.AbstractEnvironment.<init>(AbstractEnvironment.java:124)  Initialized StandardEnvironment with PropertySources [systemProperties,systemEnvironment]
2016-12-25 22:08:11 org.springframework.core.io.support.PathMatchingResourcePatternResolver.findAllClassPathResources(PathMatchingResourcePatternResolver.java:317)  Resolved classpath location [com/ssm/dao/] to resources [URL [file:/D:/Workspaces/SSMjspDemo/out/production/SSMjspDemo/com/ssm/dao/]]
2016-12-25 22:08:11 org.springframework.core.io.support.PathMatchingResourcePatternResolver.doFindMatchingFileSystemResources(PathMatchingResourcePatternResolver.java:711)  Looking for matching resources in directory tree [D:\Workspaces\SSMjspDemo\out\production\SSMjspDemo\com\ssm\dao]
2016-12-25 22:08:11 org.springframework.core.io.support.PathMatchingResourcePatternResolver.doRetrieveMatchingFiles(PathMatchingResourcePatternResolver.java:773)  Searching directory [D:\Workspaces\SSMjspDemo\out\production\SSMjspDemo\com\ssm\dao] for files matching pattern [D:/Workspaces/SSMjspDemo/out/production/SSMjspDemo/com/ssm/dao/**/*.class]
2016-12-25 22:08:11 org.springframework.core.io.support.PathMatchingResourcePatternResolver.findPathMatchingResources(PathMatchingResourcePatternResolver.java:483)  Resolved location pattern [classpath*:com/ssm/dao/**/*.class] to resources [file [D:\Workspaces\SSMjspDemo\out\production\SSMjspDemo\com\ssm\dao\AuthDao.class], file [D:\Workspaces\SSMjspDemo\out\production\SSMjspDemo\com\ssm\dao\AuthgroupDao.class], file [D:\Workspaces\SSMjspDemo\out\production\SSMjspDemo\com\ssm\dao\DeptDao.class], file [D:\Workspaces\SSMjspDemo\out\production\SSMjspDemo\com\ssm\dao\EmpDao.class], file [D:\Workspaces\SSMjspDemo\out\production\SSMjspDemo\com\ssm\dao\GoodsDao.class], file [D:\Workspaces\SSMjspDemo\out\production\SSMjspDemo\com\ssm\dao\RoleDao.class], file [D:\Workspaces\SSMjspDemo\out\production\SSMjspDemo\com\ssm\dao\UserDao.class]]
2016-12-25 22:08:11 org.springframework.context.annotation.ClassPathScanningCandidateComponentProvider.findCandidateComponents(ClassPathScanningCandidateComponentProvider.java:286)  Identified candidate component class: file [D:\Workspaces\SSMjspDemo\out\production\SSMjspDemo\com\ssm\dao\AuthDao.class]
2016-12-25 22:08:11 org.springframework.context.annotation.ClassPathScanningCandidateComponentProvider.findCandidateComponents(ClassPathScanningCandidateComponentProvider.java:286)  Identified candidate component class: file [D:\Workspaces\SSMjspDemo\out\production\SSMjspDemo\com\ssm\dao\AuthgroupDao.class]
2016-12-25 22:08:11 org.springframework.context.annotation.ClassPathScanningCandidateComponentProvider.findCandidateComponents(ClassPathScanningCandidateComponentProvider.java:286)  Identified candidate component class: file [D:\Workspaces\SSMjspDemo\out\production\SSMjspDemo\com\ssm\dao\DeptDao.class]
2016-12-25 22:08:11 org.springframework.context.annotation.ClassPathScanningCandidateComponentProvider.findCandidateComponents(ClassPathScanningCandidateComponentProvider.java:286)  Identified candidate component class: file [D:\Workspaces\SSMjspDemo\out\production\SSMjspDemo\com\ssm\dao\EmpDao.class]
2016-12-25 22:08:11 org.springframework.context.annotation.ClassPathScanningCandidateComponentProvider.findCandidateComponents(ClassPathScanningCandidateComponentProvider.java:286)  Identified candidate component class: file [D:\Workspaces\SSMjspDemo\out\production\SSMjspDemo\com\ssm\dao\GoodsDao.class]
2016-12-25 22:08:11 org.springframework.context.annotation.ClassPathScanningCandidateComponentProvider.findCandidateComponents(ClassPathScanningCandidateComponentProvider.java:286)  Identified candidate component class: file [D:\Workspaces\SSMjspDemo\out\production\SSMjspDemo\com\ssm\dao\RoleDao.class]
2016-12-25 22:08:11 org.springframework.context.annotation.ClassPathScanningCandidateComponentProvider.findCandidateComponents(ClassPathScanningCandidateComponentProvider.java:286)  Identified candidate component class: file [D:\Workspaces\SSMjspDemo\out\production\SSMjspDemo\com\ssm\dao\UserDao.class]
2016-12-25 22:08:11 org.mybatis.spring.mapper.ClassPathMapperScanner.processBeanDefinitions(ClassPathMapperScanner.java:181)  Creating MapperFactoryBean with name 'authDao' and 'com.ssm.dao.AuthDao' mapperInterface
2016-12-25 22:08:11 org.mybatis.spring.mapper.ClassPathMapperScanner.processBeanDefinitions(ClassPathMapperScanner.java:181)  Creating MapperFactoryBean with name 'authgroupDao' and 'com.ssm.dao.AuthgroupDao' mapperInterface
2016-12-25 22:08:11 org.mybatis.spring.mapper.ClassPathMapperScanner.processBeanDefinitions(ClassPathMapperScanner.java:181)  Creating MapperFactoryBean with name 'deptDao' and 'com.ssm.dao.DeptDao' mapperInterface
2016-12-25 22:08:11 org.mybatis.spring.mapper.ClassPathMapperScanner.processBeanDefinitions(ClassPathMapperScanner.java:181)  Creating MapperFactoryBean with name 'empDao' and 'com.ssm.dao.EmpDao' mapperInterface
2016-12-25 22:08:11 org.mybatis.spring.mapper.ClassPathMapperScanner.processBeanDefinitions(ClassPathMapperScanner.java:181)  Creating MapperFactoryBean with name 'goodsDao' and 'com.ssm.dao.GoodsDao' mapperInterface
2016-12-25 22:08:11 org.mybatis.spring.mapper.ClassPathMapperScanner.processBeanDefinitions(ClassPathMapperScanner.java:181)  Creating MapperFactoryBean with name 'roleDao' and 'com.ssm.dao.RoleDao' mapperInterface
2016-12-25 22:08:11 org.mybatis.spring.mapper.ClassPathMapperScanner.processBeanDefinitions(ClassPathMapperScanner.java:181)  Creating MapperFactoryBean with name 'userDao' and 'com.ssm.dao.UserDao' mapperInterface
2016-12-25 22:08:11 org.springframework.beans.factory.support.DefaultSingletonBeanRegistry.getSingleton(DefaultSingletonBeanRegistry.java:221)  Creating shared instance of singleton bean 'org.springframework.context.annotation.internalAutowiredAnnotationProcessor'
2016-12-25 22:08:11 org.springframework.beans.factory.support.AbstractAutowireCapableBeanFactory.createBean(AbstractAutowireCapableBeanFactory.java:448)  Creating instance of bean 'org.springframework.context.annotation.internalAutowiredAnnotationProcessor'
2016-12-25 22:08:11 org.springframework.beans.factory.support.AbstractAutowireCapableBeanFactory.doCreateBean(AbstractAutowireCapableBeanFactory.java:537)  Eagerly caching bean 'org.springframework.context.annotation.internalAutowiredAnnotationProcessor' to allow for resolving potential circular references
2016-12-25 22:08:11 org.springframework.beans.factory.support.AbstractAutowireCapableBeanFactory.createBean(AbstractAutowireCapableBeanFactory.java:484)  Finished creating instance of bean 'org.springframework.context.annotation.internalAutowiredAnnotationProcessor'
2016-12-25 22:08:11 org.springframework.beans.factory.support.DefaultSingletonBeanRegistry.getSingleton(DefaultSingletonBeanRegistry.java:221)  Creating shared instance of singleton bean 'org.springframework.context.annotation.internalRequiredAnnotationProcessor'
2016-12-25 22:08:11 org.springframework.beans.factory.support.AbstractAutowireCapableBeanFactory.createBean(AbstractAutowireCapableBeanFactory.java:448)  Creating instance of bean 'org.springframework.context.annotation.internalRequiredAnnotationProcessor'
2016-12-25 22:08:11 org.springframework.beans.factory.support.AbstractAutowireCapableBeanFactory.doCreateBean(AbstractAutowireCapableBeanFactory.java:537)  Eagerly caching bean 'org.springframework.context.annotation.internalRequiredAnnotationProcessor' to allow for resolving potential circular references
2016-12-25 22:08:11 org.springframework.beans.factory.support.AbstractAutowireCapableBeanFactory.createBean(AbstractAutowireCapableBeanFactory.java:484)  Finished creating instance of bean 'org.springframework.context.annotation.internalRequiredAnnotationProcessor'
2016-12-25 22:08:11 org.springframework.beans.factory.support.DefaultSingletonBeanRegistry.getSingleton(DefaultSingletonBeanRegistry.java:221)  Creating shared instance of singleton bean 'org.springframework.context.annotation.internalCommonAnnotationProcessor'
2016-12-25 22:08:11 org.springframework.beans.factory.support.AbstractAutowireCapableBeanFactory.createBean(AbstractAutowireCapableBeanFactory.java:448)  Creating instance of bean 'org.springframework.context.annotation.internalCommonAnnotationProcessor'
2016-12-25 22:08:11 org.springframework.beans.factory.support.AbstractAutowireCapableBeanFactory.doCreateBean(AbstractAutowireCapableBeanFactory.java:537)  Eagerly caching bean 'org.springframework.context.annotation.internalCommonAnnotationProcessor' to allow for resolving potential circular references
2016-12-25 22:08:11 org.springframework.beans.factory.support.AbstractAutowireCapableBeanFactory.createBean(AbstractAutowireCapableBeanFactory.java:484)  Finished creating instance of bean 'org.springframework.context.annotation.internalCommonAnnotationProcessor'
2016-12-25 22:08:11 org.springframework.beans.factory.support.DefaultSingletonBeanRegistry.getSingleton(DefaultSingletonBeanRegistry.java:221)  Creating shared instance of singleton bean 'org.springframework.context.annotation.ConfigurationClassPostProcessor.importAwareProcessor'
2016-12-25 22:08:11 org.springframework.beans.factory.support.AbstractAutowireCapableBeanFactory.createBean(AbstractAutowireCapableBeanFactory.java:448)  Creating instance of bean 'org.springframework.context.annotation.ConfigurationClassPostProcessor.importAwareProcessor'
2016-12-25 22:08:11 org.springframework.beans.factory.support.AbstractAutowireCapableBeanFactory.doCreateBean(AbstractAutowireCapableBeanFactory.java:537)  Eagerly caching bean 'org.springframework.context.annotation.ConfigurationClassPostProcessor.importAwareProcessor' to allow for resolving potential circular references
2016-12-25 22:08:11 org.springframework.beans.factory.support.AbstractAutowireCapableBeanFactory.createBean(AbstractAutowireCapableBeanFactory.java:484)  Finished creating instance of bean 'org.springframework.context.annotation.ConfigurationClassPostProcessor.importAwareProcessor'
2016-12-25 22:08:11 org.springframework.beans.factory.support.DefaultSingletonBeanRegistry.getSingleton(DefaultSingletonBeanRegistry.java:221)  Creating shared instance of singleton bean 'org.springframework.context.annotation.ConfigurationClassPostProcessor.enhancedConfigurationProcessor'
2016-12-25 22:08:11 org.springframework.beans.factory.support.AbstractAutowireCapableBeanFactory.createBean(AbstractAutowireCapableBeanFactory.java:448)  Creating instance of bean 'org.springframework.context.annotation.ConfigurationClassPostProcessor.enhancedConfigurationProcessor'
2016-12-25 22:08:11 org.springframework.beans.factory.support.AbstractAutowireCapableBeanFactory.doCreateBean(AbstractAutowireCapableBeanFactory.java:537)  Eagerly caching bean 'org.springframework.context.annotation.ConfigurationClassPostProcessor.enhancedConfigurationProcessor' to allow for resolving potential circular references
2016-12-25 22:08:11 org.springframework.beans.factory.support.AbstractAutowireCapableBeanFactory.createBean(AbstractAutowireCapableBeanFactory.java:484)  Finished creating instance of bean 'org.springframework.context.annotation.ConfigurationClassPostProcessor.enhancedConfigurationProcessor'
2016-12-25 22:08:11 org.springframework.beans.factory.support.DefaultSingletonBeanRegistry.getSingleton(DefaultSingletonBeanRegistry.java:221)  Creating shared instance of singleton bean 'org.springframework.aop.config.internalAutoProxyCreator'
2016-12-25 22:08:11 org.springframework.beans.factory.support.AbstractAutowireCapableBeanFactory.createBean(AbstractAutowireCapableBeanFactory.java:448)  Creating instance of bean 'org.springframework.aop.config.internalAutoProxyCreator'
2016-12-25 22:08:11 org.springframework.beans.factory.support.AbstractAutowireCapableBeanFactory.doCreateBean(AbstractAutowireCapableBeanFactory.java:537)  Eagerly caching bean 'org.springframework.aop.config.internalAutoProxyCreator' to allow for resolving potential circular references
2016-12-25 22:08:11 org.springframework.beans.factory.support.AbstractAutowireCapableBeanFactory.createBean(AbstractAutowireCapableBeanFactory.java:484)  Finished creating instance of bean 'org.springframework.aop.config.internalAutoProxyCreator'
2016-12-25 22:08:11 org.springframework.context.support.AbstractApplicationContext.initMessageSource(AbstractApplicationContext.java:733)  Unable to locate MessageSource with name 'messageSource': using default [org.springframework.context.support.DelegatingMessageSource@3e58a80e]
2016-12-25 22:08:11 org.springframework.context.support.AbstractApplicationContext.initApplicationEventMulticaster(AbstractApplicationContext.java:757)  Unable to locate ApplicationEventMulticaster with name 'applicationEventMulticaster': using default [org.springframework.context.event.SimpleApplicationEventMulticaster@67d48005]
2016-12-25 22:08:11 org.springframework.beans.factory.support.DefaultListableBeanFactory.preInstantiateSingletons(DefaultListableBeanFactory.java:723)  Pre-instantiating singletons in org.springframework.beans.factory.support.DefaultListableBeanFactory@1c72da34: defining beans [deptController,empController,goodsController,managerController,noInterceptor,roleController,urlTrans,userController,userGnController,dept,user,deptServiceImpl,empServiceImpl,goodsServiceImpl,roleServiceImpl,userServiceImpl,org.springframework.context.annotation.internalConfigurationAnnotationProcessor,org.springframework.context.annotation.internalAutowiredAnnotationProcessor,org.springframework.context.annotation.internalRequiredAnnotationProcessor,org.springframework.context.annotation.internalCommonAnnotationProcessor,org.springframework.context.event.internalEventListenerProcessor,org.springframework.context.event.internalEventListenerFactory,dataSource123,sqlSessionFactory,org.mybatis.spring.mapper.MapperScannerConfigurer#0,txManager,org.springframework.transaction.config.internalTransactionalEventListenerFactory,org.springframework.aop.config.internalAutoProxyCreator,org.springframework.transaction.annotation.AnnotationTransactionAttributeSource#0,org.springframework.transaction.interceptor.TransactionInterceptor#0,org.springframework.transaction.config.internalTransactionAdvisor,org.springframework.context.annotation.ConfigurationClassPostProcessor.importAwareProcessor,org.springframework.context.annotation.ConfigurationClassPostProcessor.enhancedConfigurationProcessor,authDao,authgroupDao,deptDao,empDao,goodsDao,roleDao,userDao]; root of factory hierarchy
2016-12-25 22:08:11 org.springframework.beans.factory.support.DefaultSingletonBeanRegistry.getSingleton(DefaultSingletonBeanRegistry.java:221)  Creating shared instance of singleton bean 'deptController'
2016-12-25 22:08:11 org.springframework.beans.factory.support.AbstractAutowireCapableBeanFactory.createBean(AbstractAutowireCapableBeanFactory.java:448)  Creating instance of bean 'deptController'
2016-12-25 22:08:11 org.springframework.beans.factory.annotation.InjectionMetadata.checkConfigMembers(InjectionMetadata.java:72)  Registered injected element on class [com.ssm.action.DeptController]: AutowiredFieldElement for private com.ssm.service.DeptService com.ssm.action.DeptController.deptService
2016-12-25 22:08:11 org.springframework.beans.factory.support.AbstractAutowireCapableBeanFactory.doCreateBean(AbstractAutowireCapableBeanFactory.java:537)  Eagerly caching bean 'deptController' to allow for resolving potential circular references
2016-12-25 22:08:11 org.springframework.beans.factory.annotation.InjectionMetadata.inject(InjectionMetadata.java:86)  Processing injected element of bean 'deptController': AutowiredFieldElement for private com.ssm.service.DeptService com.ssm.action.DeptController.deptService
2016-12-25 22:08:11 org.springframework.beans.factory.support.DefaultSingletonBeanRegistry.getSingleton(DefaultSingletonBeanRegistry.java:221)  Creating shared instance of singleton bean 'deptServiceImpl'
2016-12-25 22:08:11 org.springframework.beans.factory.support.AbstractAutowireCapableBeanFactory.createBean(AbstractAutowireCapableBeanFactory.java:448)  Creating instance of bean 'deptServiceImpl'
2016-12-25 22:08:11 org.springframework.beans.factory.annotation.InjectionMetadata.checkConfigMembers(InjectionMetadata.java:72)  Registered injected element on class [com.ssm.service.impl.DeptServiceImpl]: AutowiredFieldElement for private com.ssm.dao.DeptDao com.ssm.service.impl.DeptServiceImpl.deptDao
2016-12-25 22:08:11 org.springframework.beans.factory.support.AbstractAutowireCapableBeanFactory.doCreateBean(AbstractAutowireCapableBeanFactory.java:537)  Eagerly caching bean 'deptServiceImpl' to allow for resolving potential circular references
2016-12-25 22:08:11 org.springframework.beans.factory.annotation.InjectionMetadata.inject(InjectionMetadata.java:86)  Processing injected element of bean 'deptServiceImpl': AutowiredFieldElement for private com.ssm.dao.DeptDao com.ssm.service.impl.DeptServiceImpl.deptDao
2016-12-25 22:08:11 org.springframework.beans.factory.support.DefaultSingletonBeanRegistry.getSingleton(DefaultSingletonBeanRegistry.java:221)  Creating shared instance of singleton bean 'deptDao'
2016-12-25 22:08:11 org.springframework.beans.factory.support.AbstractAutowireCapableBeanFactory.createBean(AbstractAutowireCapableBeanFactory.java:448)  Creating instance of bean 'deptDao'
2016-12-25 22:08:11 org.springframework.beans.factory.support.AbstractAutowireCapableBeanFactory.doCreateBean(AbstractAutowireCapableBeanFactory.java:537)  Eagerly caching bean 'deptDao' to allow for resolving potential circular references
2016-12-25 22:08:11 org.springframework.beans.factory.support.DefaultSingletonBeanRegistry.getSingleton(DefaultSingletonBeanRegistry.java:221)  Creating shared instance of singleton bean 'sqlSessionFactory'
2016-12-25 22:08:11 org.springframework.beans.factory.support.AbstractAutowireCapableBeanFactory.createBean(AbstractAutowireCapableBeanFactory.java:448)  Creating instance of bean 'sqlSessionFactory'
2016-12-25 22:08:11 org.springframework.beans.factory.support.AbstractAutowireCapableBeanFactory.doCreateBean(AbstractAutowireCapableBeanFactory.java:537)  Eagerly caching bean 'sqlSessionFactory' to allow for resolving potential circular references
2016-12-25 22:08:11 org.springframework.beans.factory.support.DefaultSingletonBeanRegistry.getSingleton(DefaultSingletonBeanRegistry.java:221)  Creating shared instance of singleton bean 'dataSource123'
2016-12-25 22:08:11 org.springframework.beans.factory.support.AbstractAutowireCapableBeanFactory.createBean(AbstractAutowireCapableBeanFactory.java:448)  Creating instance of bean 'dataSource123'
2016-12-25 22:08:11 org.springframework.beans.factory.support.AbstractAutowireCapableBeanFactory.doCreateBean(AbstractAutowireCapableBeanFactory.java:537)  Eagerly caching bean 'dataSource123' to allow for resolving potential circular references
2016-12-25 22:08:11 org.springframework.beans.factory.support.DefaultSingletonBeanRegistry.getSingleton(DefaultSingletonBeanRegistry.java:221)  Creating shared instance of singleton bean 'org.springframework.transaction.config.internalTransactionAdvisor'
2016-12-25 22:08:11 org.springframework.beans.factory.support.AbstractAutowireCapableBeanFactory.createBean(AbstractAutowireCapableBeanFactory.java:448)  Creating instance of bean 'org.springframework.transaction.config.internalTransactionAdvisor'
2016-12-25 22:08:11 org.springframework.beans.factory.support.AbstractAutowireCapableBeanFactory.doCreateBean(AbstractAutowireCapableBeanFactory.java:537)  Eagerly caching bean 'org.springframework.transaction.config.internalTransactionAdvisor' to allow for resolving potential circular references
2016-12-25 22:08:11 org.springframework.beans.factory.support.DefaultSingletonBeanRegistry.getSingleton(DefaultSingletonBeanRegistry.java:221)  Creating shared instance of singleton bean 'org.springframework.transaction.annotation.AnnotationTransactionAttributeSource#0'
2016-12-25 22:08:11 org.springframework.beans.factory.support.AbstractAutowireCapableBeanFactory.createBean(AbstractAutowireCapableBeanFactory.java:448)  Creating instance of bean 'org.springframework.transaction.annotation.AnnotationTransactionAttributeSource#0'
2016-12-25 22:08:11 org.springframework.beans.factory.support.AbstractAutowireCapableBeanFactory.doCreateBean(AbstractAutowireCapableBeanFactory.java:537)  Eagerly caching bean 'org.springframework.transaction.annotation.AnnotationTransactionAttributeSource#0' to allow for resolving potential circular references
2016-12-25 22:08:11 org.springframework.aop.framework.autoproxy.BeanFactoryAdvisorRetrievalHelper.findAdvisorBeans(BeanFactoryAdvisorRetrievalHelper.java:87)  Skipping currently created advisor 'org.springframework.transaction.config.internalTransactionAdvisor'
2016-12-25 22:08:11 org.springframework.beans.factory.support.AbstractAutowireCapableBeanFactory.createBean(AbstractAutowireCapableBeanFactory.java:484)  Finished creating instance of bean 'org.springframework.transaction.annotation.AnnotationTransactionAttributeSource#0'
2016-12-25 22:08:11 org.springframework.beans.factory.support.AbstractAutowireCapableBeanFactory.createBean(AbstractAutowireCapableBeanFactory.java:484)  Finished creating instance of bean 'org.springframework.transaction.config.internalTransactionAdvisor'
2016-12-25 22:08:11 org.springframework.beans.factory.support.AbstractAutowireCapableBeanFactory.createBean(AbstractAutowireCapableBeanFactory.java:484)  Finished creating instance of bean 'dataSource123'
2016-12-25 22:08:11 org.springframework.beans.factory.support.AbstractAutowireCapableBeanFactory.invokeInitMethods(AbstractAutowireCapableBeanFactory.java:1625)  Invoking afterPropertiesSet() on bean with name 'sqlSessionFactory'
2016-12-25 22:08:11 org.apache.ibatis.logging.commons.JakartaCommonsLoggingImpl.debug(JakartaCommonsLoggingImpl.java:54)  Parsed configuration file: 'class path resource [mybatisMapper.xml]'
2016-12-25 22:08:11 org.apache.ibatis.logging.commons.JakartaCommonsLoggingImpl.debug(JakartaCommonsLoggingImpl.java:54)  Property 'mapperLocations' was not specified or no matching resources found
2016-12-25 22:08:11 org.springframework.beans.factory.support.AbstractBeanFactory.doGetBean(AbstractBeanFactory.java:251)  Returning cached instance of singleton bean 'org.springframework.transaction.config.internalTransactionAdvisor'
2016-12-25 22:08:11 org.springframework.beans.factory.support.AbstractAutowireCapableBeanFactory.createBean(AbstractAutowireCapableBeanFactory.java:484)  Finished creating instance of bean 'sqlSessionFactory'
2016-12-25 22:08:11 org.springframework.beans.factory.support.AbstractBeanFactory.doGetBean(AbstractBeanFactory.java:251)  Returning cached instance of singleton bean 'org.springframework.transaction.config.internalTransactionAdvisor'
2016-12-25 22:08:11 org.springframework.beans.factory.support.AbstractAutowireCapableBeanFactory.invokeInitMethods(AbstractAutowireCapableBeanFactory.java:1625)  Invoking afterPropertiesSet() on bean with name 'deptDao'
2016-12-25 22:08:11 org.springframework.beans.factory.support.AbstractBeanFactory.doGetBean(AbstractBeanFactory.java:251)  Returning cached instance of singleton bean 'org.springframework.transaction.config.internalTransactionAdvisor'
2016-12-25 22:08:11 org.springframework.beans.factory.support.AbstractAutowireCapableBeanFactory.createBean(AbstractAutowireCapableBeanFactory.java:484)  Finished creating instance of bean 'deptDao'
2016-12-25 22:08:11 org.springframework.beans.factory.support.AbstractBeanFactory.doGetBean(AbstractBeanFactory.java:251)  Returning cached instance of singleton bean 'org.springframework.transaction.config.internalTransactionAdvisor'
2016-12-25 22:08:11 org.springframework.beans.factory.annotation.AutowiredAnnotationBeanPostProcessor.registerDependentBeans(AutowiredAnnotationBeanPostProcessor.java:539)  Autowiring by type from bean name 'deptServiceImpl' to bean named 'deptDao'
2016-12-25 22:08:11 org.springframework.beans.factory.support.AbstractBeanFactory.doGetBean(AbstractBeanFactory.java:251)  Returning cached instance of singleton bean 'org.springframework.transaction.config.internalTransactionAdvisor'
2016-12-25 22:08:11 org.springframework.beans.factory.support.AbstractAutowireCapableBeanFactory.createBean(AbstractAutowireCapableBeanFactory.java:484)  Finished creating instance of bean 'deptServiceImpl'
2016-12-25 22:08:11 org.springframework.beans.factory.annotation.AutowiredAnnotationBeanPostProcessor.registerDependentBeans(AutowiredAnnotationBeanPostProcessor.java:539)  Autowiring by type from bean name 'deptController' to bean named 'deptServiceImpl'
2016-12-25 22:08:11 org.springframework.beans.factory.support.AbstractBeanFactory.doGetBean(AbstractBeanFactory.java:251)  Returning cached instance of singleton bean 'org.springframework.transaction.config.internalTransactionAdvisor'
2016-12-25 22:08:11 org.springframework.beans.factory.support.AbstractAutowireCapableBeanFactory.createBean(AbstractAutowireCapableBeanFactory.java:484)  Finished creating instance of bean 'deptController'
2016-12-25 22:08:11 org.springframework.beans.factory.support.DefaultSingletonBeanRegistry.getSingleton(DefaultSingletonBeanRegistry.java:221)  Creating shared instance of singleton bean 'empController'
2016-12-25 22:08:11 org.springframework.beans.factory.support.AbstractAutowireCapableBeanFactory.createBean(AbstractAutowireCapableBeanFactory.java:448)  Creating instance of bean 'empController'
2016-12-25 22:08:11 org.springframework.beans.factory.annotation.InjectionMetadata.checkConfigMembers(InjectionMetadata.java:72)  Registered injected element on class [com.ssm.action.EmpController]: AutowiredFieldElement for private com.ssm.service.EmpService com.ssm.action.EmpController.empService
2016-12-25 22:08:11 org.springframework.beans.factory.support.AbstractAutowireCapableBeanFactory.doCreateBean(AbstractAutowireCapableBeanFactory.java:537)  Eagerly caching bean 'empController' to allow for resolving potential circular references
2016-12-25 22:08:11 org.springframework.beans.factory.annotation.InjectionMetadata.inject(InjectionMetadata.java:86)  Processing injected element of bean 'empController': AutowiredFieldElement for private com.ssm.service.EmpService com.ssm.action.EmpController.empService
2016-12-25 22:08:11 org.springframework.beans.factory.support.DefaultSingletonBeanRegistry.getSingleton(DefaultSingletonBeanRegistry.java:221)  Creating shared instance of singleton bean 'empServiceImpl'
2016-12-25 22:08:11 org.springframework.beans.factory.support.AbstractAutowireCapableBeanFactory.createBean(AbstractAutowireCapableBeanFactory.java:448)  Creating instance of bean 'empServiceImpl'
2016-12-25 22:08:11 org.springframework.beans.factory.annotation.InjectionMetadata.checkConfigMembers(InjectionMetadata.java:72)  Registered injected element on class [com.ssm.service.impl.EmpServiceImpl]: AutowiredFieldElement for private com.ssm.dao.EmpDao com.ssm.service.impl.EmpServiceImpl.empDao
2016-12-25 22:08:11 org.springframework.beans.factory.support.AbstractAutowireCapableBeanFactory.doCreateBean(AbstractAutowireCapableBeanFactory.java:537)  Eagerly caching bean 'empServiceImpl' to allow for resolving potential circular references
2016-12-25 22:08:11 org.springframework.beans.factory.annotation.InjectionMetadata.inject(InjectionMetadata.java:86)  Processing injected element of bean 'empServiceImpl': AutowiredFieldElement for private com.ssm.dao.EmpDao com.ssm.service.impl.EmpServiceImpl.empDao
2016-12-25 22:08:11 org.springframework.beans.factory.support.DefaultSingletonBeanRegistry.getSingleton(DefaultSingletonBeanRegistry.java:221)  Creating shared instance of singleton bean 'empDao'
2016-12-25 22:08:11 org.springframework.beans.factory.support.AbstractAutowireCapableBeanFactory.createBean(AbstractAutowireCapableBeanFactory.java:448)  Creating instance of bean 'empDao'
2016-12-25 22:08:11 org.springframework.beans.factory.support.AbstractAutowireCapableBeanFactory.doCreateBean(AbstractAutowireCapableBeanFactory.java:537)  Eagerly caching bean 'empDao' to allow for resolving potential circular references
2016-12-25 22:08:11 org.springframework.beans.factory.support.AbstractBeanFactory.doGetBean(AbstractBeanFactory.java:251)  Returning cached instance of singleton bean 'sqlSessionFactory'
2016-12-25 22:08:11 org.springframework.beans.factory.support.AbstractAutowireCapableBeanFactory.invokeInitMethods(AbstractAutowireCapableBeanFactory.java:1625)  Invoking afterPropertiesSet() on bean with name 'empDao'
2016-12-25 22:08:11 org.springframework.beans.factory.support.AbstractBeanFactory.doGetBean(AbstractBeanFactory.java:251)  Returning cached instance of singleton bean 'org.springframework.transaction.config.internalTransactionAdvisor'
2016-12-25 22:08:11 org.springframework.beans.factory.support.AbstractAutowireCapableBeanFactory.createBean(AbstractAutowireCapableBeanFactory.java:484)  Finished creating instance of bean 'empDao'
2016-12-25 22:08:11 org.springframework.beans.factory.support.AbstractBeanFactory.doGetBean(AbstractBeanFactory.java:251)  Returning cached instance of singleton bean 'org.springframework.transaction.config.internalTransactionAdvisor'
2016-12-25 22:08:11 org.springframework.beans.factory.annotation.AutowiredAnnotationBeanPostProcessor.registerDependentBeans(AutowiredAnnotationBeanPostProcessor.java:539)  Autowiring by type from bean name 'empServiceImpl' to bean named 'empDao'
2016-12-25 22:08:11 org.springframework.beans.factory.support.AbstractBeanFactory.doGetBean(AbstractBeanFactory.java:251)  Returning cached instance of singleton bean 'org.springframework.transaction.config.internalTransactionAdvisor'
2016-12-25 22:08:11 org.springframework.beans.factory.support.AbstractAutowireCapableBeanFactory.createBean(AbstractAutowireCapableBeanFactory.java:484)  Finished creating instance of bean 'empServiceImpl'
2016-12-25 22:08:11 org.springframework.beans.factory.annotation.AutowiredAnnotationBeanPostProcessor.registerDependentBeans(AutowiredAnnotationBeanPostProcessor.java:539)  Autowiring by type from bean name 'empController' to bean named 'empServiceImpl'
2016-12-25 22:08:11 org.springframework.beans.factory.support.AbstractBeanFactory.doGetBean(AbstractBeanFactory.java:251)  Returning cached instance of singleton bean 'org.springframework.transaction.config.internalTransactionAdvisor'
2016-12-25 22:08:11 org.springframework.beans.factory.support.AbstractAutowireCapableBeanFactory.createBean(AbstractAutowireCapableBeanFactory.java:484)  Finished creating instance of bean 'empController'
2016-12-25 22:08:11 org.springframework.beans.factory.support.DefaultSingletonBeanRegistry.getSingleton(DefaultSingletonBeanRegistry.java:221)  Creating shared instance of singleton bean 'goodsController'
2016-12-25 22:08:11 org.springframework.beans.factory.support.AbstractAutowireCapableBeanFactory.createBean(AbstractAutowireCapableBeanFactory.java:448)  Creating instance of bean 'goodsController'
2016-12-25 22:08:11 org.springframework.beans.factory.annotation.InjectionMetadata.checkConfigMembers(InjectionMetadata.java:72)  Registered injected element on class [com.ssm.action.GoodsController]: AutowiredFieldElement for private com.ssm.service.GoodsService com.ssm.action.GoodsController.goodsService
2016-12-25 22:08:11 org.springframework.beans.factory.support.AbstractAutowireCapableBeanFactory.doCreateBean(AbstractAutowireCapableBeanFactory.java:537)  Eagerly caching bean 'goodsController' to allow for resolving potential circular references
2016-12-25 22:08:11 org.springframework.beans.factory.annotation.InjectionMetadata.inject(InjectionMetadata.java:86)  Processing injected element of bean 'goodsController': AutowiredFieldElement for private com.ssm.service.GoodsService com.ssm.action.GoodsController.goodsService
2016-12-25 22:08:11 org.springframework.beans.factory.support.DefaultSingletonBeanRegistry.getSingleton(DefaultSingletonBeanRegistry.java:221)  Creating shared instance of singleton bean 'goodsServiceImpl'
2016-12-25 22:08:11 org.springframework.beans.factory.support.AbstractAutowireCapableBeanFactory.createBean(AbstractAutowireCapableBeanFactory.java:448)  Creating instance of bean 'goodsServiceImpl'
2016-12-25 22:08:11 org.springframework.beans.factory.annotation.InjectionMetadata.checkConfigMembers(InjectionMetadata.java:72)  Registered injected element on class [com.ssm.service.impl.GoodsServiceImpl]: AutowiredFieldElement for private com.ssm.dao.GoodsDao com.ssm.service.impl.GoodsServiceImpl.goodsDao
2016-12-25 22:08:11 org.springframework.beans.factory.support.AbstractAutowireCapableBeanFactory.doCreateBean(AbstractAutowireCapableBeanFactory.java:537)  Eagerly caching bean 'goodsServiceImpl' to allow for resolving potential circular references
2016-12-25 22:08:11 org.springframework.beans.factory.annotation.InjectionMetadata.inject(InjectionMetadata.java:86)  Processing injected element of bean 'goodsServiceImpl': AutowiredFieldElement for private com.ssm.dao.GoodsDao com.ssm.service.impl.GoodsServiceImpl.goodsDao
2016-12-25 22:08:11 org.springframework.beans.factory.support.DefaultSingletonBeanRegistry.getSingleton(DefaultSingletonBeanRegistry.java:221)  Creating shared instance of singleton bean 'goodsDao'
2016-12-25 22:08:11 org.springframework.beans.factory.support.AbstractAutowireCapableBeanFactory.createBean(AbstractAutowireCapableBeanFactory.java:448)  Creating instance of bean 'goodsDao'
2016-12-25 22:08:11 org.springframework.beans.factory.support.AbstractAutowireCapableBeanFactory.doCreateBean(AbstractAutowireCapableBeanFactory.java:537)  Eagerly caching bean 'goodsDao' to allow for resolving potential circular references
2016-12-25 22:08:11 org.springframework.beans.factory.support.AbstractBeanFactory.doGetBean(AbstractBeanFactory.java:251)  Returning cached instance of singleton bean 'sqlSessionFactory'
2016-12-25 22:08:11 org.springframework.beans.factory.support.AbstractAutowireCapableBeanFactory.invokeInitMethods(AbstractAutowireCapableBeanFactory.java:1625)  Invoking afterPropertiesSet() on bean with name 'goodsDao'
2016-12-25 22:08:11 org.springframework.beans.factory.support.AbstractBeanFactory.doGetBean(AbstractBeanFactory.java:251)  Returning cached instance of singleton bean 'org.springframework.transaction.config.internalTransactionAdvisor'
2016-12-25 22:08:11 org.springframework.beans.factory.support.AbstractAutowireCapableBeanFactory.createBean(AbstractAutowireCapableBeanFactory.java:484)  Finished creating instance of bean 'goodsDao'
2016-12-25 22:08:11 org.springframework.beans.factory.support.AbstractBeanFactory.doGetBean(AbstractBeanFactory.java:251)  Returning cached instance of singleton bean 'org.springframework.transaction.config.internalTransactionAdvisor'
2016-12-25 22:08:11 org.springframework.beans.factory.annotation.AutowiredAnnotationBeanPostProcessor.registerDependentBeans(AutowiredAnnotationBeanPostProcessor.java:539)  Autowiring by type from bean name 'goodsServiceImpl' to bean named 'goodsDao'
2016-12-25 22:08:11 org.springframework.beans.factory.support.AbstractBeanFactory.doGetBean(AbstractBeanFactory.java:251)  Returning cached instance of singleton bean 'org.springframework.transaction.config.internalTransactionAdvisor'
2016-12-25 22:08:11 org.springframework.beans.factory.support.AbstractAutowireCapableBeanFactory.createBean(AbstractAutowireCapableBeanFactory.java:484)  Finished creating instance of bean 'goodsServiceImpl'
2016-12-25 22:08:11 org.springframework.beans.factory.annotation.AutowiredAnnotationBeanPostProcessor.registerDependentBeans(AutowiredAnnotationBeanPostProcessor.java:539)  Autowiring by type from bean name 'goodsController' to bean named 'goodsServiceImpl'
2016-12-25 22:08:11 org.springframework.beans.factory.support.AbstractBeanFactory.doGetBean(AbstractBeanFactory.java:251)  Returning cached instance of singleton bean 'org.springframework.transaction.config.internalTransactionAdvisor'
2016-12-25 22:08:11 org.springframework.beans.factory.support.AbstractAutowireCapableBeanFactory.createBean(AbstractAutowireCapableBeanFactory.java:484)  Finished creating instance of bean 'goodsController'
2016-12-25 22:08:11 org.springframework.beans.factory.support.DefaultSingletonBeanRegistry.getSingleton(DefaultSingletonBeanRegistry.java:221)  Creating shared instance of singleton bean 'managerController'
2016-12-25 22:08:11 org.springframework.beans.factory.support.AbstractAutowireCapableBeanFactory.createBean(AbstractAutowireCapableBeanFactory.java:448)  Creating instance of bean 'managerController'
2016-12-25 22:08:11 org.springframework.beans.factory.support.AbstractAutowireCapableBeanFactory.doCreateBean(AbstractAutowireCapableBeanFactory.java:537)  Eagerly caching bean 'managerController' to allow for resolving potential circular references
2016-12-25 22:08:11 org.springframework.beans.factory.support.AbstractBeanFactory.doGetBean(AbstractBeanFactory.java:251)  Returning cached instance of singleton bean 'org.springframework.transaction.config.internalTransactionAdvisor'
2016-12-25 22:08:11 org.springframework.beans.factory.support.AbstractAutowireCapableBeanFactory.createBean(AbstractAutowireCapableBeanFactory.java:484)  Finished creating instance of bean 'managerController'
2016-12-25 22:08:11 org.springframework.beans.factory.support.DefaultSingletonBeanRegistry.getSingleton(DefaultSingletonBeanRegistry.java:221)  Creating shared instance of singleton bean 'noInterceptor'
2016-12-25 22:08:11 org.springframework.beans.factory.support.AbstractAutowireCapableBeanFactory.createBean(AbstractAutowireCapableBeanFactory.java:448)  Creating instance of bean 'noInterceptor'
2016-12-25 22:08:11 org.springframework.beans.factory.annotation.InjectionMetadata.checkConfigMembers(InjectionMetadata.java:72)  Registered injected element on class [com.ssm.action.NoInterceptor]: AutowiredFieldElement for private com.ssm.service.UserService com.ssm.action.NoInterceptor.userService
2016-12-25 22:08:11 org.springframework.beans.factory.support.AbstractAutowireCapableBeanFactory.doCreateBean(AbstractAutowireCapableBeanFactory.java:537)  Eagerly caching bean 'noInterceptor' to allow for resolving potential circular references
2016-12-25 22:08:11 org.springframework.beans.factory.annotation.InjectionMetadata.inject(InjectionMetadata.java:86)  Processing injected element of bean 'noInterceptor': AutowiredFieldElement for private com.ssm.service.UserService com.ssm.action.NoInterceptor.userService
2016-12-25 22:08:11 org.springframework.beans.factory.support.DefaultSingletonBeanRegistry.getSingleton(DefaultSingletonBeanRegistry.java:221)  Creating shared instance of singleton bean 'userServiceImpl'
2016-12-25 22:08:11 org.springframework.beans.factory.support.AbstractAutowireCapableBeanFactory.createBean(AbstractAutowireCapableBeanFactory.java:448)  Creating instance of bean 'userServiceImpl'
2016-12-25 22:08:11 org.springframework.beans.factory.annotation.InjectionMetadata.checkConfigMembers(InjectionMetadata.java:72)  Registered injected element on class [com.ssm.service.impl.UserServiceImpl]: AutowiredFieldElement for private com.ssm.dao.UserDao com.ssm.service.impl.UserServiceImpl.userDao
2016-12-25 22:08:11 org.springframework.beans.factory.support.AbstractAutowireCapableBeanFactory.doCreateBean(AbstractAutowireCapableBeanFactory.java:537)  Eagerly caching bean 'userServiceImpl' to allow for resolving potential circular references
2016-12-25 22:08:11 org.springframework.beans.factory.annotation.InjectionMetadata.inject(InjectionMetadata.java:86)  Processing injected element of bean 'userServiceImpl': AutowiredFieldElement for private com.ssm.dao.UserDao com.ssm.service.impl.UserServiceImpl.userDao
2016-12-25 22:08:11 org.springframework.beans.factory.support.DefaultSingletonBeanRegistry.getSingleton(DefaultSingletonBeanRegistry.java:221)  Creating shared instance of singleton bean 'userDao'
2016-12-25 22:08:11 org.springframework.beans.factory.support.AbstractAutowireCapableBeanFactory.createBean(AbstractAutowireCapableBeanFactory.java:448)  Creating instance of bean 'userDao'
2016-12-25 22:08:11 org.springframework.beans.factory.support.AbstractAutowireCapableBeanFactory.doCreateBean(AbstractAutowireCapableBeanFactory.java:537)  Eagerly caching bean 'userDao' to allow for resolving potential circular references
2016-12-25 22:08:11 org.springframework.beans.factory.support.AbstractBeanFactory.doGetBean(AbstractBeanFactory.java:251)  Returning cached instance of singleton bean 'sqlSessionFactory'
2016-12-25 22:08:11 org.springframework.beans.factory.support.AbstractAutowireCapableBeanFactory.invokeInitMethods(AbstractAutowireCapableBeanFactory.java:1625)  Invoking afterPropertiesSet() on bean with name 'userDao'
2016-12-25 22:08:11 org.springframework.beans.factory.support.AbstractBeanFactory.doGetBean(AbstractBeanFactory.java:251)  Returning cached instance of singleton bean 'org.springframework.transaction.config.internalTransactionAdvisor'
2016-12-25 22:08:11 org.springframework.beans.factory.support.AbstractAutowireCapableBeanFactory.createBean(AbstractAutowireCapableBeanFactory.java:484)  Finished creating instance of bean 'userDao'
2016-12-25 22:08:11 org.springframework.beans.factory.support.AbstractBeanFactory.doGetBean(AbstractBeanFactory.java:251)  Returning cached instance of singleton bean 'org.springframework.transaction.config.internalTransactionAdvisor'
2016-12-25 22:08:11 org.springframework.beans.factory.annotation.AutowiredAnnotationBeanPostProcessor.registerDependentBeans(AutowiredAnnotationBeanPostProcessor.java:539)  Autowiring by type from bean name 'userServiceImpl' to bean named 'userDao'
2016-12-25 22:08:11 org.springframework.beans.factory.support.AbstractBeanFactory.doGetBean(AbstractBeanFactory.java:251)  Returning cached instance of singleton bean 'org.springframework.transaction.config.internalTransactionAdvisor'
2016-12-25 22:08:11 org.springframework.beans.factory.support.AbstractAutowireCapableBeanFactory.createBean(AbstractAutowireCapableBeanFactory.java:484)  Finished creating instance of bean 'userServiceImpl'
2016-12-25 22:08:11 org.springframework.beans.factory.annotation.AutowiredAnnotationBeanPostProcessor.registerDependentBeans(AutowiredAnnotationBeanPostProcessor.java:539)  Autowiring by type from bean name 'noInterceptor' to bean named 'userServiceImpl'
2016-12-25 22:08:11 org.springframework.beans.factory.support.AbstractBeanFactory.doGetBean(AbstractBeanFactory.java:251)  Returning cached instance of singleton bean 'org.springframework.transaction.config.internalTransactionAdvisor'
2016-12-25 22:08:11 org.springframework.beans.factory.support.AbstractAutowireCapableBeanFactory.createBean(AbstractAutowireCapableBeanFactory.java:484)  Finished creating instance of bean 'noInterceptor'
2016-12-25 22:08:11 org.springframework.beans.factory.support.DefaultSingletonBeanRegistry.getSingleton(DefaultSingletonBeanRegistry.java:221)  Creating shared instance of singleton bean 'roleController'
2016-12-25 22:08:11 org.springframework.beans.factory.support.AbstractAutowireCapableBeanFactory.createBean(AbstractAutowireCapableBeanFactory.java:448)  Creating instance of bean 'roleController'
2016-12-25 22:08:11 org.springframework.beans.factory.annotation.InjectionMetadata.checkConfigMembers(InjectionMetadata.java:72)  Registered injected element on class [com.ssm.action.RoleController]: AutowiredFieldElement for private com.ssm.service.RoleService com.ssm.action.RoleController.roleService
2016-12-25 22:08:11 org.springframework.beans.factory.support.AbstractAutowireCapableBeanFactory.doCreateBean(AbstractAutowireCapableBeanFactory.java:537)  Eagerly caching bean 'roleController' to allow for resolving potential circular references
2016-12-25 22:08:11 org.springframework.beans.factory.annotation.InjectionMetadata.inject(InjectionMetadata.java:86)  Processing injected element of bean 'roleController': AutowiredFieldElement for private com.ssm.service.RoleService com.ssm.action.RoleController.roleService
2016-12-25 22:08:11 org.springframework.beans.factory.support.DefaultSingletonBeanRegistry.getSingleton(DefaultSingletonBeanRegistry.java:221)  Creating shared instance of singleton bean 'roleServiceImpl'
2016-12-25 22:08:11 org.springframework.beans.factory.support.AbstractAutowireCapableBeanFactory.createBean(AbstractAutowireCapableBeanFactory.java:448)  Creating instance of bean 'roleServiceImpl'
2016-12-25 22:08:11 org.springframework.beans.factory.annotation.InjectionMetadata.checkConfigMembers(InjectionMetadata.java:72)  Registered injected element on class [com.ssm.service.impl.RoleServiceImpl]: AutowiredFieldElement for private com.ssm.dao.RoleDao com.ssm.service.impl.RoleServiceImpl.roleDao
2016-12-25 22:08:11 org.springframework.beans.factory.support.AbstractAutowireCapableBeanFactory.doCreateBean(AbstractAutowireCapableBeanFactory.java:537)  Eagerly caching bean 'roleServiceImpl' to allow for resolving potential circular references
2016-12-25 22:08:11 org.springframework.beans.factory.annotation.InjectionMetadata.inject(InjectionMetadata.java:86)  Processing injected element of bean 'roleServiceImpl': AutowiredFieldElement for private com.ssm.dao.RoleDao com.ssm.service.impl.RoleServiceImpl.roleDao
2016-12-25 22:08:11 org.springframework.beans.factory.support.DefaultSingletonBeanRegistry.getSingleton(DefaultSingletonBeanRegistry.java:221)  Creating shared instance of singleton bean 'roleDao'
2016-12-25 22:08:11 org.springframework.beans.factory.support.AbstractAutowireCapableBeanFactory.createBean(AbstractAutowireCapableBeanFactory.java:448)  Creating instance of bean 'roleDao'
2016-12-25 22:08:11 org.springframework.beans.factory.support.AbstractAutowireCapableBeanFactory.doCreateBean(AbstractAutowireCapableBeanFactory.java:537)  Eagerly caching bean 'roleDao' to allow for resolving potential circular references
2016-12-25 22:08:11 org.springframework.beans.factory.support.AbstractBeanFactory.doGetBean(AbstractBeanFactory.java:251)  Returning cached instance of singleton bean 'sqlSessionFactory'
2016-12-25 22:08:11 org.springframework.beans.factory.support.AbstractAutowireCapableBeanFactory.invokeInitMethods(AbstractAutowireCapableBeanFactory.java:1625)  Invoking afterPropertiesSet() on bean with name 'roleDao'
2016-12-25 22:08:11 org.springframework.beans.factory.support.AbstractBeanFactory.doGetBean(AbstractBeanFactory.java:251)  Returning cached instance of singleton bean 'org.springframework.transaction.config.internalTransactionAdvisor'
2016-12-25 22:08:11 org.springframework.beans.factory.support.AbstractAutowireCapableBeanFactory.createBean(AbstractAutowireCapableBeanFactory.java:484)  Finished creating instance of bean 'roleDao'
2016-12-25 22:08:11 org.springframework.beans.factory.support.AbstractBeanFactory.doGetBean(AbstractBeanFactory.java:251)  Returning cached instance of singleton bean 'org.springframework.transaction.config.internalTransactionAdvisor'
2016-12-25 22:08:11 org.springframework.beans.factory.annotation.AutowiredAnnotationBeanPostProcessor.registerDependentBeans(AutowiredAnnotationBeanPostProcessor.java:539)  Autowiring by type from bean name 'roleServiceImpl' to bean named 'roleDao'
2016-12-25 22:08:11 org.springframework.beans.factory.support.AbstractBeanFactory.doGetBean(AbstractBeanFactory.java:251)  Returning cached instance of singleton bean 'org.springframework.transaction.config.internalTransactionAdvisor'
2016-12-25 22:08:11 org.springframework.beans.factory.support.AbstractAutowireCapableBeanFactory.createBean(AbstractAutowireCapableBeanFactory.java:484)  Finished creating instance of bean 'roleServiceImpl'
2016-12-25 22:08:11 org.springframework.beans.factory.annotation.AutowiredAnnotationBeanPostProcessor.registerDependentBeans(AutowiredAnnotationBeanPostProcessor.java:539)  Autowiring by type from bean name 'roleController' to bean named 'roleServiceImpl'
2016-12-25 22:08:11 org.springframework.beans.factory.support.AbstractBeanFactory.doGetBean(AbstractBeanFactory.java:251)  Returning cached instance of singleton bean 'org.springframework.transaction.config.internalTransactionAdvisor'
2016-12-25 22:08:11 org.springframework.beans.factory.support.AbstractAutowireCapableBeanFactory.createBean(AbstractAutowireCapableBeanFactory.java:484)  Finished creating instance of bean 'roleController'
2016-12-25 22:08:11 org.springframework.beans.factory.support.DefaultSingletonBeanRegistry.getSingleton(DefaultSingletonBeanRegistry.java:221)  Creating shared instance of singleton bean 'urlTrans'
2016-12-25 22:08:11 org.springframework.beans.factory.support.AbstractAutowireCapableBeanFactory.createBean(AbstractAutowireCapableBeanFactory.java:448)  Creating instance of bean 'urlTrans'
2016-12-25 22:08:11 org.springframework.beans.factory.support.AbstractAutowireCapableBeanFactory.doCreateBean(AbstractAutowireCapableBeanFactory.java:537)  Eagerly caching bean 'urlTrans' to allow for resolving potential circular references
2016-12-25 22:08:11 org.springframework.beans.factory.support.AbstractBeanFactory.doGetBean(AbstractBeanFactory.java:251)  Returning cached instance of singleton bean 'org.springframework.transaction.config.internalTransactionAdvisor'
2016-12-25 22:08:11 org.springframework.beans.factory.support.AbstractAutowireCapableBeanFactory.createBean(AbstractAutowireCapableBeanFactory.java:484)  Finished creating instance of bean 'urlTrans'
2016-12-25 22:08:11 org.springframework.beans.factory.support.DefaultSingletonBeanRegistry.getSingleton(DefaultSingletonBeanRegistry.java:221)  Creating shared instance of singleton bean 'userController'
2016-12-25 22:08:11 org.springframework.beans.factory.support.AbstractAutowireCapableBeanFactory.createBean(AbstractAutowireCapableBeanFactory.java:448)  Creating instance of bean 'userController'
2016-12-25 22:08:11 org.springframework.beans.factory.annotation.InjectionMetadata.checkConfigMembers(InjectionMetadata.java:72)  Registered injected element on class [com.ssm.action.UserController]: AutowiredFieldElement for private com.ssm.service.EmpService com.ssm.action.UserController.empService
2016-12-25 22:08:11 org.springframework.beans.factory.support.AbstractAutowireCapableBeanFactory.doCreateBean(AbstractAutowireCapableBeanFactory.java:537)  Eagerly caching bean 'userController' to allow for resolving potential circular references
2016-12-25 22:08:11 org.springframework.beans.factory.annotation.InjectionMetadata.inject(InjectionMetadata.java:86)  Processing injected element of bean 'userController': AutowiredFieldElement for private com.ssm.service.EmpService com.ssm.action.UserController.empService
2016-12-25 22:08:11 org.springframework.beans.factory.support.AbstractBeanFactory.doGetBean(AbstractBeanFactory.java:251)  Returning cached instance of singleton bean 'empServiceImpl'
2016-12-25 22:08:11 org.springframework.beans.factory.annotation.AutowiredAnnotationBeanPostProcessor.registerDependentBeans(AutowiredAnnotationBeanPostProcessor.java:539)  Autowiring by type from bean name 'userController' to bean named 'empServiceImpl'
2016-12-25 22:08:11 org.springframework.beans.factory.support.AbstractBeanFactory.doGetBean(AbstractBeanFactory.java:251)  Returning cached instance of singleton bean 'org.springframework.transaction.config.internalTransactionAdvisor'
2016-12-25 22:08:11 org.springframework.beans.factory.support.AbstractAutowireCapableBeanFactory.createBean(AbstractAutowireCapableBeanFactory.java:484)  Finished creating instance of bean 'userController'
2016-12-25 22:08:11 org.springframework.beans.factory.support.DefaultSingletonBeanRegistry.getSingleton(DefaultSingletonBeanRegistry.java:221)  Creating shared instance of singleton bean 'userGnController'
2016-12-25 22:08:11 org.springframework.beans.factory.support.AbstractAutowireCapableBeanFactory.createBean(AbstractAutowireCapableBeanFactory.java:448)  Creating instance of bean 'userGnController'
2016-12-25 22:08:11 org.springframework.beans.factory.annotation.InjectionMetadata.checkConfigMembers(InjectionMetadata.java:72)  Registered injected element on class [com.ssm.action.UserGnController]: AutowiredFieldElement for private com.ssm.service.EmpService com.ssm.action.UserGnController.empService
2016-12-25 22:08:11 org.springframework.beans.factory.support.AbstractAutowireCapableBeanFactory.doCreateBean(AbstractAutowireCapableBeanFactory.java:537)  Eagerly caching bean 'userGnController' to allow for resolving potential circular references
2016-12-25 22:08:11 org.springframework.beans.factory.annotation.InjectionMetadata.inject(InjectionMetadata.java:86)  Processing injected element of bean 'userGnController': AutowiredFieldElement for private com.ssm.service.EmpService com.ssm.action.UserGnController.empService
2016-12-25 22:08:11 org.springframework.beans.factory.support.AbstractBeanFactory.doGetBean(AbstractBeanFactory.java:251)  Returning cached instance of singleton bean 'empServiceImpl'
2016-12-25 22:08:11 org.springframework.beans.factory.annotation.AutowiredAnnotationBeanPostProcessor.registerDependentBeans(AutowiredAnnotationBeanPostProcessor.java:539)  Autowiring by type from bean name 'userGnController' to bean named 'empServiceImpl'
2016-12-25 22:08:11 org.springframework.beans.factory.support.AbstractBeanFactory.doGetBean(AbstractBeanFactory.java:251)  Returning cached instance of singleton bean 'org.springframework.transaction.config.internalTransactionAdvisor'
2016-12-25 22:08:11 org.springframework.beans.factory.support.AbstractAutowireCapableBeanFactory.createBean(AbstractAutowireCapableBeanFactory.java:484)  Finished creating instance of bean 'userGnController'
2016-12-25 22:08:11 org.springframework.beans.factory.support.DefaultSingletonBeanRegistry.getSingleton(DefaultSingletonBeanRegistry.java:221)  Creating shared instance of singleton bean 'dept'
2016-12-25 22:08:11 org.springframework.beans.factory.support.AbstractAutowireCapableBeanFactory.createBean(AbstractAutowireCapableBeanFactory.java:448)  Creating instance of bean 'dept'
2016-12-25 22:08:11 org.springframework.beans.factory.support.AbstractAutowireCapableBeanFactory.doCreateBean(AbstractAutowireCapableBeanFactory.java:537)  Eagerly caching bean 'dept' to allow for resolving potential circular references
2016-12-25 22:08:11 org.springframework.beans.factory.support.AbstractBeanFactory.doGetBean(AbstractBeanFactory.java:251)  Returning cached instance of singleton bean 'org.springframework.transaction.config.internalTransactionAdvisor'
2016-12-25 22:08:11 org.springframework.beans.factory.support.AbstractAutowireCapableBeanFactory.createBean(AbstractAutowireCapableBeanFactory.java:484)  Finished creating instance of bean 'dept'
2016-12-25 22:08:11 org.springframework.beans.factory.support.DefaultSingletonBeanRegistry.getSingleton(DefaultSingletonBeanRegistry.java:221)  Creating shared instance of singleton bean 'user'
2016-12-25 22:08:11 org.springframework.beans.factory.support.AbstractAutowireCapableBeanFactory.createBean(AbstractAutowireCapableBeanFactory.java:448)  Creating instance of bean 'user'
2016-12-25 22:08:11 org.springframework.beans.factory.support.AbstractAutowireCapableBeanFactory.doCreateBean(AbstractAutowireCapableBeanFactory.java:537)  Eagerly caching bean 'user' to allow for resolving potential circular references
2016-12-25 22:08:11 org.springframework.beans.factory.support.AbstractBeanFactory.doGetBean(AbstractBeanFactory.java:251)  Returning cached instance of singleton bean 'org.springframework.transaction.config.internalTransactionAdvisor'
2016-12-25 22:08:11 org.springframework.beans.factory.support.AbstractAutowireCapableBeanFactory.createBean(AbstractAutowireCapableBeanFactory.java:484)  Finished creating instance of bean 'user'
2016-12-25 22:08:11 org.springframework.beans.factory.support.AbstractBeanFactory.doGetBean(AbstractBeanFactory.java:251)  Returning cached instance of singleton bean 'deptServiceImpl'
2016-12-25 22:08:11 org.springframework.beans.factory.support.AbstractBeanFactory.doGetBean(AbstractBeanFactory.java:251)  Returning cached instance of singleton bean 'empServiceImpl'
2016-12-25 22:08:11 org.springframework.beans.factory.support.AbstractBeanFactory.doGetBean(AbstractBeanFactory.java:251)  Returning cached instance of singleton bean 'goodsServiceImpl'
2016-12-25 22:08:11 org.springframework.beans.factory.support.AbstractBeanFactory.doGetBean(AbstractBeanFactory.java:251)  Returning cached instance of singleton bean 'roleServiceImpl'
2016-12-25 22:08:11 org.springframework.beans.factory.support.AbstractBeanFactory.doGetBean(AbstractBeanFactory.java:251)  Returning cached instance of singleton bean 'userServiceImpl'
2016-12-25 22:08:11 org.springframework.beans.factory.support.AbstractBeanFactory.doGetBean(AbstractBeanFactory.java:251)  Returning cached instance of singleton bean 'org.springframework.context.annotation.internalConfigurationAnnotationProcessor'
2016-12-25 22:08:11 org.springframework.beans.factory.support.AbstractBeanFactory.doGetBean(AbstractBeanFactory.java:251)  Returning cached instance of singleton bean 'org.springframework.context.annotation.internalAutowiredAnnotationProcessor'
2016-12-25 22:08:11 org.springframework.beans.factory.support.AbstractBeanFactory.doGetBean(AbstractBeanFactory.java:251)  Returning cached instance of singleton bean 'org.springframework.context.annotation.internalRequiredAnnotationProcessor'
2016-12-25 22:08:11 org.springframework.beans.factory.support.AbstractBeanFactory.doGetBean(AbstractBeanFactory.java:251)  Returning cached instance of singleton bean 'org.springframework.context.annotation.internalCommonAnnotationProcessor'
2016-12-25 22:08:11 org.springframework.beans.factory.support.DefaultSingletonBeanRegistry.getSingleton(DefaultSingletonBeanRegistry.java:221)  Creating shared instance of singleton bean 'org.springframework.context.event.internalEventListenerProcessor'
2016-12-25 22:08:11 org.springframework.beans.factory.support.AbstractAutowireCapableBeanFactory.createBean(AbstractAutowireCapableBeanFactory.java:448)  Creating instance of bean 'org.springframework.context.event.internalEventListenerProcessor'
2016-12-25 22:08:11 org.springframework.beans.factory.support.AbstractAutowireCapableBeanFactory.doCreateBean(AbstractAutowireCapableBeanFactory.java:537)  Eagerly caching bean 'org.springframework.context.event.internalEventListenerProcessor' to allow for resolving potential circular references
2016-12-25 22:08:11 org.springframework.beans.factory.support.AbstractBeanFactory.doGetBean(AbstractBeanFactory.java:251)  Returning cached instance of singleton bean 'org.springframework.transaction.config.internalTransactionAdvisor'
2016-12-25 22:08:11 org.springframework.beans.factory.support.AbstractAutowireCapableBeanFactory.createBean(AbstractAutowireCapableBeanFactory.java:484)  Finished creating instance of bean 'org.springframework.context.event.internalEventListenerProcessor'
2016-12-25 22:08:11 org.springframework.beans.factory.support.DefaultSingletonBeanRegistry.getSingleton(DefaultSingletonBeanRegistry.java:221)  Creating shared instance of singleton bean 'org.springframework.context.event.internalEventListenerFactory'
2016-12-25 22:08:11 org.springframework.beans.factory.support.AbstractAutowireCapableBeanFactory.createBean(AbstractAutowireCapableBeanFactory.java:448)  Creating instance of bean 'org.springframework.context.event.internalEventListenerFactory'
2016-12-25 22:08:11 org.springframework.beans.factory.support.AbstractAutowireCapableBeanFactory.doCreateBean(AbstractAutowireCapableBeanFactory.java:537)  Eagerly caching bean 'org.springframework.context.event.internalEventListenerFactory' to allow for resolving potential circular references
2016-12-25 22:08:11 org.springframework.beans.factory.support.AbstractBeanFactory.doGetBean(AbstractBeanFactory.java:251)  Returning cached instance of singleton bean 'org.springframework.transaction.config.internalTransactionAdvisor'
2016-12-25 22:08:11 org.springframework.beans.factory.support.AbstractAutowireCapableBeanFactory.createBean(AbstractAutowireCapableBeanFactory.java:484)  Finished creating instance of bean 'org.springframework.context.event.internalEventListenerFactory'
2016-12-25 22:08:11 org.springframework.beans.factory.support.AbstractBeanFactory.doGetBean(AbstractBeanFactory.java:251)  Returning cached instance of singleton bean 'dataSource123'
2016-12-25 22:08:11 org.springframework.beans.factory.support.AbstractBeanFactory.doGetBean(AbstractBeanFactory.java:251)  Returning cached instance of singleton bean 'sqlSessionFactory'
2016-12-25 22:08:11 org.springframework.beans.factory.support.AbstractBeanFactory.doGetBean(AbstractBeanFactory.java:251)  Returning cached instance of singleton bean 'org.mybatis.spring.mapper.MapperScannerConfigurer#0'
2016-12-25 22:08:11 org.springframework.beans.factory.support.DefaultSingletonBeanRegistry.getSingleton(DefaultSingletonBeanRegistry.java:221)  Creating shared instance of singleton bean 'txManager'
2016-12-25 22:08:11 org.springframework.beans.factory.support.AbstractAutowireCapableBeanFactory.createBean(AbstractAutowireCapableBeanFactory.java:448)  Creating instance of bean 'txManager'
2016-12-25 22:08:11 org.springframework.beans.factory.support.AbstractAutowireCapableBeanFactory.doCreateBean(AbstractAutowireCapableBeanFactory.java:537)  Eagerly caching bean 'txManager' to allow for resolving potential circular references
2016-12-25 22:08:11 org.springframework.beans.factory.support.AbstractBeanFactory.doGetBean(AbstractBeanFactory.java:251)  Returning cached instance of singleton bean 'dataSource123'
2016-12-25 22:08:11 org.springframework.beans.factory.support.AbstractAutowireCapableBeanFactory.invokeInitMethods(AbstractAutowireCapableBeanFactory.java:1625)  Invoking afterPropertiesSet() on bean with name 'txManager'
2016-12-25 22:08:11 org.springframework.beans.factory.support.AbstractBeanFactory.doGetBean(AbstractBeanFactory.java:251)  Returning cached instance of singleton bean 'org.springframework.transaction.config.internalTransactionAdvisor'
2016-12-25 22:08:11 org.springframework.beans.factory.support.AbstractAutowireCapableBeanFactory.createBean(AbstractAutowireCapableBeanFactory.java:484)  Finished creating instance of bean 'txManager'
2016-12-25 22:08:11 org.springframework.beans.factory.support.DefaultSingletonBeanRegistry.getSingleton(DefaultSingletonBeanRegistry.java:221)  Creating shared instance of singleton bean 'org.springframework.transaction.config.internalTransactionalEventListenerFactory'
2016-12-25 22:08:11 org.springframework.beans.factory.support.AbstractAutowireCapableBeanFactory.createBean(AbstractAutowireCapableBeanFactory.java:448)  Creating instance of bean 'org.springframework.transaction.config.internalTransactionalEventListenerFactory'
2016-12-25 22:08:11 org.springframework.beans.factory.support.AbstractAutowireCapableBeanFactory.doCreateBean(AbstractAutowireCapableBeanFactory.java:537)  Eagerly caching bean 'org.springframework.transaction.config.internalTransactionalEventListenerFactory' to allow for resolving potential circular references
2016-12-25 22:08:11 org.springframework.beans.factory.support.AbstractBeanFactory.doGetBean(AbstractBeanFactory.java:251)  Returning cached instance of singleton bean 'org.springframework.transaction.config.internalTransactionAdvisor'
2016-12-25 22:08:11 org.springframework.beans.factory.support.AbstractAutowireCapableBeanFactory.createBean(AbstractAutowireCapableBeanFactory.java:484)  Finished creating instance of bean 'org.springframework.transaction.config.internalTransactionalEventListenerFactory'
2016-12-25 22:08:11 org.springframework.beans.factory.support.AbstractBeanFactory.doGetBean(AbstractBeanFactory.java:251)  Returning cached instance of singleton bean 'org.springframework.aop.config.internalAutoProxyCreator'
2016-12-25 22:08:11 org.springframework.beans.factory.support.AbstractBeanFactory.doGetBean(AbstractBeanFactory.java:251)  Returning cached instance of singleton bean 'org.springframework.transaction.annotation.AnnotationTransactionAttributeSource#0'
2016-12-25 22:08:11 org.springframework.beans.factory.support.DefaultSingletonBeanRegistry.getSingleton(DefaultSingletonBeanRegistry.java:221)  Creating shared instance of singleton bean 'org.springframework.transaction.interceptor.TransactionInterceptor#0'
2016-12-25 22:08:11 org.springframework.beans.factory.support.AbstractAutowireCapableBeanFactory.createBean(AbstractAutowireCapableBeanFactory.java:448)  Creating instance of bean 'org.springframework.transaction.interceptor.TransactionInterceptor#0'
2016-12-25 22:08:11 org.springframework.beans.factory.support.AbstractAutowireCapableBeanFactory.doCreateBean(AbstractAutowireCapableBeanFactory.java:537)  Eagerly caching bean 'org.springframework.transaction.interceptor.TransactionInterceptor#0' to allow for resolving potential circular references
2016-12-25 22:08:11 org.springframework.beans.factory.support.AbstractBeanFactory.doGetBean(AbstractBeanFactory.java:251)  Returning cached instance of singleton bean 'org.springframework.transaction.annotation.AnnotationTransactionAttributeSource#0'
2016-12-25 22:08:11 org.springframework.beans.factory.support.AbstractAutowireCapableBeanFactory.invokeInitMethods(AbstractAutowireCapableBeanFactory.java:1625)  Invoking afterPropertiesSet() on bean with name 'org.springframework.transaction.interceptor.TransactionInterceptor#0'
2016-12-25 22:08:11 org.springframework.beans.factory.support.AbstractAutowireCapableBeanFactory.createBean(AbstractAutowireCapableBeanFactory.java:484)  Finished creating instance of bean 'org.springframework.transaction.interceptor.TransactionInterceptor#0'
2016-12-25 22:08:11 org.springframework.beans.factory.support.AbstractBeanFactory.doGetBean(AbstractBeanFactory.java:251)  Returning cached instance of singleton bean 'org.springframework.transaction.config.internalTransactionAdvisor'
2016-12-25 22:08:11 org.springframework.beans.factory.support.AbstractBeanFactory.doGetBean(AbstractBeanFactory.java:251)  Returning cached instance of singleton bean 'org.springframework.context.annotation.ConfigurationClassPostProcessor.importAwareProcessor'
2016-12-25 22:08:11 org.springframework.beans.factory.support.AbstractBeanFactory.doGetBean(AbstractBeanFactory.java:251)  Returning cached instance of singleton bean 'org.springframework.context.annotation.ConfigurationClassPostProcessor.enhancedConfigurationProcessor'
2016-12-25 22:08:11 org.springframework.beans.factory.support.DefaultSingletonBeanRegistry.getSingleton(DefaultSingletonBeanRegistry.java:221)  Creating shared instance of singleton bean 'authDao'
2016-12-25 22:08:11 org.springframework.beans.factory.support.AbstractAutowireCapableBeanFactory.createBean(AbstractAutowireCapableBeanFactory.java:448)  Creating instance of bean 'authDao'
2016-12-25 22:08:11 org.springframework.beans.factory.support.AbstractAutowireCapableBeanFactory.doCreateBean(AbstractAutowireCapableBeanFactory.java:537)  Eagerly caching bean 'authDao' to allow for resolving potential circular references
2016-12-25 22:08:11 org.springframework.beans.factory.support.AbstractBeanFactory.doGetBean(AbstractBeanFactory.java:251)  Returning cached instance of singleton bean 'sqlSessionFactory'
2016-12-25 22:08:11 org.springframework.beans.factory.support.AbstractAutowireCapableBeanFactory.invokeInitMethods(AbstractAutowireCapableBeanFactory.java:1625)  Invoking afterPropertiesSet() on bean with name 'authDao'
2016-12-25 22:08:11 org.springframework.beans.factory.support.AbstractBeanFactory.doGetBean(AbstractBeanFactory.java:251)  Returning cached instance of singleton bean 'org.springframework.transaction.config.internalTransactionAdvisor'
2016-12-25 22:08:11 org.springframework.beans.factory.support.AbstractAutowireCapableBeanFactory.createBean(AbstractAutowireCapableBeanFactory.java:484)  Finished creating instance of bean 'authDao'
2016-12-25 22:08:11 org.springframework.beans.factory.support.DefaultSingletonBeanRegistry.getSingleton(DefaultSingletonBeanRegistry.java:221)  Creating shared instance of singleton bean 'authgroupDao'
2016-12-25 22:08:11 org.springframework.beans.factory.support.AbstractAutowireCapableBeanFactory.createBean(AbstractAutowireCapableBeanFactory.java:448)  Creating instance of bean 'authgroupDao'
2016-12-25 22:08:11 org.springframework.beans.factory.support.AbstractAutowireCapableBeanFactory.doCreateBean(AbstractAutowireCapableBeanFactory.java:537)  Eagerly caching bean 'authgroupDao' to allow for resolving potential circular references
2016-12-25 22:08:11 org.springframework.beans.factory.support.AbstractBeanFactory.doGetBean(AbstractBeanFactory.java:251)  Returning cached instance of singleton bean 'sqlSessionFactory'
2016-12-25 22:08:11 org.springframework.beans.factory.support.AbstractAutowireCapableBeanFactory.invokeInitMethods(AbstractAutowireCapableBeanFactory.java:1625)  Invoking afterPropertiesSet() on bean with name 'authgroupDao'
2016-12-25 22:08:11 org.springframework.beans.factory.support.AbstractBeanFactory.doGetBean(AbstractBeanFactory.java:251)  Returning cached instance of singleton bean 'org.springframework.transaction.config.internalTransactionAdvisor'
2016-12-25 22:08:11 org.springframework.beans.factory.support.AbstractAutowireCapableBeanFactory.createBean(AbstractAutowireCapableBeanFactory.java:484)  Finished creating instance of bean 'authgroupDao'
2016-12-25 22:08:11 org.springframework.beans.factory.support.AbstractBeanFactory.doGetBean(AbstractBeanFactory.java:251)  Returning cached instance of singleton bean 'deptDao'
2016-12-25 22:08:11 org.springframework.beans.factory.support.AbstractBeanFactory.doGetBean(AbstractBeanFactory.java:251)  Returning cached instance of singleton bean 'empDao'
2016-12-25 22:08:11 org.springframework.beans.factory.support.AbstractBeanFactory.doGetBean(AbstractBeanFactory.java:251)  Returning cached instance of singleton bean 'goodsDao'
2016-12-25 22:08:11 org.springframework.beans.factory.support.AbstractBeanFactory.doGetBean(AbstractBeanFactory.java:251)  Returning cached instance of singleton bean 'roleDao'
2016-12-25 22:08:11 org.springframework.beans.factory.support.AbstractBeanFactory.doGetBean(AbstractBeanFactory.java:251)  Returning cached instance of singleton bean 'userDao'
2016-12-25 22:08:11 org.springframework.beans.factory.support.AbstractBeanFactory.doGetBean(AbstractBeanFactory.java:251)  Returning cached instance of singleton bean 'org.springframework.context.event.internalEventListenerFactory'
2016-12-25 22:08:11 org.springframework.beans.factory.support.AbstractBeanFactory.doGetBean(AbstractBeanFactory.java:251)  Returning cached instance of singleton bean 'org.springframework.transaction.config.internalTransactionalEventListenerFactory'
2016-12-25 22:08:11 org.springframework.context.support.AbstractApplicationContext.initLifecycleProcessor(AbstractApplicationContext.java:784)  Unable to locate LifecycleProcessor with name 'lifecycleProcessor': using default [org.springframework.context.support.DefaultLifecycleProcessor@909217e]
2016-12-25 22:08:11 org.springframework.beans.factory.support.AbstractBeanFactory.doGetBean(AbstractBeanFactory.java:251)  Returning cached instance of singleton bean 'lifecycleProcessor'
2016-12-25 22:08:11 org.springframework.beans.factory.support.AbstractBeanFactory.doGetBean(AbstractBeanFactory.java:251)  Returning cached instance of singleton bean 'sqlSessionFactory'
2016-12-25 22:08:11 org.springframework.core.env.PropertySourcesPropertyResolver.getProperty(PropertySourcesPropertyResolver.java:91)  Could not find key 'spring.liveBeansView.mbeanDomain' in any property source
2016-12-25 22:08:11 org.springframework.beans.factory.support.AbstractBeanFactory.doGetBean(AbstractBeanFactory.java:251)  Returning cached instance of singleton bean 'goodsServiceImpl'
2016-12-25 22:08:11 org.apache.ibatis.logging.commons.JakartaCommonsLoggingImpl.debug(JakartaCommonsLoggingImpl.java:54)  Creating a new SqlSession
2016-12-25 22:08:11 org.apache.ibatis.logging.commons.JakartaCommonsLoggingImpl.debug(JakartaCommonsLoggingImpl.java:54)  SqlSession [org.apache.ibatis.session.defaults.DefaultSqlSession@2b30a42c] was not registered for synchronization because synchronization is not active
2016-12-25 22:08:12 org.springframework.jdbc.datasource.DataSourceUtils.doGetConnection(DataSourceUtils.java:110)  Fetching JDBC Connection from DataSource
2016-12-25 22:08:12 com.alibaba.druid.pool.DruidDataSource.init(DruidDataSource.java:715)  {dataSource-1} inited
2016-12-25 22:08:12 org.apache.ibatis.logging.commons.JakartaCommonsLoggingImpl.debug(JakartaCommonsLoggingImpl.java:54)  JDBC Connection [com.mysql.jdbc.JDBC4Connection@78452606] will not be managed by Spring
2016-12-25 22:08:12 org.apache.ibatis.logging.commons.JakartaCommonsLoggingImpl.debug(JakartaCommonsLoggingImpl.java:54)  ==>  Preparing: select id, name, price, pic, createtime from tb_goods 
2016-12-25 22:08:12 org.apache.ibatis.logging.commons.JakartaCommonsLoggingImpl.debug(JakartaCommonsLoggingImpl.java:54)  ==> Parameters: 
2016-12-25 22:08:12 org.apache.ibatis.logging.commons.JakartaCommonsLoggingImpl.debug(JakartaCommonsLoggingImpl.java:54)  <==      Total: 5
2016-12-25 22:08:12 org.apache.ibatis.logging.commons.JakartaCommonsLoggingImpl.debug(JakartaCommonsLoggingImpl.java:54)  Closing non transactional SqlSession [org.apache.ibatis.session.defaults.DefaultSqlSession@2b30a42c]
2016-12-25 22:08:12 org.springframework.jdbc.datasource.DataSourceUtils.doReleaseConnection(DataSourceUtils.java:327)  Returning JDBC Connection to DataSource
